=========Notice: Full run mode=========
current_playwright_page_split_num is 1
=======================================
🏊 create_context_pools[first] (5x16): 20.581s
Testing: csp_id=3, page_id=0, browser=Firefox
Testing: csp_id=3, page_id=100, browser=Firefox
Testing: csp_id=3, page_id=200, browser=Firefox
Testing: csp_id=3, page_id=300, browser=Firefox
Testing: csp_id=3, page_id=400, browser=Firefox
Testing: csp_id=3, page_id=500, browser=Firefox
Testing: csp_id=3, page_id=600, browser=Firefox
Testing: csp_id=3, page_id=700, browser=Firefox
Testing: csp_id=3, page_id=800, browser=Firefox
Testing: csp_id=3, page_id=900, browser=Firefox
Testing: csp_id=3, page_id=1000, browser=Firefox
Testing: csp_id=3, page_id=1100, browser=Firefox
Testing: csp_id=3, page_id=1200, browser=Firefox
Testing: csp_id=3, page_id=1300, browser=Firefox
Testing: csp_id=3, page_id=1400, browser=Firefox
Testing: csp_id=3, page_id=1500, browser=Firefox
Testing: csp_id=3, page_id=1600, browser=Firefox
Testing: csp_id=3, page_id=1700, browser=Firefox
Testing: csp_id=3, page_id=1800, browser=Firefox
Testing: csp_id=3, page_id=1900, browser=Firefox
Testing: csp_id=3, page_id=2000, browser=Firefox
Testing: csp_id=3, page_id=2100, browser=Firefox
Testing: csp_id=3, page_id=2200, browser=Firefox
Testing: csp_id=3, page_id=2300, browser=Firefox
Testing: csp_id=3, page_id=2400, browser=Firefox
Testing: csp_id=3, page_id=2500, browser=Firefox
Testing: csp_id=3, page_id=2600, browser=Firefox
Testing: csp_id=3, page_id=2700, browser=Firefox
Testing: csp_id=3, page_id=2800, browser=Firefox
Testing: csp_id=3, page_id=2900, browser=Firefox
Testing: csp_id=3, page_id=3000, browser=Firefox
Testing: csp_id=3, page_id=3100, browser=Firefox
Testing: csp_id=3, page_id=3200, browser=Firefox
Testing: csp_id=3, page_id=3300, browser=Firefox
Testing: csp_id=3, page_id=3400, browser=Firefox
Testing: csp_id=3, page_id=3500, browser=Firefox
Testing: csp_id=3, page_id=3600, browser=Firefox
Testing: csp_id=3, page_id=3700, browser=Firefox
Testing: csp_id=3, page_id=3800, browser=Firefox
Testing: csp_id=3, page_id=3900, browser=Firefox
Testing: csp_id=3, page_id=4000, browser=Firefox
Testing: csp_id=3, page_id=4100, browser=Firefox
Testing: csp_id=3, page_id=4200, browser=Firefox
Testing: csp_id=3, page_id=4300, browser=Firefox
Testing: csp_id=3, page_id=4400, browser=Firefox
Testing: csp_id=3, page_id=4500, browser=Firefox
Testing: csp_id=3, page_id=4600, browser=Firefox
Testing: csp_id=3, page_id=4700, browser=Firefox
Testing: csp_id=3, page_id=4800, browser=Firefox
Testing: csp_id=3, page_id=4900, browser=Firefox
Testing: csp_id=3, page_id=5000, browser=Firefox
Testing: csp_id=3, page_id=5100, browser=Firefox
Testing: csp_id=3, page_id=5200, browser=Firefox
Testing: csp_id=3, page_id=5300, browser=Firefox
Testing: csp_id=3, page_id=5400, browser=Firefox
Testing: csp_id=3, page_id=5500, browser=Firefox
Testing: csp_id=3, page_id=5600, browser=Firefox
Testing: csp_id=3, page_id=5700, browser=Firefox
Testing: csp_id=3, page_id=5800, browser=Firefox
Testing: csp_id=3, page_id=5900, browser=Firefox
Testing: csp_id=3, page_id=6000, browser=Firefox
Testing: csp_id=3, page_id=6100, browser=Firefox
Testing: csp_id=3, page_id=6200, browser=Firefox
Testing: csp_id=3, page_id=6300, browser=Firefox
Testing: csp_id=3, page_id=6400, browser=Firefox
Testing: csp_id=3, page_id=6500, browser=Firefox
Testing: csp_id=3, page_id=6600, browser=Firefox
Testing: csp_id=3, page_id=6700, browser=Firefox
Testing: csp_id=3, page_id=6800, browser=Firefox
Testing: csp_id=3, page_id=6900, browser=Firefox
Testing: csp_id=3, page_id=7000, browser=Firefox
Testing: csp_id=3, page_id=7100, browser=Firefox
Testing: csp_id=3, page_id=7200, browser=Firefox
Testing: csp_id=3, page_id=7300, browser=Firefox
Testing: csp_id=3, page_id=7400, browser=Firefox
Testing: csp_id=3, page_id=7500, browser=Firefox
Testing: csp_id=3, page_id=7600, browser=Firefox
Testing: csp_id=3, page_id=7700, browser=Firefox
Testing: csp_id=3, page_id=7800, browser=Firefox
Testing: csp_id=3, page_id=7900, browser=Firefox
Testing: csp_id=3, page_id=8000, browser=Firefox
Testing: csp_id=3, page_id=8100, browser=Firefox
Testing: csp_id=3, page_id=8200, browser=Firefox
Testing: csp_id=3, page_id=8300, browser=Firefox
Testing: csp_id=3, page_id=8400, browser=Firefox
Testing: csp_id=3, page_id=8500, browser=Firefox
Testing: csp_id=3, page_id=8600, browser=Firefox
Testing: csp_id=3, page_id=8700, browser=Firefox
Testing: csp_id=3, page_id=8800, browser=Firefox
Testing: csp_id=3, page_id=8900, browser=Firefox
Testing: csp_id=3, page_id=9000, browser=Firefox
Testing: csp_id=3, page_id=9100, browser=Firefox
Testing: csp_id=3, page_id=9200, browser=Firefox
Testing: csp_id=3, page_id=9300, browser=Firefox
Testing: csp_id=3, page_id=9400, browser=Firefox
Testing: csp_id=3, page_id=9500, browser=Firefox
Testing: csp_id=3, page_id=9600, browser=Firefox
Testing: csp_id=3, page_id=9700, browser=Firefox
Testing: csp_id=3, page_id=9800, browser=Firefox
Testing: csp_id=3, page_id=9900, browser=Firefox
Testing: csp_id=3, page_id=10000, browser=Firefox
Testing: csp_id=3, page_id=10100, browser=Firefox
Testing: csp_id=3, page_id=10200, browser=Firefox
Testing: csp_id=3, page_id=10300, browser=Firefox
Testing: csp_id=3, page_id=10400, browser=Firefox
Testing: csp_id=3, page_id=10500, browser=Firefox
Testing: csp_id=3, page_id=10600, browser=Firefox
Testing: csp_id=3, page_id=10700, browser=Firefox
Testing: csp_id=3, page_id=10800, browser=Firefox
Testing: csp_id=3, page_id=10900, browser=Firefox
Testing: csp_id=3, page_id=11000, browser=Firefox
Testing: csp_id=3, page_id=11100, browser=Firefox
Testing: csp_id=3, page_id=11200, browser=Firefox
Testing: csp_id=3, page_id=11300, browser=Firefox
Testing: csp_id=3, page_id=11400, browser=Firefox
Testing: csp_id=3, page_id=11500, browser=Firefox
Testing: csp_id=3, page_id=11600, browser=Firefox
Testing: csp_id=3, page_id=11700, browser=Firefox
Testing: csp_id=3, page_id=11800, browser=Firefox
Testing: csp_id=3, page_id=11900, browser=Firefox
Testing: csp_id=3, page_id=12000, browser=Firefox
Testing: csp_id=3, page_id=12100, browser=Firefox
Testing: csp_id=3, page_id=12200, browser=Firefox
Testing: csp_id=3, page_id=12300, browser=Firefox
Testing: csp_id=3, page_id=12400, browser=Firefox
Testing: csp_id=3, page_id=12500, browser=Firefox
Testing: csp_id=3, page_id=12600, browser=Firefox
Testing: csp_id=3, page_id=12700, browser=Firefox
Testing: csp_id=3, page_id=12800, browser=Firefox
Testing: csp_id=3, page_id=12900, browser=Firefox
Testing: csp_id=3, page_id=13000, browser=Firefox
Testing: csp_id=3, page_id=13100, browser=Firefox
Testing: csp_id=3, page_id=13200, browser=Firefox
Testing: csp_id=3, page_id=13300, browser=Firefox
Testing: csp_id=3, page_id=13400, browser=Firefox
Testing: csp_id=3, page_id=13500, browser=Firefox
Testing: csp_id=3, page_id=13600, browser=Firefox
Testing: csp_id=3, page_id=13700, browser=Firefox
Testing: csp_id=3, page_id=13800, browser=Firefox
Testing: csp_id=3, page_id=13900, browser=Firefox
Testing: csp_id=3, page_id=14000, browser=Firefox
Testing: csp_id=3, page_id=14100, browser=Firefox
Testing: csp_id=3, page_id=14200, browser=Firefox
Testing: csp_id=3, page_id=14300, browser=Firefox
Testing: csp_id=3, page_id=14400, browser=Firefox
Testing: csp_id=3, page_id=14500, browser=Firefox
Testing: csp_id=3, page_id=14600, browser=Firefox
Testing: csp_id=3, page_id=14700, browser=Firefox
Testing: csp_id=3, page_id=14800, browser=Firefox
Testing: csp_id=3, page_id=14900, browser=Firefox
Testing: csp_id=3, page_id=15000, browser=Firefox
Testing: csp_id=3, page_id=15100, browser=Firefox
Testing: csp_id=3, page_id=15200, browser=Firefox
Testing: csp_id=3, page_id=15300, browser=Firefox
Testing: csp_id=3, page_id=15400, browser=Firefox
Testing: csp_id=3, page_id=15500, browser=Firefox
Testing: csp_id=3, page_id=15600, browser=Firefox
Testing: csp_id=3, page_id=15700, browser=Firefox
Testing: csp_id=3, page_id=15800, browser=Firefox
Testing: csp_id=3, page_id=15900, browser=Firefox
Testing: csp_id=3, page_id=16000, browser=Firefox
Testing: csp_id=3, page_id=16100, browser=Firefox
Testing: csp_id=3, page_id=16200, browser=Firefox
Testing: csp_id=3, page_id=16300, browser=Firefox
Testing: csp_id=3, page_id=16400, browser=Firefox
Testing: csp_id=3, page_id=16500, browser=Firefox
Testing: csp_id=3, page_id=16600, browser=Firefox
Testing: csp_id=3, page_id=16700, browser=Firefox
Testing: csp_id=3, page_id=16800, browser=Firefox
Testing: csp_id=3, page_id=16900, browser=Firefox
Testing: csp_id=3, page_id=17000, browser=Firefox
Testing: csp_id=3, page_id=17100, browser=Firefox
Testing: csp_id=3, page_id=17200, browser=Firefox
Testing: csp_id=3, page_id=17300, browser=Firefox
Testing: csp_id=3, page_id=17400, browser=Firefox
Testing: csp_id=3, page_id=17500, browser=Firefox
Testing: csp_id=3, page_id=17600, browser=Firefox
Testing: csp_id=3, page_id=17700, browser=Firefox
Testing: csp_id=3, page_id=17800, browser=Firefox
Testing: csp_id=3, page_id=17900, browser=Firefox
Testing: csp_id=3, page_id=18000, browser=Firefox
Testing: csp_id=3, page_id=18100, browser=Firefox
Testing: csp_id=3, page_id=18200, browser=Firefox
Testing: csp_id=3, page_id=18300, browser=Firefox
Testing: csp_id=3, page_id=18400, browser=Firefox
Testing: csp_id=3, page_id=18500, browser=Firefox
Testing: csp_id=3, page_id=18600, browser=Firefox
Testing: csp_id=3, page_id=18700, browser=Firefox
Testing: csp_id=3, page_id=18800, browser=Firefox
Testing: csp_id=3, page_id=18900, browser=Firefox
Testing: csp_id=3, page_id=19000, browser=Firefox
Testing: csp_id=3, page_id=19100, browser=Firefox
Testing: csp_id=3, page_id=19200, browser=Firefox
Testing: csp_id=3, page_id=19300, browser=Firefox
Testing: csp_id=3, page_id=19400, browser=Firefox
Testing: csp_id=3, page_id=19500, browser=Firefox
Testing: csp_id=3, page_id=19600, browser=Firefox
Testing: csp_id=3, page_id=19700, browser=Firefox
Testing: csp_id=3, page_id=19800, browser=Firefox
Testing: csp_id=3, page_id=19900, browser=Firefox
Testing: csp_id=3, page_id=20000, browser=Firefox
Testing: csp_id=3, page_id=20100, browser=Firefox
Testing: csp_id=3, page_id=20200, browser=Firefox
Testing: csp_id=3, page_id=20300, browser=Firefox
Testing: csp_id=3, page_id=20400, browser=Firefox
Testing: csp_id=3, page_id=20500, browser=Firefox
Testing: csp_id=3, page_id=20600, browser=Firefox
Testing: csp_id=3, page_id=20700, browser=Firefox
Testing: csp_id=3, page_id=20800, browser=Firefox
Testing: csp_id=3, page_id=20900, browser=Firefox
Testing: csp_id=3, page_id=21000, browser=Firefox
Testing: csp_id=3, page_id=21100, browser=Firefox
Testing: csp_id=3, page_id=21200, browser=Firefox
Testing: csp_id=3, page_id=21300, browser=Firefox
Testing: csp_id=3, page_id=21400, browser=Firefox
Testing: csp_id=3, page_id=21500, browser=Firefox
Testing: csp_id=3, page_id=21600, browser=Firefox
Testing: csp_id=3, page_id=21700, browser=Firefox
Testing: csp_id=3, page_id=21800, browser=Firefox
Testing: csp_id=3, page_id=21900, browser=Firefox
Testing: csp_id=3, page_id=22000, browser=Firefox
Testing: csp_id=3, page_id=22100, browser=Firefox
Testing: csp_id=3, page_id=22200, browser=Firefox
Testing: csp_id=3, page_id=22300, browser=Firefox
Testing: csp_id=3, page_id=22400, browser=Firefox
Testing: csp_id=3, page_id=22500, browser=Firefox
Testing: csp_id=3, page_id=22600, browser=Firefox
Testing: csp_id=3, page_id=22700, browser=Firefox
Testing: csp_id=3, page_id=22800, browser=Firefox
Testing: csp_id=3, page_id=22900, browser=Firefox
Testing: csp_id=3, page_id=23000, browser=Firefox
Testing: csp_id=3, page_id=23100, browser=Firefox
Testing: csp_id=3, page_id=23200, browser=Firefox
Testing: csp_id=3, page_id=23300, browser=Firefox
Testing: csp_id=3, page_id=23400, browser=Firefox
Testing: csp_id=3, page_id=23500, browser=Firefox
Testing: csp_id=3, page_id=23600, browser=Firefox
Testing: csp_id=3, page_id=23700, browser=Firefox
Testing: csp_id=3, page_id=23800, browser=Firefox
Testing: csp_id=3, page_id=23900, browser=Firefox
Testing: csp_id=3, page_id=24000, browser=Firefox
Testing: csp_id=3, page_id=24100, browser=Firefox
Testing: csp_id=3, page_id=24200, browser=Firefox
Testing: csp_id=3, page_id=24300, browser=Firefox
Testing: csp_id=3, page_id=24400, browser=Firefox
Testing: csp_id=3, page_id=24500, browser=Firefox
Testing: csp_id=3, page_id=24600, browser=Firefox
Testing: csp_id=3, page_id=24700, browser=Firefox
Testing: csp_id=3, page_id=24800, browser=Firefox
Testing: csp_id=3, page_id=24900, browser=Firefox
Testing: csp_id=3, page_id=25000, browser=Firefox
Testing: csp_id=3, page_id=25100, browser=Firefox
Testing: csp_id=3, page_id=25200, browser=Firefox
Testing: csp_id=3, page_id=25300, browser=Firefox
Testing: csp_id=3, page_id=25400, browser=Firefox
Testing: csp_id=3, page_id=25500, browser=Firefox
Testing: csp_id=3, page_id=25600, browser=Firefox
Testing: csp_id=3, page_id=25700, browser=Firefox
Testing: csp_id=3, page_id=25800, browser=Firefox
Testing: csp_id=3, page_id=25900, browser=Firefox
Testing: csp_id=3, page_id=26000, browser=Firefox
Testing: csp_id=3, page_id=26100, browser=Firefox
Testing: csp_id=3, page_id=26200, browser=Firefox
Testing: csp_id=3, page_id=26300, browser=Firefox
Testing: csp_id=3, page_id=26400, browser=Firefox
Testing: csp_id=3, page_id=26500, browser=Firefox
Testing: csp_id=3, page_id=26600, browser=Firefox
Testing: csp_id=3, page_id=26700, browser=Firefox
Testing: csp_id=3, page_id=26800, browser=Firefox
Testing: csp_id=3, page_id=26900, browser=Firefox
Testing: csp_id=3, page_id=27000, browser=Firefox
Testing: csp_id=3, page_id=27100, browser=Firefox
Testing: csp_id=3, page_id=27200, browser=Firefox
Testing: csp_id=3, page_id=27300, browser=Firefox
Testing: csp_id=3, page_id=27400, browser=Firefox
Testing: csp_id=3, page_id=27500, browser=Firefox
Testing: csp_id=3, page_id=27600, browser=Firefox
Testing: csp_id=3, page_id=27700, browser=Firefox
Testing: csp_id=3, page_id=27800, browser=Firefox
Testing: csp_id=3, page_id=27900, browser=Firefox
Testing: csp_id=3, page_id=28000, browser=Firefox
Testing: csp_id=3, page_id=28100, browser=Firefox
Testing: csp_id=3, page_id=28200, browser=Firefox
Testing: csp_id=3, page_id=28300, browser=Firefox
Testing: csp_id=3, page_id=28400, browser=Firefox
Testing: csp_id=3, page_id=28500, browser=Firefox
Testing: csp_id=3, page_id=28600, browser=Firefox
Testing: csp_id=3, page_id=28700, browser=Firefox
Testing: csp_id=3, page_id=28800, browser=Firefox
Testing: csp_id=3, page_id=28900, browser=Firefox
Testing: csp_id=3, page_id=29000, browser=Firefox
Testing: csp_id=3, page_id=29100, browser=Firefox
Testing: csp_id=3, page_id=29200, browser=Firefox
Testing: csp_id=3, page_id=29300, browser=Firefox
Testing: csp_id=3, page_id=29400, browser=Firefox
Testing: csp_id=3, page_id=29500, browser=Firefox
Testing: csp_id=3, page_id=29600, browser=Firefox
Testing: csp_id=3, page_id=29700, browser=Firefox
Testing: csp_id=3, page_id=29800, browser=Firefox
🏊 create_context_pools[first] (5x16): 26.765s
Testing: csp_id=21, page_id=0, browser=Firefox
Testing: csp_id=21, page_id=100, browser=Firefox
Testing: csp_id=21, page_id=200, browser=Firefox
Testing: csp_id=21, page_id=300, browser=Firefox
Testing: csp_id=21, page_id=400, browser=Firefox
Testing: csp_id=21, page_id=500, browser=Firefox
Testing: csp_id=21, page_id=600, browser=Firefox
Testing: csp_id=21, page_id=700, browser=Firefox
Testing: csp_id=21, page_id=800, browser=Firefox
Testing: csp_id=21, page_id=900, browser=Firefox
Testing: csp_id=21, page_id=1000, browser=Firefox
Testing: csp_id=21, page_id=1100, browser=Firefox
Testing: csp_id=21, page_id=1200, browser=Firefox
Testing: csp_id=21, page_id=1300, browser=Firefox
Testing: csp_id=21, page_id=1400, browser=Firefox
Testing: csp_id=21, page_id=1500, browser=Firefox
Testing: csp_id=21, page_id=1600, browser=Firefox
Testing: csp_id=21, page_id=1700, browser=Firefox
Testing: csp_id=21, page_id=1800, browser=Firefox
Testing: csp_id=21, page_id=1900, browser=Firefox
Testing: csp_id=21, page_id=2000, browser=Firefox
Testing: csp_id=21, page_id=2100, browser=Firefox
Testing: csp_id=21, page_id=2200, browser=Firefox
Testing: csp_id=21, page_id=2300, browser=Firefox
Testing: csp_id=21, page_id=2400, browser=Firefox
Testing: csp_id=21, page_id=2500, browser=Firefox
Testing: csp_id=21, page_id=2600, browser=Firefox
Testing: csp_id=21, page_id=2700, browser=Firefox
Testing: csp_id=21, page_id=2800, browser=Firefox
Testing: csp_id=21, page_id=2900, browser=Firefox
Testing: csp_id=21, page_id=3000, browser=Firefox
Testing: csp_id=21, page_id=3100, browser=Firefox
Testing: csp_id=21, page_id=3200, browser=Firefox
Testing: csp_id=21, page_id=3300, browser=Firefox
Testing: csp_id=21, page_id=3400, browser=Firefox
Testing: csp_id=21, page_id=3500, browser=Firefox
Testing: csp_id=21, page_id=3600, browser=Firefox
Testing: csp_id=21, page_id=3700, browser=Firefox
Testing: csp_id=21, page_id=3800, browser=Firefox
Testing: csp_id=21, page_id=3900, browser=Firefox
Testing: csp_id=21, page_id=4000, browser=Firefox
Testing: csp_id=21, page_id=4100, browser=Firefox
Testing: csp_id=21, page_id=4200, browser=Firefox
Testing: csp_id=21, page_id=4300, browser=Firefox
Testing: csp_id=21, page_id=4400, browser=Firefox
Testing: csp_id=21, page_id=4500, browser=Firefox
Testing: csp_id=21, page_id=4600, browser=Firefox
Testing: csp_id=21, page_id=4700, browser=Firefox
Testing: csp_id=21, page_id=4800, browser=Firefox
Testing: csp_id=21, page_id=4900, browser=Firefox
Testing: csp_id=21, page_id=5000, browser=Firefox
Testing: csp_id=21, page_id=5100, browser=Firefox
Testing: csp_id=21, page_id=5200, browser=Firefox
Testing: csp_id=21, page_id=5300, browser=Firefox
Testing: csp_id=21, page_id=5400, browser=Firefox
Testing: csp_id=21, page_id=5500, browser=Firefox
Testing: csp_id=21, page_id=5600, browser=Firefox
Testing: csp_id=21, page_id=5700, browser=Firefox
Testing: csp_id=21, page_id=5800, browser=Firefox
Testing: csp_id=21, page_id=5900, browser=Firefox
Testing: csp_id=21, page_id=6000, browser=Firefox
Testing: csp_id=21, page_id=6100, browser=Firefox
Testing: csp_id=21, page_id=6200, browser=Firefox
Testing: csp_id=21, page_id=6300, browser=Firefox
Testing: csp_id=21, page_id=6400, browser=Firefox
Testing: csp_id=21, page_id=6500, browser=Firefox
Testing: csp_id=21, page_id=6600, browser=Firefox
Testing: csp_id=21, page_id=6700, browser=Firefox
Testing: csp_id=21, page_id=6800, browser=Firefox
Testing: csp_id=21, page_id=6900, browser=Firefox
Testing: csp_id=21, page_id=7000, browser=Firefox
Testing: csp_id=21, page_id=7100, browser=Firefox
Testing: csp_id=21, page_id=7200, browser=Firefox
Testing: csp_id=21, page_id=7300, browser=Firefox
Testing: csp_id=21, page_id=7400, browser=Firefox
Testing: csp_id=21, page_id=7500, browser=Firefox
Testing: csp_id=21, page_id=7600, browser=Firefox
Testing: csp_id=21, page_id=7700, browser=Firefox
Testing: csp_id=21, page_id=7800, browser=Firefox
Testing: csp_id=21, page_id=7900, browser=Firefox
Testing: csp_id=21, page_id=8000, browser=Firefox
Testing: csp_id=21, page_id=8100, browser=Firefox
Testing: csp_id=21, page_id=8200, browser=Firefox
Testing: csp_id=21, page_id=8300, browser=Firefox
Testing: csp_id=21, page_id=8400, browser=Firefox
Testing: csp_id=21, page_id=8500, browser=Firefox
Testing: csp_id=21, page_id=8600, browser=Firefox
Testing: csp_id=21, page_id=8700, browser=Firefox
Testing: csp_id=21, page_id=8800, browser=Firefox
Testing: csp_id=21, page_id=8900, browser=Firefox
Testing: csp_id=21, page_id=9000, browser=Firefox
Testing: csp_id=21, page_id=9100, browser=Firefox
Testing: csp_id=21, page_id=9200, browser=Firefox
Testing: csp_id=21, page_id=9300, browser=Firefox
Testing: csp_id=21, page_id=9400, browser=Firefox
Testing: csp_id=21, page_id=9500, browser=Firefox
Testing: csp_id=21, page_id=9600, browser=Firefox
Testing: csp_id=21, page_id=9700, browser=Firefox
Testing: csp_id=21, page_id=9800, browser=Firefox
Testing: csp_id=21, page_id=9900, browser=Firefox
Testing: csp_id=21, page_id=10000, browser=Firefox
Testing: csp_id=21, page_id=10100, browser=Firefox
Testing: csp_id=21, page_id=10200, browser=Firefox
Testing: csp_id=21, page_id=10300, browser=Firefox
Testing: csp_id=21, page_id=10400, browser=Firefox
Testing: csp_id=21, page_id=10500, browser=Firefox
Testing: csp_id=21, page_id=10600, browser=Firefox
Testing: csp_id=21, page_id=10700, browser=Firefox
Testing: csp_id=21, page_id=10800, browser=Firefox
Testing: csp_id=21, page_id=10900, browser=Firefox
Testing: csp_id=21, page_id=11000, browser=Firefox
Testing: csp_id=21, page_id=11100, browser=Firefox
Testing: csp_id=21, page_id=11200, browser=Firefox
Testing: csp_id=21, page_id=11300, browser=Firefox
Testing: csp_id=21, page_id=11400, browser=Firefox
Testing: csp_id=21, page_id=11500, browser=Firefox
Testing: csp_id=21, page_id=11600, browser=Firefox
Testing: csp_id=21, page_id=11700, browser=Firefox
Testing: csp_id=21, page_id=11800, browser=Firefox
Testing: csp_id=21, page_id=11900, browser=Firefox
Testing: csp_id=21, page_id=12000, browser=Firefox
Testing: csp_id=21, page_id=12100, browser=Firefox
Testing: csp_id=21, page_id=12200, browser=Firefox
Testing: csp_id=21, page_id=12300, browser=Firefox
Testing: csp_id=21, page_id=12400, browser=Firefox
[ERROR] page_id=12403 csp_id=21, timeout: http://127.0.0.1:7000/test/out_12403?csp=default-src 'nonce-123' http://127.0.0.1:7070; frame-src 'self' http://127.0.0.1:7070;connect-src http://127.0.0.1:7000;&browser=Firefox, 4.007s
[ERROR] page_id=12404 csp_id=21, timeout: http://127.0.0.1:7000/test/out_12404?csp=default-src 'nonce-123' http://127.0.0.1:7070; frame-src 'self' http://127.0.0.1:7070;connect-src http://127.0.0.1:7000;&browser=Firefox, 4.007s
[ERROR] page_id=12405 csp_id=21, timeout: http://127.0.0.1:7000/test/out_12405?csp=default-src 'nonce-123' http://127.0.0.1:7070; frame-src 'self' http://127.0.0.1:7070;connect-src http://127.0.0.1:7000;&browser=Firefox, 4.007s
[ERROR] page_id=12406 csp_id=21, timeout: http://127.0.0.1:7000/test/out_12406?csp=default-src 'nonce-123' http://127.0.0.1:7070; frame-src 'self' http://127.0.0.1:7070;connect-src http://127.0.0.1:7000;&browser=Firefox, 4.007s
[ERROR] page_id=12407 csp_id=21, timeout: http://127.0.0.1:7000/test/out_12407?csp=default-src 'nonce-123' http://127.0.0.1:7070; frame-src 'self' http://127.0.0.1:7070;connect-src http://127.0.0.1:7000;&browser=Firefox, 4.007s
[ERROR] page_id=12408 csp_id=21, timeout: http://127.0.0.1:7000/test/out_12408?csp=default-src 'nonce-123' http://127.0.0.1:7070; frame-src 'self' http://127.0.0.1:7070;connect-src http://127.0.0.1:7000;&browser=Firefox, 4.007s
[ERROR] page_id=12409 csp_id=21, timeout: http://127.0.0.1:7000/test/out_12409?csp=default-src 'nonce-123' http://127.0.0.1:7070; frame-src 'self' http://127.0.0.1:7070;connect-src http://127.0.0.1:7000;&browser=Firefox, 4.007s
[ERROR] page_id=12410 csp_id=21, timeout: http://127.0.0.1:7000/test/out_12410?csp=default-src 'nonce-123' http://127.0.0.1:7070; frame-src 'self' http://127.0.0.1:7070;connect-src http://127.0.0.1:7000;&browser=Firefox, 4.007s
[ERROR] page_id=12411 csp_id=21, timeout: http://127.0.0.1:7000/test/out_12411?csp=default-src 'nonce-123' http://127.0.0.1:7070; frame-src 'self' http://127.0.0.1:7070;connect-src http://127.0.0.1:7000;&browser=Firefox, 4.007s
[ERROR] page_id=12412 csp_id=21, timeout: http://127.0.0.1:7000/test/out_12412?csp=default-src 'nonce-123' http://127.0.0.1:7070; frame-src 'self' http://127.0.0.1:7070;connect-src http://127.0.0.1:7000;&browser=Firefox, 4.006s
[ERROR] page_id=12413 csp_id=21, timeout: http://127.0.0.1:7000/test/out_12413?csp=default-src 'nonce-123' http://127.0.0.1:7070; frame-src 'self' http://127.0.0.1:7070;connect-src http://127.0.0.1:7000;&browser=Firefox, 4.006s
[ERROR] page_id=12414 csp_id=21, timeout: http://127.0.0.1:7000/test/out_12414?csp=default-src 'nonce-123' http://127.0.0.1:7070; frame-src 'self' http://127.0.0.1:7070;connect-src http://127.0.0.1:7000;&browser=Firefox, 4.006s
[ERROR] page_id=12415 csp_id=21, timeout: http://127.0.0.1:7000/test/out_12415?csp=default-src 'nonce-123' http://127.0.0.1:7070; frame-src 'self' http://127.0.0.1:7070;connect-src http://127.0.0.1:7000;&browser=Firefox, 4.006s
Testing: csp_id=21, page_id=12500, browser=Firefox
Testing: csp_id=21, page_id=12600, browser=Firefox
Testing: csp_id=21, page_id=12700, browser=Firefox
Testing: csp_id=21, page_id=12800, browser=Firefox
Testing: csp_id=21, page_id=12900, browser=Firefox
Testing: csp_id=21, page_id=13000, browser=Firefox
Testing: csp_id=21, page_id=13100, browser=Firefox
Testing: csp_id=21, page_id=13200, browser=Firefox
Testing: csp_id=21, page_id=13300, browser=Firefox
Testing: csp_id=21, page_id=13400, browser=Firefox
Testing: csp_id=21, page_id=13500, browser=Firefox
Testing: csp_id=21, page_id=13600, browser=Firefox
Testing: csp_id=21, page_id=13700, browser=Firefox
Testing: csp_id=21, page_id=13800, browser=Firefox
Testing: csp_id=21, page_id=13900, browser=Firefox
Testing: csp_id=21, page_id=14000, browser=Firefox
Testing: csp_id=21, page_id=14100, browser=Firefox
Testing: csp_id=21, page_id=14200, browser=Firefox
Testing: csp_id=21, page_id=14300, browser=Firefox
Testing: csp_id=21, page_id=14400, browser=Firefox
Testing: csp_id=21, page_id=14500, browser=Firefox
Testing: csp_id=21, page_id=14600, browser=Firefox
Testing: csp_id=21, page_id=14700, browser=Firefox
Testing: csp_id=21, page_id=14800, browser=Firefox
Testing: csp_id=21, page_id=14900, browser=Firefox
Testing: csp_id=21, page_id=15000, browser=Firefox
Testing: csp_id=21, page_id=15100, browser=Firefox
Testing: csp_id=21, page_id=15200, browser=Firefox
Testing: csp_id=21, page_id=15300, browser=Firefox
Testing: csp_id=21, page_id=15400, browser=Firefox
Testing: csp_id=21, page_id=15500, browser=Firefox
Testing: csp_id=21, page_id=15600, browser=Firefox
Testing: csp_id=21, page_id=15700, browser=Firefox
Testing: csp_id=21, page_id=15800, browser=Firefox
Testing: csp_id=21, page_id=15900, browser=Firefox
Testing: csp_id=21, page_id=16000, browser=Firefox
Testing: csp_id=21, page_id=16100, browser=Firefox
Testing: csp_id=21, page_id=16200, browser=Firefox
Testing: csp_id=21, page_id=16300, browser=Firefox
Testing: csp_id=21, page_id=16400, browser=Firefox
Testing: csp_id=21, page_id=16500, browser=Firefox
Testing: csp_id=21, page_id=16600, browser=Firefox
Testing: csp_id=21, page_id=16700, browser=Firefox
Testing: csp_id=21, page_id=16800, browser=Firefox
Testing: csp_id=21, page_id=16900, browser=Firefox
Testing: csp_id=21, page_id=17000, browser=Firefox
Testing: csp_id=21, page_id=17100, browser=Firefox
[ERROR] page_id=17133 csp_id=21, timeout: http://127.0.0.1:7000/test/out_17133?csp=default-src 'nonce-123' http://127.0.0.1:7070; frame-src 'self' http://127.0.0.1:7070;connect-src http://127.0.0.1:7000;&browser=Firefox, 4.003s
[ERROR] page_id=17134 csp_id=21, timeout: http://127.0.0.1:7000/test/out_17134?csp=default-src 'nonce-123' http://127.0.0.1:7070; frame-src 'self' http://127.0.0.1:7070;connect-src http://127.0.0.1:7000;&browser=Firefox, 4.003s
[ERROR] page_id=17135 csp_id=21, timeout: http://127.0.0.1:7000/test/out_17135?csp=default-src 'nonce-123' http://127.0.0.1:7070; frame-src 'self' http://127.0.0.1:7070;connect-src http://127.0.0.1:7000;&browser=Firefox, 4.003s
[ERROR] page_id=17181 csp_id=21, timeout: http://127.0.0.1:7000/test/out_17181?csp=default-src 'nonce-123' http://127.0.0.1:7070; frame-src 'self' http://127.0.0.1:7070;connect-src http://127.0.0.1:7000;&browser=Firefox, 4.003s
[ERROR] page_id=17182 csp_id=21, timeout: http://127.0.0.1:7000/test/out_17182?csp=default-src 'nonce-123' http://127.0.0.1:7070; frame-src 'self' http://127.0.0.1:7070;connect-src http://127.0.0.1:7000;&browser=Firefox, 4.003s
[ERROR] page_id=17183 csp_id=21, timeout: http://127.0.0.1:7000/test/out_17183?csp=default-src 'nonce-123' http://127.0.0.1:7070; frame-src 'self' http://127.0.0.1:7070;connect-src http://127.0.0.1:7000;&browser=Firefox, 4.004s
Testing: csp_id=21, page_id=17200, browser=Firefox
Testing: csp_id=21, page_id=17300, browser=Firefox
Testing: csp_id=21, page_id=17400, browser=Firefox
Testing: csp_id=21, page_id=17500, browser=Firefox
Testing: csp_id=21, page_id=17600, browser=Firefox
Testing: csp_id=21, page_id=17700, browser=Firefox
Testing: csp_id=21, page_id=17800, browser=Firefox
Testing: csp_id=21, page_id=17900, browser=Firefox
Testing: csp_id=21, page_id=18000, browser=Firefox
Testing: csp_id=21, page_id=18100, browser=Firefox
Testing: csp_id=21, page_id=18200, browser=Firefox
Testing: csp_id=21, page_id=18300, browser=Firefox
Testing: csp_id=21, page_id=18400, browser=Firefox
Testing: csp_id=21, page_id=18500, browser=Firefox
Testing: csp_id=21, page_id=18600, browser=Firefox
Testing: csp_id=21, page_id=18700, browser=Firefox
Testing: csp_id=21, page_id=18800, browser=Firefox
Testing: csp_id=21, page_id=18900, browser=Firefox
Testing: csp_id=21, page_id=19000, browser=Firefox
Testing: csp_id=21, page_id=19100, browser=Firefox
Testing: csp_id=21, page_id=19200, browser=Firefox
Testing: csp_id=21, page_id=19300, browser=Firefox
Testing: csp_id=21, page_id=19400, browser=Firefox
Testing: csp_id=21, page_id=19500, browser=Firefox
Testing: csp_id=21, page_id=19600, browser=Firefox
Testing: csp_id=21, page_id=19700, browser=Firefox
Testing: csp_id=21, page_id=19800, browser=Firefox
Testing: csp_id=21, page_id=19900, browser=Firefox
Testing: csp_id=21, page_id=20000, browser=Firefox
Testing: csp_id=21, page_id=20100, browser=Firefox
Testing: csp_id=21, page_id=20200, browser=Firefox
Testing: csp_id=21, page_id=20300, browser=Firefox
Testing: csp_id=21, page_id=20400, browser=Firefox
Testing: csp_id=21, page_id=20500, browser=Firefox
Testing: csp_id=21, page_id=20600, browser=Firefox
Testing: csp_id=21, page_id=20700, browser=Firefox
Testing: csp_id=21, page_id=20800, browser=Firefox
Testing: csp_id=21, page_id=20900, browser=Firefox
Testing: csp_id=21, page_id=21000, browser=Firefox
Testing: csp_id=21, page_id=21100, browser=Firefox
Testing: csp_id=21, page_id=21200, browser=Firefox
Testing: csp_id=21, page_id=21300, browser=Firefox
Testing: csp_id=21, page_id=21400, browser=Firefox
Testing: csp_id=21, page_id=21500, browser=Firefox
Testing: csp_id=21, page_id=21600, browser=Firefox
Testing: csp_id=21, page_id=21700, browser=Firefox
Testing: csp_id=21, page_id=21800, browser=Firefox
Testing: csp_id=21, page_id=21900, browser=Firefox
Testing: csp_id=21, page_id=22000, browser=Firefox
Testing: csp_id=21, page_id=22100, browser=Firefox
Testing: csp_id=21, page_id=22200, browser=Firefox
Testing: csp_id=21, page_id=22300, browser=Firefox
Testing: csp_id=21, page_id=22400, browser=Firefox
Testing: csp_id=21, page_id=22500, browser=Firefox
Testing: csp_id=21, page_id=22600, browser=Firefox
Testing: csp_id=21, page_id=22700, browser=Firefox
Testing: csp_id=21, page_id=22800, browser=Firefox
Testing: csp_id=21, page_id=22900, browser=Firefox
Testing: csp_id=21, page_id=23000, browser=Firefox
Testing: csp_id=21, page_id=23100, browser=Firefox
Testing: csp_id=21, page_id=23200, browser=Firefox
Testing: csp_id=21, page_id=23300, browser=Firefox
Testing: csp_id=21, page_id=23400, browser=Firefox
Testing: csp_id=21, page_id=23500, browser=Firefox
Testing: csp_id=21, page_id=23600, browser=Firefox
Testing: csp_id=21, page_id=23700, browser=Firefox
Testing: csp_id=21, page_id=23800, browser=Firefox
Testing: csp_id=21, page_id=23900, browser=Firefox
Testing: csp_id=21, page_id=24000, browser=Firefox
Testing: csp_id=21, page_id=24100, browser=Firefox
Testing: csp_id=21, page_id=24200, browser=Firefox
Testing: csp_id=21, page_id=24300, browser=Firefox
Testing: csp_id=21, page_id=24400, browser=Firefox
Testing: csp_id=21, page_id=24500, browser=Firefox
Testing: csp_id=21, page_id=24600, browser=Firefox
Testing: csp_id=21, page_id=24700, browser=Firefox
Testing: csp_id=21, page_id=24800, browser=Firefox
Testing: csp_id=21, page_id=24900, browser=Firefox
Testing: csp_id=21, page_id=25000, browser=Firefox
Testing: csp_id=21, page_id=25100, browser=Firefox
Testing: csp_id=21, page_id=25200, browser=Firefox
Testing: csp_id=21, page_id=25300, browser=Firefox
Testing: csp_id=21, page_id=25400, browser=Firefox
Testing: csp_id=21, page_id=25500, browser=Firefox
Testing: csp_id=21, page_id=25600, browser=Firefox
Testing: csp_id=21, page_id=25700, browser=Firefox
Testing: csp_id=21, page_id=25800, browser=Firefox
Testing: csp_id=21, page_id=25900, browser=Firefox
Testing: csp_id=21, page_id=26000, browser=Firefox
Testing: csp_id=21, page_id=26100, browser=Firefox
Testing: csp_id=21, page_id=26200, browser=Firefox
Testing: csp_id=21, page_id=26300, browser=Firefox
Testing: csp_id=21, page_id=26400, browser=Firefox
Testing: csp_id=21, page_id=26500, browser=Firefox
Testing: csp_id=21, page_id=26600, browser=Firefox
Testing: csp_id=21, page_id=26700, browser=Firefox
Testing: csp_id=21, page_id=26800, browser=Firefox
Testing: csp_id=21, page_id=26900, browser=Firefox
Testing: csp_id=21, page_id=27000, browser=Firefox
Testing: csp_id=21, page_id=27100, browser=Firefox
Testing: csp_id=21, page_id=27200, browser=Firefox
Testing: csp_id=21, page_id=27300, browser=Firefox
Testing: csp_id=21, page_id=27400, browser=Firefox
Testing: csp_id=21, page_id=27500, browser=Firefox
Testing: csp_id=21, page_id=27600, browser=Firefox
Testing: csp_id=21, page_id=27700, browser=Firefox
Testing: csp_id=21, page_id=27800, browser=Firefox
Testing: csp_id=21, page_id=27900, browser=Firefox
Testing: csp_id=21, page_id=28000, browser=Firefox
Testing: csp_id=21, page_id=28100, browser=Firefox
Testing: csp_id=21, page_id=28200, browser=Firefox
Testing: csp_id=21, page_id=28300, browser=Firefox
Testing: csp_id=21, page_id=28400, browser=Firefox
Testing: csp_id=21, page_id=28500, browser=Firefox
Testing: csp_id=21, page_id=28600, browser=Firefox
Testing: csp_id=21, page_id=28700, browser=Firefox
Testing: csp_id=21, page_id=28800, browser=Firefox
Testing: csp_id=21, page_id=28900, browser=Firefox
Testing: csp_id=21, page_id=29000, browser=Firefox
Testing: csp_id=21, page_id=29100, browser=Firefox
Testing: csp_id=21, page_id=29200, browser=Firefox
Testing: csp_id=21, page_id=29300, browser=Firefox
Testing: csp_id=21, page_id=29400, browser=Firefox
Testing: csp_id=21, page_id=29500, browser=Firefox
Testing: csp_id=21, page_id=29600, browser=Firefox
Testing: csp_id=21, page_id=29700, browser=Firefox
Testing: csp_id=21, page_id=29800, browser=Firefox
🏊 create_context_pools[first] (5x16): 28.425s
Testing: csp_id=28, page_id=0, browser=Firefox
Testing: csp_id=28, page_id=100, browser=Firefox
Testing: csp_id=28, page_id=200, browser=Firefox
Testing: csp_id=28, page_id=300, browser=Firefox
Testing: csp_id=28, page_id=400, browser=Firefox
Testing: csp_id=28, page_id=500, browser=Firefox
Testing: csp_id=28, page_id=600, browser=Firefox
Testing: csp_id=28, page_id=700, browser=Firefox
Testing: csp_id=28, page_id=800, browser=Firefox
Testing: csp_id=28, page_id=900, browser=Firefox
Testing: csp_id=28, page_id=1000, browser=Firefox
Testing: csp_id=28, page_id=1100, browser=Firefox
Testing: csp_id=28, page_id=1200, browser=Firefox
Testing: csp_id=28, page_id=1300, browser=Firefox
Testing: csp_id=28, page_id=1400, browser=Firefox
Testing: csp_id=28, page_id=1500, browser=Firefox
Testing: csp_id=28, page_id=1600, browser=Firefox
Testing: csp_id=28, page_id=1700, browser=Firefox
Testing: csp_id=28, page_id=1800, browser=Firefox
Testing: csp_id=28, page_id=1900, browser=Firefox
Testing: csp_id=28, page_id=2000, browser=Firefox
Testing: csp_id=28, page_id=2100, browser=Firefox
Testing: csp_id=28, page_id=2200, browser=Firefox
Testing: csp_id=28, page_id=2300, browser=Firefox
Testing: csp_id=28, page_id=2400, browser=Firefox
Testing: csp_id=28, page_id=2500, browser=Firefox
Testing: csp_id=28, page_id=2600, browser=Firefox
Testing: csp_id=28, page_id=2700, browser=Firefox
Testing: csp_id=28, page_id=2800, browser=Firefox
Testing: csp_id=28, page_id=2900, browser=Firefox
Testing: csp_id=28, page_id=3000, browser=Firefox
Testing: csp_id=28, page_id=3100, browser=Firefox
Testing: csp_id=28, page_id=3200, browser=Firefox
Testing: csp_id=28, page_id=3300, browser=Firefox
Testing: csp_id=28, page_id=3400, browser=Firefox
Testing: csp_id=28, page_id=3500, browser=Firefox
Testing: csp_id=28, page_id=3600, browser=Firefox
Testing: csp_id=28, page_id=3700, browser=Firefox
Testing: csp_id=28, page_id=3800, browser=Firefox
Testing: csp_id=28, page_id=3900, browser=Firefox
Testing: csp_id=28, page_id=4000, browser=Firefox
Testing: csp_id=28, page_id=4100, browser=Firefox
Testing: csp_id=28, page_id=4200, browser=Firefox
Testing: csp_id=28, page_id=4300, browser=Firefox
Testing: csp_id=28, page_id=4400, browser=Firefox
Testing: csp_id=28, page_id=4500, browser=Firefox
Testing: csp_id=28, page_id=4600, browser=Firefox
Testing: csp_id=28, page_id=4700, browser=Firefox
Testing: csp_id=28, page_id=4800, browser=Firefox
Testing: csp_id=28, page_id=4900, browser=Firefox
Testing: csp_id=28, page_id=5000, browser=Firefox
Testing: csp_id=28, page_id=5100, browser=Firefox
Testing: csp_id=28, page_id=5200, browser=Firefox
Testing: csp_id=28, page_id=5300, browser=Firefox
Testing: csp_id=28, page_id=5400, browser=Firefox
Testing: csp_id=28, page_id=5500, browser=Firefox
Testing: csp_id=28, page_id=5600, browser=Firefox
Testing: csp_id=28, page_id=5700, browser=Firefox
Testing: csp_id=28, page_id=5800, browser=Firefox
Testing: csp_id=28, page_id=5900, browser=Firefox
Testing: csp_id=28, page_id=6000, browser=Firefox
Testing: csp_id=28, page_id=6100, browser=Firefox
Testing: csp_id=28, page_id=6200, browser=Firefox
Testing: csp_id=28, page_id=6300, browser=Firefox
Testing: csp_id=28, page_id=6400, browser=Firefox
Testing: csp_id=28, page_id=6500, browser=Firefox
Testing: csp_id=28, page_id=6600, browser=Firefox
Testing: csp_id=28, page_id=6700, browser=Firefox
Testing: csp_id=28, page_id=6800, browser=Firefox
Testing: csp_id=28, page_id=6900, browser=Firefox
Testing: csp_id=28, page_id=7000, browser=Firefox
Testing: csp_id=28, page_id=7100, browser=Firefox
Testing: csp_id=28, page_id=7200, browser=Firefox
Testing: csp_id=28, page_id=7300, browser=Firefox
Testing: csp_id=28, page_id=7400, browser=Firefox
Testing: csp_id=28, page_id=7500, browser=Firefox
Testing: csp_id=28, page_id=7600, browser=Firefox
Testing: csp_id=28, page_id=7700, browser=Firefox
Testing: csp_id=28, page_id=7800, browser=Firefox
Testing: csp_id=28, page_id=7900, browser=Firefox
Testing: csp_id=28, page_id=8000, browser=Firefox
Testing: csp_id=28, page_id=8100, browser=Firefox
Testing: csp_id=28, page_id=8200, browser=Firefox
Testing: csp_id=28, page_id=8300, browser=Firefox
Testing: csp_id=28, page_id=8400, browser=Firefox
Testing: csp_id=28, page_id=8500, browser=Firefox
Testing: csp_id=28, page_id=8600, browser=Firefox
Testing: csp_id=28, page_id=8700, browser=Firefox
Testing: csp_id=28, page_id=8800, browser=Firefox
Testing: csp_id=28, page_id=8900, browser=Firefox
Testing: csp_id=28, page_id=9000, browser=Firefox
Testing: csp_id=28, page_id=9100, browser=Firefox
Testing: csp_id=28, page_id=9200, browser=Firefox
Testing: csp_id=28, page_id=9300, browser=Firefox
Testing: csp_id=28, page_id=9400, browser=Firefox
Testing: csp_id=28, page_id=9500, browser=Firefox
Testing: csp_id=28, page_id=9600, browser=Firefox
Testing: csp_id=28, page_id=9700, browser=Firefox
Testing: csp_id=28, page_id=9800, browser=Firefox
Testing: csp_id=28, page_id=9900, browser=Firefox
Testing: csp_id=28, page_id=10000, browser=Firefox
Testing: csp_id=28, page_id=10100, browser=Firefox
Testing: csp_id=28, page_id=10200, browser=Firefox
Testing: csp_id=28, page_id=10300, browser=Firefox
Testing: csp_id=28, page_id=10400, browser=Firefox
Testing: csp_id=28, page_id=10500, browser=Firefox
Testing: csp_id=28, page_id=10600, browser=Firefox
Testing: csp_id=28, page_id=10700, browser=Firefox
Testing: csp_id=28, page_id=10800, browser=Firefox
Testing: csp_id=28, page_id=10900, browser=Firefox
Testing: csp_id=28, page_id=11000, browser=Firefox
Testing: csp_id=28, page_id=11100, browser=Firefox
Testing: csp_id=28, page_id=11200, browser=Firefox
Testing: csp_id=28, page_id=11300, browser=Firefox
Testing: csp_id=28, page_id=11400, browser=Firefox
Testing: csp_id=28, page_id=11500, browser=Firefox
Testing: csp_id=28, page_id=11600, browser=Firefox
Testing: csp_id=28, page_id=11700, browser=Firefox
Testing: csp_id=28, page_id=11800, browser=Firefox
Testing: csp_id=28, page_id=11900, browser=Firefox
Testing: csp_id=28, page_id=12000, browser=Firefox
Testing: csp_id=28, page_id=12100, browser=Firefox
Testing: csp_id=28, page_id=12200, browser=Firefox
Testing: csp_id=28, page_id=12300, browser=Firefox
Testing: csp_id=28, page_id=12400, browser=Firefox
Testing: csp_id=28, page_id=12500, browser=Firefox
Testing: csp_id=28, page_id=12600, browser=Firefox
Testing: csp_id=28, page_id=12700, browser=Firefox
Testing: csp_id=28, page_id=12800, browser=Firefox
Testing: csp_id=28, page_id=12900, browser=Firefox
Testing: csp_id=28, page_id=13000, browser=Firefox
Testing: csp_id=28, page_id=13100, browser=Firefox
Testing: csp_id=28, page_id=13200, browser=Firefox
Testing: csp_id=28, page_id=13300, browser=Firefox
Testing: csp_id=28, page_id=13400, browser=Firefox
Testing: csp_id=28, page_id=13500, browser=Firefox
Testing: csp_id=28, page_id=13600, browser=Firefox
Testing: csp_id=28, page_id=13700, browser=Firefox
Testing: csp_id=28, page_id=13800, browser=Firefox
Testing: csp_id=28, page_id=13900, browser=Firefox
Testing: csp_id=28, page_id=14000, browser=Firefox
Testing: csp_id=28, page_id=14100, browser=Firefox
Testing: csp_id=28, page_id=14200, browser=Firefox
Testing: csp_id=28, page_id=14300, browser=Firefox
Testing: csp_id=28, page_id=14400, browser=Firefox
Testing: csp_id=28, page_id=14500, browser=Firefox
Testing: csp_id=28, page_id=14600, browser=Firefox
Testing: csp_id=28, page_id=14700, browser=Firefox
Testing: csp_id=28, page_id=14800, browser=Firefox
Testing: csp_id=28, page_id=14900, browser=Firefox
Testing: csp_id=28, page_id=15000, browser=Firefox
Testing: csp_id=28, page_id=15100, browser=Firefox
Testing: csp_id=28, page_id=15200, browser=Firefox
Testing: csp_id=28, page_id=15300, browser=Firefox
Testing: csp_id=28, page_id=15400, browser=Firefox
Testing: csp_id=28, page_id=15500, browser=Firefox
Testing: csp_id=28, page_id=15600, browser=Firefox
Testing: csp_id=28, page_id=15700, browser=Firefox
Testing: csp_id=28, page_id=15800, browser=Firefox
Testing: csp_id=28, page_id=15900, browser=Firefox
Testing: csp_id=28, page_id=16000, browser=Firefox
Testing: csp_id=28, page_id=16100, browser=Firefox
Testing: csp_id=28, page_id=16200, browser=Firefox
Testing: csp_id=28, page_id=16300, browser=Firefox
Testing: csp_id=28, page_id=16400, browser=Firefox
Testing: csp_id=28, page_id=16500, browser=Firefox
Testing: csp_id=28, page_id=16600, browser=Firefox
Testing: csp_id=28, page_id=16700, browser=Firefox
Testing: csp_id=28, page_id=16800, browser=Firefox
Testing: csp_id=28, page_id=16900, browser=Firefox
Testing: csp_id=28, page_id=17000, browser=Firefox
Testing: csp_id=28, page_id=17100, browser=Firefox
Testing: csp_id=28, page_id=17200, browser=Firefox
Testing: csp_id=28, page_id=17300, browser=Firefox
Testing: csp_id=28, page_id=17400, browser=Firefox
Testing: csp_id=28, page_id=17500, browser=Firefox
Testing: csp_id=28, page_id=17600, browser=Firefox
Testing: csp_id=28, page_id=17700, browser=Firefox
Testing: csp_id=28, page_id=17800, browser=Firefox
Testing: csp_id=28, page_id=17900, browser=Firefox
Testing: csp_id=28, page_id=18000, browser=Firefox
Testing: csp_id=28, page_id=18100, browser=Firefox
Testing: csp_id=28, page_id=18200, browser=Firefox
Testing: csp_id=28, page_id=18300, browser=Firefox
Testing: csp_id=28, page_id=18400, browser=Firefox
Testing: csp_id=28, page_id=18500, browser=Firefox
Testing: csp_id=28, page_id=18600, browser=Firefox
Testing: csp_id=28, page_id=18700, browser=Firefox
Testing: csp_id=28, page_id=18800, browser=Firefox
Testing: csp_id=28, page_id=18900, browser=Firefox
Testing: csp_id=28, page_id=19000, browser=Firefox
Testing: csp_id=28, page_id=19100, browser=Firefox
Testing: csp_id=28, page_id=19200, browser=Firefox
Testing: csp_id=28, page_id=19300, browser=Firefox
Testing: csp_id=28, page_id=19400, browser=Firefox
Testing: csp_id=28, page_id=19500, browser=Firefox
Testing: csp_id=28, page_id=19600, browser=Firefox
Testing: csp_id=28, page_id=19700, browser=Firefox
Testing: csp_id=28, page_id=19800, browser=Firefox
Testing: csp_id=28, page_id=19900, browser=Firefox
Testing: csp_id=28, page_id=20000, browser=Firefox
Testing: csp_id=28, page_id=20100, browser=Firefox
Testing: csp_id=28, page_id=20200, browser=Firefox
Testing: csp_id=28, page_id=20300, browser=Firefox
Testing: csp_id=28, page_id=20400, browser=Firefox
Testing: csp_id=28, page_id=20500, browser=Firefox
Testing: csp_id=28, page_id=20600, browser=Firefox
Testing: csp_id=28, page_id=20700, browser=Firefox
Testing: csp_id=28, page_id=20800, browser=Firefox
Testing: csp_id=28, page_id=20900, browser=Firefox
Testing: csp_id=28, page_id=21000, browser=Firefox
Testing: csp_id=28, page_id=21100, browser=Firefox
Testing: csp_id=28, page_id=21200, browser=Firefox
Testing: csp_id=28, page_id=21300, browser=Firefox
Testing: csp_id=28, page_id=21400, browser=Firefox
Testing: csp_id=28, page_id=21500, browser=Firefox
Testing: csp_id=28, page_id=21600, browser=Firefox
Testing: csp_id=28, page_id=21700, browser=Firefox
Testing: csp_id=28, page_id=21800, browser=Firefox
Testing: csp_id=28, page_id=21900, browser=Firefox
Testing: csp_id=28, page_id=22000, browser=Firefox
Testing: csp_id=28, page_id=22100, browser=Firefox
Testing: csp_id=28, page_id=22200, browser=Firefox
Testing: csp_id=28, page_id=22300, browser=Firefox
Testing: csp_id=28, page_id=22400, browser=Firefox
Testing: csp_id=28, page_id=22500, browser=Firefox
Testing: csp_id=28, page_id=22600, browser=Firefox
Testing: csp_id=28, page_id=22700, browser=Firefox
Testing: csp_id=28, page_id=22800, browser=Firefox
Testing: csp_id=28, page_id=22900, browser=Firefox
Testing: csp_id=28, page_id=23000, browser=Firefox
Testing: csp_id=28, page_id=23100, browser=Firefox
Testing: csp_id=28, page_id=23200, browser=Firefox
Testing: csp_id=28, page_id=23300, browser=Firefox
Testing: csp_id=28, page_id=23400, browser=Firefox
Testing: csp_id=28, page_id=23500, browser=Firefox
Testing: csp_id=28, page_id=23600, browser=Firefox
Testing: csp_id=28, page_id=23700, browser=Firefox
Testing: csp_id=28, page_id=23800, browser=Firefox
Testing: csp_id=28, page_id=23900, browser=Firefox
Testing: csp_id=28, page_id=24000, browser=Firefox
Testing: csp_id=28, page_id=24100, browser=Firefox
Testing: csp_id=28, page_id=24200, browser=Firefox
Testing: csp_id=28, page_id=24300, browser=Firefox
Testing: csp_id=28, page_id=24400, browser=Firefox
Testing: csp_id=28, page_id=24500, browser=Firefox
Testing: csp_id=28, page_id=24600, browser=Firefox
Testing: csp_id=28, page_id=24700, browser=Firefox
Testing: csp_id=28, page_id=24800, browser=Firefox
Testing: csp_id=28, page_id=24900, browser=Firefox
Testing: csp_id=28, page_id=25000, browser=Firefox
Testing: csp_id=28, page_id=25100, browser=Firefox
Testing: csp_id=28, page_id=25200, browser=Firefox
Testing: csp_id=28, page_id=25300, browser=Firefox
Testing: csp_id=28, page_id=25400, browser=Firefox
Testing: csp_id=28, page_id=25500, browser=Firefox
Testing: csp_id=28, page_id=25600, browser=Firefox
Testing: csp_id=28, page_id=25700, browser=Firefox
Testing: csp_id=28, page_id=25800, browser=Firefox
Testing: csp_id=28, page_id=25900, browser=Firefox
Testing: csp_id=28, page_id=26000, browser=Firefox
Testing: csp_id=28, page_id=26100, browser=Firefox
Testing: csp_id=28, page_id=26200, browser=Firefox
Testing: csp_id=28, page_id=26300, browser=Firefox
Testing: csp_id=28, page_id=26400, browser=Firefox
Testing: csp_id=28, page_id=26500, browser=Firefox
Testing: csp_id=28, page_id=26600, browser=Firefox
Testing: csp_id=28, page_id=26700, browser=Firefox
Testing: csp_id=28, page_id=26800, browser=Firefox
Testing: csp_id=28, page_id=26900, browser=Firefox
Testing: csp_id=28, page_id=27000, browser=Firefox
Testing: csp_id=28, page_id=27100, browser=Firefox
Testing: csp_id=28, page_id=27200, browser=Firefox
Testing: csp_id=28, page_id=27300, browser=Firefox
Testing: csp_id=28, page_id=27400, browser=Firefox
Testing: csp_id=28, page_id=27500, browser=Firefox
Testing: csp_id=28, page_id=27600, browser=Firefox
Testing: csp_id=28, page_id=27700, browser=Firefox
Testing: csp_id=28, page_id=27800, browser=Firefox
Testing: csp_id=28, page_id=27900, browser=Firefox
Testing: csp_id=28, page_id=28000, browser=Firefox
Testing: csp_id=28, page_id=28100, browser=Firefox
Testing: csp_id=28, page_id=28200, browser=Firefox
Testing: csp_id=28, page_id=28300, browser=Firefox
Testing: csp_id=28, page_id=28400, browser=Firefox
Testing: csp_id=28, page_id=28500, browser=Firefox
Testing: csp_id=28, page_id=28600, browser=Firefox
Testing: csp_id=28, page_id=28700, browser=Firefox
Testing: csp_id=28, page_id=28800, browser=Firefox
Testing: csp_id=28, page_id=28900, browser=Firefox
Testing: csp_id=28, page_id=29000, browser=Firefox
Testing: csp_id=28, page_id=29100, browser=Firefox
Testing: csp_id=28, page_id=29200, browser=Firefox
Testing: csp_id=28, page_id=29300, browser=Firefox
Testing: csp_id=28, page_id=29400, browser=Firefox
Testing: csp_id=28, page_id=29500, browser=Firefox
Testing: csp_id=28, page_id=29600, browser=Firefox
Testing: csp_id=28, page_id=29700, browser=Firefox
Testing: csp_id=28, page_id=29800, browser=Firefox
🏊 create_context_pools[first] (5x16): 28.277s
Testing: csp_id=37, page_id=0, browser=Firefox
Testing: csp_id=37, page_id=100, browser=Firefox
Testing: csp_id=37, page_id=200, browser=Firefox
Testing: csp_id=37, page_id=300, browser=Firefox
Testing: csp_id=37, page_id=400, browser=Firefox
Testing: csp_id=37, page_id=500, browser=Firefox
Testing: csp_id=37, page_id=600, browser=Firefox
Testing: csp_id=37, page_id=700, browser=Firefox
[ERROR] page_id=720 csp_id=37, Page.goto: Connection closed while reading from the driver
[ERROR] page_id=721 csp_id=37, Page.goto: Connection closed while reading from the driver
[ERROR] page_id=722 csp_id=37, Page.goto: Connection closed while reading from the driver
[ERROR] page_id=723 csp_id=37, Page.goto: Connection closed while reading from the driver
[ERROR] page_id=724 csp_id=37, Page.goto: Connection closed while reading from the driver
[ERROR] page_id=725 csp_id=37, Page.goto: Connection closed while reading from the driver
[ERROR] page_id=726 csp_id=37, Page.goto: Connection closed while reading from the driver
[ERROR] page_id=727 csp_id=37, Page.goto: Connection closed while reading from the driver
[ERROR] page_id=728 csp_id=37, Page.goto: Connection closed while reading from the driver
[ERROR] page_id=729 csp_id=37, Page.goto: Connection closed while reading from the driver
[ERROR] page_id=730 csp_id=37, Page.goto: Connection closed while reading from the driver
[ERROR] page_id=731 csp_id=37, Page.goto: Connection closed while reading from the driver
[ERROR] page_id=732 csp_id=37, Page.goto: Connection closed while reading from the driver
[ERROR] page_id=733 csp_id=37, Page.goto: Connection closed while reading from the driver
[ERROR] page_id=734 csp_id=37, Page.goto: Connection closed while reading from the driver
[ERROR] page_id=735 csp_id=37, Page.goto: Connection closed while reading from the driver
pipe closed by peer or os.write(pipe, data) raised exception.
pipe closed by peer or os.write(pipe, data) raised exception.
pipe closed by peer or os.write(pipe, data) raised exception.
pipe closed by peer or os.write(pipe, data) raised exception.
pipe closed by peer or os.write(pipe, data) raised exception.
pipe closed by peer or os.write(pipe, data) raised exception.
pipe closed by peer or os.write(pipe, data) raised exception.
pipe closed by peer or os.write(pipe, data) raised exception.
pipe closed by peer or os.write(pipe, data) raised exception.
pipe closed by peer or os.write(pipe, data) raised exception.
pipe closed by peer or os.write(pipe, data) raised exception.
[ERROR] page_id=736 csp_id=37, Page.goto: Connection closed while reading from the driver
[ERROR] page_id=737 csp_id=37, Page.goto: Connection closed while reading from the driver
[ERROR] page_id=738 csp_id=37, Page.goto: Connection closed while reading from the driver
[ERROR] page_id=739 csp_id=37, Page.goto: Connection closed while reading from the driver
[ERROR] page_id=740 csp_id=37, Page.goto: Connection closed while reading from the driver
[ERROR] page_id=741 csp_id=37, Page.goto: Connection closed while reading from the driver
[ERROR] page_id=742 csp_id=37, Page.goto: Connection closed while reading from the driver
[ERROR] page_id=743 csp_id=37, Page.goto: Connection closed while reading from the driver
[ERROR] page_id=744 csp_id=37, Page.goto: Connection closed while reading from the driver
[ERROR] page_id=745 csp_id=37, Page.goto: Connection closed while reading from the driver
[ERROR] page_id=746 csp_id=37, Page.goto: Connection closed while reading from the driver
[ERROR] page_id=747 csp_id=37, Page.goto: Connection closed while reading from the driver
[ERROR] page_id=748 csp_id=37, Page.goto: Connection closed while reading from the driver
[ERROR] page_id=749 csp_id=37, Page.goto: Connection closed while reading from the driver
[ERROR] page_id=750 csp_id=37, Page.goto: Connection closed while reading from the driver
[ERROR] page_id=751 csp_id=37, Page.goto: Connection closed while reading from the driver
pipe closed by peer or os.write(pipe, data) raised exception.
pipe closed by peer or os.write(pipe, data) raised exception.
pipe closed by peer or os.write(pipe, data) raised exception.
pipe closed by peer or os.write(pipe, data) raised exception.
pipe closed by peer or os.write(pipe, data) raised exception.
pipe closed by peer or os.write(pipe, data) raised exception.
pipe closed by peer or os.write(pipe, data) raised exception.
pipe closed by peer or os.write(pipe, data) raised exception.
pipe closed by peer or os.write(pipe, data) raised exception.
pipe closed by peer or os.write(pipe, data) raised exception.
pipe closed by peer or os.write(pipe, data) raised exception.
pipe closed by peer or os.write(pipe, data) raised exception.
pipe closed by peer or os.write(pipe, data) raised exception.
pipe closed by peer or os.write(pipe, data) raised exception.
pipe closed by peer or os.write(pipe, data) raised exception.
pipe closed by peer or os.write(pipe, data) raised exception.
[ERROR] page_id=752 csp_id=37, Page.goto: Connection closed while reading from the driver
[ERROR] page_id=753 csp_id=37, Page.goto: Connection closed while reading from the driver
[ERROR] page_id=754 csp_id=37, Page.goto: Connection closed while reading from the driver
[ERROR] page_id=755 csp_id=37, Page.goto: Connection closed while reading from the driver
[ERROR] page_id=756 csp_id=37, Page.goto: Connection closed while reading from the driver
[ERROR] page_id=757 csp_id=37, Page.goto: Connection closed while reading from the driver
[ERROR] page_id=758 csp_id=37, Page.goto: Connection closed while reading from the driver
[ERROR] page_id=759 csp_id=37, Page.goto: Connection closed while reading from the driver
[ERROR] page_id=760 csp_id=37, Page.goto: Connection closed while reading from the driver
[ERROR] page_id=761 csp_id=37, Page.goto: Connection closed while reading from the driver
[ERROR] page_id=762 csp_id=37, Page.goto: Connection closed while reading from the driver
[ERROR] page_id=763 csp_id=37, Page.goto: Connection closed while reading from the driver
[ERROR] page_id=764 csp_id=37, Page.goto: Connection closed while reading from the driver
[ERROR] page_id=765 csp_id=37, Page.goto: Connection closed while reading from the driver
[ERROR] page_id=766 csp_id=37, Page.goto: Connection closed while reading from the driver
[ERROR] page_id=767 csp_id=37, Page.goto: Connection closed while reading from the driver
pipe closed by peer or os.write(pipe, data) raised exception.
pipe closed by peer or os.write(pipe, data) raised exception.
pipe closed by peer or os.write(pipe, data) raised exception.
pipe closed by peer or os.write(pipe, data) raised exception.
pipe closed by peer or os.write(pipe, data) raised exception.
pipe closed by peer or os.write(pipe, data) raised exception.
pipe closed by peer or os.write(pipe, data) raised exception.
pipe closed by peer or os.write(pipe, data) raised exception.
pipe closed by peer or os.write(pipe, data) raised exception.
pipe closed by peer or os.write(pipe, data) raised exception.
pipe closed by peer or os.write(pipe, data) raised exception.
pipe closed by peer or os.write(pipe, data) raised exception.
pipe closed by peer or os.write(pipe, data) raised exception.
pipe closed by peer or os.write(pipe, data) raised exception.
pipe closed by peer or os.write(pipe, data) raised exception.
pipe closed by peer or os.write(pipe, data) raised exception.
[ERROR] page_id=768 csp_id=37, Page.goto: Connection closed while reading from the driver
[ERROR] page_id=769 csp_id=37, Page.goto: Connection closed while reading from the driver
[ERROR] page_id=770 csp_id=37, Page.goto: Connection closed while reading from the driver
[ERROR] page_id=771 csp_id=37, Page.goto: Connection closed while reading from the driver
[ERROR] page_id=772 csp_id=37, Page.goto: Connection closed while reading from the driver
[ERROR] page_id=773 csp_id=37, Page.goto: Connection closed while reading from the driver
[ERROR] page_id=774 csp_id=37, Page.goto: Connection closed while reading from the driver
[ERROR] page_id=775 csp_id=37, Page.goto: Connection closed while reading from the driver
[ERROR] page_id=776 csp_id=37, Page.goto: Connection closed while reading from the driver
[ERROR] page_id=777 csp_id=37, Page.goto: Connection closed while reading from the driver
[ERROR] page_id=778 csp_id=37, Page.goto: Connection closed while reading from the driver
[ERROR] page_id=779 csp_id=37, Page.goto: Connection closed while reading from the driver
[ERROR] page_id=780 csp_id=37, Page.goto: Connection closed while reading from the driver
[ERROR] page_id=781 csp_id=37, Page.goto: Connection closed while reading from the driver
[ERROR] page_id=782 csp_id=37, Page.goto: Connection closed while reading from the driver
[ERROR] page_id=783 csp_id=37, Page.goto: Connection closed while reading from the driver
pipe closed by peer or os.write(pipe, data) raised exception.
pipe closed by peer or os.write(pipe, data) raised exception.
pipe closed by peer or os.write(pipe, data) raised exception.
pipe closed by peer or os.write(pipe, data) raised exception.
pipe closed by peer or os.write(pipe, data) raised exception.
pipe closed by peer or os.write(pipe, data) raised exception.
pipe closed by peer or os.write(pipe, data) raised exception.
pipe closed by peer or os.write(pipe, data) raised exception.
pipe closed by peer or os.write(pipe, data) raised exception.
pipe closed by peer or os.write(pipe, data) raised exception.
pipe closed by peer or os.write(pipe, data) raised exception.
pipe closed by peer or os.write(pipe, data) raised exception.
pipe closed by peer or os.write(pipe, data) raised exception.
pipe closed by peer or os.write(pipe, data) raised exception.
pipe closed by peer or os.write(pipe, data) raised exception.
pipe closed by peer or os.write(pipe, data) raised exception.
[ERROR] page_id=784 csp_id=37, Page.goto: Connection closed while reading from the driver
[ERROR] page_id=785 csp_id=37, Page.goto: Connection closed while reading from the driver
[ERROR] page_id=786 csp_id=37, Page.goto: Connection closed while reading from the driver
[ERROR] page_id=787 csp_id=37, Page.goto: Connection closed while reading from the driver
[ERROR] page_id=788 csp_id=37, Page.goto: Connection closed while reading from the driver
[ERROR] page_id=789 csp_id=37, Page.goto: Connection closed while reading from the driver
[ERROR] page_id=790 csp_id=37, Page.goto: Connection closed while reading from the driver
[ERROR] page_id=791 csp_id=37, Page.goto: Connection closed while reading from the driver
[ERROR] page_id=792 csp_id=37, Page.goto: Connection closed while reading from the driver
[ERROR] page_id=793 csp_id=37, Page.goto: Connection closed while reading from the driver
[ERROR] page_id=794 csp_id=37, Page.goto: Connection closed while reading from the driver
[ERROR] page_id=795 csp_id=37, Page.goto: Connection closed while reading from the driver
[ERROR] page_id=796 csp_id=37, Page.goto: Connection closed while reading from the driver
[ERROR] page_id=797 csp_id=37, Page.goto: Connection closed while reading from the driver
[ERROR] page_id=798 csp_id=37, Page.goto: Connection closed while reading from the driver
[ERROR] page_id=799 csp_id=37, Page.goto: Connection closed while reading from the driver
Testing: csp_id=37, page_id=800, browser=Firefox
pipe closed by peer or os.write(pipe, data) raised exception.
pipe closed by peer or os.write(pipe, data) raised exception.
pipe closed by peer or os.write(pipe, data) raised exception.
pipe closed by peer or os.write(pipe, data) raised exception.
pipe closed by peer or os.write(pipe, data) raised exception.
pipe closed by peer or os.write(pipe, data) raised exception.
pipe closed by peer or os.write(pipe, data) raised exception.
pipe closed by peer or os.write(pipe, data) raised exception.
pipe closed by peer or os.write(pipe, data) raised exception.
pipe closed by peer or os.write(pipe, data) raised exception.
pipe closed by peer or os.write(pipe, data) raised exception.
pipe closed by peer or os.write(pipe, data) raised exception.
pipe closed by peer or os.write(pipe, data) raised exception.
pipe closed by peer or os.write(pipe, data) raised exception.
pipe closed by peer or os.write(pipe, data) raised exception.
pipe closed by peer or os.write(pipe, data) raised exception.
[ERROR] page_id=800 csp_id=37, Page.goto: Connection closed while reading from the driver
[ERROR] page_id=801 csp_id=37, Page.goto: Connection closed while reading from the driver
[ERROR] page_id=802 csp_id=37, Page.goto: Connection closed while reading from the driver
[ERROR] page_id=803 csp_id=37, Page.goto: Connection closed while reading from the driver
[ERROR] page_id=804 csp_id=37, Page.goto: Connection closed while reading from the driver
[ERROR] page_id=805 csp_id=37, Page.goto: Connection closed while reading from the driver
[ERROR] page_id=806 csp_id=37, Page.goto: Connection closed while reading from the driver
[ERROR] page_id=807 csp_id=37, Page.goto: Connection closed while reading from the driver
[ERROR] page_id=808 csp_id=37, Page.goto: Connection closed while reading from the driver
[ERROR] page_id=809 csp_id=37, Page.goto: Connection closed while reading from the driver
[ERROR] page_id=810 csp_id=37, Page.goto: Connection closed while reading from the driver
[ERROR] page_id=811 csp_id=37, Page.goto: Connection closed while reading from the driver
[ERROR] page_id=812 csp_id=37, Page.goto: Connection closed while reading from the driver
[ERROR] page_id=813 csp_id=37, Page.goto: Connection closed while reading from the driver
[ERROR] page_id=814 csp_id=37, Page.goto: Connection closed while reading from the driver
[ERROR] page_id=815 csp_id=37, Page.goto: Connection closed while reading from the driver
pipe closed by peer or os.write(pipe, data) raised exception.
pipe closed by peer or os.write(pipe, data) raised exception.
pipe closed by peer or os.write(pipe, data) raised exception.
pipe closed by peer or os.write(pipe, data) raised exception.
pipe closed by peer or os.write(pipe, data) raised exception.
pipe closed by peer or os.write(pipe, data) raised exception.
pipe closed by peer or os.write(pipe, data) raised exception.
pipe closed by peer or os.write(pipe, data) raised exception.
pipe closed by peer or os.write(pipe, data) raised exception.
pipe closed by peer or os.write(pipe, data) raised exception.
pipe closed by peer or os.write(pipe, data) raised exception.
pipe closed by peer or os.write(pipe, data) raised exception.
pipe closed by peer or os.write(pipe, data) raised exception.
pipe closed by peer or os.write(pipe, data) raised exception.
pipe closed by peer or os.write(pipe, data) raised exception.
pipe closed by peer or os.write(pipe, data) raised exception.
[ERROR] page_id=816 csp_id=37, Page.goto: Connection closed while reading from the driver
[ERROR] page_id=817 csp_id=37, Page.goto: Connection closed while reading from the driver
[ERROR] page_id=818 csp_id=37, Page.goto: Connection closed while reading from the driver
[ERROR] page_id=819 csp_id=37, Page.goto: Connection closed while reading from the driver
[ERROR] page_id=820 csp_id=37, Page.goto: Connection closed while reading from the driver
[ERROR] page_id=821 csp_id=37, Page.goto: Connection closed while reading from the driver
[ERROR] page_id=822 csp_id=37, Page.goto: Connection closed while reading from the driver
[ERROR] page_id=823 csp_id=37, Page.goto: Connection closed while reading from the driver
[ERROR] page_id=824 csp_id=37, Page.goto: Connection closed while reading from the driver
[ERROR] page_id=825 csp_id=37, Page.goto: Connection closed while reading from the driver
[ERROR] page_id=826 csp_id=37, Page.goto: Connection closed while reading from the driver
[ERROR] page_id=827 csp_id=37, Page.goto: Connection closed while reading from the driver
[ERROR] page_id=828 csp_id=37, Page.goto: Connection closed while reading from the driver
[ERROR] page_id=829 csp_id=37, Page.goto: Connection closed while reading from the driver
[ERROR] page_id=830 csp_id=37, Page.goto: Connection closed while reading from the driver
[ERROR] page_id=831 csp_id=37, Page.goto: Connection closed while reading from the driver
