=========Notice: Full run mode=========
current_playwright_page_split_num is 1
=======================================
🏊 create_context_pools[first] (5x16): 17.568s
Testing: csp_id=7, page_id=0, browser=Firefox
Testing: csp_id=7, page_id=100, browser=Firefox
Testing: csp_id=7, page_id=200, browser=Firefox
Testing: csp_id=7, page_id=300, browser=Firefox
Testing: csp_id=7, page_id=400, browser=Firefox
Testing: csp_id=7, page_id=500, browser=Firefox
Testing: csp_id=7, page_id=600, browser=Firefox
Testing: csp_id=7, page_id=700, browser=Firefox
Testing: csp_id=7, page_id=800, browser=Firefox
Testing: csp_id=7, page_id=900, browser=Firefox
Testing: csp_id=7, page_id=1000, browser=Firefox
Testing: csp_id=7, page_id=1100, browser=Firefox
Testing: csp_id=7, page_id=1200, browser=Firefox
Testing: csp_id=7, page_id=1300, browser=Firefox
Testing: csp_id=7, page_id=1400, browser=Firefox
Testing: csp_id=7, page_id=1500, browser=Firefox
Testing: csp_id=7, page_id=1600, browser=Firefox
Testing: csp_id=7, page_id=1700, browser=Firefox
Testing: csp_id=7, page_id=1800, browser=Firefox
Testing: csp_id=7, page_id=1900, browser=Firefox
Testing: csp_id=7, page_id=2000, browser=Firefox
Testing: csp_id=7, page_id=2100, browser=Firefox
Testing: csp_id=7, page_id=2200, browser=Firefox
Testing: csp_id=7, page_id=2300, browser=Firefox
Testing: csp_id=7, page_id=2400, browser=Firefox
Testing: csp_id=7, page_id=2500, browser=Firefox
Testing: csp_id=7, page_id=2600, browser=Firefox
Testing: csp_id=7, page_id=2700, browser=Firefox
Testing: csp_id=7, page_id=2800, browser=Firefox
Testing: csp_id=7, page_id=2900, browser=Firefox
Testing: csp_id=7, page_id=3000, browser=Firefox
Testing: csp_id=7, page_id=3100, browser=Firefox
Testing: csp_id=7, page_id=3200, browser=Firefox
Testing: csp_id=7, page_id=3300, browser=Firefox
Testing: csp_id=7, page_id=3400, browser=Firefox
Testing: csp_id=7, page_id=3500, browser=Firefox
Testing: csp_id=7, page_id=3600, browser=Firefox
Testing: csp_id=7, page_id=3700, browser=Firefox
Testing: csp_id=7, page_id=3800, browser=Firefox
Testing: csp_id=7, page_id=3900, browser=Firefox
Testing: csp_id=7, page_id=4000, browser=Firefox
Testing: csp_id=7, page_id=4100, browser=Firefox
Testing: csp_id=7, page_id=4200, browser=Firefox
Testing: csp_id=7, page_id=4300, browser=Firefox
Testing: csp_id=7, page_id=4400, browser=Firefox
Testing: csp_id=7, page_id=4500, browser=Firefox
Testing: csp_id=7, page_id=4600, browser=Firefox
Testing: csp_id=7, page_id=4700, browser=Firefox
Testing: csp_id=7, page_id=4800, browser=Firefox
Testing: csp_id=7, page_id=4900, browser=Firefox
Testing: csp_id=7, page_id=5000, browser=Firefox
Testing: csp_id=7, page_id=5100, browser=Firefox
Testing: csp_id=7, page_id=5200, browser=Firefox
Testing: csp_id=7, page_id=5300, browser=Firefox
Testing: csp_id=7, page_id=5400, browser=Firefox
Testing: csp_id=7, page_id=5500, browser=Firefox
Testing: csp_id=7, page_id=5600, browser=Firefox
Testing: csp_id=7, page_id=5700, browser=Firefox
Testing: csp_id=7, page_id=5800, browser=Firefox
Testing: csp_id=7, page_id=5900, browser=Firefox
Testing: csp_id=7, page_id=6000, browser=Firefox
Testing: csp_id=7, page_id=6100, browser=Firefox
Testing: csp_id=7, page_id=6200, browser=Firefox
Testing: csp_id=7, page_id=6300, browser=Firefox
Testing: csp_id=7, page_id=6400, browser=Firefox
Testing: csp_id=7, page_id=6500, browser=Firefox
Testing: csp_id=7, page_id=6600, browser=Firefox
Testing: csp_id=7, page_id=6700, browser=Firefox
Testing: csp_id=7, page_id=6800, browser=Firefox
Testing: csp_id=7, page_id=6900, browser=Firefox
Testing: csp_id=7, page_id=7000, browser=Firefox
Testing: csp_id=7, page_id=7100, browser=Firefox
Testing: csp_id=7, page_id=7200, browser=Firefox
Testing: csp_id=7, page_id=7300, browser=Firefox
Testing: csp_id=7, page_id=7400, browser=Firefox
Testing: csp_id=7, page_id=7500, browser=Firefox
Testing: csp_id=7, page_id=7600, browser=Firefox
Testing: csp_id=7, page_id=7700, browser=Firefox
Testing: csp_id=7, page_id=7800, browser=Firefox
Testing: csp_id=7, page_id=7900, browser=Firefox
Testing: csp_id=7, page_id=8000, browser=Firefox
Testing: csp_id=7, page_id=8100, browser=Firefox
Testing: csp_id=7, page_id=8200, browser=Firefox
Testing: csp_id=7, page_id=8300, browser=Firefox
Testing: csp_id=7, page_id=8400, browser=Firefox
Testing: csp_id=7, page_id=8500, browser=Firefox
Testing: csp_id=7, page_id=8600, browser=Firefox
Testing: csp_id=7, page_id=8700, browser=Firefox
Testing: csp_id=7, page_id=8800, browser=Firefox
Testing: csp_id=7, page_id=8900, browser=Firefox
Testing: csp_id=7, page_id=9000, browser=Firefox
Testing: csp_id=7, page_id=9100, browser=Firefox
Testing: csp_id=7, page_id=9200, browser=Firefox
Testing: csp_id=7, page_id=9300, browser=Firefox
Testing: csp_id=7, page_id=9400, browser=Firefox
Testing: csp_id=7, page_id=9500, browser=Firefox
Testing: csp_id=7, page_id=9600, browser=Firefox
Testing: csp_id=7, page_id=9700, browser=Firefox
Testing: csp_id=7, page_id=9800, browser=Firefox
Testing: csp_id=7, page_id=9900, browser=Firefox
Testing: csp_id=7, page_id=10000, browser=Firefox
Testing: csp_id=7, page_id=10100, browser=Firefox
Testing: csp_id=7, page_id=10200, browser=Firefox
Testing: csp_id=7, page_id=10300, browser=Firefox
Testing: csp_id=7, page_id=10400, browser=Firefox
Testing: csp_id=7, page_id=10500, browser=Firefox
Testing: csp_id=7, page_id=10600, browser=Firefox
Testing: csp_id=7, page_id=10700, browser=Firefox
Testing: csp_id=7, page_id=10800, browser=Firefox
Testing: csp_id=7, page_id=10900, browser=Firefox
Testing: csp_id=7, page_id=11000, browser=Firefox
Testing: csp_id=7, page_id=11100, browser=Firefox
Testing: csp_id=7, page_id=11200, browser=Firefox
Testing: csp_id=7, page_id=11300, browser=Firefox
Testing: csp_id=7, page_id=11400, browser=Firefox
Testing: csp_id=7, page_id=11500, browser=Firefox
Testing: csp_id=7, page_id=11600, browser=Firefox
Testing: csp_id=7, page_id=11700, browser=Firefox
Testing: csp_id=7, page_id=11800, browser=Firefox
Testing: csp_id=7, page_id=11900, browser=Firefox
Testing: csp_id=7, page_id=12000, browser=Firefox
Testing: csp_id=7, page_id=12100, browser=Firefox
Testing: csp_id=7, page_id=12200, browser=Firefox
Testing: csp_id=7, page_id=12300, browser=Firefox
Testing: csp_id=7, page_id=12400, browser=Firefox
Testing: csp_id=7, page_id=12500, browser=Firefox
Testing: csp_id=7, page_id=12600, browser=Firefox
Testing: csp_id=7, page_id=12700, browser=Firefox
Testing: csp_id=7, page_id=12800, browser=Firefox
Testing: csp_id=7, page_id=12900, browser=Firefox
Testing: csp_id=7, page_id=13000, browser=Firefox
Testing: csp_id=7, page_id=13100, browser=Firefox
Testing: csp_id=7, page_id=13200, browser=Firefox
Testing: csp_id=7, page_id=13300, browser=Firefox
Testing: csp_id=7, page_id=13400, browser=Firefox
Testing: csp_id=7, page_id=13500, browser=Firefox
Testing: csp_id=7, page_id=13600, browser=Firefox
Testing: csp_id=7, page_id=13700, browser=Firefox
Testing: csp_id=7, page_id=13800, browser=Firefox
Testing: csp_id=7, page_id=13900, browser=Firefox
Testing: csp_id=7, page_id=14000, browser=Firefox
Testing: csp_id=7, page_id=14100, browser=Firefox
Testing: csp_id=7, page_id=14200, browser=Firefox
Testing: csp_id=7, page_id=14300, browser=Firefox
Testing: csp_id=7, page_id=14400, browser=Firefox
Testing: csp_id=7, page_id=14500, browser=Firefox
Testing: csp_id=7, page_id=14600, browser=Firefox
Testing: csp_id=7, page_id=14700, browser=Firefox
Testing: csp_id=7, page_id=14800, browser=Firefox
Testing: csp_id=7, page_id=14900, browser=Firefox
Testing: csp_id=7, page_id=15000, browser=Firefox
Testing: csp_id=7, page_id=15100, browser=Firefox
Testing: csp_id=7, page_id=15200, browser=Firefox
Testing: csp_id=7, page_id=15300, browser=Firefox
Testing: csp_id=7, page_id=15400, browser=Firefox
Testing: csp_id=7, page_id=15500, browser=Firefox
Testing: csp_id=7, page_id=15600, browser=Firefox
Testing: csp_id=7, page_id=15700, browser=Firefox
Testing: csp_id=7, page_id=15800, browser=Firefox
Testing: csp_id=7, page_id=15900, browser=Firefox
Testing: csp_id=7, page_id=16000, browser=Firefox
Testing: csp_id=7, page_id=16100, browser=Firefox
Testing: csp_id=7, page_id=16200, browser=Firefox
Testing: csp_id=7, page_id=16300, browser=Firefox
Testing: csp_id=7, page_id=16400, browser=Firefox
Testing: csp_id=7, page_id=16500, browser=Firefox
Testing: csp_id=7, page_id=16600, browser=Firefox
Testing: csp_id=7, page_id=16700, browser=Firefox
Testing: csp_id=7, page_id=16800, browser=Firefox
Testing: csp_id=7, page_id=16900, browser=Firefox
Testing: csp_id=7, page_id=17000, browser=Firefox
Testing: csp_id=7, page_id=17100, browser=Firefox
Testing: csp_id=7, page_id=17200, browser=Firefox
Testing: csp_id=7, page_id=17300, browser=Firefox
Testing: csp_id=7, page_id=17400, browser=Firefox
Testing: csp_id=7, page_id=17500, browser=Firefox
Testing: csp_id=7, page_id=17600, browser=Firefox
Testing: csp_id=7, page_id=17700, browser=Firefox
Testing: csp_id=7, page_id=17800, browser=Firefox
Testing: csp_id=7, page_id=17900, browser=Firefox
Testing: csp_id=7, page_id=18000, browser=Firefox
Testing: csp_id=7, page_id=18100, browser=Firefox
Testing: csp_id=7, page_id=18200, browser=Firefox
Testing: csp_id=7, page_id=18300, browser=Firefox
Testing: csp_id=7, page_id=18400, browser=Firefox
Testing: csp_id=7, page_id=18500, browser=Firefox
Testing: csp_id=7, page_id=18600, browser=Firefox
Testing: csp_id=7, page_id=18700, browser=Firefox
Testing: csp_id=7, page_id=18800, browser=Firefox
Testing: csp_id=7, page_id=18900, browser=Firefox
Testing: csp_id=7, page_id=19000, browser=Firefox
Testing: csp_id=7, page_id=19100, browser=Firefox
Testing: csp_id=7, page_id=19200, browser=Firefox
Testing: csp_id=7, page_id=19300, browser=Firefox
Testing: csp_id=7, page_id=19400, browser=Firefox
Testing: csp_id=7, page_id=19500, browser=Firefox
Testing: csp_id=7, page_id=19600, browser=Firefox
Testing: csp_id=7, page_id=19700, browser=Firefox
Testing: csp_id=7, page_id=19800, browser=Firefox
Testing: csp_id=7, page_id=19900, browser=Firefox
Testing: csp_id=7, page_id=20000, browser=Firefox
Testing: csp_id=7, page_id=20100, browser=Firefox
Testing: csp_id=7, page_id=20200, browser=Firefox
Testing: csp_id=7, page_id=20300, browser=Firefox
Testing: csp_id=7, page_id=20400, browser=Firefox
Testing: csp_id=7, page_id=20500, browser=Firefox
Testing: csp_id=7, page_id=20600, browser=Firefox
Testing: csp_id=7, page_id=20700, browser=Firefox
Testing: csp_id=7, page_id=20800, browser=Firefox
Testing: csp_id=7, page_id=20900, browser=Firefox
Testing: csp_id=7, page_id=21000, browser=Firefox
Testing: csp_id=7, page_id=21100, browser=Firefox
Testing: csp_id=7, page_id=21200, browser=Firefox
Testing: csp_id=7, page_id=21300, browser=Firefox
Testing: csp_id=7, page_id=21400, browser=Firefox
Testing: csp_id=7, page_id=21500, browser=Firefox
Testing: csp_id=7, page_id=21600, browser=Firefox
Testing: csp_id=7, page_id=21700, browser=Firefox
Testing: csp_id=7, page_id=21800, browser=Firefox
Testing: csp_id=7, page_id=21900, browser=Firefox
Testing: csp_id=7, page_id=22000, browser=Firefox
Testing: csp_id=7, page_id=22100, browser=Firefox
Testing: csp_id=7, page_id=22200, browser=Firefox
Testing: csp_id=7, page_id=22300, browser=Firefox
Testing: csp_id=7, page_id=22400, browser=Firefox
Testing: csp_id=7, page_id=22500, browser=Firefox
Testing: csp_id=7, page_id=22600, browser=Firefox
Testing: csp_id=7, page_id=22700, browser=Firefox
Testing: csp_id=7, page_id=22800, browser=Firefox
Testing: csp_id=7, page_id=22900, browser=Firefox
Testing: csp_id=7, page_id=23000, browser=Firefox
Testing: csp_id=7, page_id=23100, browser=Firefox
Testing: csp_id=7, page_id=23200, browser=Firefox
Testing: csp_id=7, page_id=23300, browser=Firefox
Testing: csp_id=7, page_id=23400, browser=Firefox
Testing: csp_id=7, page_id=23500, browser=Firefox
Testing: csp_id=7, page_id=23600, browser=Firefox
Testing: csp_id=7, page_id=23700, browser=Firefox
Testing: csp_id=7, page_id=23800, browser=Firefox
Testing: csp_id=7, page_id=23900, browser=Firefox
Testing: csp_id=7, page_id=24000, browser=Firefox
Testing: csp_id=7, page_id=24100, browser=Firefox
Testing: csp_id=7, page_id=24200, browser=Firefox
Testing: csp_id=7, page_id=24300, browser=Firefox
Testing: csp_id=7, page_id=24400, browser=Firefox
Testing: csp_id=7, page_id=24500, browser=Firefox
Testing: csp_id=7, page_id=24600, browser=Firefox
Testing: csp_id=7, page_id=24700, browser=Firefox
Testing: csp_id=7, page_id=24800, browser=Firefox
Testing: csp_id=7, page_id=24900, browser=Firefox
Testing: csp_id=7, page_id=25000, browser=Firefox
Testing: csp_id=7, page_id=25100, browser=Firefox
Testing: csp_id=7, page_id=25200, browser=Firefox
Testing: csp_id=7, page_id=25300, browser=Firefox
Testing: csp_id=7, page_id=25400, browser=Firefox
Testing: csp_id=7, page_id=25500, browser=Firefox
Testing: csp_id=7, page_id=25600, browser=Firefox
Testing: csp_id=7, page_id=25700, browser=Firefox
Testing: csp_id=7, page_id=25800, browser=Firefox
Testing: csp_id=7, page_id=25900, browser=Firefox
Testing: csp_id=7, page_id=26000, browser=Firefox
Testing: csp_id=7, page_id=26100, browser=Firefox
Testing: csp_id=7, page_id=26200, browser=Firefox
Testing: csp_id=7, page_id=26300, browser=Firefox
Testing: csp_id=7, page_id=26400, browser=Firefox
Testing: csp_id=7, page_id=26500, browser=Firefox
Testing: csp_id=7, page_id=26600, browser=Firefox
Testing: csp_id=7, page_id=26700, browser=Firefox
Testing: csp_id=7, page_id=26800, browser=Firefox
Testing: csp_id=7, page_id=26900, browser=Firefox
Testing: csp_id=7, page_id=27000, browser=Firefox
Testing: csp_id=7, page_id=27100, browser=Firefox
Testing: csp_id=7, page_id=27200, browser=Firefox
Testing: csp_id=7, page_id=27300, browser=Firefox
Testing: csp_id=7, page_id=27400, browser=Firefox
Testing: csp_id=7, page_id=27500, browser=Firefox
Testing: csp_id=7, page_id=27600, browser=Firefox
Testing: csp_id=7, page_id=27700, browser=Firefox
Testing: csp_id=7, page_id=27800, browser=Firefox
Testing: csp_id=7, page_id=27900, browser=Firefox
Testing: csp_id=7, page_id=28000, browser=Firefox
Testing: csp_id=7, page_id=28100, browser=Firefox
Testing: csp_id=7, page_id=28200, browser=Firefox
Testing: csp_id=7, page_id=28300, browser=Firefox
Testing: csp_id=7, page_id=28400, browser=Firefox
Testing: csp_id=7, page_id=28500, browser=Firefox
Testing: csp_id=7, page_id=28600, browser=Firefox
Testing: csp_id=7, page_id=28700, browser=Firefox
Testing: csp_id=7, page_id=28800, browser=Firefox
Testing: csp_id=7, page_id=28900, browser=Firefox
Testing: csp_id=7, page_id=29000, browser=Firefox
Testing: csp_id=7, page_id=29100, browser=Firefox
Testing: csp_id=7, page_id=29200, browser=Firefox
Testing: csp_id=7, page_id=29300, browser=Firefox
Testing: csp_id=7, page_id=29400, browser=Firefox
Testing: csp_id=7, page_id=29500, browser=Firefox
Testing: csp_id=7, page_id=29600, browser=Firefox
Testing: csp_id=7, page_id=29700, browser=Firefox
Testing: csp_id=7, page_id=29800, browser=Firefox
🏊 create_context_pools[first] (5x16): 25.235s
Testing: csp_id=12, page_id=0, browser=Firefox
Testing: csp_id=12, page_id=100, browser=Firefox
Testing: csp_id=12, page_id=200, browser=Firefox
Testing: csp_id=12, page_id=300, browser=Firefox
Testing: csp_id=12, page_id=400, browser=Firefox
Testing: csp_id=12, page_id=500, browser=Firefox
Testing: csp_id=12, page_id=600, browser=Firefox
Testing: csp_id=12, page_id=700, browser=Firefox
Testing: csp_id=12, page_id=800, browser=Firefox
Testing: csp_id=12, page_id=900, browser=Firefox
Testing: csp_id=12, page_id=1000, browser=Firefox
Testing: csp_id=12, page_id=1100, browser=Firefox
Testing: csp_id=12, page_id=1200, browser=Firefox
Testing: csp_id=12, page_id=1300, browser=Firefox
Testing: csp_id=12, page_id=1400, browser=Firefox
Testing: csp_id=12, page_id=1500, browser=Firefox
Testing: csp_id=12, page_id=1600, browser=Firefox
Testing: csp_id=12, page_id=1700, browser=Firefox
Testing: csp_id=12, page_id=1800, browser=Firefox
Testing: csp_id=12, page_id=1900, browser=Firefox
Testing: csp_id=12, page_id=2000, browser=Firefox
Testing: csp_id=12, page_id=2100, browser=Firefox
Testing: csp_id=12, page_id=2200, browser=Firefox
Testing: csp_id=12, page_id=2300, browser=Firefox
Testing: csp_id=12, page_id=2400, browser=Firefox
Testing: csp_id=12, page_id=2500, browser=Firefox
Testing: csp_id=12, page_id=2600, browser=Firefox
Testing: csp_id=12, page_id=2700, browser=Firefox
Testing: csp_id=12, page_id=2800, browser=Firefox
Testing: csp_id=12, page_id=2900, browser=Firefox
Testing: csp_id=12, page_id=3000, browser=Firefox
Testing: csp_id=12, page_id=3100, browser=Firefox
Testing: csp_id=12, page_id=3200, browser=Firefox
Testing: csp_id=12, page_id=3300, browser=Firefox
Testing: csp_id=12, page_id=3400, browser=Firefox
Testing: csp_id=12, page_id=3500, browser=Firefox
Testing: csp_id=12, page_id=3600, browser=Firefox
Testing: csp_id=12, page_id=3700, browser=Firefox
Testing: csp_id=12, page_id=3800, browser=Firefox
Testing: csp_id=12, page_id=3900, browser=Firefox
Testing: csp_id=12, page_id=4000, browser=Firefox
Testing: csp_id=12, page_id=4100, browser=Firefox
Testing: csp_id=12, page_id=4200, browser=Firefox
Testing: csp_id=12, page_id=4300, browser=Firefox
Testing: csp_id=12, page_id=4400, browser=Firefox
Testing: csp_id=12, page_id=4500, browser=Firefox
Testing: csp_id=12, page_id=4600, browser=Firefox
Testing: csp_id=12, page_id=4700, browser=Firefox
Testing: csp_id=12, page_id=4800, browser=Firefox
Testing: csp_id=12, page_id=4900, browser=Firefox
Testing: csp_id=12, page_id=5000, browser=Firefox
Testing: csp_id=12, page_id=5100, browser=Firefox
Testing: csp_id=12, page_id=5200, browser=Firefox
Testing: csp_id=12, page_id=5300, browser=Firefox
Testing: csp_id=12, page_id=5400, browser=Firefox
Testing: csp_id=12, page_id=5500, browser=Firefox
Testing: csp_id=12, page_id=5600, browser=Firefox
Testing: csp_id=12, page_id=5700, browser=Firefox
Testing: csp_id=12, page_id=5800, browser=Firefox
Testing: csp_id=12, page_id=5900, browser=Firefox
Testing: csp_id=12, page_id=6000, browser=Firefox
Testing: csp_id=12, page_id=6100, browser=Firefox
Testing: csp_id=12, page_id=6200, browser=Firefox
Testing: csp_id=12, page_id=6300, browser=Firefox
Testing: csp_id=12, page_id=6400, browser=Firefox
Testing: csp_id=12, page_id=6500, browser=Firefox
Testing: csp_id=12, page_id=6600, browser=Firefox
Testing: csp_id=12, page_id=6700, browser=Firefox
Testing: csp_id=12, page_id=6800, browser=Firefox
Testing: csp_id=12, page_id=6900, browser=Firefox
Testing: csp_id=12, page_id=7000, browser=Firefox
Testing: csp_id=12, page_id=7100, browser=Firefox
Testing: csp_id=12, page_id=7200, browser=Firefox
Testing: csp_id=12, page_id=7300, browser=Firefox
Testing: csp_id=12, page_id=7400, browser=Firefox
Testing: csp_id=12, page_id=7500, browser=Firefox
Testing: csp_id=12, page_id=7600, browser=Firefox
Testing: csp_id=12, page_id=7700, browser=Firefox
Testing: csp_id=12, page_id=7800, browser=Firefox
Testing: csp_id=12, page_id=7900, browser=Firefox
Testing: csp_id=12, page_id=8000, browser=Firefox
Testing: csp_id=12, page_id=8100, browser=Firefox
Testing: csp_id=12, page_id=8200, browser=Firefox
Testing: csp_id=12, page_id=8300, browser=Firefox
Testing: csp_id=12, page_id=8400, browser=Firefox
Testing: csp_id=12, page_id=8500, browser=Firefox
Testing: csp_id=12, page_id=8600, browser=Firefox
Testing: csp_id=12, page_id=8700, browser=Firefox
Testing: csp_id=12, page_id=8800, browser=Firefox
Testing: csp_id=12, page_id=8900, browser=Firefox
Testing: csp_id=12, page_id=9000, browser=Firefox
Testing: csp_id=12, page_id=9100, browser=Firefox
Testing: csp_id=12, page_id=9200, browser=Firefox
Testing: csp_id=12, page_id=9300, browser=Firefox
Testing: csp_id=12, page_id=9400, browser=Firefox
Testing: csp_id=12, page_id=9500, browser=Firefox
Testing: csp_id=12, page_id=9600, browser=Firefox
Testing: csp_id=12, page_id=9700, browser=Firefox
Testing: csp_id=12, page_id=9800, browser=Firefox
Testing: csp_id=12, page_id=9900, browser=Firefox
Testing: csp_id=12, page_id=10000, browser=Firefox
Testing: csp_id=12, page_id=10100, browser=Firefox
Testing: csp_id=12, page_id=10200, browser=Firefox
Testing: csp_id=12, page_id=10300, browser=Firefox
Testing: csp_id=12, page_id=10400, browser=Firefox
Testing: csp_id=12, page_id=10500, browser=Firefox
Testing: csp_id=12, page_id=10600, browser=Firefox
Testing: csp_id=12, page_id=10700, browser=Firefox
Testing: csp_id=12, page_id=10800, browser=Firefox
Testing: csp_id=12, page_id=10900, browser=Firefox
Testing: csp_id=12, page_id=11000, browser=Firefox
Testing: csp_id=12, page_id=11100, browser=Firefox
Testing: csp_id=12, page_id=11200, browser=Firefox
Testing: csp_id=12, page_id=11300, browser=Firefox
Testing: csp_id=12, page_id=11400, browser=Firefox
Testing: csp_id=12, page_id=11500, browser=Firefox
Testing: csp_id=12, page_id=11600, browser=Firefox
Testing: csp_id=12, page_id=11700, browser=Firefox
Testing: csp_id=12, page_id=11800, browser=Firefox
Testing: csp_id=12, page_id=11900, browser=Firefox
Testing: csp_id=12, page_id=12000, browser=Firefox
Testing: csp_id=12, page_id=12100, browser=Firefox
Testing: csp_id=12, page_id=12200, browser=Firefox
Testing: csp_id=12, page_id=12300, browser=Firefox
Testing: csp_id=12, page_id=12400, browser=Firefox
Testing: csp_id=12, page_id=12500, browser=Firefox
Testing: csp_id=12, page_id=12600, browser=Firefox
Testing: csp_id=12, page_id=12700, browser=Firefox
Testing: csp_id=12, page_id=12800, browser=Firefox
Testing: csp_id=12, page_id=12900, browser=Firefox
Testing: csp_id=12, page_id=13000, browser=Firefox
Testing: csp_id=12, page_id=13100, browser=Firefox
Testing: csp_id=12, page_id=13200, browser=Firefox
Testing: csp_id=12, page_id=13300, browser=Firefox
Testing: csp_id=12, page_id=13400, browser=Firefox
Testing: csp_id=12, page_id=13500, browser=Firefox
Testing: csp_id=12, page_id=13600, browser=Firefox
Testing: csp_id=12, page_id=13700, browser=Firefox
Testing: csp_id=12, page_id=13800, browser=Firefox
Testing: csp_id=12, page_id=13900, browser=Firefox
Testing: csp_id=12, page_id=14000, browser=Firefox
Testing: csp_id=12, page_id=14100, browser=Firefox
Testing: csp_id=12, page_id=14200, browser=Firefox
Testing: csp_id=12, page_id=14300, browser=Firefox
Testing: csp_id=12, page_id=14400, browser=Firefox
Testing: csp_id=12, page_id=14500, browser=Firefox
Testing: csp_id=12, page_id=14600, browser=Firefox
Testing: csp_id=12, page_id=14700, browser=Firefox
Testing: csp_id=12, page_id=14800, browser=Firefox
Testing: csp_id=12, page_id=14900, browser=Firefox
Testing: csp_id=12, page_id=15000, browser=Firefox
Testing: csp_id=12, page_id=15100, browser=Firefox
Testing: csp_id=12, page_id=15200, browser=Firefox
Testing: csp_id=12, page_id=15300, browser=Firefox
Testing: csp_id=12, page_id=15400, browser=Firefox
Testing: csp_id=12, page_id=15500, browser=Firefox
Testing: csp_id=12, page_id=15600, browser=Firefox
Testing: csp_id=12, page_id=15700, browser=Firefox
Testing: csp_id=12, page_id=15800, browser=Firefox
Testing: csp_id=12, page_id=15900, browser=Firefox
Testing: csp_id=12, page_id=16000, browser=Firefox
Testing: csp_id=12, page_id=16100, browser=Firefox
Testing: csp_id=12, page_id=16200, browser=Firefox
Testing: csp_id=12, page_id=16300, browser=Firefox
Testing: csp_id=12, page_id=16400, browser=Firefox
Testing: csp_id=12, page_id=16500, browser=Firefox
Testing: csp_id=12, page_id=16600, browser=Firefox
Testing: csp_id=12, page_id=16700, browser=Firefox
Testing: csp_id=12, page_id=16800, browser=Firefox
Testing: csp_id=12, page_id=16900, browser=Firefox
Testing: csp_id=12, page_id=17000, browser=Firefox
Testing: csp_id=12, page_id=17100, browser=Firefox
Testing: csp_id=12, page_id=17200, browser=Firefox
Testing: csp_id=12, page_id=17300, browser=Firefox
Testing: csp_id=12, page_id=17400, browser=Firefox
Testing: csp_id=12, page_id=17500, browser=Firefox
Testing: csp_id=12, page_id=17600, browser=Firefox
Testing: csp_id=12, page_id=17700, browser=Firefox
Testing: csp_id=12, page_id=17800, browser=Firefox
Testing: csp_id=12, page_id=17900, browser=Firefox
Testing: csp_id=12, page_id=18000, browser=Firefox
Testing: csp_id=12, page_id=18100, browser=Firefox
Testing: csp_id=12, page_id=18200, browser=Firefox
Testing: csp_id=12, page_id=18300, browser=Firefox
Testing: csp_id=12, page_id=18400, browser=Firefox
Testing: csp_id=12, page_id=18500, browser=Firefox
Testing: csp_id=12, page_id=18600, browser=Firefox
Testing: csp_id=12, page_id=18700, browser=Firefox
Testing: csp_id=12, page_id=18800, browser=Firefox
Testing: csp_id=12, page_id=18900, browser=Firefox
Testing: csp_id=12, page_id=19000, browser=Firefox
Testing: csp_id=12, page_id=19100, browser=Firefox
Testing: csp_id=12, page_id=19200, browser=Firefox
Testing: csp_id=12, page_id=19300, browser=Firefox
Testing: csp_id=12, page_id=19400, browser=Firefox
Testing: csp_id=12, page_id=19500, browser=Firefox
Testing: csp_id=12, page_id=19600, browser=Firefox
Testing: csp_id=12, page_id=19700, browser=Firefox
Testing: csp_id=12, page_id=19800, browser=Firefox
Testing: csp_id=12, page_id=19900, browser=Firefox
Testing: csp_id=12, page_id=20000, browser=Firefox
Testing: csp_id=12, page_id=20100, browser=Firefox
Testing: csp_id=12, page_id=20200, browser=Firefox
Testing: csp_id=12, page_id=20300, browser=Firefox
Testing: csp_id=12, page_id=20400, browser=Firefox
Testing: csp_id=12, page_id=20500, browser=Firefox
Testing: csp_id=12, page_id=20600, browser=Firefox
Testing: csp_id=12, page_id=20700, browser=Firefox
Testing: csp_id=12, page_id=20800, browser=Firefox
Testing: csp_id=12, page_id=20900, browser=Firefox
Testing: csp_id=12, page_id=21000, browser=Firefox
Testing: csp_id=12, page_id=21100, browser=Firefox
Testing: csp_id=12, page_id=21200, browser=Firefox
Testing: csp_id=12, page_id=21300, browser=Firefox
Testing: csp_id=12, page_id=21400, browser=Firefox
Testing: csp_id=12, page_id=21500, browser=Firefox
Testing: csp_id=12, page_id=21600, browser=Firefox
Testing: csp_id=12, page_id=21700, browser=Firefox
Testing: csp_id=12, page_id=21800, browser=Firefox
Testing: csp_id=12, page_id=21900, browser=Firefox
Testing: csp_id=12, page_id=22000, browser=Firefox
Testing: csp_id=12, page_id=22100, browser=Firefox
Testing: csp_id=12, page_id=22200, browser=Firefox
Testing: csp_id=12, page_id=22300, browser=Firefox
Testing: csp_id=12, page_id=22400, browser=Firefox
Testing: csp_id=12, page_id=22500, browser=Firefox
Testing: csp_id=12, page_id=22600, browser=Firefox
Testing: csp_id=12, page_id=22700, browser=Firefox
Testing: csp_id=12, page_id=22800, browser=Firefox
Testing: csp_id=12, page_id=22900, browser=Firefox
Testing: csp_id=12, page_id=23000, browser=Firefox
Testing: csp_id=12, page_id=23100, browser=Firefox
Testing: csp_id=12, page_id=23200, browser=Firefox
Testing: csp_id=12, page_id=23300, browser=Firefox
Testing: csp_id=12, page_id=23400, browser=Firefox
Testing: csp_id=12, page_id=23500, browser=Firefox
Testing: csp_id=12, page_id=23600, browser=Firefox
Testing: csp_id=12, page_id=23700, browser=Firefox
Testing: csp_id=12, page_id=23800, browser=Firefox
Testing: csp_id=12, page_id=23900, browser=Firefox
Testing: csp_id=12, page_id=24000, browser=Firefox
Testing: csp_id=12, page_id=24100, browser=Firefox
Testing: csp_id=12, page_id=24200, browser=Firefox
Testing: csp_id=12, page_id=24300, browser=Firefox
Testing: csp_id=12, page_id=24400, browser=Firefox
Testing: csp_id=12, page_id=24500, browser=Firefox
Testing: csp_id=12, page_id=24600, browser=Firefox
Testing: csp_id=12, page_id=24700, browser=Firefox
Testing: csp_id=12, page_id=24800, browser=Firefox
Testing: csp_id=12, page_id=24900, browser=Firefox
Testing: csp_id=12, page_id=25000, browser=Firefox
Testing: csp_id=12, page_id=25100, browser=Firefox
Testing: csp_id=12, page_id=25200, browser=Firefox
Testing: csp_id=12, page_id=25300, browser=Firefox
Testing: csp_id=12, page_id=25400, browser=Firefox
Testing: csp_id=12, page_id=25500, browser=Firefox
Testing: csp_id=12, page_id=25600, browser=Firefox
Testing: csp_id=12, page_id=25700, browser=Firefox
Testing: csp_id=12, page_id=25800, browser=Firefox
Testing: csp_id=12, page_id=25900, browser=Firefox
Testing: csp_id=12, page_id=26000, browser=Firefox
Testing: csp_id=12, page_id=26100, browser=Firefox
Testing: csp_id=12, page_id=26200, browser=Firefox
Testing: csp_id=12, page_id=26300, browser=Firefox
Testing: csp_id=12, page_id=26400, browser=Firefox
Testing: csp_id=12, page_id=26500, browser=Firefox
Testing: csp_id=12, page_id=26600, browser=Firefox
Testing: csp_id=12, page_id=26700, browser=Firefox
Testing: csp_id=12, page_id=26800, browser=Firefox
Testing: csp_id=12, page_id=26900, browser=Firefox
Testing: csp_id=12, page_id=27000, browser=Firefox
Testing: csp_id=12, page_id=27100, browser=Firefox
Testing: csp_id=12, page_id=27200, browser=Firefox
Testing: csp_id=12, page_id=27300, browser=Firefox
Testing: csp_id=12, page_id=27400, browser=Firefox
Testing: csp_id=12, page_id=27500, browser=Firefox
Testing: csp_id=12, page_id=27600, browser=Firefox
Testing: csp_id=12, page_id=27700, browser=Firefox
Testing: csp_id=12, page_id=27800, browser=Firefox
Testing: csp_id=12, page_id=27900, browser=Firefox
Testing: csp_id=12, page_id=28000, browser=Firefox
Testing: csp_id=12, page_id=28100, browser=Firefox
Testing: csp_id=12, page_id=28200, browser=Firefox
Testing: csp_id=12, page_id=28300, browser=Firefox
Testing: csp_id=12, page_id=28400, browser=Firefox
Testing: csp_id=12, page_id=28500, browser=Firefox
Testing: csp_id=12, page_id=28600, browser=Firefox
Testing: csp_id=12, page_id=28700, browser=Firefox
Testing: csp_id=12, page_id=28800, browser=Firefox
Testing: csp_id=12, page_id=28900, browser=Firefox
Testing: csp_id=12, page_id=29000, browser=Firefox
Testing: csp_id=12, page_id=29100, browser=Firefox
Testing: csp_id=12, page_id=29200, browser=Firefox
Testing: csp_id=12, page_id=29300, browser=Firefox
Testing: csp_id=12, page_id=29400, browser=Firefox
Testing: csp_id=12, page_id=29500, browser=Firefox
Testing: csp_id=12, page_id=29600, browser=Firefox
Testing: csp_id=12, page_id=29700, browser=Firefox
Testing: csp_id=12, page_id=29800, browser=Firefox
🏊 create_context_pools[first] (5x16): 31.519s
Testing: csp_id=24, page_id=0, browser=Firefox
Testing: csp_id=24, page_id=100, browser=Firefox
Testing: csp_id=24, page_id=200, browser=Firefox
Testing: csp_id=24, page_id=300, browser=Firefox
Testing: csp_id=24, page_id=400, browser=Firefox
Testing: csp_id=24, page_id=500, browser=Firefox
Testing: csp_id=24, page_id=600, browser=Firefox
Testing: csp_id=24, page_id=700, browser=Firefox
Testing: csp_id=24, page_id=800, browser=Firefox
Testing: csp_id=24, page_id=900, browser=Firefox
Testing: csp_id=24, page_id=1000, browser=Firefox
Testing: csp_id=24, page_id=1100, browser=Firefox
Testing: csp_id=24, page_id=1200, browser=Firefox
Testing: csp_id=24, page_id=1300, browser=Firefox
Testing: csp_id=24, page_id=1400, browser=Firefox
Testing: csp_id=24, page_id=1500, browser=Firefox
Testing: csp_id=24, page_id=1600, browser=Firefox
Testing: csp_id=24, page_id=1700, browser=Firefox
Testing: csp_id=24, page_id=1800, browser=Firefox
Testing: csp_id=24, page_id=1900, browser=Firefox
Testing: csp_id=24, page_id=2000, browser=Firefox
Testing: csp_id=24, page_id=2100, browser=Firefox
Testing: csp_id=24, page_id=2200, browser=Firefox
Testing: csp_id=24, page_id=2300, browser=Firefox
Testing: csp_id=24, page_id=2400, browser=Firefox
Testing: csp_id=24, page_id=2500, browser=Firefox
Testing: csp_id=24, page_id=2600, browser=Firefox
Testing: csp_id=24, page_id=2700, browser=Firefox
Testing: csp_id=24, page_id=2800, browser=Firefox
Testing: csp_id=24, page_id=2900, browser=Firefox
Testing: csp_id=24, page_id=3000, browser=Firefox
Testing: csp_id=24, page_id=3100, browser=Firefox
Testing: csp_id=24, page_id=3200, browser=Firefox
Testing: csp_id=24, page_id=3300, browser=Firefox
Testing: csp_id=24, page_id=3400, browser=Firefox
Testing: csp_id=24, page_id=3500, browser=Firefox
Testing: csp_id=24, page_id=3600, browser=Firefox
Testing: csp_id=24, page_id=3700, browser=Firefox
Testing: csp_id=24, page_id=3800, browser=Firefox
Testing: csp_id=24, page_id=3900, browser=Firefox
Testing: csp_id=24, page_id=4000, browser=Firefox
Testing: csp_id=24, page_id=4100, browser=Firefox
Testing: csp_id=24, page_id=4200, browser=Firefox
Testing: csp_id=24, page_id=4300, browser=Firefox
Testing: csp_id=24, page_id=4400, browser=Firefox
Testing: csp_id=24, page_id=4500, browser=Firefox
Testing: csp_id=24, page_id=4600, browser=Firefox
Testing: csp_id=24, page_id=4700, browser=Firefox
Testing: csp_id=24, page_id=4800, browser=Firefox
Testing: csp_id=24, page_id=4900, browser=Firefox
Testing: csp_id=24, page_id=5000, browser=Firefox
Testing: csp_id=24, page_id=5100, browser=Firefox
Testing: csp_id=24, page_id=5200, browser=Firefox
Testing: csp_id=24, page_id=5300, browser=Firefox
Testing: csp_id=24, page_id=5400, browser=Firefox
Testing: csp_id=24, page_id=5500, browser=Firefox
Testing: csp_id=24, page_id=5600, browser=Firefox
Testing: csp_id=24, page_id=5700, browser=Firefox
Testing: csp_id=24, page_id=5800, browser=Firefox
Testing: csp_id=24, page_id=5900, browser=Firefox
Testing: csp_id=24, page_id=6000, browser=Firefox
Testing: csp_id=24, page_id=6100, browser=Firefox
Testing: csp_id=24, page_id=6200, browser=Firefox
Testing: csp_id=24, page_id=6300, browser=Firefox
Testing: csp_id=24, page_id=6400, browser=Firefox
Testing: csp_id=24, page_id=6500, browser=Firefox
Testing: csp_id=24, page_id=6600, browser=Firefox
Testing: csp_id=24, page_id=6700, browser=Firefox
Testing: csp_id=24, page_id=6800, browser=Firefox
Testing: csp_id=24, page_id=6900, browser=Firefox
Testing: csp_id=24, page_id=7000, browser=Firefox
Testing: csp_id=24, page_id=7100, browser=Firefox
Testing: csp_id=24, page_id=7200, browser=Firefox
Testing: csp_id=24, page_id=7300, browser=Firefox
Testing: csp_id=24, page_id=7400, browser=Firefox
Testing: csp_id=24, page_id=7500, browser=Firefox
Testing: csp_id=24, page_id=7600, browser=Firefox
Testing: csp_id=24, page_id=7700, browser=Firefox
Testing: csp_id=24, page_id=7800, browser=Firefox
Testing: csp_id=24, page_id=7900, browser=Firefox
Testing: csp_id=24, page_id=8000, browser=Firefox
Testing: csp_id=24, page_id=8100, browser=Firefox
Testing: csp_id=24, page_id=8200, browser=Firefox
Testing: csp_id=24, page_id=8300, browser=Firefox
Testing: csp_id=24, page_id=8400, browser=Firefox
Testing: csp_id=24, page_id=8500, browser=Firefox
Testing: csp_id=24, page_id=8600, browser=Firefox
Testing: csp_id=24, page_id=8700, browser=Firefox
Testing: csp_id=24, page_id=8800, browser=Firefox
Testing: csp_id=24, page_id=8900, browser=Firefox
Testing: csp_id=24, page_id=9000, browser=Firefox
Testing: csp_id=24, page_id=9100, browser=Firefox
Testing: csp_id=24, page_id=9200, browser=Firefox
Testing: csp_id=24, page_id=9300, browser=Firefox
Testing: csp_id=24, page_id=9400, browser=Firefox
Testing: csp_id=24, page_id=9500, browser=Firefox
Testing: csp_id=24, page_id=9600, browser=Firefox
Testing: csp_id=24, page_id=9700, browser=Firefox
Testing: csp_id=24, page_id=9800, browser=Firefox
Testing: csp_id=24, page_id=9900, browser=Firefox
Testing: csp_id=24, page_id=10000, browser=Firefox
Testing: csp_id=24, page_id=10100, browser=Firefox
Testing: csp_id=24, page_id=10200, browser=Firefox
Testing: csp_id=24, page_id=10300, browser=Firefox
Testing: csp_id=24, page_id=10400, browser=Firefox
Testing: csp_id=24, page_id=10500, browser=Firefox
Testing: csp_id=24, page_id=10600, browser=Firefox
Testing: csp_id=24, page_id=10700, browser=Firefox
Testing: csp_id=24, page_id=10800, browser=Firefox
Testing: csp_id=24, page_id=10900, browser=Firefox
Testing: csp_id=24, page_id=11000, browser=Firefox
Testing: csp_id=24, page_id=11100, browser=Firefox
Testing: csp_id=24, page_id=11200, browser=Firefox
Testing: csp_id=24, page_id=11300, browser=Firefox
Testing: csp_id=24, page_id=11400, browser=Firefox
Testing: csp_id=24, page_id=11500, browser=Firefox
Testing: csp_id=24, page_id=11600, browser=Firefox
Testing: csp_id=24, page_id=11700, browser=Firefox
Testing: csp_id=24, page_id=11800, browser=Firefox
Testing: csp_id=24, page_id=11900, browser=Firefox
Testing: csp_id=24, page_id=12000, browser=Firefox
Testing: csp_id=24, page_id=12100, browser=Firefox
Testing: csp_id=24, page_id=12200, browser=Firefox
Testing: csp_id=24, page_id=12300, browser=Firefox
Testing: csp_id=24, page_id=12400, browser=Firefox
Testing: csp_id=24, page_id=12500, browser=Firefox
Testing: csp_id=24, page_id=12600, browser=Firefox
Testing: csp_id=24, page_id=12700, browser=Firefox
Testing: csp_id=24, page_id=12800, browser=Firefox
Testing: csp_id=24, page_id=12900, browser=Firefox
Testing: csp_id=24, page_id=13000, browser=Firefox
Testing: csp_id=24, page_id=13100, browser=Firefox
Testing: csp_id=24, page_id=13200, browser=Firefox
Testing: csp_id=24, page_id=13300, browser=Firefox
Testing: csp_id=24, page_id=13400, browser=Firefox
Testing: csp_id=24, page_id=13500, browser=Firefox
Testing: csp_id=24, page_id=13600, browser=Firefox
Testing: csp_id=24, page_id=13700, browser=Firefox
Testing: csp_id=24, page_id=13800, browser=Firefox
Testing: csp_id=24, page_id=13900, browser=Firefox
Testing: csp_id=24, page_id=14000, browser=Firefox
Testing: csp_id=24, page_id=14100, browser=Firefox
Testing: csp_id=24, page_id=14200, browser=Firefox
Testing: csp_id=24, page_id=14300, browser=Firefox
Testing: csp_id=24, page_id=14400, browser=Firefox
Testing: csp_id=24, page_id=14500, browser=Firefox
Testing: csp_id=24, page_id=14600, browser=Firefox
Testing: csp_id=24, page_id=14700, browser=Firefox
Testing: csp_id=24, page_id=14800, browser=Firefox
Testing: csp_id=24, page_id=14900, browser=Firefox
Testing: csp_id=24, page_id=15000, browser=Firefox
Testing: csp_id=24, page_id=15100, browser=Firefox
Testing: csp_id=24, page_id=15200, browser=Firefox
Testing: csp_id=24, page_id=15300, browser=Firefox
Testing: csp_id=24, page_id=15400, browser=Firefox
Testing: csp_id=24, page_id=15500, browser=Firefox
Testing: csp_id=24, page_id=15600, browser=Firefox
Testing: csp_id=24, page_id=15700, browser=Firefox
Testing: csp_id=24, page_id=15800, browser=Firefox
Testing: csp_id=24, page_id=15900, browser=Firefox
Testing: csp_id=24, page_id=16000, browser=Firefox
Testing: csp_id=24, page_id=16100, browser=Firefox
Testing: csp_id=24, page_id=16200, browser=Firefox
Testing: csp_id=24, page_id=16300, browser=Firefox
Testing: csp_id=24, page_id=16400, browser=Firefox
Testing: csp_id=24, page_id=16500, browser=Firefox
Testing: csp_id=24, page_id=16600, browser=Firefox
Testing: csp_id=24, page_id=16700, browser=Firefox
Testing: csp_id=24, page_id=16800, browser=Firefox
Testing: csp_id=24, page_id=16900, browser=Firefox
Testing: csp_id=24, page_id=17000, browser=Firefox
Testing: csp_id=24, page_id=17100, browser=Firefox
Testing: csp_id=24, page_id=17200, browser=Firefox
Testing: csp_id=24, page_id=17300, browser=Firefox
Testing: csp_id=24, page_id=17400, browser=Firefox
Testing: csp_id=24, page_id=17500, browser=Firefox
Testing: csp_id=24, page_id=17600, browser=Firefox
Testing: csp_id=24, page_id=17700, browser=Firefox
Testing: csp_id=24, page_id=17800, browser=Firefox
Testing: csp_id=24, page_id=17900, browser=Firefox
Testing: csp_id=24, page_id=18000, browser=Firefox
Testing: csp_id=24, page_id=18100, browser=Firefox
Testing: csp_id=24, page_id=18200, browser=Firefox
Testing: csp_id=24, page_id=18300, browser=Firefox
Testing: csp_id=24, page_id=18400, browser=Firefox
Testing: csp_id=24, page_id=18500, browser=Firefox
Testing: csp_id=24, page_id=18600, browser=Firefox
Testing: csp_id=24, page_id=18700, browser=Firefox
Testing: csp_id=24, page_id=18800, browser=Firefox
Testing: csp_id=24, page_id=18900, browser=Firefox
Testing: csp_id=24, page_id=19000, browser=Firefox
Testing: csp_id=24, page_id=19100, browser=Firefox
Testing: csp_id=24, page_id=19200, browser=Firefox
Testing: csp_id=24, page_id=19300, browser=Firefox
Testing: csp_id=24, page_id=19400, browser=Firefox
Testing: csp_id=24, page_id=19500, browser=Firefox
Testing: csp_id=24, page_id=19600, browser=Firefox
Testing: csp_id=24, page_id=19700, browser=Firefox
Testing: csp_id=24, page_id=19800, browser=Firefox
Testing: csp_id=24, page_id=19900, browser=Firefox
Testing: csp_id=24, page_id=20000, browser=Firefox
Testing: csp_id=24, page_id=20100, browser=Firefox
Testing: csp_id=24, page_id=20200, browser=Firefox
Testing: csp_id=24, page_id=20300, browser=Firefox
Testing: csp_id=24, page_id=20400, browser=Firefox
Testing: csp_id=24, page_id=20500, browser=Firefox
Testing: csp_id=24, page_id=20600, browser=Firefox
Testing: csp_id=24, page_id=20700, browser=Firefox
Testing: csp_id=24, page_id=20800, browser=Firefox
Testing: csp_id=24, page_id=20900, browser=Firefox
Testing: csp_id=24, page_id=21000, browser=Firefox
Testing: csp_id=24, page_id=21100, browser=Firefox
Testing: csp_id=24, page_id=21200, browser=Firefox
Testing: csp_id=24, page_id=21300, browser=Firefox
Testing: csp_id=24, page_id=21400, browser=Firefox
Testing: csp_id=24, page_id=21500, browser=Firefox
Testing: csp_id=24, page_id=21600, browser=Firefox
Testing: csp_id=24, page_id=21700, browser=Firefox
Testing: csp_id=24, page_id=21800, browser=Firefox
Testing: csp_id=24, page_id=21900, browser=Firefox
Testing: csp_id=24, page_id=22000, browser=Firefox
Testing: csp_id=24, page_id=22100, browser=Firefox
Testing: csp_id=24, page_id=22200, browser=Firefox
Testing: csp_id=24, page_id=22300, browser=Firefox
Testing: csp_id=24, page_id=22400, browser=Firefox
Testing: csp_id=24, page_id=22500, browser=Firefox
Testing: csp_id=24, page_id=22600, browser=Firefox
Testing: csp_id=24, page_id=22700, browser=Firefox
Testing: csp_id=24, page_id=22800, browser=Firefox
Testing: csp_id=24, page_id=22900, browser=Firefox
Testing: csp_id=24, page_id=23000, browser=Firefox
Testing: csp_id=24, page_id=23100, browser=Firefox
Testing: csp_id=24, page_id=23200, browser=Firefox
Testing: csp_id=24, page_id=23300, browser=Firefox
Testing: csp_id=24, page_id=23400, browser=Firefox
Testing: csp_id=24, page_id=23500, browser=Firefox
Testing: csp_id=24, page_id=23600, browser=Firefox
Testing: csp_id=24, page_id=23700, browser=Firefox
Testing: csp_id=24, page_id=23800, browser=Firefox
Testing: csp_id=24, page_id=23900, browser=Firefox
Testing: csp_id=24, page_id=24000, browser=Firefox
Testing: csp_id=24, page_id=24100, browser=Firefox
Testing: csp_id=24, page_id=24200, browser=Firefox
Testing: csp_id=24, page_id=24300, browser=Firefox
Testing: csp_id=24, page_id=24400, browser=Firefox
Testing: csp_id=24, page_id=24500, browser=Firefox
Testing: csp_id=24, page_id=24600, browser=Firefox
Testing: csp_id=24, page_id=24700, browser=Firefox
Testing: csp_id=24, page_id=24800, browser=Firefox
Testing: csp_id=24, page_id=24900, browser=Firefox
Testing: csp_id=24, page_id=25000, browser=Firefox
Testing: csp_id=24, page_id=25100, browser=Firefox
Testing: csp_id=24, page_id=25200, browser=Firefox
Testing: csp_id=24, page_id=25300, browser=Firefox
Testing: csp_id=24, page_id=25400, browser=Firefox
Testing: csp_id=24, page_id=25500, browser=Firefox
Testing: csp_id=24, page_id=25600, browser=Firefox
Testing: csp_id=24, page_id=25700, browser=Firefox
Testing: csp_id=24, page_id=25800, browser=Firefox
Testing: csp_id=24, page_id=25900, browser=Firefox
Testing: csp_id=24, page_id=26000, browser=Firefox
Testing: csp_id=24, page_id=26100, browser=Firefox
Testing: csp_id=24, page_id=26200, browser=Firefox
Testing: csp_id=24, page_id=26300, browser=Firefox
Testing: csp_id=24, page_id=26400, browser=Firefox
Testing: csp_id=24, page_id=26500, browser=Firefox
Testing: csp_id=24, page_id=26600, browser=Firefox
Testing: csp_id=24, page_id=26700, browser=Firefox
Testing: csp_id=24, page_id=26800, browser=Firefox
Testing: csp_id=24, page_id=26900, browser=Firefox
Testing: csp_id=24, page_id=27000, browser=Firefox
Testing: csp_id=24, page_id=27100, browser=Firefox
Testing: csp_id=24, page_id=27200, browser=Firefox
Testing: csp_id=24, page_id=27300, browser=Firefox
Testing: csp_id=24, page_id=27400, browser=Firefox
Testing: csp_id=24, page_id=27500, browser=Firefox
Testing: csp_id=24, page_id=27600, browser=Firefox
Testing: csp_id=24, page_id=27700, browser=Firefox
Testing: csp_id=24, page_id=27800, browser=Firefox
Testing: csp_id=24, page_id=27900, browser=Firefox
Testing: csp_id=24, page_id=28000, browser=Firefox
Testing: csp_id=24, page_id=28100, browser=Firefox
Testing: csp_id=24, page_id=28200, browser=Firefox
Testing: csp_id=24, page_id=28300, browser=Firefox
Testing: csp_id=24, page_id=28400, browser=Firefox
Testing: csp_id=24, page_id=28500, browser=Firefox
Testing: csp_id=24, page_id=28600, browser=Firefox
Testing: csp_id=24, page_id=28700, browser=Firefox
Testing: csp_id=24, page_id=28800, browser=Firefox
Testing: csp_id=24, page_id=28900, browser=Firefox
Testing: csp_id=24, page_id=29000, browser=Firefox
Testing: csp_id=24, page_id=29100, browser=Firefox
Testing: csp_id=24, page_id=29200, browser=Firefox
Testing: csp_id=24, page_id=29300, browser=Firefox
Testing: csp_id=24, page_id=29400, browser=Firefox
Testing: csp_id=24, page_id=29500, browser=Firefox
Testing: csp_id=24, page_id=29600, browser=Firefox
Testing: csp_id=24, page_id=29700, browser=Firefox
Testing: csp_id=24, page_id=29800, browser=Firefox
🏊 create_context_pools[first] (5x16): 26.850s
Testing: csp_id=36, page_id=0, browser=Firefox
Testing: csp_id=36, page_id=100, browser=Firefox
Testing: csp_id=36, page_id=200, browser=Firefox
Testing: csp_id=36, page_id=300, browser=Firefox
Testing: csp_id=36, page_id=400, browser=Firefox
Testing: csp_id=36, page_id=500, browser=Firefox
Testing: csp_id=36, page_id=600, browser=Firefox
Testing: csp_id=36, page_id=700, browser=Firefox
Testing: csp_id=36, page_id=800, browser=Firefox
Testing: csp_id=36, page_id=900, browser=Firefox
Testing: csp_id=36, page_id=1000, browser=Firefox
Testing: csp_id=36, page_id=1100, browser=Firefox
Testing: csp_id=36, page_id=1200, browser=Firefox
Testing: csp_id=36, page_id=1300, browser=Firefox
Testing: csp_id=36, page_id=1400, browser=Firefox
Testing: csp_id=36, page_id=1500, browser=Firefox
Testing: csp_id=36, page_id=1600, browser=Firefox
Testing: csp_id=36, page_id=1700, browser=Firefox
Testing: csp_id=36, page_id=1800, browser=Firefox
Testing: csp_id=36, page_id=1900, browser=Firefox
Testing: csp_id=36, page_id=2000, browser=Firefox
Testing: csp_id=36, page_id=2100, browser=Firefox
Testing: csp_id=36, page_id=2200, browser=Firefox
Testing: csp_id=36, page_id=2300, browser=Firefox
Testing: csp_id=36, page_id=2400, browser=Firefox
Testing: csp_id=36, page_id=2500, browser=Firefox
Testing: csp_id=36, page_id=2600, browser=Firefox
Testing: csp_id=36, page_id=2700, browser=Firefox
Testing: csp_id=36, page_id=2800, browser=Firefox
Testing: csp_id=36, page_id=2900, browser=Firefox
Testing: csp_id=36, page_id=3000, browser=Firefox
Testing: csp_id=36, page_id=3100, browser=Firefox
Testing: csp_id=36, page_id=3200, browser=Firefox
Testing: csp_id=36, page_id=3300, browser=Firefox
Testing: csp_id=36, page_id=3400, browser=Firefox
Testing: csp_id=36, page_id=3500, browser=Firefox
Testing: csp_id=36, page_id=3600, browser=Firefox
Testing: csp_id=36, page_id=3700, browser=Firefox
Testing: csp_id=36, page_id=3800, browser=Firefox
Testing: csp_id=36, page_id=3900, browser=Firefox
Testing: csp_id=36, page_id=4000, browser=Firefox
Testing: csp_id=36, page_id=4100, browser=Firefox
Testing: csp_id=36, page_id=4200, browser=Firefox
Testing: csp_id=36, page_id=4300, browser=Firefox
Testing: csp_id=36, page_id=4400, browser=Firefox
Testing: csp_id=36, page_id=4500, browser=Firefox
Testing: csp_id=36, page_id=4600, browser=Firefox
Testing: csp_id=36, page_id=4700, browser=Firefox
Testing: csp_id=36, page_id=4800, browser=Firefox
Testing: csp_id=36, page_id=4900, browser=Firefox
[ERROR] page_id=4942 csp_id=36, Page.goto: Connection closed while reading from the driver
[ERROR] page_id=4943 csp_id=36, Page.goto: Connection closed while reading from the driver
pipe closed by peer or os.write(pipe, data) raised exception.
pipe closed by peer or os.write(pipe, data) raised exception.
pipe closed by peer or os.write(pipe, data) raised exception.
pipe closed by peer or os.write(pipe, data) raised exception.
pipe closed by peer or os.write(pipe, data) raised exception.
pipe closed by peer or os.write(pipe, data) raised exception.
pipe closed by peer or os.write(pipe, data) raised exception.
pipe closed by peer or os.write(pipe, data) raised exception.
pipe closed by peer or os.write(pipe, data) raised exception.
pipe closed by peer or os.write(pipe, data) raised exception.
pipe closed by peer or os.write(pipe, data) raised exception.
[ERROR] page_id=4944 csp_id=36, Page.goto: Connection closed while reading from the driver
[ERROR] page_id=4945 csp_id=36, Page.goto: Connection closed while reading from the driver
[ERROR] page_id=4946 csp_id=36, Page.goto: Connection closed while reading from the driver
[ERROR] page_id=4947 csp_id=36, Page.goto: Connection closed while reading from the driver
[ERROR] page_id=4948 csp_id=36, Page.goto: Connection closed while reading from the driver
[ERROR] page_id=4949 csp_id=36, Page.goto: Connection closed while reading from the driver
[ERROR] page_id=4950 csp_id=36, Page.goto: Connection closed while reading from the driver
[ERROR] page_id=4951 csp_id=36, Page.goto: Connection closed while reading from the driver
[ERROR] page_id=4952 csp_id=36, Page.goto: Connection closed while reading from the driver
[ERROR] page_id=4953 csp_id=36, Page.goto: Connection closed while reading from the driver
[ERROR] page_id=4954 csp_id=36, Page.goto: Connection closed while reading from the driver
[ERROR] page_id=4955 csp_id=36, Page.goto: Connection closed while reading from the driver
[ERROR] page_id=4956 csp_id=36, Page.goto: Connection closed while reading from the driver
[ERROR] page_id=4957 csp_id=36, Page.goto: Connection closed while reading from the driver
[ERROR] page_id=4958 csp_id=36, Page.goto: Connection closed while reading from the driver
[ERROR] page_id=4959 csp_id=36, Page.goto: Connection closed while reading from the driver
pipe closed by peer or os.write(pipe, data) raised exception.
pipe closed by peer or os.write(pipe, data) raised exception.
pipe closed by peer or os.write(pipe, data) raised exception.
pipe closed by peer or os.write(pipe, data) raised exception.
pipe closed by peer or os.write(pipe, data) raised exception.
pipe closed by peer or os.write(pipe, data) raised exception.
pipe closed by peer or os.write(pipe, data) raised exception.
pipe closed by peer or os.write(pipe, data) raised exception.
pipe closed by peer or os.write(pipe, data) raised exception.
pipe closed by peer or os.write(pipe, data) raised exception.
pipe closed by peer or os.write(pipe, data) raised exception.
pipe closed by peer or os.write(pipe, data) raised exception.
pipe closed by peer or os.write(pipe, data) raised exception.
pipe closed by peer or os.write(pipe, data) raised exception.
pipe closed by peer or os.write(pipe, data) raised exception.
pipe closed by peer or os.write(pipe, data) raised exception.
[ERROR] page_id=4960 csp_id=36, Page.goto: Connection closed while reading from the driver
[ERROR] page_id=4961 csp_id=36, Page.goto: Connection closed while reading from the driver
[ERROR] page_id=4962 csp_id=36, Page.goto: Connection closed while reading from the driver
[ERROR] page_id=4963 csp_id=36, Page.goto: Connection closed while reading from the driver
[ERROR] page_id=4964 csp_id=36, Page.goto: Connection closed while reading from the driver
[ERROR] page_id=4965 csp_id=36, Page.goto: Connection closed while reading from the driver
[ERROR] page_id=4966 csp_id=36, Page.goto: Connection closed while reading from the driver
[ERROR] page_id=4967 csp_id=36, Page.goto: Connection closed while reading from the driver
[ERROR] page_id=4968 csp_id=36, Page.goto: Connection closed while reading from the driver
[ERROR] page_id=4969 csp_id=36, Page.goto: Connection closed while reading from the driver
[ERROR] page_id=4970 csp_id=36, Page.goto: Connection closed while reading from the driver
[ERROR] page_id=4971 csp_id=36, Page.goto: Connection closed while reading from the driver
[ERROR] page_id=4972 csp_id=36, Page.goto: Connection closed while reading from the driver
[ERROR] page_id=4973 csp_id=36, Page.goto: Connection closed while reading from the driver
[ERROR] page_id=4974 csp_id=36, Page.goto: Connection closed while reading from the driver
[ERROR] page_id=4975 csp_id=36, Page.goto: Connection closed while reading from the driver
pipe closed by peer or os.write(pipe, data) raised exception.
pipe closed by peer or os.write(pipe, data) raised exception.
pipe closed by peer or os.write(pipe, data) raised exception.
pipe closed by peer or os.write(pipe, data) raised exception.
pipe closed by peer or os.write(pipe, data) raised exception.
pipe closed by peer or os.write(pipe, data) raised exception.
pipe closed by peer or os.write(pipe, data) raised exception.
pipe closed by peer or os.write(pipe, data) raised exception.
pipe closed by peer or os.write(pipe, data) raised exception.
pipe closed by peer or os.write(pipe, data) raised exception.
pipe closed by peer or os.write(pipe, data) raised exception.
pipe closed by peer or os.write(pipe, data) raised exception.
pipe closed by peer or os.write(pipe, data) raised exception.
pipe closed by peer or os.write(pipe, data) raised exception.
pipe closed by peer or os.write(pipe, data) raised exception.
pipe closed by peer or os.write(pipe, data) raised exception.
[ERROR] page_id=4976 csp_id=36, Page.goto: Connection closed while reading from the driver
[ERROR] page_id=4977 csp_id=36, Page.goto: Connection closed while reading from the driver
[ERROR] page_id=4978 csp_id=36, Page.goto: Connection closed while reading from the driver
[ERROR] page_id=4979 csp_id=36, Page.goto: Connection closed while reading from the driver
[ERROR] page_id=4980 csp_id=36, Page.goto: Connection closed while reading from the driver
[ERROR] page_id=4981 csp_id=36, Page.goto: Connection closed while reading from the driver
[ERROR] page_id=4982 csp_id=36, Page.goto: Connection closed while reading from the driver
[ERROR] page_id=4983 csp_id=36, Page.goto: Connection closed while reading from the driver
[ERROR] page_id=4984 csp_id=36, Page.goto: Connection closed while reading from the driver
[ERROR] page_id=4985 csp_id=36, Page.goto: Connection closed while reading from the driver
[ERROR] page_id=4986 csp_id=36, Page.goto: Connection closed while reading from the driver
[ERROR] page_id=4987 csp_id=36, Page.goto: Connection closed while reading from the driver
[ERROR] page_id=4988 csp_id=36, Page.goto: Connection closed while reading from the driver
[ERROR] page_id=4989 csp_id=36, Page.goto: Connection closed while reading from the driver
[ERROR] page_id=4990 csp_id=36, Page.goto: Connection closed while reading from the driver
[ERROR] page_id=4991 csp_id=36, Page.goto: Connection closed while reading from the driver
Testing: csp_id=36, page_id=5000, browser=Firefox
pipe closed by peer or os.write(pipe, data) raised exception.
pipe closed by peer or os.write(pipe, data) raised exception.
pipe closed by peer or os.write(pipe, data) raised exception.
pipe closed by peer or os.write(pipe, data) raised exception.
pipe closed by peer or os.write(pipe, data) raised exception.
pipe closed by peer or os.write(pipe, data) raised exception.
pipe closed by peer or os.write(pipe, data) raised exception.
pipe closed by peer or os.write(pipe, data) raised exception.
pipe closed by peer or os.write(pipe, data) raised exception.
pipe closed by peer or os.write(pipe, data) raised exception.
pipe closed by peer or os.write(pipe, data) raised exception.
pipe closed by peer or os.write(pipe, data) raised exception.
pipe closed by peer or os.write(pipe, data) raised exception.
pipe closed by peer or os.write(pipe, data) raised exception.
pipe closed by peer or os.write(pipe, data) raised exception.
pipe closed by peer or os.write(pipe, data) raised exception.
[ERROR] page_id=4992 csp_id=36, Page.goto: Connection closed while reading from the driver
[ERROR] page_id=4993 csp_id=36, Page.goto: Connection closed while reading from the driver
[ERROR] page_id=4994 csp_id=36, Page.goto: Connection closed while reading from the driver
[ERROR] page_id=4995 csp_id=36, Page.goto: Connection closed while reading from the driver
[ERROR] page_id=4996 csp_id=36, Page.goto: Connection closed while reading from the driver
[ERROR] page_id=4997 csp_id=36, Page.goto: Connection closed while reading from the driver
[ERROR] page_id=4998 csp_id=36, Page.goto: Connection closed while reading from the driver
[ERROR] page_id=4999 csp_id=36, Page.goto: Connection closed while reading from the driver
[ERROR] page_id=5000 csp_id=36, Page.goto: Connection closed while reading from the driver
[ERROR] page_id=5001 csp_id=36, Page.goto: Connection closed while reading from the driver
[ERROR] page_id=5002 csp_id=36, Page.goto: Connection closed while reading from the driver
[ERROR] page_id=5003 csp_id=36, Page.goto: Connection closed while reading from the driver
[ERROR] page_id=5004 csp_id=36, Page.goto: Connection closed while reading from the driver
[ERROR] page_id=5005 csp_id=36, Page.goto: Connection closed while reading from the driver
[ERROR] page_id=5006 csp_id=36, Page.goto: Connection closed while reading from the driver
[ERROR] page_id=5007 csp_id=36, Page.goto: Connection closed while reading from the driver
