46 39 C
47 39 C
148 39 C
176 39 C
149 39 C
177 39 C
583 39 C
584 39 C
611 39 C
612 39 C
639 39 C
640 39 C
323 39 C
324 39 C
351 39 C
352 39 C
3071 44 C
8423 47 C
8424 47 C
3071 47 C
3072 47 C
11683 47 C
11682 47 C
11744 47 C
11710 47 C
11745 47 C
11711 47 C
10381 47 C
10382 47 C
8423 44 C
8424 44 C
3072 44 C
9323 44 C
9351 44 C
8450 44 C
3099 44 C
8451 44 C
3098 44 C
9324 44 C
9350 44 C
10381 44 C
10382 44 C
10408 44 C
10409 44 C
3071 36 C
8423 36 C
8424 36 C
8450 36 C
8451 36 C
9323 36 C
9350 36 C
9324 36 C
9351 36 C
3072 36 C
3098 36 C
10381 36 C
10382 36 C
10408 36 C
3099 36 C
10409 36 C
11655 47 C
11654 47 C
11626 47 C
11627 47 C
46 39 C
47 39 C
149 39 C
148 39 C
583 39 C
176 39 C
177 39 C
584 39 C
611 39 C
612 39 C
639 39 C
640 39 C
323 39 C
324 39 C
351 39 C
352 39 C
46 52 C
3071 44 C
47 52 C
149 52 C
148 52 C
176 52 C
177 52 C
583 52 C
584 52 C
611 52 C
612 52 C
639 52 C
640 52 C
323 52 C
324 52 C
351 52 C
352 52 C
3071 49 C
8423 44 C
8424 44 C
3072 44 C
3099 44 C
8450 44 C
8451 44 C
3098 44 C
9323 44 C
9324 44 C
9350 44 C
9351 44 C
10381 44 C
10408 44 C
10382 44 C
10409 44 C
8423 49 C
8450 49 C
8424 49 C
8451 49 C
3072 49 C
9351 49 C
9323 49 C
9324 49 C
9350 49 C
3098 49 C
3099 49 C
10382 49 C
10381 49 C
10408 49 C
10409 49 C
667 39 C
668 39 C
695 39 C
696 39 C
723 39 C
724 39 C
751 39 C
752 39 C
807 39 C
780 39 C
779 39 C
808 39 C
835 39 C
836 39 C
863 39 C
864 39 C
11969 47 C
11970 47 C
11997 47 C
11998 47 C
12070 47 C
12071 47 C
12098 47 C
12099 47 C
12126 47 C
12127 47 C
12154 47 C
12155 47 C
11626 44 C
11627 44 C
11654 44 C
11655 44 C
12479 47 C
11682 44 C
12480 47 C
12507 47 C
11683 44 C
11227 44 C
11710 44 C
12508 47 C
11711 44 C
11254 44 C
11228 44 C
11744 44 C
11255 44 C
11811 44 C
11745 44 C
11812 44 C
11626 36 C
11627 36 C
11654 36 C
11655 36 C
11227 36 C
11228 36 C
11254 36 C
11682 36 C
11683 36 C
11710 36 C
11255 36 C
11711 36 C
11744 36 C
11745 36 C
11811 36 C
11812 36 C
667 39 C
668 39 C
696 39 C
695 39 C
723 39 C
724 39 C
751 39 C
752 39 C
835 39 C
779 39 C
780 39 C
807 39 C
808 39 C
836 39 C
863 39 C
864 39 C
667 52 C
668 52 C
695 52 C
696 52 C
723 52 C
724 52 C
751 52 C
752 52 C
779 52 C
780 52 C
807 52 C
808 52 C
835 52 C
836 52 C
863 52 C
864 52 C
11626 44 C
11654 44 C
11627 44 C
11655 44 C
11682 44 C
11683 44 C
11227 44 C
11710 44 C
11744 44 C
11711 44 C
11255 44 C
11228 44 C
11745 44 C
11254 44 C
11811 44 C
11812 44 C
11227 49 C
11228 49 C
11626 49 C
11627 49 C
11654 49 C
11682 49 C
11655 49 C
11683 49 C
11254 49 C
11710 49 C
11711 49 C
11744 49 C
11745 49 C
11811 49 C
11812 49 C
11255 49 C
891 39 C
892 39 C
972 39 C
973 39 C
1000 39 C
1001 39 C
1028 39 C
1029 39 C
1044 39 C
1099 39 C
1043 39 C
1100 39 C
1201 39 C
1229 39 C
1202 39 C
1230 39 C
11840 44 C
12655 47 C
12656 47 C
11867 44 C
12683 47 C
12535 47 C
12684 47 C
12711 47 C
11868 44 C
12536 47 C
12562 47 C
11895 44 C
12712 47 C
11839 44 C
12766 47 C
11896 44 C
12767 47 C
11929 44 C
12794 47 C
11930 44 C
12563 47 C
12795 47 C
11969 44 C
11970 44 C
11998 44 C
11997 44 C
12071 44 C
12070 44 C
12098 44 C
12099 44 C
14489 47 C
14490 47 C
11867 36 C
11868 36 C
11895 36 C
11839 36 C
11896 36 C
11840 36 C
11929 36 C
11930 36 C
11969 36 C
11970 36 C
11997 36 C
11998 36 C
12070 36 C
12098 36 C
12071 36 C
12099 36 C
891 39 C
892 39 C
972 39 C
973 39 C
1000 39 C
1001 39 C
1028 39 C
1029 39 C
1043 39 C
1044 39 C
1099 39 C
1100 39 C
1201 39 C
1202 39 C
1229 39 C
1230 39 C
891 52 C
892 52 C
972 52 C
973 52 C
1000 52 C
1001 52 C
1028 52 C
1029 52 C
1043 52 C
11839 44 C
1044 52 C
1099 52 C
1201 52 C
1100 52 C
1230 52 C
1202 52 C
1229 52 C
11840 44 C
11867 44 C
11868 44 C
11895 44 C
11896 44 C
11929 44 C
11930 44 C
11969 44 C
11970 44 C
11997 44 C
11998 44 C
12070 44 C
12071 44 C
12098 44 C
12099 44 C
11839 49 C
11840 49 C
11867 49 C
11868 49 C
11895 49 C
11896 49 C
11929 49 C
11930 49 C
11969 49 C
11970 49 C
11997 49 C
11998 49 C
12070 49 C
12071 49 C
12098 49 C
12099 49 C
1636 39 C
1637 39 C
1664 39 C
1376 39 C
1665 39 C
1692 39 C
1377 39 C
1404 39 C
1693 39 C
1720 39 C
1721 39 C
1748 39 C
1405 39 C
1749 39 C
1776 39 C
1777 39 C
16273 47 C
16274 47 C
16698 47 C
16699 47 C
12126 44 C
16788 47 C
16789 47 C
16816 47 C
16817 47 C
12127 44 C
17217 47 C
12154 44 C
17218 47 C
17245 47 C
17246 47 C
12155 44 C
16957 47 C
16958 47 C
16985 47 C
16986 47 C
12479 44 C
12655 44 C
12656 44 C
12683 44 C
12480 44 C
12507 44 C
12684 44 C
12508 44 C
12535 44 C
12536 44 C
12562 44 C
12563 44 C
12126 36 C
12127 36 C
12154 36 C
12155 36 C
12479 36 C
12655 36 C
12656 36 C
12683 36 C
12480 36 C
12507 36 C
12684 36 C
12508 36 C
12535 36 C
12536 36 C
12562 36 C
12563 36 C
1636 39 C
1637 39 C
1664 39 C
1376 39 C
1377 39 C
1665 39 C
1693 39 C
1692 39 C
1404 39 C
1720 39 C
1721 39 C
1405 39 C
1748 39 C
1749 39 C
1776 39 C
1777 39 C
12126 44 C
12127 44 C
1636 52 C
1637 52 C
1664 52 C
1665 52 C
1692 52 C
1376 52 C
1377 52 C
1693 52 C
1404 52 C
1720 52 C
1405 52 C
12154 44 C
1721 52 C
1748 52 C
1749 52 C
12155 44 C
1776 52 C
1777 52 C
12479 44 C
12655 44 C
12656 44 C
12480 44 C
12683 44 C
12684 44 C
12507 44 C
12508 44 C
12562 44 C
12563 44 C
12535 44 C
12536 44 C
12126 49 C
12127 49 C
12154 49 C
12155 49 C
12479 49 C
12655 49 C
12656 49 C
12683 49 C
12480 49 C
12508 49 C
12684 49 C
12507 49 C
12535 49 C
12536 49 C
12562 49 C
12563 49 C
1804 39 C
1805 39 C
1832 39 C
1833 39 C
1860 39 C
1861 39 C
1888 39 C
1889 39 C
1916 39 C
1917 39 C
1944 39 C
1945 39 C
2025 39 C
2026 39 C
2053 39 C
2054 39 C
17301 47 C
17302 47 C
17273 47 C
17274 47 C
17329 47 C
17330 47 C
17357 47 C
12711 44 C
17358 47 C
17385 47 C
17386 47 C
12712 44 C
17413 47 C
17414 47 C
12766 44 C
17441 47 C
17442 47 C
17469 47 C
12767 44 C
12794 44 C
17470 47 C
12795 44 C
12882 44 C
12883 44 C
12910 44 C
12911 44 C
12983 44 C
12984 44 C
13011 44 C
13012 44 C
13039 44 C
13040 44 C
12794 36 C
12711 36 C
12712 36 C
12766 36 C
12767 36 C
12795 36 C
12882 36 C
12883 36 C
12983 36 C
12910 36 C
12911 36 C
12984 36 C
13011 36 C
13012 36 C
13039 36 C
13040 36 C
1804 39 C
1805 39 C
1832 39 C
1833 39 C
1860 39 C
1861 39 C
1888 39 C
1889 39 C
1916 39 C
1944 39 C
1917 39 C
1945 39 C
2026 39 C
2025 39 C
2053 39 C
2054 39 C
1804 52 C
1805 52 C
1832 52 C
1833 52 C
1860 52 C
1861 52 C
1888 52 C
1889 52 C
1916 52 C
1917 52 C
2026 52 C
1944 52 C
1945 52 C
2025 52 C
12711 44 C
12712 44 C
2053 52 C
2054 52 C
12766 44 C
12767 44 C
12794 44 C
12795 44 C
12882 44 C
12883 44 C
12910 44 C
12911 44 C
12983 44 C
12984 44 C
13011 44 C
13012 44 C
13039 44 C
13040 44 C
12711 49 C
12712 49 C
12767 49 C
12794 49 C
12766 49 C
12795 49 C
12882 49 C
12883 49 C
12910 49 C
12911 49 C
12983 49 C
12984 49 C
13011 49 C
13012 49 C
13039 49 C
13040 49 C
2081 39 C
2082 39 C
2096 39 C
2097 39 C
2177 39 C
2178 39 C
2205 39 C
2206 39 C
2260 39 C
2261 39 C
2288 39 C
2289 39 C
2344 39 C
2316 39 C
2317 39 C
2345 39 C
13067 44 C
17497 47 C
17498 47 C
13068 44 C
17525 47 C
17526 47 C
17606 47 C
13568 44 C
17607 47 C
13392 44 C
13569 44 C
17634 47 C
13393 44 C
17635 47 C
17662 47 C
13596 44 C
17663 47 C
13597 44 C
13420 44 C
13624 44 C
13625 44 C
17677 47 C
13421 44 C
21204 47 C
17678 47 C
13448 44 C
21205 47 C
28519 47 C
13449 44 C
28518 47 C
13475 44 C
13476 44 C
13067 36 C
13068 36 C
13568 36 C
13392 36 C
13569 36 C
13420 36 C
13596 36 C
13393 36 C
13597 36 C
13624 36 C
13625 36 C
13421 36 C
13448 36 C
13449 36 C
13475 36 C
13476 36 C
2081 39 C
2082 39 C
2096 39 C
2097 39 C
2177 39 C
2178 39 C
2205 39 C
2206 39 C
2260 39 C
2261 39 C
2288 39 C
2289 39 C
2316 39 C
2317 39 C
2344 39 C
2345 39 C
13067 44 C
13068 44 C
2081 52 C
2082 52 C
2096 52 C
2097 52 C
2177 52 C
2178 52 C
2205 52 C
2206 52 C
2260 52 C
2261 52 C
2288 52 C
2289 52 C
2317 52 C
2316 52 C
2344 52 C
2345 52 C
13392 44 C
13393 44 C
13568 44 C
13569 44 C
13596 44 C
13624 44 C
13597 44 C
13625 44 C
13420 44 C
13421 44 C
13448 44 C
13475 44 C
13476 44 C
13449 44 C
13067 49 C
13068 49 C
13392 49 C
13568 49 C
13393 49 C
13569 49 C
13596 49 C
13597 49 C
13624 49 C
13420 49 C
13421 49 C
13625 49 C
13448 49 C
13449 49 C
13475 49 C
13476 49 C
2378 39 C
2379 39 C
2446 39 C
2445 39 C
2473 39 C
2501 39 C
2474 39 C
2502 39 C
2529 39 C
2530 39 C
2563 39 C
2564 39 C
2603 39 C
2604 39 C
2630 39 C
2631 39 C
13679 44 C
13680 44 C
13707 44 C
13708 44 C
13822 44 C
13823 44 C
13877 44 C
13878 44 C
13932 44 C
13933 44 C
13987 44 C
13988 44 C
14489 44 C
14490 44 C
14516 44 C
14517 44 C
13679 36 C
13680 36 C
13707 36 C
13708 36 C
16273 36 C
16274 36 C
16301 36 C
16302 36 C
14489 36 C
14490 36 C
14516 36 C
14517 36 C
15335 36 C
15336 36 C
15362 36 C
15363 36 C
2378 39 C
2379 39 C
2445 39 C
2446 39 C
2473 39 C
2474 39 C
2501 39 C
2502 39 C
2529 39 C
2530 39 C
2563 39 C
2564 39 C
2603 39 C
2604 39 C
2630 39 C
2631 39 C
2378 52 C
2379 52 C
2445 52 C
2446 52 C
2473 52 C
2474 52 C
13679 44 C
2501 52 C
13680 44 C
2502 52 C
13707 44 C
2529 52 C
2563 52 C
13708 44 C
2530 52 C
2564 52 C
13822 44 C
13823 44 C
2630 52 C
2603 52 C
2604 52 C
2631 52 C
13877 44 C
13878 44 C
13932 44 C
13933 44 C
13987 44 C
13988 44 C
14489 44 C
14490 44 C
14517 44 C
14516 44 C
13679 49 C
13680 49 C
13707 49 C
13708 49 C
16273 49 C
16274 49 C
16301 49 C
16302 49 C
14489 49 C
14490 49 C
14516 49 C
14517 49 C
15336 49 C
15335 49 C
15362 49 C
15363 49 C
2696 39 C
16273 44 C
2697 39 C
16274 44 C
16301 44 C
2723 39 C
2724 39 C
2750 39 C
16302 44 C
2751 39 C
2777 39 C
2778 39 C
16698 44 C
16699 44 C
16788 44 C
3071 39 C
3072 39 C
16789 44 C
3098 39 C
16816 44 C
3099 39 C
3125 39 C
16817 44 C
3126 39 C
3152 39 C
15335 44 C
3153 39 C
15336 44 C
15362 44 C
15363 44 C
16957 44 C
16958 44 C
16698 36 C
16699 36 C
16788 36 C
16789 36 C
16816 36 C
16817 36 C
17217 36 C
17218 36 C
17245 36 C
17246 36 C
17273 36 C
17274 36 C
16957 36 C
16958 36 C
16985 36 C
16986 36 C
2696 39 C
2697 39 C
2723 39 C
2724 39 C
2750 39 C
2751 39 C
2777 39 C
2778 39 C
3071 39 C
3072 39 C
3098 39 C
3125 39 C
3099 39 C
3153 39 C
3126 39 C
3152 39 C
16273 44 C
16274 44 C
16301 44 C
16302 44 C
16698 44 C
16699 44 C
16788 44 C
16789 44 C
16816 44 C
16817 44 C
15335 44 C
15336 44 C
15362 44 C
15363 44 C
2696 52 C
2697 52 C
2723 52 C
16957 44 C
16958 44 C
2724 52 C
2750 52 C
2751 52 C
2777 52 C
2778 52 C
3233 52 C
3234 52 C
3260 52 C
3261 52 C
3125 52 C
3126 52 C
3152 52 C
3153 52 C
16698 49 C
16699 49 C
16788 49 C
16789 49 C
16816 49 C
16817 49 C
17217 49 C
17218 49 C
17245 49 C
17246 49 C
17273 49 C
17274 49 C
16957 49 C
16958 49 C
16985 49 C
16986 49 C
3233 39 C
3234 39 C
17217 44 C
3260 39 C
3261 39 C
17218 44 C
3287 39 C
3288 39 C
17245 44 C
3341 39 C
17246 44 C
3342 39 C
3368 39 C
3369 39 C
3465 39 C
3466 39 C
3555 39 C
17273 44 C
17274 44 C
17301 44 C
17302 44 C
3556 39 C
17329 44 C
3583 39 C
17357 44 C
3584 39 C
17358 44 C
17330 44 C
17385 44 C
17386 44 C
16985 44 C
16986 44 C
17301 36 C
17302 36 C
17329 36 C
17330 36 C
17357 36 C
17358 36 C
17385 36 C
17386 36 C
17413 36 C
17414 36 C
17441 36 C
17442 36 C
17469 36 C
17470 36 C
17497 36 C
17498 36 C
3233 39 C
3234 39 C
3260 39 C
3261 39 C
3287 39 C
3288 39 C
3341 39 C
3342 39 C
3368 39 C
3369 39 C
3465 39 C
3555 39 C
3466 39 C
3584 39 C
3556 39 C
3583 39 C
17217 44 C
3287 52 C
3288 52 C
17218 44 C
3341 52 C
17245 44 C
17246 44 C
3342 52 C
3368 52 C
17273 44 C
3369 52 C
17274 44 C
17301 44 C
17302 44 C
17329 44 C
3465 52 C
17330 44 C
3466 52 C
17357 44 C
3583 52 C
3555 52 C
3556 52 C
17358 44 C
17385 44 C
17386 44 C
3584 52 C
16985 44 C
16986 44 C
3724 52 C
3725 52 C
3752 52 C
3753 52 C
17301 49 C
17302 49 C
17329 49 C
17330 49 C
17357 49 C
17358 49 C
17385 49 C
17386 49 C
17413 49 C
17414 49 C
17441 49 C
17442 49 C
17469 49 C
17470 49 C
17497 49 C
17498 49 C
17413 44 C
17414 44 C
17441 44 C
17442 44 C
3984 39 C
17469 44 C
3985 39 C
17470 44 C
4012 39 C
17497 44 C
4013 39 C
17498 44 C
4040 39 C
4041 39 C
17525 44 C
17606 44 C
17607 44 C
17526 44 C
4068 39 C
4069 39 C
4096 39 C
3725 39 C
3724 39 C
3752 39 C
17634 44 C
17635 44 C
17662 44 C
17663 44 C
4097 39 C
3753 39 C
4124 39 C
4125 39 C
17525 36 C
17526 36 C
17606 36 C
17607 36 C
17634 36 C
17635 36 C
17662 36 C
17663 36 C
17677 36 C
17678 36 C
17727 36 C
17728 36 C
17817 36 C
17818 36 C
17845 36 C
17846 36 C
3984 39 C
3985 39 C
4012 39 C
4013 39 C
4040 39 C
4041 39 C
4068 39 C
4069 39 C
4096 39 C
4097 39 C
3752 39 C
4124 39 C
4125 39 C
3753 39 C
3725 39 C
3724 39 C
17413 44 C
17414 44 C
17441 44 C
17442 44 C
17469 44 C
17470 44 C
17497 44 C
17498 44 C
17525 44 C
17526 44 C
17606 44 C
17607 44 C
17634 44 C
17635 44 C
17662 44 C
17663 44 C
3984 52 C
3985 52 C
4012 52 C
4013 52 C
4040 52 C
4041 52 C
4068 52 C
4069 52 C
4097 52 C
4096 52 C
4124 52 C
4125 52 C
4181 52 C
4152 52 C
4153 52 C
4180 52 C
17525 49 C
17526 49 C
17606 49 C
17607 49 C
17634 49 C
17635 49 C
17662 49 C
17663 49 C
17677 49 C
17678 49 C
17727 49 C
17728 49 C
17817 49 C
17818 49 C
17845 49 C
17846 49 C
4152 39 C
4153 39 C
4180 39 C
4181 39 C
4208 39 C
4209 39 C
17677 44 C
4236 39 C
17678 44 C
4237 39 C
17727 44 C
4264 39 C
4265 39 C
4292 39 C
17728 44 C
17817 44 C
4293 39 C
4402 39 C
4373 39 C
4374 39 C
4401 39 C
17818 44 C
17845 44 C
17846 44 C
18246 44 C
18247 44 C
18274 44 C
18275 44 C
17986 44 C
17987 44 C
18014 44 C
18015 44 C
18246 36 C
18247 36 C
18274 36 C
18275 36 C
18302 36 C
18303 36 C
18330 36 C
18331 36 C
18359 36 C
18358 36 C
18386 36 C
17986 36 C
17987 36 C
18387 36 C
18014 36 C
18015 36 C
4152 39 C
4180 39 C
4153 39 C
4181 39 C
4208 39 C
4209 39 C
4236 39 C
4237 39 C
4264 39 C
4265 39 C
4292 39 C
4293 39 C
4373 39 C
4374 39 C
4401 39 C
4402 39 C
17677 44 C
17678 44 C
17727 44 C
17728 44 C
17817 44 C
17818 44 C
17845 44 C
17846 44 C
18246 44 C
18247 44 C
18274 44 C
18275 44 C
17986 44 C
17987 44 C
18014 44 C
18015 44 C
4208 52 C
4209 52 C
4236 52 C
4237 52 C
4264 52 C
4265 52 C
4292 52 C
4293 52 C
4373 52 C
4374 52 C
4401 52 C
4444 52 C
4402 52 C
4429 52 C
4430 52 C
4445 52 C
18246 49 C
18247 49 C
18274 49 C
18275 49 C
18302 49 C
18330 49 C
18303 49 C
18331 49 C
18358 49 C
18386 49 C
18359 49 C
18387 49 C
18014 49 C
18015 49 C
17986 49 C
17987 49 C
4429 39 C
4430 39 C
18302 44 C
4444 39 C
4445 39 C
18303 44 C
4494 39 C
18330 44 C
4495 39 C
18331 44 C
4584 39 C
18358 44 C
4585 39 C
4612 39 C
4613 39 C
18359 44 C
18386 44 C
18387 44 C
5013 39 C
5014 39 C
18414 44 C
18415 44 C
18443 44 C
18442 44 C
18470 44 C
4753 39 C
4754 39 C
4781 39 C
18471 44 C
18498 44 C
18499 44 C
4782 39 C
18414 36 C
18415 36 C
18442 36 C
18443 36 C
18470 36 C
18471 36 C
18498 36 C
18499 36 C
18526 36 C
18527 36 C
18554 36 C
18555 36 C
18635 36 C
18636 36 C
18663 36 C
18664 36 C
4429 39 C
4444 39 C
4445 39 C
4430 39 C
4494 39 C
4495 39 C
4584 39 C
4585 39 C
4612 39 C
4613 39 C
5013 39 C
5014 39 C
4753 39 C
18302 44 C
4754 39 C
4781 39 C
4782 39 C
18303 44 C
18330 44 C
18331 44 C
18358 44 C
18359 44 C
18386 44 C
18387 44 C
18414 44 C
18415 44 C
18442 44 C
18443 44 C
18470 44 C
18471 44 C
18498 44 C
18499 44 C
4495 52 C
4494 52 C
4584 52 C
4585 52 C
4612 52 C
4613 52 C
5013 52 C
5014 52 C
5041 52 C
5042 52 C
5069 52 C
5070 52 C
4753 52 C
4754 52 C
4781 52 C
4782 52 C
18415 49 C
18414 49 C
18442 49 C
18443 49 C
18470 49 C
18471 49 C
18498 49 C
18499 49 C
18526 49 C
18527 49 C
18554 49 C
18555 49 C
18635 49 C
18636 49 C
18663 49 C
18664 49 C
18526 44 C
18527 44 C
18554 44 C
18555 44 C
18635 44 C
18636 44 C
18663 44 C
5041 39 C
18664 44 C
18691 44 C
18692 44 C
18706 44 C
18707 44 C
5042 39 C
21204 44 C
21205 44 C
21232 44 C
21233 44 C
5069 39 C
5070 39 C
5097 39 C
5098 39 C
5125 39 C
5126 39 C
5153 39 C
5154 39 C
5181 39 C
5182 39 C
5209 39 C
5210 39 C
5237 39 C
5238 39 C
18691 36 C
18692 36 C
18706 36 C
18707 36 C
21204 36 C
21205 36 C
21232 36 C
21233 36 C
22061 36 C
22062 36 C
22089 36 C
22090 36 C
28518 36 C
28519 36 C
28546 36 C
28547 36 C
5041 39 C
5042 39 C
5069 39 C
5070 39 C
5097 39 C
5098 39 C
5125 39 C
5126 39 C
5153 39 C
5154 39 C
5181 39 C
5182 39 C
5209 39 C
5237 39 C
5210 39 C
5238 39 C
18526 44 C
18527 44 C
18554 44 C
18555 44 C
18635 44 C
18636 44 C
18663 44 C
18664 44 C
18691 44 C
18692 44 C
18706 44 C
18707 44 C
21204 44 C
21205 44 C
21232 44 C
21233 44 C
5097 52 C
5098 52 C
5125 52 C
5126 52 C
5153 52 C
5154 52 C
5181 52 C
5182 52 C
5209 52 C
5210 52 C
5237 52 C
5238 52 C
5265 52 C
5293 52 C
5266 52 C
5294 52 C
18691 49 C
18692 49 C
18706 49 C
18707 49 C
21204 49 C
21205 49 C
21232 49 C
21233 49 C
22061 49 C
22062 49 C
22089 49 C
22090 49 C
28518 49 C
28519 49 C
28546 49 C
28547 49 C
5265 39 C
22061 44 C
22089 44 C
22062 44 C
22090 44 C
5266 39 C
28518 44 C
28519 44 C
28546 44 C
28547 44 C
5293 39 C
5294 39 C
5321 39 C
5322 39 C
5402 39 C
5403 39 C
5430 39 C
5431 39 C
5458 39 C
5459 39 C
5473 39 C
5474 39 C
5523 39 C
5524 39 C
5265 39 C
5266 39 C
5293 39 C
5294 39 C
5321 39 C
5322 39 C
5402 39 C
5403 39 C
5430 39 C
5431 39 C
5458 39 C
5459 39 C
5473 39 C
5474 39 C
5523 39 C
5524 39 C
22061 44 C
22062 44 C
22089 44 C
22090 44 C
28518 44 C
28519 44 C
28546 44 C
28547 44 C
5322 52 C
5402 52 C
5321 52 C
5403 52 C
5430 52 C
5431 52 C
5458 52 C
5459 52 C
5473 52 C
5474 52 C
5523 52 C
5524 52 C
5613 52 C
5614 52 C
5642 52 C
5641 52 C
5613 39 C
5614 39 C
5641 39 C
5642 39 C
6042 39 C
6043 39 C
6070 39 C
6071 39 C
6098 39 C
5783 39 C
6099 39 C
6126 39 C
5782 39 C
6127 39 C
5811 39 C
5810 39 C
5613 39 C
5614 39 C
5641 39 C
5642 39 C
6042 39 C
6043 39 C
6070 39 C
6071 39 C
6098 39 C
6099 39 C
6126 39 C
5782 39 C
6127 39 C
5783 39 C
5810 39 C
5811 39 C
6042 52 C
6043 52 C
6070 52 C
6098 52 C
6071 52 C
6099 52 C
5810 52 C
5782 52 C
6126 52 C
5783 52 C
6127 52 C
5811 52 C
6154 52 C
6155 52 C
6182 52 C
6183 52 C
6154 39 C
6155 39 C
6182 39 C
6183 39 C
6210 39 C
6211 39 C
6238 39 C
6239 39 C
6266 39 C
6267 39 C
6294 39 C
6295 39 C
6322 39 C
6323 39 C
6350 39 C
6351 39 C
6154 39 C
6155 39 C
6182 39 C
6183 39 C
6210 39 C
6211 39 C
6238 39 C
6239 39 C
6266 39 C
6267 39 C
6294 39 C
6295 39 C
6322 39 C
6323 39 C
6350 39 C
6351 39 C
6210 52 C
6211 52 C
6238 52 C
6239 52 C
6266 52 C
6267 52 C
6294 52 C
6295 52 C
6322 52 C
6323 52 C
6351 52 C
6350 52 C
6431 52 C
6460 52 C
6432 52 C
6459 52 C
6431 39 C
6432 39 C
6459 39 C
6460 39 C
6487 39 C
6488 39 C
6502 39 C
6503 39 C
6552 39 C
6553 39 C
6642 39 C
6643 39 C
6670 39 C
6671 39 C
6811 39 C
6812 39 C
6431 39 C
6432 39 C
6459 39 C
6460 39 C
6487 39 C
6488 39 C
6502 39 C
6503 39 C
6552 39 C
6553 39 C
6643 39 C
6642 39 C
6670 39 C
6671 39 C
6811 39 C
6812 39 C
6487 52 C
6488 52 C
6502 52 C
6503 52 C
6552 52 C
6553 52 C
6642 52 C
6643 52 C
6670 52 C
6671 52 C
7071 52 C
7072 52 C
6811 52 C
6812 52 C
6839 52 C
6840 52 C
7071 39 C
7072 39 C
7099 39 C
7100 39 C
7127 39 C
7128 39 C
6839 39 C
6840 39 C
7155 39 C
7156 39 C
7183 39 C
7184 39 C
7211 39 C
7212 39 C
7239 39 C
7240 39 C
7071 39 C
7072 39 C
7099 39 C
7100 39 C
7127 39 C
7128 39 C
7155 39 C
6839 39 C
7156 39 C
7183 39 C
6840 39 C
7184 39 C
7211 39 C
7212 39 C
7239 39 C
7240 39 C
7099 52 C
7100 52 C
7127 52 C
7128 52 C
7155 52 C
7156 52 C
7183 52 C
7184 52 C
7211 52 C
7212 52 C
7239 52 C
7240 52 C
7267 52 C
7268 52 C
7296 52 C
7295 52 C
7267 39 C
7268 39 C
7295 39 C
7296 39 C
7323 39 C
7324 39 C
7351 39 C
7352 39 C
7379 39 C
7380 39 C
7461 39 C
7460 39 C
7488 39 C
7516 39 C
7489 39 C
7517 39 C
7267 39 C
7268 39 C
7295 39 C
7296 39 C
7323 39 C
7324 39 C
7351 39 C
7352 39 C
7379 39 C
7380 39 C
7460 39 C
7461 39 C
7488 39 C
7489 39 C
7516 39 C
7517 39 C
7323 52 C
7324 52 C
7351 52 C
7352 52 C
7379 52 C
7380 52 C
7460 52 C
7461 52 C
7488 52 C
7489 52 C
7516 52 C
7531 52 C
7517 52 C
7532 52 C
7586 52 C
7587 52 C
7531 39 C
7532 39 C
7586 39 C
7587 39 C
7613 39 C
7614 39 C
7640 39 C
7641 39 C
7667 39 C
7668 39 C
7700 39 C
7701 39 C
7766 39 C
7767 39 C
7794 39 C
7793 39 C
7531 39 C
7532 39 C
7586 39 C
7587 39 C
7613 39 C
7614 39 C
7640 39 C
7641 39 C
7667 39 C
7668 39 C
7700 39 C
7701 39 C
7767 39 C
7793 39 C
7794 39 C
7766 39 C
7613 52 C
7614 52 C
7640 52 C
7641 52 C
7667 52 C
7668 52 C
7700 52 C
7701 52 C
7766 52 C
7767 52 C
7793 52 C
7794 52 C
7820 52 C
7821 52 C
7847 52 C
7848 52 C
7820 39 C
7821 39 C
7847 39 C
7848 39 C
7880 39 C
7881 39 C
7919 39 C
7920 39 C
7946 39 C
7947 39 C
8018 39 C
8019 39 C
8046 39 C
8045 39 C
8072 39 C
8073 39 C
7820 39 C
7821 39 C
7847 39 C
7848 39 C
7880 39 C
7881 39 C
7919 39 C
7920 39 C
7946 39 C
7947 39 C
8045 39 C
8018 39 C
8019 39 C
8046 39 C
8072 39 C
8073 39 C
7880 52 C
7881 52 C
7919 52 C
7920 52 C
7946 52 C
7947 52 C
8018 52 C
8019 52 C
8045 52 C
8046 52 C
8072 52 C
8073 52 C
8100 52 C
8099 52 C
8477 52 C
8478 52 C
8099 39 C
8100 39 C
8423 39 C
8424 39 C
8450 39 C
8451 39 C
8477 39 C
8478 39 C
8504 39 C
8597 39 C
8505 39 C
8598 39 C
8624 39 C
8625 39 C
8651 39 C
8652 39 C
8099 39 C
8100 39 C
8423 39 C
8424 39 C
8450 39 C
8451 39 C
8477 39 C
8478 39 C
8504 39 C
8597 39 C
8505 39 C
8598 39 C
8624 39 C
8625 39 C
8651 39 C
8652 39 C
8504 52 C
8597 52 C
8598 52 C
8505 52 C
8624 52 C
8625 52 C
8651 52 C
8652 52 C
8705 52 C
8706 52 C
8732 52 C
8846 52 C
8733 52 C
8847 52 C
8819 52 C
8820 52 C
8705 39 C
8706 39 C
8732 39 C
8733 39 C
8819 39 C
8820 39 C
8846 39 C
8847 39 C
8918 39 C
8919 39 C
8945 39 C
8946 39 C
8972 39 C
8973 39 C
8999 39 C
9000 39 C
8705 39 C
8706 39 C
8732 39 C
8733 39 C
8819 39 C
8820 39 C
8846 39 C
8847 39 C
8918 39 C
8945 39 C
8919 39 C
8946 39 C
8972 39 C
8973 39 C
8999 39 C
9000 39 C
8918 52 C
8919 52 C
8945 52 C
8946 52 C
8972 52 C
8973 52 C
8999 52 C
9000 52 C
9377 52 C
9378 52 C
9404 52 C
9497 52 C
9498 52 C
9405 52 C
9524 52 C
9525 52 C
9323 39 C
9324 39 C
9350 39 C
9351 39 C
9377 39 C
9378 39 C
9404 39 C
9497 39 C
9524 39 C
9405 39 C
9498 39 C
9525 39 C
9551 39 C
9552 39 C
9605 39 C
9606 39 C
9323 39 C
9324 39 C
9350 39 C
9351 39 C
9377 39 C
9378 39 C
9404 39 C
9405 39 C
9497 39 C
9524 39 C
9498 39 C
9552 39 C
9525 39 C
9551 39 C
9605 39 C
9606 39 C
9551 52 C
9552 52 C
9605 52 C
9606 52 C
9632 52 C
9633 52 C
9907 52 C
9908 52 C
9934 52 C
9935 52 C
10006 52 C
10007 52 C
10033 52 C
10061 52 C
10034 52 C
10060 52 C
9632 39 C
9633 39 C
9907 39 C
9908 39 C
9934 39 C
9935 39 C
10006 39 C
10007 39 C
10033 39 C
10034 39 C
10060 39 C
10061 39 C
10087 39 C
10088 39 C
10381 39 C
10382 39 C
9632 39 C
9633 39 C
9907 39 C
9908 39 C
9934 39 C
9935 39 C
10006 39 C
10007 39 C
10033 39 C
10034 39 C
10060 39 C
10061 39 C
10087 39 C
10088 39 C
10381 39 C
10382 39 C
10087 52 C
10088 52 C
10435 52 C
10436 52 C
10462 52 C
10463 52 C
10543 52 C
10544 52 C
10570 52 C
10571 52 C
10597 52 C
10598 52 C
10651 52 C
10652 52 C
10678 52 C
10679 52 C
10408 39 C
10409 39 C
10436 39 C
10435 39 C
10462 39 C
10463 39 C
10543 39 C
10544 39 C
10597 39 C
10570 39 C
10571 39 C
10598 39 C
10651 39 C
10652 39 C
10678 39 C
10679 39 C
10408 39 C
10409 39 C
10435 39 C
10463 39 C
10436 39 C
10462 39 C
10543 39 C
10544 39 C
10570 39 C
10571 39 C
10597 39 C
10598 39 C
10651 39 C
10652 39 C
10678 39 C
10679 39 C
10753 52 C
10754 52 C
10780 52 C
10781 52 C
10852 52 C
10853 52 C
10879 52 C
10880 52 C
10906 52 C
10907 52 C
10933 52 C
10934 52 C
11281 52 C
11282 52 C
11308 52 C
11309 52 C
10753 39 C
10754 39 C
10780 39 C
10781 39 C
10853 39 C
10852 39 C
10879 39 C
10906 39 C
10880 39 C
10907 39 C
10933 39 C
10934 39 C
11227 39 C
11228 39 C
11254 39 C
11255 39 C
10753 39 C
10754 39 C
10780 39 C
10781 39 C
10852 39 C
10853 39 C
10879 39 C
10880 39 C
10906 39 C
10907 39 C
10933 39 C
10934 39 C
11228 39 C
11227 39 C
11254 39 C
11255 39 C
11389 52 C
11390 52 C
11416 52 C
11417 52 C
11443 52 C
11444 52 C
11497 52 C
11498 52 C
11524 52 C
11525 52 C
14015 52 C
14016 52 C
14042 52 C
14043 52 C
14115 52 C
14114 52 C
11281 39 C
11282 39 C
11308 39 C
11309 39 C
11389 39 C
11416 39 C
11626 39 C
11417 39 C
11390 39 C
11627 39 C
11443 39 C
11444 39 C
11497 39 C
11498 39 C
11524 39 C
11525 39 C
11281 39 C
11282 39 C
11308 39 C
11309 39 C
11389 39 C
11626 39 C
11627 39 C
11390 39 C
11416 39 C
11417 39 C
11443 39 C
11444 39 C
11497 39 C
11498 39 C
11524 39 C
11525 39 C
14141 52 C
14142 52 C
14168 52 C
14169 52 C
14195 52 C
14196 52 C
14543 52 C
14544 52 C
14570 52 C
14571 52 C
14651 52 C
14652 52 C
14678 52 C
14679 52 C
14705 52 C
14706 52 C
11654 39 C
11655 39 C
11682 39 C
11683 39 C
11710 39 C
11711 39 C
11744 39 C
11745 39 C
11811 39 C
11812 39 C
11839 39 C
11840 39 C
11867 39 C
11868 39 C
11895 39 C
11896 39 C
11654 39 C
11655 39 C
11682 39 C
11683 39 C
11710 39 C
11711 39 C
11744 39 C
11745 39 C
11811 39 C
11812 39 C
11839 39 C
11840 39 C
11867 39 C
11868 39 C
11895 39 C
11896 39 C
14759 52 C
14760 52 C
14787 52 C
14786 52 C
14862 52 C
14888 52 C
14861 52 C
14889 52 C
14960 52 C
14987 52 C
14988 52 C
15014 52 C
15015 52 C
15041 52 C
15042 52 C
14961 52 C
11929 39 C
11930 39 C
11969 39 C
11970 39 C
11997 39 C
11998 39 C
12070 39 C
12071 39 C
12098 39 C
12099 39 C
12126 39 C
12127 39 C
12154 39 C
12155 39 C
12479 39 C
12480 39 C
11929 39 C
11930 39 C
11969 39 C
11970 39 C
11997 39 C
11998 39 C
12070 39 C
12071 39 C
12098 39 C
12099 39 C
12126 39 C
12127 39 C
12154 39 C
12155 39 C
12479 39 C
12480 39 C
15707 52 C
15389 52 C
15416 52 C
15708 52 C
15390 52 C
15417 52 C
15497 52 C
15498 52 C
15524 52 C
15525 52 C
15551 52 C
15552 52 C
15605 52 C
15606 52 C
15632 52 C
15633 52 C
12655 39 C
12507 39 C
12656 39 C
12508 39 C
12683 39 C
12535 39 C
12711 39 C
12684 39 C
12536 39 C
12712 39 C
12766 39 C
12767 39 C
12562 39 C
12794 39 C
12795 39 C
12563 39 C
12655 39 C
12507 39 C
12656 39 C
12535 39 C
12684 39 C
12508 39 C
12683 39 C
12536 39 C
12711 39 C
12562 39 C
12712 39 C
12766 39 C
12767 39 C
12794 39 C
12795 39 C
12563 39 C
15735 52 C
15736 52 C
15763 52 C
15764 52 C
15791 52 C
15792 52 C
15864 52 C
15865 52 C
15892 52 C
15893 52 C
15920 52 C
15921 52 C
15949 52 C
15948 52 C
16329 52 C
16330 52 C
12882 39 C
12883 39 C
12910 39 C
12911 39 C
12983 39 C
12984 39 C
13011 39 C
13012 39 C
13039 39 C
13040 39 C
13067 39 C
13068 39 C
13392 39 C
13393 39 C
13420 39 C
13421 39 C
12882 39 C
12883 39 C
12910 39 C
12911 39 C
12983 39 C
12984 39 C
13011 39 C
13012 39 C
13039 39 C
13040 39 C
13067 39 C
13068 39 C
13392 39 C
13393 39 C
13420 39 C
13421 39 C
16449 52 C
16356 52 C
16357 52 C
16450 52 C
16477 52 C
16478 52 C
16505 52 C
16506 52 C
16560 52 C
16588 52 C
16561 52 C
16589 52 C
18756 52 C
18757 52 C
18845 52 C
18846 52 C
13568 39 C
13569 39 C
13596 39 C
13448 39 C
13597 39 C
13449 39 C
13624 39 C
13475 39 C
13625 39 C
13679 39 C
13708 39 C
13476 39 C
13680 39 C
13707 39 C
13822 39 C
13823 39 C
13568 39 C
13569 39 C
13596 39 C
13449 39 C
13448 39 C
13597 39 C
13475 39 C
13624 39 C
13625 39 C
13680 39 C
13476 39 C
13679 39 C
13707 39 C
13708 39 C
13822 39 C
13823 39 C
18872 52 C
18873 52 C
19270 52 C
19298 52 C
19271 52 C
19297 52 C
19324 52 C
19012 52 C
19013 52 C
19325 52 C
19351 52 C
19352 52 C
19378 52 C
19039 52 C
19379 52 C
19040 52 C
13877 39 C
13878 39 C
13932 39 C
13933 39 C
13987 39 C
13988 39 C
14015 39 C
14016 39 C
14114 39 C
14042 39 C
14043 39 C
14141 39 C
14115 39 C
14142 39 C
14168 39 C
14169 39 C
13877 39 C
13878 39 C
13932 39 C
13933 39 C
13987 39 C
13988 39 C
14015 39 C
14016 39 C
14042 39 C
14141 39 C
14043 39 C
14114 39 C
14115 39 C
14142 39 C
14168 39 C
14169 39 C
19405 52 C
19406 52 C
19432 52 C
19433 52 C
19459 52 C
19460 52 C
19487 52 C
19486 52 C
19513 52 C
19514 52 C
19568 52 C
19540 52 C
19541 52 C
19567 52 C
19647 52 C
19648 52 C
14195 39 C
14196 39 C
14489 39 C
14490 39 C
14516 39 C
14517 39 C
14543 39 C
14544 39 C
14570 39 C
14679 39 C
14571 39 C
14651 39 C
14652 39 C
14678 39 C
14705 39 C
14706 39 C
14195 39 C
14196 39 C
14489 39 C
14490 39 C
14516 39 C
14517 39 C
14543 39 C
14544 39 C
14570 39 C
14651 39 C
14571 39 C
14652 39 C
14678 39 C
14679 39 C
14705 39 C
14706 39 C
19674 52 C
19675 52 C
19701 52 C
19702 52 C
19715 52 C
19716 52 C
19764 52 C
19765 52 C
19853 52 C
19854 52 C
19881 52 C
19880 52 C
20020 52 C
20021 52 C
20047 52 C
20048 52 C
14759 39 C
14760 39 C
14786 39 C
14861 39 C
14787 39 C
14862 39 C
14987 39 C
14888 39 C
14889 39 C
14961 39 C
14988 39 C
15014 39 C
15015 39 C
15041 39 C
15042 39 C
14960 39 C
14760 39 C
14759 39 C
14786 39 C
14787 39 C
14861 39 C
14862 39 C
14888 39 C
14961 39 C
14889 39 C
14987 39 C
14988 39 C
15014 39 C
15015 39 C
15041 39 C
15042 39 C
14960 39 C
20278 52 C
20279 52 C
20305 52 C
20306 52 C
20332 52 C
20333 52 C
20359 52 C
20360 52 C
20386 52 C
20387 52 C
20413 52 C
20414 52 C
20440 52 C
20441 52 C
20467 52 C
20468 52 C
15335 39 C
15336 39 C
15362 39 C
15363 39 C
15389 39 C
15390 39 C
15416 39 C
15417 39 C
15497 39 C
15524 39 C
15498 39 C
15525 39 C
15551 39 C
15552 39 C
15605 39 C
15606 39 C
15335 39 C
15336 39 C
15362 39 C
15363 39 C
15389 39 C
15390 39 C
15416 39 C
15497 39 C
15417 39 C
15498 39 C
15524 39 C
15525 39 C
15551 39 C
15552 39 C
15605 39 C
15606 39 C
20494 52 C
20495 52 C
20521 52 C
20522 52 C
20548 52 C
20549 52 C
20575 52 C
20576 52 C
20655 52 C
20656 52 C
20682 52 C
20683 52 C
20709 52 C
20710 52 C
20723 52 C
20724 52 C
15707 39 C
15708 39 C
15735 39 C
15736 39 C
15763 39 C
15764 39 C
15791 39 C
15864 39 C
15865 39 C
15792 39 C
15892 39 C
15920 39 C
15893 39 C
15632 39 C
15921 39 C
15633 39 C
15707 39 C
15708 39 C
15735 39 C
15736 39 C
15763 39 C
15764 39 C
15791 39 C
15864 39 C
15792 39 C
15865 39 C
15892 39 C
15893 39 C
15920 39 C
15921 39 C
15632 39 C
15633 39 C
20750 52 C
20751 52 C
20778 52 C
20779 52 C
20851 52 C
20852 52 C
20879 52 C
20880 52 C
21260 52 C
21261 52 C
21287 52 C
21380 52 C
21288 52 C
21381 52 C
21408 52 C
21409 52 C
15949 39 C
15948 39 C
16273 39 C
16274 39 C
16301 39 C
16302 39 C
16329 39 C
16330 39 C
16356 39 C
16357 39 C
16449 39 C
16450 39 C
16477 39 C
16478 39 C
16506 39 C
16505 39 C
15948 39 C
15949 39 C
16273 39 C
16274 39 C
16301 39 C
16302 39 C
16329 39 C
16330 39 C
16356 39 C
16449 39 C
16357 39 C
16450 39 C
16478 39 C
16477 39 C
16505 39 C
16506 39 C
21436 52 C
21437 52 C
21491 52 C
21492 52 C
21519 52 C
21520 52 C
21607 52 C
21608 52 C
21635 52 C
21636 52 C
21708 52 C
21709 52 C
21736 52 C
21737 52 C
22117 52 C
22118 52 C
16560 39 C
16561 39 C
16588 39 C
16589 39 C
16698 39 C
16699 39 C
16788 39 C
16789 39 C
16816 39 C
16817 39 C
17217 39 C
17218 39 C
16957 39 C
16958 39 C
16985 39 C
16986 39 C
16560 39 C
16561 39 C
16588 39 C
16589 39 C
16698 39 C
16699 39 C
16788 39 C
16789 39 C
16816 39 C
16817 39 C
17217 39 C
17218 39 C
16957 39 C
16958 39 C
16986 39 C
16985 39 C
22237 52 C
22144 52 C
22145 52 C
22238 52 C
22265 52 C
22266 52 C
22293 52 C
22294 52 C
22348 52 C
22349 52 C
22377 52 C
22486 52 C
22376 52 C
22487 52 C
22576 52 C
22577 52 C
17245 39 C
17246 39 C
17273 39 C
17274 39 C
17301 39 C
17302 39 C
17329 39 C
17330 39 C
17357 39 C
17358 39 C
17385 39 C
17386 39 C
17413 39 C
17414 39 C
17441 39 C
17442 39 C
17245 39 C
17246 39 C
17273 39 C
17274 39 C
17301 39 C
17302 39 C
17329 39 C
17330 39 C
17357 39 C
17358 39 C
17385 39 C
17386 39 C
17413 39 C
17414 39 C
17441 39 C
17442 39 C
22604 52 C
22605 52 C
23005 52 C
23006 52 C
22745 52 C
23033 52 C
23034 52 C
22746 52 C
23061 52 C
23062 52 C
22773 52 C
23117 52 C
23089 52 C
23090 52 C
22774 52 C
23118 52 C
17469 39 C
17470 39 C
17497 39 C
17498 39 C
17525 39 C
17526 39 C
17606 39 C
17607 39 C
17634 39 C
17635 39 C
17662 39 C
17677 39 C
17663 39 C
17678 39 C
17727 39 C
17728 39 C
17469 39 C
17470 39 C
17497 39 C
17498 39 C
17525 39 C
17526 39 C
17606 39 C
17607 39 C
17634 39 C
17635 39 C
17663 39 C
17662 39 C
17677 39 C
17727 39 C
17678 39 C
17728 39 C
23145 52 C
23146 52 C
23173 52 C
23174 52 C
23201 52 C
23202 52 C
23229 52 C
23230 52 C
23257 52 C
23258 52 C
23285 52 C
23286 52 C
23313 52 C
23314 52 C
23394 52 C
23395 52 C
17817 39 C
17818 39 C
17845 39 C
17846 39 C
18246 39 C
18247 39 C
18274 39 C
18275 39 C
18302 39 C
18303 39 C
18330 39 C
18331 39 C
17986 39 C
17987 39 C
18014 39 C
18015 39 C
17817 39 C
17818 39 C
17845 39 C
17846 39 C
18246 39 C
18247 39 C
18274 39 C
18275 39 C
18302 39 C
18303 39 C
18330 39 C
18331 39 C
17986 39 C
17987 39 C
18014 39 C
18015 39 C
23422 52 C
23423 52 C
23450 52 C
23451 52 C
23465 52 C
23466 52 C
23515 52 C
23516 52 C
23605 52 C
23606 52 C
23634 52 C
23633 52 C
23774 52 C
23775 52 C
23802 52 C
23803 52 C
18358 39 C
18359 39 C
18386 39 C
18387 39 C
18414 39 C
18415 39 C
18442 39 C
18443 39 C
18470 39 C
18471 39 C
18498 39 C
18499 39 C
18526 39 C
18527 39 C
18554 39 C
18555 39 C
18358 39 C
18359 39 C
18386 39 C
18387 39 C
18414 39 C
18415 39 C
18442 39 C
18443 39 C
18470 39 C
18471 39 C
18498 39 C
18499 39 C
18526 39 C
18527 39 C
18555 39 C
18554 39 C
24034 52 C
24035 52 C
24062 52 C
24063 52 C
24090 52 C
24091 52 C
24118 52 C
24119 52 C
24146 52 C
24147 52 C
24174 52 C
24202 52 C
24175 52 C
24203 52 C
24230 52 C
24231 52 C
18635 39 C
18636 39 C
18663 39 C
18664 39 C
18691 39 C
18692 39 C
18706 39 C
18707 39 C
18756 39 C
18757 39 C
18845 39 C
18846 39 C
18872 39 C
18873 39 C
19012 39 C
19013 39 C
18635 39 C
18636 39 C
18663 39 C
18664 39 C
18691 39 C
18692 39 C
18706 39 C
18707 39 C
18756 39 C
18757 39 C
18845 39 C
18846 39 C
18872 39 C
18873 39 C
19012 39 C
19013 39 C
24258 52 C
24259 52 C
24286 52 C
24287 52 C
24314 52 C
24315 52 C
24342 52 C
24343 52 C
24423 52 C
24424 52 C
24451 52 C
24452 52 C
24479 52 C
24480 52 C
24494 52 C
24495 52 C
19270 39 C
19271 39 C
19297 39 C
19298 39 C
19324 39 C
19325 39 C
19351 39 C
19352 39 C
19040 39 C
19039 39 C
19378 39 C
19379 39 C
19405 39 C
19406 39 C
19432 39 C
19433 39 C
19270 39 C
19271 39 C
19297 39 C
19298 39 C
19324 39 C
19325 39 C
19039 39 C
19351 39 C
19378 39 C
19352 39 C
19040 39 C
19379 39 C
19405 39 C
19406 39 C
19432 39 C
19433 39 C
24544 52 C
24545 52 C
24634 52 C
24635 52 C
24662 52 C
24663 52 C
25063 52 C
25064 52 C
25091 52 C
25092 52 C
24804 52 C
25119 52 C
25120 52 C
24803 52 C
24831 52 C
24832 52 C
19459 39 C
19460 39 C
19486 39 C
19487 39 C
19513 39 C
19514 39 C
19540 39 C
19541 39 C
19567 39 C
19568 39 C
19648 39 C
19647 39 C
19674 39 C
19675 39 C
19701 39 C
19702 39 C
19459 39 C
19460 39 C
19486 39 C
19487 39 C
19513 39 C
19514 39 C
19540 39 C
19541 39 C
19567 39 C
19568 39 C
19648 39 C
19647 39 C
19674 39 C
19675 39 C
19702 39 C
19701 39 C
25147 52 C
25148 52 C
25175 52 C
25176 52 C
25203 52 C
25204 52 C
25231 52 C
25232 52 C
25259 52 C
25260 52 C
25316 52 C
25287 52 C
25288 52 C
25315 52 C
25343 52 C
25344 52 C
19715 39 C
19716 39 C
19764 39 C
19765 39 C
19853 39 C
19854 39 C
19880 39 C
19881 39 C
20278 39 C
20279 39 C
20305 39 C
20306 39 C
20020 39 C
20021 39 C
20047 39 C
20048 39 C
19715 39 C
19716 39 C
19764 39 C
19765 39 C
19853 39 C
19854 39 C
19880 39 C
19881 39 C
20278 39 C
20279 39 C
20305 39 C
20306 39 C
20020 39 C
20021 39 C
20048 39 C
20047 39 C
25371 52 C
25372 52 C
25452 52 C
25453 52 C
25480 52 C
25481 52 C
25508 52 C
25509 52 C
25523 52 C
25524 52 C
25620 52 C
25591 52 C
25592 52 C
25619 52 C
25680 52 C
25681 52 C
20332 39 C
20333 39 C
20359 39 C
20360 39 C
20386 39 C
20387 39 C
20413 39 C
20414 39 C
20441 39 C
20440 39 C
20467 39 C
20468 39 C
20494 39 C
20495 39 C
20522 39 C
20521 39 C
20332 39 C
20333 39 C
20359 39 C
20360 39 C
20386 39 C
20387 39 C
20413 39 C
20414 39 C
20440 39 C
20441 39 C
20467 39 C
20468 39 C
20494 39 C
20495 39 C
20521 39 C
20522 39 C
25708 52 C
25709 52 C
25736 52 C
25737 52 C
25791 52 C
25792 52 C
25846 52 C
25847 52 C
25874 52 C
25875 52 C
25979 52 C
25978 52 C
26080 52 C
26081 52 C
26109 52 C
26108 52 C
20548 39 C
20549 39 C
20575 39 C
20576 39 C
20655 39 C
20656 39 C
20682 39 C
20683 39 C
20709 39 C
20710 39 C
20723 39 C
20724 39 C
20750 39 C
20751 39 C
20778 39 C
20779 39 C
20548 39 C
20549 39 C
20575 39 C
20576 39 C
20655 39 C
20656 39 C
20682 39 C
20709 39 C
20683 39 C
20710 39 C
20723 39 C
20750 39 C
20724 39 C
20751 39 C
20778 39 C
20779 39 C
26482 52 C
26483 52 C
26255 52 C
26256 52 C
26510 52 C
26511 52 C
26283 52 C
26538 52 C
26567 52 C
26284 52 C
26539 52 C
26566 52 C
26594 52 C
26595 52 C
26622 52 C
26623 52 C
20851 39 C
20852 39 C
20879 39 C
20880 39 C
21204 39 C
21205 39 C
21232 39 C
21233 39 C
21260 39 C
21261 39 C
21287 39 C
21380 39 C
21288 39 C
21381 39 C
21409 39 C
21408 39 C
20851 39 C
20852 39 C
20879 39 C
20880 39 C
21204 39 C
21205 39 C
21232 39 C
21233 39 C
21260 39 C
21261 39 C
21287 39 C
21380 39 C
21288 39 C
21409 39 C
21381 39 C
21408 39 C
26650 52 C
26651 52 C
26678 52 C
26679 52 C
26706 52 C
26707 52 C
26734 52 C
26735 52 C
26762 52 C
26763 52 C
26790 52 C
26791 52 C
26872 52 C
26871 52 C
26899 52 C
26900 52 C
21436 39 C
21437 39 C
21491 39 C
21492 39 C
21519 39 C
21520 39 C
21607 39 C
21608 39 C
21635 39 C
21636 39 C
21708 39 C
21709 39 C
21736 39 C
21737 39 C
22061 39 C
22062 39 C
21436 39 C
21437 39 C
21491 39 C
21492 39 C
21519 39 C
21520 39 C
21607 39 C
21608 39 C
21635 39 C
21636 39 C
21708 39 C
21709 39 C
21736 39 C
21737 39 C
22061 39 C
22062 39 C
26927 52 C
26928 52 C
26942 52 C
26943 52 C
26998 52 C
26999 52 C
27100 52 C
27101 52 C
27128 52 C
27129 52 C
27502 52 C
27503 52 C
27275 52 C
27276 52 C
27303 52 C
27304 52 C
22089 39 C
22090 39 C
22117 39 C
22118 39 C
22144 39 C
22145 39 C
22237 39 C
22238 39 C
22265 39 C
22266 39 C
22294 39 C
22293 39 C
22348 39 C
22349 39 C
22377 39 C
22376 39 C
22089 39 C
22090 39 C
22117 39 C
22118 39 C
22144 39 C
22237 39 C
22145 39 C
22265 39 C
22238 39 C
22293 39 C
22266 39 C
22294 39 C
22348 39 C
22349 39 C
22376 39 C
22377 39 C
27530 52 C
27531 52 C
27558 52 C
27559 52 C
27586 52 C
27587 52 C
27614 52 C
27615 52 C
27642 52 C
27670 52 C
27643 52 C
27698 52 C
27671 52 C
27726 52 C
27699 52 C
27727 52 C
22486 39 C
22487 39 C
22576 39 C
22577 39 C
22604 39 C
22605 39 C
23005 39 C
23006 39 C
23033 39 C
23034 39 C
23061 39 C
23062 39 C
22745 39 C
22746 39 C
22773 39 C
22774 39 C
22486 39 C
22487 39 C
22576 39 C
22577 39 C
22604 39 C
22605 39 C
23005 39 C
23006 39 C
23033 39 C
23034 39 C
23061 39 C
23062 39 C
22745 39 C
22746 39 C
22773 39 C
22774 39 C
27754 52 C
27755 52 C
27782 52 C
27783 52 C
27810 52 C
27811 52 C
27891 52 C
27892 52 C
27919 52 C
27920 52 C
27948 52 C
27947 52 C
27962 52 C
27963 52 C
28008 52 C
28009 52 C
23089 39 C
23090 39 C
23117 39 C
23118 39 C
23145 39 C
23146 39 C
23173 39 C
23174 39 C
23201 39 C
23202 39 C
23229 39 C
23230 39 C
23258 39 C
23257 39 C
23286 39 C
23285 39 C
23089 39 C
23090 39 C
23117 39 C
23118 39 C
23145 39 C
23146 39 C
23173 39 C
23174 39 C
23201 39 C
23202 39 C
23229 39 C
23230 39 C
23257 39 C
23258 39 C
23285 39 C
23286 39 C
28036 52 C
28037 52 C
28109 52 C
28110 52 C
28137 52 C
28138 52 C
28165 52 C
28166 52 C
28193 52 C
28194 52 C
28574 52 C
28575 52 C
28601 52 C
28602 52 C
28694 52 C
28695 52 C
23313 39 C
23314 39 C
23394 39 C
23395 39 C
23422 39 C
23423 39 C
23450 39 C
23451 39 C
23465 39 C
23466 39 C
23515 39 C
23516 39 C
23605 39 C
23606 39 C
23633 39 C
23634 39 C
23313 39 C
23314 39 C
23394 39 C
23395 39 C
23422 39 C
23423 39 C
23450 39 C
23451 39 C
23465 39 C
23466 39 C
23516 39 C
23515 39 C
23605 39 C
23606 39 C
23634 39 C
23633 39 C
28722 52 C
28723 52 C
28750 52 C
28751 52 C
28805 52 C
28806 52 C
28833 52 C
28834 52 C
28991 52 C
29060 52 C
28992 52 C
29061 52 C
29088 52 C
29089 52 C
29229 52 C
29230 52 C
24034 39 C
24035 39 C
24062 39 C
24063 39 C
23774 39 C
24090 39 C
24118 39 C
24119 39 C
23775 39 C
23802 39 C
24091 39 C
24146 39 C
24147 39 C
24174 39 C
23803 39 C
24175 39 C
24034 39 C
24035 39 C
24062 39 C
23774 39 C
24063 39 C
24090 39 C
23775 39 C
24091 39 C
23803 39 C
24118 39 C
23802 39 C
24119 39 C
24146 39 C
24147 39 C
24174 39 C
24175 39 C
29456 52 C
29457 52 C
29484 52 C
29485 52 C
29512 52 C
29257 52 C
29258 52 C
29569 52 C
29513 52 C
29540 52 C
29541 52 C
29568 52 C
29596 52 C
29597 52 C
29624 52 C
29625 52 C
24202 39 C
24203 39 C
24230 39 C
24231 39 C
24258 39 C
24259 39 C
24286 39 C
24287 39 C
24314 39 C
24315 39 C
24342 39 C
24343 39 C
24423 39 C
24424 39 C
24451 39 C
24452 39 C
24202 39 C
24203 39 C
24230 39 C
24231 39 C
24258 39 C
24259 39 C
24286 39 C
24287 39 C
24314 39 C
24315 39 C
24342 39 C
24343 39 C
24423 39 C
24424 39 C
24451 39 C
24452 39 C
29652 52 C
29653 52 C
29680 52 C
29681 52 C
29708 52 C
29709 52 C
29789 52 C
29790 52 C
29817 52 C
29818 52 C
29846 52 C
29845 52 C
29860 52 C
29861 52 C
24479 39 C
24480 39 C
24494 39 C
24495 39 C
24544 39 C
24545 39 C
24634 39 C
24635 39 C
24662 39 C
24663 39 C
25063 39 C
25064 39 C
24803 39 C
24804 39 C
24831 39 C
24832 39 C
24479 39 C
24480 39 C
24494 39 C
24495 39 C
24544 39 C
24545 39 C
24634 39 C
24635 39 C
24662 39 C
24663 39 C
25063 39 C
25064 39 C
24803 39 C
24804 39 C
24831 39 C
24832 39 C
25091 39 C
25092 39 C
25119 39 C
25120 39 C
25147 39 C
25148 39 C
25175 39 C
25176 39 C
25203 39 C
25204 39 C
25231 39 C
25232 39 C
25259 39 C
25260 39 C
25288 39 C
25287 39 C
25091 39 C
25092 39 C
25119 39 C
25120 39 C
25147 39 C
25148 39 C
25175 39 C
25176 39 C
25203 39 C
25204 39 C
25231 39 C
25232 39 C
25259 39 C
25260 39 C
25287 39 C
25288 39 C
25315 39 C
25316 39 C
25343 39 C
25344 39 C
25371 39 C
25372 39 C
25452 39 C
25453 39 C
25480 39 C
25481 39 C
25508 39 C
25509 39 C
25524 39 C
25523 39 C
25592 39 C
25591 39 C
25315 39 C
25316 39 C
25343 39 C
25344 39 C
25371 39 C
25372 39 C
25452 39 C
25453 39 C
25480 39 C
25481 39 C
25508 39 C
25509 39 C
25524 39 C
25523 39 C
25591 39 C
25592 39 C
25619 39 C
25620 39 C
25680 39 C
25681 39 C
25708 39 C
25709 39 C
25736 39 C
25737 39 C
25791 39 C
25792 39 C
25846 39 C
25875 39 C
25847 39 C
25874 39 C
25978 39 C
25979 39 C
25619 39 C
25620 39 C
25680 39 C
25681 39 C
25708 39 C
25709 39 C
25736 39 C
25737 39 C
25791 39 C
25792 39 C
25847 39 C
25846 39 C
25874 39 C
25875 39 C
25978 39 C
25979 39 C
26080 39 C
26081 39 C
26108 39 C
26109 39 C
26482 39 C
26483 39 C
26510 39 C
26511 39 C
26538 39 C
26255 39 C
26567 39 C
26539 39 C
26566 39 C
26256 39 C
26283 39 C
26284 39 C
26080 39 C
26081 39 C
26108 39 C
26109 39 C
26482 39 C
26483 39 C
26510 39 C
26511 39 C
26255 39 C
26538 39 C
26539 39 C
26566 39 C
26256 39 C
26567 39 C
26283 39 C
26284 39 C
26594 39 C
26595 39 C
26622 39 C
26623 39 C
26650 39 C
26651 39 C
26678 39 C
26679 39 C
26706 39 C
26707 39 C
26735 39 C
26734 39 C
26762 39 C
26763 39 C
26790 39 C
26791 39 C
26594 39 C
26595 39 C
26622 39 C
26623 39 C
26650 39 C
26651 39 C
26678 39 C
26679 39 C
26706 39 C
26707 39 C
26734 39 C
26735 39 C
26762 39 C
26763 39 C
26791 39 C
26790 39 C
26871 39 C
26872 39 C
26899 39 C
26900 39 C
26927 39 C
26928 39 C
26942 39 C
26943 39 C
26998 39 C
26999 39 C
27100 39 C
27101 39 C
27128 39 C
27129 39 C
27275 39 C
27276 39 C
26871 39 C
26872 39 C
26899 39 C
26900 39 C
26927 39 C
26928 39 C
26942 39 C
26943 39 C
26998 39 C
26999 39 C
27100 39 C
27101 39 C
27128 39 C
27129 39 C
27275 39 C
27276 39 C
27502 39 C
27503 39 C
27530 39 C
27531 39 C
27558 39 C
27303 39 C
27586 39 C
27304 39 C
27559 39 C
27587 39 C
27614 39 C
27615 39 C
27642 39 C
27643 39 C
27670 39 C
27671 39 C
27502 39 C
27503 39 C
27530 39 C
27531 39 C
27303 39 C
27558 39 C
27304 39 C
27559 39 C
27586 39 C
27642 39 C
27587 39 C
27614 39 C
27615 39 C
27643 39 C
27670 39 C
27671 39 C
27698 39 C
27699 39 C
27726 39 C
27727 39 C
27754 39 C
27755 39 C
27782 39 C
27783 39 C
27810 39 C
27891 39 C
27811 39 C
27892 39 C
27920 39 C
27947 39 C
27919 39 C
27948 39 C
27698 39 C
27699 39 C
27726 39 C
27727 39 C
27754 39 C
27755 39 C
27782 39 C
27783 39 C
27810 39 C
27811 39 C
27891 39 C
27892 39 C
27919 39 C
27920 39 C
27947 39 C
27948 39 C
27962 39 C
27963 39 C
28008 39 C
28009 39 C
28036 39 C
28037 39 C
28109 39 C
28110 39 C
28137 39 C
28138 39 C
28165 39 C
28166 39 C
28193 39 C
28194 39 C
28518 39 C
28519 39 C
27962 39 C
27963 39 C
28008 39 C
28009 39 C
28036 39 C
28037 39 C
28109 39 C
28110 39 C
28137 39 C
28138 39 C
28165 39 C
28166 39 C
28193 39 C
28194 39 C
28518 39 C
28519 39 C
28546 39 C
28547 39 C
28574 39 C
28575 39 C
28601 39 C
28694 39 C
28602 39 C
28695 39 C
28722 39 C
28723 39 C
28750 39 C
28805 39 C
28751 39 C
28833 39 C
28806 39 C
28834 39 C
28546 39 C
28547 39 C
28574 39 C
28575 39 C
28601 39 C
28694 39 C
28602 39 C
28695 39 C
28751 39 C
28722 39 C
28723 39 C
28750 39 C
28805 39 C
28806 39 C
28833 39 C
28834 39 C
28991 39 C
28992 39 C
29060 39 C
29061 39 C
29088 39 C
29089 39 C
29456 39 C
29457 39 C
29484 39 C
29485 39 C
29513 39 C
29512 39 C
29229 39 C
29257 39 C
29230 39 C
29258 39 C
28991 39 C
28992 39 C
29060 39 C
29061 39 C
29088 39 C
29089 39 C
29456 39 C
29457 39 C
29484 39 C
29485 39 C
29512 39 C
29230 39 C
29513 39 C
29229 39 C
29257 39 C
29258 39 C
29540 39 C
29541 39 C
29568 39 C
29569 39 C
29596 39 C
29597 39 C
29624 39 C
29625 39 C
29652 39 C
29653 39 C
29680 39 C
29709 39 C
29681 39 C
29708 39 C
29789 39 C
29790 39 C
29540 39 C
29541 39 C
29568 39 C
29569 39 C
29596 39 C
29597 39 C
29624 39 C
29625 39 C
29652 39 C
29653 39 C
29680 39 C
29681 39 C
29708 39 C
29709 39 C
29789 39 C
29790 39 C
29817 39 C
29818 39 C
29845 39 C
29846 39 C
29860 39 C
29861 39 C
29817 39 C
29818 39 C
29845 39 C
29846 39 C
29860 39 C
29861 39 C
