17130 13 F
17127 13 F
17128 13 F
17129 13 F
17131 13 F
17114 13 F
17117 13 F
17118 13 F
17119 13 F
17122 13 F
17148 18 F
17149 18 F
17150 18 F
17146 18 F
17147 18 F
17124 13 F
17120 13 F
17125 13 F
17126 13 F
17123 13 F
17121 13 F
17145 13 F
17148 13 F
17149 13 F
17147 13 F
17150 13 F
17135 13 F
17134 13 F
17137 13 F
17132 13 F
17142 13 F
17138 13 F
17144 13 F
17140 13 F
17133 13 F
17139 13 F
17151 13 F
17183 13 F
17181 13 F
17182 13 F
18041 13 F
17180 13 F
17190 13 F
17771 13 F
17764 13 F
17773 13 F
17769 13 F
17770 13 F
17767 13 F
17772 13 F
17768 13 F
17775 13 F
17774 13 F
18042 13 F
18045 13 F
18043 13 F
18046 13 F
18184 13 F
18200 13 F
18183 13 F
18185 13 F
18156 13 F
18155 13 F
18154 13 F
18153 13 F
18187 26 F
18184 26 F
18186 26 F
18154 26 F
18155 26 F
17131 31 F
17114 31 F
17128 31 F
17116 31 F
17115 31 F
17117 31 F
18154 31 F
18153 31 F
18155 31 F
18150 31 F
18152 31 F
18175 31 F
18176 31 F
18178 31 F
18177 31 F
18179 31 F
18157 31 F
18181 31 F
18184 31 F
18187 31 F
18207 31 F
18193 31 F
18199 31 F
18214 31 F
18196 31 F
18222 31 F
18223 31 F
18217 31 F
18220 31 F
