26774 1054 F
26777 1054 F
26780 1054 F
26771 1054 F
26783 1054 F
26772 1054 F
26769 1054 F
26786 1054 F
26792 1054 F
26789 1054 F
26788 1054 F
26797 1054 F
26799 1054 F
26790 1054 F
26791 1054 F
26794 1054 F
26802 1054 F
26800 1054 F
26805 1054 F
26808 1054 F
26811 1054 F
26814 1054 F
26817 1054 F
26819 1054 F
26821 1054 F
26824 1054 F
26827 1054 F
26830 1054 F
26833 1054 F
26836 1054 F
26838 1054 F
26844 1054 F
26841 1054 F
26839 1054 F
26840 1054 F
26842 1054 F
26843 1054 F
26845 1054 F
26847 1054 F
26846 1054 F
26855 1054 F
26858 1054 F
26861 1054 F
26853 1054 F
26848 1054 F
26849 1054 F
26851 1054 F
26864 1054 F
26867 1054 F
26869 1054 F
26870 1054 F
26873 1054 F
26871 1054 F
26872 1054 F
26878 1054 F
26875 1054 F
26873 1054 F
26883 1054 F
26886 1054 F
26880 1054 F
26881 1054 F
26889 1054 F
26892 1054 F
26895 1054 F
20112 1058 F
20113 1058 F
20114 1058 F
20115 1058 F
20116 1058 F
20117 1058 F
20118 1058 F
20120 1058 F
20119 1058 F
20121 1058 F
20122 1058 F
20123 1058 F
20126 1058 F
20124 1058 F
20125 1058 F
20127 1058 F
21024 1057 F
21033 1057 F
21025 1057 F
21028 1057 F
21027 1057 F
21031 1057 F
21030 1057 F
21026 1057 F
21032 1057 F
21034 1057 F
21029 1057 F
21038 1057 F
21037 1057 F
21035 1057 F
21039 1057 F
21036 1057 F
20144 1059 F
20146 1059 F
20147 1059 F
20149 1059 F
20152 1059 F
20145 1059 F
20153 1059 F
20148 1059 F
20151 1059 F
20150 1059 F
20154 1059 F
20155 1059 F
20156 1059 F
20157 1059 F
20158 1059 F
20159 1059 F
16515 1061 F
16518 1061 F
16516 1061 F
16517 1061 F
16519 1061 F
16520 1061 F
16521 1061 F
16524 1061 F
16522 1061 F
16523 1061 F
16525 1061 F
16526 1061 F
20128 1058 F
20129 1058 F
20130 1058 F
20133 1058 F
20134 1058 F
20131 1058 F
20132 1058 F
20136 1058 F
20137 1058 F
20135 1058 F
20139 1058 F
20138 1058 F
20140 1058 F
20142 1058 F
20143 1058 F
20141 1058 F
21040 1057 F
21042 1057 F
21045 1057 F
21043 1057 F
21041 1057 F
21046 1057 F
21044 1057 F
21048 1057 F
21050 1057 F
21047 1057 F
21049 1057 F
21054 1057 F
21055 1057 F
21053 1057 F
21052 1057 F
21051 1057 F
16533 1061 F
16536 1061 F
16534 1061 F
16535 1061 F
16537 1061 F
16539 1061 F
16538 1061 F
16540 1061 F
16541 1061 F
20173 1059 F
20174 1059 F
20161 1059 F
20175 1059 F
20160 1059 F
20162 1059 F
20163 1059 F
20164 1059 F
20165 1059 F
20166 1059 F
20168 1059 F
20167 1059 F
20171 1059 F
20169 1059 F
20170 1059 F
20172 1059 F
20188 1059 F
20189 1059 F
20190 1059 F
20191 1059 F
20176 1059 F
20178 1059 F
20177 1059 F
20185 1059 F
20179 1059 F
20183 1059 F
20180 1059 F
20182 1059 F
20184 1059 F
20181 1059 F
20186 1059 F
20187 1059 F
16598 1061 F
20206 1059 F
16601 1061 F
16599 1061 F
16600 1061 F
16602 1061 F
16603 1061 F
20207 1059 F
20193 1059 F
20196 1059 F
20194 1059 F
20192 1059 F
20195 1059 F
20197 1059 F
20199 1059 F
20198 1059 F
20201 1059 F
20200 1059 F
20202 1059 F
20204 1059 F
20203 1059 F
20205 1059 F
16616 1061 F
16617 1061 F
16618 1061 F
16619 1061 F
16620 1061 F
16621 1061 F
16622 1061 F
16623 1061 F
20208 1059 F
20210 1059 F
20209 1059 F
20211 1059 F
20212 1059 F
20213 1059 F
20214 1059 F
20215 1059 F
20216 1059 F
20218 1059 F
20217 1059 F
20219 1059 F
20220 1059 F
20222 1059 F
20221 1059 F
20223 1059 F
20239 1059 F
20224 1059 F
20225 1059 F
20226 1059 F
20227 1059 F
20228 1059 F
20229 1059 F
20231 1059 F
20230 1059 F
20233 1059 F
20234 1059 F
20232 1059 F
20236 1059 F
20235 1059 F
20237 1059 F
20238 1059 F
20240 1059 F
20242 1059 F
20241 1059 F
20243 1059 F
20244 1059 F
20254 1059 F
20255 1059 F
20248 1059 F
20245 1059 F
20249 1059 F
20247 1059 F
20246 1059 F
20252 1059 F
20250 1059 F
20253 1059 F
20251 1059 F
