29117 1058 S
29128 1058 S
29128 1059 S
29117 1059 S
26369 1059 S
26368 1059 S
26368 1058 S
26369 1058 S
29049 1057 S
29048 1057 S
26369 1057 S
29048 1073 S
29049 1073 S
20664 1072 S
20676 1072 S
21531 1072 S
26368 1073 S
26369 1073 S
20663 1072 S
21521 1072 S
22367 1072 S
21532 1072 S
21088 1072 S
21087 1072 S
21943 1072 S
21089 1072 S
21944 1072 S
21956 1072 S
20252 1072 S
20251 1072 S
20241 1072 S
22368 1072 S
22369 1072 S
24749 1072 S
22768 1072 S
22758 1072 S
24750 1072 S
22767 1072 S
28410 1072 S
27370 1072 S
24759 1072 S
28428 1072 S
28429 1072 S
29356 1072 S
29357 1072 S
27368 1072 S
27369 1072 S
26369 1078 S
26369 1091 S
29049 1086 S
29048 1086 S
26369 1086 S
26368 1086 S
26369 1103 S
20676 1133 S
22367 1133 S
20251 1133 S
20664 1133 S
21531 1133 S
21521 1133 S
21532 1133 S
21087 1133 S
21089 1133 S
21944 1133 S
20663 1133 S
21088 1133 S
21956 1133 S
21943 1133 S
20241 1133 S
20252 1133 S
22368 1133 S
22369 1133 S
22767 1133 S
22758 1133 S
22768 1133 S
28410 1133 S
24750 1133 S
24759 1133 S
27370 1133 S
28428 1133 S
24749 1133 S
28429 1133 S
21521 1133 S
29356 1133 S
29357 1133 S
27369 1133 S
27368 1133 S
20663 1141 S
21087 1141 S
20241 1141 S
21532 1141 S
20251 1141 S
21521 1141 S
20664 1141 S
21944 1141 S
21088 1141 S
21089 1141 S
20252 1141 S
21943 1141 S
21956 1141 S
22368 1141 S
22369 1141 S
24749 1141 S
24750 1141 S
28410 1141 S
28428 1141 S
24759 1141 S
28429 1141 S
27370 1141 S
29357 1141 S
29356 1141 S
27368 1141 S
27369 1141 S
20664 1149 S
21521 1149 S
20663 1149 S
21087 1149 S
21088 1149 S
21089 1149 S
21943 1149 S
21944 1149 S
29516 1155 S
20241 1149 S
20252 1149 S
22369 1149 S
21521 1149 S
24759 1149 S
24750 1149 S
27370 1149 S
28410 1149 S
28429 1149 S
29356 1149 S
29357 1149 S
27369 1149 S
27368 1149 S
21532 1177 S
21531 1177 S
20663 1177 S
21087 1177 S
21089 1177 S
20676 1177 S
20664 1177 S
22367 1177 S
21944 1177 S
21943 1177 S
21088 1177 S
21956 1177 S
20251 1177 S
20241 1177 S
20252 1177 S
22368 1177 S
22369 1177 S
24749 1177 S
24759 1177 S
24750 1177 S
22767 1177 S
22758 1177 S
22768 1177 S
27370 1177 S
28410 1177 S
28428 1177 S
28429 1177 S
29356 1177 S
29357 1177 S
27368 1177 S
27369 1177 S
29368 1177 S
22367 1203 S
21531 1203 S
20664 1203 S
21532 1203 S
21521 1203 S
20663 1203 S
20676 1203 S
21088 1203 S
21087 1203 S
21943 1203 S
21944 1203 S
21089 1203 S
20252 1203 S
20251 1203 S
21956 1203 S
20241 1203 S
21521 1203 S
22758 1203 S
22368 1203 S
22369 1203 S
22768 1203 S
22767 1203 S
24759 1203 S
24750 1203 S
28410 1203 S
27370 1203 S
24749 1203 S
28428 1203 S
28429 1203 S
29356 1203 S
29357 1203 S
27369 1203 S
27368 1203 S
21532 1216 S
22367 1216 S
20676 1216 S
20663 1216 S
21521 1216 S
21531 1216 S
20664 1216 S
21944 1216 S
21087 1216 S
21088 1216 S
21089 1216 S
21943 1216 S
21956 1216 S
20251 1216 S
20241 1216 S
20252 1216 S
22368 1216 S
22369 1216 S
22768 1216 S
22767 1216 S
24750 1216 S
22758 1216 S
28410 1216 S
27370 1216 S
24749 1216 S
28429 1216 S
28428 1216 S
24759 1216 S
29356 1216 S
29357 1216 S
27369 1216 S
27368 1216 S
28809 1229 S
28730 1229 S
28808 1229 S
21531 1255 S
22367 1255 S
20663 1255 S
21532 1255 S
20676 1255 S
21521 1255 S
21943 1255 S
21088 1255 S
20664 1255 S
21944 1255 S
21956 1255 S
21087 1255 S
21089 1255 S
20252 1255 S
20251 1255 S
20241 1255 S
21521 1255 S
22368 1255 S
22369 1255 S
22767 1255 S
22768 1255 S
22758 1255 S
24750 1255 S
24749 1255 S
28410 1255 S
27370 1255 S
28428 1255 S
28429 1255 S
29356 1255 S
29357 1255 S
27368 1255 S
27369 1255 S
20527 1281 S
20518 1281 S
21247 1281 S
20528 1281 S
27288 1281 S
24679 1281 S
24669 1281 S
24670 1281 S
22612 1281 S
22640 1281 S
22639 1281 S
27289 1281 S
28330 1281 S
27290 1281 S
29308 1281 S
29289 1281 S
29290 1281 S
22367 1307 S
20664 1307 S
21531 1307 S
20663 1307 S
21089 1307 S
21532 1307 S
20676 1307 S
21521 1307 S
21943 1307 S
21088 1307 S
21087 1307 S
21944 1307 S
21956 1307 S
20252 1307 S
20241 1307 S
20251 1307 S
22369 1307 S
22758 1307 S
22368 1307 S
22768 1307 S
22767 1307 S
24759 1307 S
28410 1307 S
28429 1307 S
28428 1307 S
27370 1307 S
29357 1307 S
29356 1307 S
27369 1307 S
27368 1307 S
20664 1372 S
20676 1372 S
20663 1372 S
22367 1372 S
21532 1372 S
21521 1372 S
21531 1372 S
21087 1372 S
21089 1372 S
21088 1372 S
21956 1372 S
21944 1372 S
21943 1372 S
20241 1372 S
20251 1372 S
20252 1372 S
22368 1372 S
22369 1372 S
24759 1372 S
22758 1372 S
22767 1372 S
24750 1372 S
22768 1372 S
28410 1372 S
24749 1372 S
27370 1372 S
28428 1372 S
28429 1372 S
29357 1372 S
29356 1372 S
27368 1372 S
27369 1372 S
21532 1385 S
21521 1385 S
21531 1385 S
20676 1385 S
20664 1385 S
21089 1385 S
22367 1385 S
21087 1385 S
21088 1385 S
21943 1385 S
21944 1385 S
20251 1385 S
20252 1385 S
20663 1385 S
20241 1385 S
21956 1385 S
22368 1385 S
22369 1385 S
22768 1385 S
22767 1385 S
22758 1385 S
24749 1385 S
24750 1385 S
28410 1385 S
24759 1385 S
28428 1385 S
27370 1385 S
28429 1385 S
29356 1385 S
29357 1385 S
27369 1385 S
27368 1385 S
20663 1411 S
20676 1411 S
21087 1411 S
22367 1411 S
21532 1411 S
21521 1411 S
20664 1411 S
21088 1411 S
21531 1411 S
21089 1411 S
20252 1411 S
21956 1411 S
21944 1411 S
21943 1411 S
20251 1411 S
20241 1411 S
22369 1411 S
22758 1411 S
24750 1411 S
22368 1411 S
22767 1411 S
24749 1411 S
24759 1411 S
28410 1411 S
22768 1411 S
27370 1411 S
28428 1411 S
28429 1411 S
29356 1411 S
29357 1411 S
27369 1411 S
27368 1411 S
21532 1424 S
21531 1424 S
20676 1424 S
22367 1424 S
20664 1424 S
21521 1424 S
20663 1424 S
21089 1424 S
21943 1424 S
21087 1424 S
21956 1424 S
21944 1424 S
21088 1424 S
20252 1424 S
20251 1424 S
20241 1424 S
22369 1424 S
22368 1424 S
24749 1424 S
24750 1424 S
22758 1424 S
22767 1424 S
22768 1424 S
27370 1424 S
28410 1424 S
28429 1424 S
28428 1424 S
29357 1424 S
24759 1424 S
29356 1424 S
27369 1424 S
27368 1424 S
20663 1476 S
22367 1476 S
20664 1476 S
20676 1476 S
21531 1476 S
21532 1476 S
21521 1476 S
21088 1476 S
21089 1476 S
21956 1476 S
21943 1476 S
20252 1476 S
20241 1476 S
20251 1476 S
22368 1476 S
22758 1476 S
22369 1476 S
22768 1476 S
22767 1476 S
24750 1476 S
24749 1476 S
24759 1476 S
28410 1476 S
27370 1476 S
28429 1476 S
28428 1476 S
29356 1476 S
29357 1476 S
27369 1476 S
27368 1476 S
28808 1494 S
28730 1494 S
28809 1494 S
21247 1495 S
20518 1495 S
24679 1495 S
27288 1495 S
20528 1495 S
20527 1495 S
24669 1495 S
22639 1495 S
22640 1495 S
22612 1495 S
24670 1495 S
20664 1493 S
22367 1493 S
21532 1493 S
20676 1493 S
21531 1493 S
20663 1493 S
21943 1493 S
21944 1493 S
21956 1493 S
21088 1493 S
21087 1493 S
21089 1493 S
20251 1493 S
29048 1492 S
29129 1492 S
20252 1493 S
20241 1493 S
28970 1492 S
2256 1499 S
2738 1499 S
2191 1499 S
3297 1499 S
2737 1499 S
27289 1495 S
1631 1499 S
2257 1499 S
26369 1492 S
1696 1499 S
1697 1499 S
27290 1495 S
26368 1492 S
22368 1493 S
28330 1495 S
22369 1493 S
22758 1493 S
24749 1493 S
24750 1493 S
2191 1498 S
1631 1498 S
2257 1498 S
22768 1493 S
22767 1493 S
24759 1493 S
2256 1498 S
2738 1498 S
1697 1498 S
3297 1498 S
2749 1498 S
2737 1498 S
2749 1499 S
1696 1498 S
28410 1493 S
27370 1493 S
28429 1493 S
28428 1493 S
29308 1495 S
29357 1493 S
29356 1493 S
29290 1495 S
27369 1493 S
29289 1495 S
27368 1493 S
2257 1500 S
1631 1500 S
2191 1500 S
1696 1500 S
2256 1500 S
2737 1500 S
2738 1500 S
3297 1500 S
2749 1500 S
1697 1500 S
20664 1508 S
20676 1508 S
20663 1508 S
21087 1508 S
21531 1508 S
21532 1508 S
21088 1508 S
22367 1508 S
21521 1508 S
21089 1508 S
21944 1508 S
21943 1508 S
21956 1508 S
20251 1508 S
20252 1508 S
20241 1508 S
22767 1508 S
22368 1508 S
22758 1508 S
22768 1508 S
22369 1508 S
24749 1508 S
24759 1508 S
24750 1508 S
28410 1508 S
28428 1508 S
27370 1508 S
29356 1508 S
28429 1508 S
29357 1508 S
27369 1508 S
27368 1508 S
28730 1510 S
3709 1498 S
3298 1498 S
3309 1498 S
3710 1498 S
6208 1498 S
6207 1498 S
3711 1498 S
6209 1498 S
6849 1498 S
17462 1498 S
17384 1498 S
6917 1498 S
6916 1498 S
3711 1499 S
3298 1499 S
6208 1499 S
6207 1499 S
3309 1499 S
3709 1499 S
3710 1499 S
6209 1499 S
7476 1499 S
6849 1499 S
7409 1499 S
6916 1499 S
6917 1499 S
3298 1500 S
3709 1500 S
3309 1500 S
3710 1500 S
3711 1500 S
6207 1500 S
6849 1500 S
6209 1500 S
6208 1500 S
6916 1500 S
17384 1500 S
17462 1500 S
6917 1500 S
21532 1526 S
20676 1526 S
20664 1526 S
21521 1526 S
22367 1526 S
20663 1526 S
21531 1526 S
21943 1526 S
21087 1526 S
21089 1526 S
21088 1526 S
21944 1526 S
21956 1526 S
20251 1526 S
18879 1498 S
18823 1498 S
17784 1498 S
18824 1498 S
17851 1498 S
18663 1498 S
17852 1498 S
17463 1498 S
18664 1498 S
18104 1498 S
18731 1498 S
20252 1526 S
20241 1526 S
18103 1498 S
18171 1498 S
21531 1529 S
20664 1529 S
21532 1529 S
20676 1529 S
20663 1529 S
21521 1529 S
22367 1529 S
21087 1529 S
21943 1529 S
21089 1529 S
21088 1529 S
21944 1529 S
21956 1529 S
20251 1529 S
20252 1529 S
20241 1529 S
22368 1526 S
22369 1526 S
24749 1526 S
22767 1526 S
24750 1526 S
22758 1526 S
22768 1526 S
28410 1526 S
28429 1526 S
27370 1526 S
24759 1526 S
28428 1526 S
29357 1526 S
29356 1526 S
27369 1526 S
27368 1526 S
22368 1529 S
22369 1529 S
22758 1529 S
22767 1529 S
22768 1529 S
24759 1529 S
24749 1529 S
24750 1529 S
28410 1529 S
28428 1529 S
27370 1529 S
28429 1529 S
29357 1529 S
29356 1529 S
27369 1529 S
27368 1529 S
7957 1499 S
7958 1499 S
7477 1499 S
8518 1499 S
7967 1499 S
8688 1499 S
8517 1499 S
8756 1499 S
7638 1499 S
8527 1499 S
7647 1499 S
8689 1499 S
7648 1499 S
9007 1499 S
9008 1499 S
9009 1499 S
9567 1499 S
9569 1499 S
9568 1499 S
9796 1499 S
9797 1499 S
9798 1499 S
10049 1499 S
10609 1499 S
10677 1499 S
10676 1499 S
10116 1499 S
10117 1499 S
10848 1499 S
10847 1499 S
10838 1499 S
11157 1499 S
12767 1499 S
11888 1499 S
11889 1499 S
12209 1499 S
11956 1499 S
11727 1499 S
12208 1499 S
12768 1499 S
12207 1499 S
11718 1499 S
11717 1499 S
12769 1499 S
11158 1499 S
11167 1499 S
14038 1499 S
13877 1499 S
14047 1499 S
14048 1499 S
14917 1499 S
14927 1499 S
14367 1499 S
14357 1499 S
14918 1499 S
14358 1499 S
16517 1499 S
15967 1499 S
16198 1499 S
15968 1499 S
15089 1499 S
15156 1499 S
15088 1499 S
15408 1499 S
15409 1499 S
15407 1499 S
16929 1499 S
18823 1500 S
18879 1500 S
18824 1500 S
17463 1500 S
18664 1500 S
18663 1500 S
17784 1500 S
17851 1500 S
16516 1499 S
16449 1499 S
18731 1500 S
18104 1500 S
17852 1500 S
18103 1500 S
18171 1500 S
16982 1499 S
16983 1499 S
17303 1499 S
17648 1499 S
17649 1499 S
17316 1499 S
17078 1499 S
17087 1499 S
17807 1499 S
17304 1499 S
17957 1499 S
17702 1499 S
17797 1499 S
17798 1499 S
17088 1499 S
17956 1499 S
18252 1499 S
18344 1499 S
18342 1499 S
18343 1499 S
18758 1499 S
18251 1499 S
18253 1499 S
18493 1499 S
18502 1499 S
17958 1499 S
18503 1499 S
18768 1499 S
18767 1499 S
19053 1498 S
19051 1498 S
19441 1498 S
19052 1498 S
19520 1498 S
19439 1498 S
19519 1498 S
19464 1498 S
19761 1498 S
19440 1498 S
19542 1498 S
19544 1498 S
19771 1498 S
19772 1498 S
19543 1498 S
19053 1500 S
19052 1500 S
19051 1500 S
19441 1500 S
19464 1500 S
19519 1500 S
19439 1500 S
19440 1500 S
19520 1500 S
19543 1500 S
19761 1500 S
19544 1500 S
19771 1500 S
19772 1500 S
19542 1500 S
19281 1499 S
19280 1499 S
19396 1499 S
19291 1499 S
18838 1499 S
18848 1499 S
18847 1499 S
18972 1499 S
18973 1499 S
18982 1499 S
19213 1499 S
19211 1499 S
19223 1499 S
19200 1499 S
19222 1499 S
19201 1499 S
19638 1499 S
19647 1499 S
19702 1499 S
19839 1499 S
19840 1499 S
19703 1499 S
19704 1499 S
12768 1499 S
20048 1498 S
20289 1498 S
20319 1498 S
20288 1498 S
20342 1498 S
20047 1498 S
20333 1498 S
20024 1498 S
20129 1498 S
20092 1498 S
20093 1498 S
20102 1498 S
20160 1498 S
20159 1498 S
20047 1500 S
20288 1500 S
20048 1500 S
20333 1500 S
20342 1500 S
20289 1500 S
20319 1500 S
20024 1500 S
20093 1500 S
20129 1500 S
20102 1500 S
20092 1500 S
20159 1500 S
20160 1500 S
20480 1499 S
20079 1499 S
20262 1499 S
20038 1499 S
20047 1499 S
20048 1499 S
20481 1499 S
20080 1499 S
20081 1499 S
20118 1499 S
20127 1499 S
20252 1499 S
20253 1499 S
20493 1499 S
20561 1499 S
20560 1499 S
20491 1499 S
20903 1499 S
20904 1499 S
20571 1499 S
20902 1499 S
20664 1499 S
20676 1499 S
20503 1499 S
20678 1499 S
20502 1499 S
20663 1499 S
20917 1499 S
20677 1499 S
20918 1499 S
21327 1499 S
21318 1499 S
21328 1499 S
20927 1499 S
21088 1499 S
21087 1499 S
21089 1499 S
20982 1499 S
20984 1499 S
20983 1499 S
21119 1499 S
21120 1499 S
17303 1499 S
20641 1498 S
20823 1498 S
20880 1498 S
20664 1498 S
20822 1498 S
20881 1498 S
20891 1498 S
20687 1498 S
20663 1498 S
20824 1498 S
21398 1499 S
21532 1499 S
21531 1499 S
21407 1499 S
21533 1499 S
21542 1499 S
21408 1499 S
21771 1499 S
21521 1499 S
21773 1499 S
21761 1499 S
21760 1499 S
21783 1499 S
21782 1499 S
21841 1499 S
21840 1499 S
21168 1498 S
21167 1498 S
21624 1498 S
21372 1498 S
21409 1498 S
21119 1498 S
21121 1498 S
21212 1498 S
21211 1498 S
21144 1498 S
21120 1498 S
22197 1499 S
22183 1499 S
22198 1499 S
22184 1499 S
22264 1499 S
22182 1499 S
22367 1499 S
21407 1498 S
21408 1498 S
22400 1499 S
22399 1499 S
22369 1499 S
22368 1499 S
22677 1499 S
22676 1499 S
22598 1499 S
22758 1499 S
22608 1499 S
22607 1499 S
22767 1499 S
22610 1499 S
22768 1499 S
21647 1498 S
21692 1498 S
21693 1498 S
21702 1498 S
21648 1498 S
21729 1498 S
21760 1498 S
21759 1498 S
22173 1498 S
21943 1498 S
22172 1498 S
21888 1498 S
21889 1498 S
20664 1500 S
20641 1500 S
20822 1500 S
20823 1500 S
20880 1500 S
20881 1500 S
20687 1500 S
20663 1500 S
20891 1500 S
20824 1500 S
22264 1498 S
22287 1498 S
22263 1498 S
22423 1498 S
23800 1499 S
22769 1499 S
22424 1498 S
24200 1499 S
23801 1499 S
22770 1499 S
24279 1499 S
24201 1499 S
22182 1498 S
22422 1498 S
22239 1498 S
22241 1498 S
22491 1498 S
22240 1498 S
23879 1499 S
22481 1498 S
23881 1499 S
22480 1498 S
22688 1498 S
22687 1498 S
23960 1499 S
23959 1499 S
21167 1500 S
21168 1500 S
21372 1500 S
21211 1500 S
21119 1500 S
21121 1500 S
21212 1500 S
21144 1500 S
21120 1500 S
22767 1498 S
22769 1498 S
23143 1498 S
23120 1498 S
22881 1498 S
22732 1498 S
23119 1498 S
23092 1498 S
22768 1498 S
22891 1498 S
22927 1498 S
22892 1498 S
22929 1498 S
22928 1498 S
17303 1499 S
21624 1500 S
21409 1500 S
21407 1500 S
21408 1500 S
23304 1498 S
23332 1498 S
23359 1498 S
23360 1498 S
23327 1498 S
23532 1498 S
23533 1498 S
23542 1498 S
21647 1500 S
21648 1500 S
21702 1500 S
21692 1500 S
21693 1500 S
21760 1500 S
21759 1500 S
21729 1500 S
22173 1500 S
22172 1500 S
21943 1500 S
21888 1500 S
21889 1500 S
20881 1498 S
22263 1500 S
22264 1500 S
22287 1500 S
22182 1500 S
22422 1500 S
22423 1500 S
22424 1500 S
22481 1500 S
22241 1500 S
22687 1500 S
22480 1500 S
22240 1500 S
22239 1500 S
22491 1500 S
22688 1500 S
22769 1500 S
23143 1500 S
23119 1500 S
22767 1500 S
22768 1500 S
22732 1500 S
22881 1500 S
23092 1500 S
23120 1500 S
22927 1500 S
22929 1500 S
22928 1500 S
22891 1500 S
22892 1500 S
23304 1500 S
23360 1500 S
23327 1500 S
23332 1500 S
23359 1500 S
23533 1500 S
23532 1500 S
23542 1500 S
20881 1500 S
24670 1499 S
24669 1499 S
26268 1499 S
24679 1499 S
24680 1499 S
26269 1499 S
26508 1499 S
24681 1499 S
26509 1499 S
26589 1499 S
26510 1499 S
26190 1499 S
23600 1498 S
23601 1498 S
23568 1498 S
23569 1498 S
23567 1498 S
23611 1498 S
23702 1498 S
23730 1498 S
23729 1498 S
23888 1498 S
23887 1498 S
23889 1498 S
23601 1500 S
23568 1500 S
23600 1500 S
23567 1500 S
23611 1500 S
23569 1500 S
23702 1500 S
23730 1500 S
23729 1500 S
23887 1500 S
23888 1500 S
23889 1500 S
26909 1499 S
27288 1499 S
26910 1499 S
27290 1499 S
27768 1499 S
27710 1499 S
27289 1499 S
27309 1499 S
27709 1499 S
27150 1499 S
27308 1499 S
27208 1499 S
27209 1499 S
27850 1499 S
27868 1499 S
27869 1499 S
28250 1499 S
28249 1499 S
28268 1499 S
28808 1499 S
28348 1499 S
28809 1499 S
28330 1499 S
24049 1498 S
24241 1498 S
24092 1498 S
24093 1498 S
23892 1498 S
23961 1498 S
23959 1498 S
23919 1498 S
23921 1498 S
23960 1498 S
23920 1498 S
23931 1498 S
23932 1498 S
28810 1499 S
28988 1499 S
28989 1499 S
29229 1499 S
28910 1499 S
29230 1499 S
28909 1499 S
28968 1499 S
29116 1499 S
28970 1499 S
29308 1499 S
29290 1499 S
29289 1499 S
24251 1498 S
24252 1498 S
24280 1498 S
24279 1498 S
24281 1498 S
24412 1498 S
24264 1498 S
24292 1498 S
24263 1498 S
24287 1498 S
24413 1498 S
24320 1498 S
24422 1498 S
24441 1498 S
24319 1498 S
24092 1500 S
24049 1500 S
24241 1500 S
24093 1500 S
23892 1500 S
23959 1500 S
23960 1500 S
23921 1500 S
23932 1500 S
23961 1500 S
23920 1500 S
23919 1500 S
23931 1500 S
29309 1499 S
29310 1499 S
24653 1498 S
24609 1498 S
24652 1498 S
24599 1498 S
24662 1498 S
24607 1498 S
24612 1498 S
24610 1498 S
24742 1498 S
24611 1498 S
24743 1498 S
24608 1498 S
22239 1498 S
24251 1500 S
24252 1500 S
24280 1500 S
24279 1500 S
24281 1500 S
24264 1500 S
24413 1500 S
24320 1500 S
24412 1500 S
24287 1500 S
24292 1500 S
24263 1500 S
24422 1500 S
24441 1500 S
24319 1500 S
23119 1498 S
24653 1500 S
24662 1500 S
24652 1500 S
24599 1500 S
24610 1500 S
24609 1500 S
24607 1500 S
24612 1500 S
24611 1500 S
24743 1500 S
24742 1500 S
24608 1500 S
22239 1500 S
23119 1500 S
24910 1498 S
24904 1498 S
24921 1498 S
24927 1498 S
24903 1498 S
24919 1498 S
24928 1498 S
24920 1498 S
26669 1498 S
26670 1498 S
27528 1498 S
26748 1498 S
26909 1498 S
26908 1498 S
27529 1498 S
26830 1498 S
27448 1498 S
27530 1498 S
27549 1498 S
27548 1498 S
20881 1498 S
28029 1498 S
27629 1498 S
27688 1498 S
28030 1498 S
27630 1498 S
27948 1498 S
28570 1498 S
27949 1498 S
28088 1498 S
28588 1498 S
27950 1498 S
28510 1498 S
27550 1498 S
24921 1500 S
24919 1500 S
24928 1500 S
24927 1500 S
24903 1500 S
24904 1500 S
24910 1500 S
24920 1500 S
28648 1498 S
28649 1498 S
28728 1498 S
28729 1498 S
28590 1498 S
28589 1498 S
29048 1498 S
29049 1498 S
28730 1498 S
28990 1498 S
29115 1498 S
29116 1498 S
29117 1498 S
26670 1500 S
26748 1500 S
26669 1500 S
26909 1500 S
26908 1500 S
27529 1500 S
27528 1500 S
26830 1500 S
27448 1500 S
27549 1500 S
27548 1500 S
27530 1500 S
20881 1500 S
27629 1500 S
27688 1500 S
28029 1500 S
27630 1500 S
27949 1500 S
28030 1500 S
28570 1500 S
27948 1500 S
28588 1500 S
28088 1500 S
27950 1500 S
28510 1500 S
27550 1500 S
28648 1500 S
28649 1500 S
28728 1500 S
28729 1500 S
28590 1500 S
28730 1500 S
28589 1500 S
29048 1500 S
29049 1500 S
28990 1500 S
29115 1500 S
29116 1500 S
29117 1500 S
22239 1500 S
