13415 1325 F
13414 1325 F
13417 1325 F
13416 1325 F
13422 1325 F
13428 1325 F
13419 1325 F
13418 1325 F
13426 1325 F
13429 1325 F
13427 1325 F
13420 1325 F
13425 1325 F
13423 1325 F
13424 1325 F
13421 1325 F
13436 1325 F
13443 1325 F
13431 1325 F
13430 1325 F
13432 1325 F
13444 1325 F
13439 1325 F
13442 1325 F
13440 1325 F
13434 1325 F
13437 1325 F
13433 1325 F
13435 1325 F
13445 1325 F
13441 1325 F
13438 1325 F
13461 1325 F
13460 1325 F
13446 1325 F
13458 1325 F
13447 1325 F
13457 1325 F
13459 1325 F
13448 1325 F
13456 1325 F
13449 1325 F
13455 1325 F
13454 1325 F
13453 1325 F
13451 1325 F
13450 1325 F
13452 1325 F
13462 1325 F
13464 1325 F
13467 1325 F
13470 1325 F
13465 1325 F
13466 1325 F
13471 1325 F
13468 1325 F
13469 1325 F
13463 1325 F
7857 1330 F
7860 1330 F
7890 1330 F
7893 1330 F
7896 1330 F
7899 1330 F
7903 1330 F
7901 1330 F
7906 1330 F
7909 1330 F
7912 1330 F
7915 1330 F
7917 1330 F
7918 1330 F
7919 1330 F
7930 1330 F
7933 1330 F
7928 1330 F
7920 1330 F
7925 1330 F
7936 1330 F
7939 1330 F
7942 1330 F
7945 1330 F
7944 1330 F
7947 1330 F
7946 1330 F
7956 1330 F
7959 1330 F
7962 1330 F
7965 1330 F
7952 1330 F
