17118 36 F
13607 26 F
13608 26 F
13605 26 F
13609 26 F
13615 26 F
13610 26 F
13606 26 F
13611 26 F
13612 26 F
13614 26 F
13613 26 F
10415 26 F
10414 26 F
14409 26 F
14411 26 F
14410 26 F
16734 26 F
17128 26 F
16735 26 F
17133 26 F
17130 26 F
17132 26 F
17131 26 F
17115 26 F
17117 26 F
17103 26 F
17119 26 F
17118 26 F
14412 26 F
14415 26 F
14413 26 F
14414 26 F
13439 31 F
13437 31 F
17150 31 F
16734 31 F
17134 31 F
16731 31 F
12959 31 F
17119 31 F
17118 31 F
17148 26 F
17150 26 F
17149 26 F
17146 26 F
17147 26 F
17134 26 F
17143 26 F
17135 26 F
17144 26 F
17155 26 F
17151 26 F
17156 26 F
17157 26 F
17158 26 F
17160 26 F
18056 31 F
17159 26 F
17167 31 F
18143 31 F
18153 31 F
18141 31 F
18155 31 F
18142 31 F
17162 26 F
17197 26 F
17198 26 F
17183 26 F
17181 26 F
17164 26 F
17165 26 F
17182 26 F
17163 26 F
17166 26 F
17161 26 F
17199 26 F
17167 26 F
17757 26 F
17758 26 F
18141 26 F
18157 31 F
18174 31 F
18175 31 F
18172 31 F
18184 31 F
18187 31 F
18190 31 F
18169 31 F
27407 31 F
18223 31 F
18222 31 F
18220 31 F
18156 26 F
18157 26 F
18158 26 F
18159 26 F
18142 26 F
18164 26 F
18165 26 F
18163 26 F
18162 26 F
18143 26 F
18150 26 F
18151 26 F
18153 26 F
18152 26 F
18154 26 F
18155 26 F
18166 26 F
18167 26 F
18169 26 F
18168 26 F
18171 26 F
18173 26 F
18170 26 F
18174 26 F
18172 26 F
18175 26 F
18178 26 F
18179 26 F
18181 26 F
18180 26 F
18183 26 F
18182 26 F
18184 26 F
18186 26 F
18185 26 F
18187 26 F
18188 26 F
18189 26 F
18190 26 F
18201 26 F
18191 26 F
18198 26 F
18202 26 F
18204 26 F
18206 26 F
18203 26 F
18207 26 F
18205 26 F
19208 26 F
19210 26 F
19209 26 F
19211 26 F
19212 26 F
19214 26 F
19215 26 F
19213 26 F
18217 26 F
18216 26 F
18218 26 F
18219 26 F
18222 26 F
18220 26 F
18223 26 F
18221 26 F
20206 26 F
20207 26 F
20189 26 F
20188 26 F
20191 26 F
20190 26 F
20203 26 F
20205 26 F
20204 26 F
20219 26 F
20218 26 F
20220 26 F
20185 26 F
20186 26 F
20184 26 F
20187 26 F
20223 26 F
20221 26 F
20222 26 F
24973 26 F
24974 26 F
24975 26 F
24982 26 F
22909 26 F
24967 26 F
22910 26 F
24970 26 F
22911 26 F
24969 26 F
24968 26 F
24972 26 F
24971 26 F
11692 39 F
11693 39 F
11695 39 F
11694 39 F
11691 39 F
15211 39 F
15210 39 F
15209 39 F
15207 39 F
15212 39 F
15203 39 F
15202 39 F
15204 39 F
14398 39 F
13439 31 F
24991 26 F
13437 31 F
26413 26 F
24985 26 F
24986 26 F
24984 26 F
24983 26 F
24987 26 F
24989 26 F
24988 26 F
24990 26 F
14399 39 F
14395 39 F
25001 26 F
17150 31 F
25003 26 F
25004 26 F
25006 26 F
25005 26 F
12959 31 F
25007 26 F
16731 31 F
16734 31 F
17134 31 F
17119 31 F
17118 31 F
18056 31 F
17167 31 F
18142 31 F
18143 31 F
18141 31 F
18153 31 F
18155 31 F
17021 39 F
16750 39 F
16751 39 F
16749 39 F
16727 39 F
16730 39 F
16731 39 F
16735 39 F
16732 39 F
16734 39 F
16729 39 F
16733 39 F
16748 39 F
15213 39 F
15215 39 F
15214 39 F
26414 26 F
26415 26 F
26426 26 F
26427 26 F
26428 26 F
26431 26 F
26430 26 F
27423 26 F
27439 26 F
27436 26 F
27452 26 F
27438 26 F
27453 26 F
27454 26 F
27455 26 F
29034 26 F
17022 39 F
17023 39 F
29035 26 F
29036 26 F
29037 26 F
29038 26 F
29366 26 F
29367 26 F
29368 26 F
29039 26 F
29369 26 F
18174 31 F
18157 31 F
17134 39 F
18175 31 F
17136 39 F
17133 39 F
18184 31 F
18169 31 F
29356 26 F
18187 31 F
29357 26 F
29359 26 F
29363 26 F
29358 26 F
29364 26 F
29365 26 F
17138 39 F
18190 31 F
18172 31 F
17139 39 F
17137 39 F
17135 39 F
17115 39 F
17113 39 F
17114 39 F
17116 39 F
17117 39 F
17119 39 F
17118 39 F
27407 31 F
18223 31 F
18222 31 F
18220 31 F
29384 26 F
29385 26 F
29370 26 F
29371 26 F
29372 26 F
29374 26 F
29375 26 F
29376 26 F
29378 26 F
29373 26 F
29377 26 F
29379 26 F
29380 26 F
29381 26 F
29382 26 F
29383 26 F
17149 39 F
17146 39 F
17145 39 F
17140 39 F
17148 39 F
17150 39 F
17147 39 F
17142 39 F
17141 39 F
17153 39 F
17151 39 F
17144 39 F
17143 39 F
17155 39 F
17156 39 F
17152 39 F
29386 26 F
29388 26 F
29387 26 F
29389 26 F
29390 26 F
29392 26 F
29391 26 F
29393 26 F
29394 26 F
29395 26 F
29396 26 F
29397 26 F
29398 26 F
29399 26 F
29401 26 F
29400 26 F
17195 39 F
17159 39 F
17194 39 F
17182 39 F
17181 39 F
17183 39 F
17158 39 F
17160 39 F
17167 39 F
17157 39 F
17162 39 F
17166 39 F
17164 39 F
17161 39 F
17165 39 F
17163 39 F
29405 26 F
29402 26 F
29403 26 F
29404 26 F
29406 26 F
29407 26 F
17149 44 F
17150 44 F
16734 44 F
17134 44 F
17131 44 F
16731 44 F
17197 39 F
17199 39 F
17198 39 F
17196 39 F
17759 39 F
17758 39 F
18141 39 F
18143 39 F
18142 39 F
18153 39 F
18154 39 F
17167 44 F
18155 39 F
18175 44 F
18174 44 F
18172 44 F
18157 44 F
18187 44 F
18143 44 F
18142 44 F
18156 39 F
18157 39 F
18158 39 F
18159 39 F
18223 44 F
18222 44 F
18220 44 F
18190 44 F
18169 39 F
18168 39 F
18167 39 F
18170 39 F
18172 39 F
18171 39 F
18174 39 F
18173 39 F
18175 39 F
18180 39 F
18181 39 F
18179 39 F
18182 39 F
18183 39 F
18184 39 F
18185 39 F
18186 39 F
18187 39 F
18188 39 F
18189 39 F
18190 39 F
18191 39 F
18202 39 F
18203 39 F
18204 39 F
18205 39 F
18207 39 F
18206 39 F
19198 39 F
19199 39 F
19213 39 F
19214 39 F
19215 39 F
20188 39 F
20181 39 F
20182 39 F
20183 39 F
20184 39 F
20185 39 F
20186 39 F
20187 39 F
18223 39 F
18221 39 F
18222 39 F
20190 39 F
20189 39 F
20191 39 F
20192 39 F
20193 39 F
20194 39 F
20195 39 F
20197 39 F
20196 39 F
20198 39 F
20201 39 F
20200 39 F
20202 39 F
20199 39 F
20203 39 F
20204 39 F
20209 39 F
20206 39 F
20207 39 F
20210 39 F
20211 39 F
20205 39 F
20212 39 F
20214 39 F
20213 39 F
20215 39 F
20217 39 F
20216 39 F
20218 39 F
20220 39 F
20219 39 F
20221 39 F
20222 39 F
23947 39 F
23948 39 F
20223 39 F
23949 39 F
23950 39 F
23951 39 F
29373 52 F
29372 52 F
29374 52 F
29375 52 F
