29048 2 S
29049 2 S
26369 2 S
26368 2 S
29449 104 S
28489 103 S
28488 103 S
28410 103 S
29449 144 S
29048 155 S
29049 155 S
29048 153 S
29049 153 S
26369 155 S
26368 153 S
26368 155 S
26369 153 S
29049 157 S
29048 157 S
26369 157 S
26368 157 S
29048 159 S
29049 159 S
26368 159 S
26369 159 S
29836 161 S
29837 161 S
28488 161 S
28489 161 S
29848 161 S
28410 161 S
29048 163 S
29049 163 S
26368 163 S
26369 163 S
29049 165 S
29048 165 S
26369 165 S
26368 165 S
29049 167 S
29048 167 S
26368 167 S
26369 167 S
29049 169 S
29048 169 S
26369 169 S
29048 173 S
26368 169 S
29049 173 S
26368 173 S
26369 173 S
29049 171 S
29048 171 S
26369 171 S
26368 171 S
29048 175 S
29049 175 S
26368 175 S
26369 175 S
26369 181 S
28488 194 S
28489 194 S
28410 194 S
28489 240 S
29836 240 S
29837 240 S
28488 240 S
28410 240 S
29848 240 S
28488 254 S
29836 254 S
29837 254 S
28489 254 S
29848 254 S
28410 254 S
