=========Notice: Full run mode=========
current_playwright_page_split_num is 1
=======================================
🏊 create_context_pools[first] (5x16): 0.647s
Testing: csp_id=5, page_id=0, browser=Chrome
Testing: csp_id=5, page_id=100, browser=Chrome
Testing: csp_id=5, page_id=200, browser=Chrome
Testing: csp_id=5, page_id=300, browser=Chrome
Testing: csp_id=5, page_id=400, browser=Chrome
Testing: csp_id=5, page_id=500, browser=Chrome
Testing: csp_id=5, page_id=600, browser=Chrome
Testing: csp_id=5, page_id=700, browser=Chrome
Testing: csp_id=5, page_id=800, browser=Chrome
Testing: csp_id=5, page_id=900, browser=Chrome
Testing: csp_id=5, page_id=1000, browser=Chrome
Testing: csp_id=5, page_id=1100, browser=Chrome
Testing: csp_id=5, page_id=1200, browser=Chrome
Testing: csp_id=5, page_id=1300, browser=Chrome
Testing: csp_id=5, page_id=1400, browser=Chrome
Testing: csp_id=5, page_id=1500, browser=Chrome
Testing: csp_id=5, page_id=1600, browser=Chrome
Testing: csp_id=5, page_id=1700, browser=Chrome
Testing: csp_id=5, page_id=1800, browser=Chrome
Testing: csp_id=5, page_id=1900, browser=Chrome
Testing: csp_id=5, page_id=2000, browser=Chrome
Testing: csp_id=5, page_id=2100, browser=Chrome
Testing: csp_id=5, page_id=2200, browser=Chrome
Testing: csp_id=5, page_id=2300, browser=Chrome
Testing: csp_id=5, page_id=2400, browser=Chrome
Testing: csp_id=5, page_id=2500, browser=Chrome
Testing: csp_id=5, page_id=2600, browser=Chrome
Testing: csp_id=5, page_id=2700, browser=Chrome
Testing: csp_id=5, page_id=2800, browser=Chrome
Testing: csp_id=5, page_id=2900, browser=Chrome
Testing: csp_id=5, page_id=3000, browser=Chrome
Testing: csp_id=5, page_id=3100, browser=Chrome
Testing: csp_id=5, page_id=3200, browser=Chrome
Testing: csp_id=5, page_id=3300, browser=Chrome
Testing: csp_id=5, page_id=3400, browser=Chrome
Testing: csp_id=5, page_id=3500, browser=Chrome
Testing: csp_id=5, page_id=3600, browser=Chrome
Testing: csp_id=5, page_id=3700, browser=Chrome
Testing: csp_id=5, page_id=3800, browser=Chrome
Testing: csp_id=5, page_id=3900, browser=Chrome
Testing: csp_id=5, page_id=4000, browser=Chrome
Testing: csp_id=5, page_id=4100, browser=Chrome
Testing: csp_id=5, page_id=4200, browser=Chrome
Testing: csp_id=5, page_id=4300, browser=Chrome
Testing: csp_id=5, page_id=4400, browser=Chrome
Testing: csp_id=5, page_id=4500, browser=Chrome
Testing: csp_id=5, page_id=4600, browser=Chrome
Testing: csp_id=5, page_id=4700, browser=Chrome
Testing: csp_id=5, page_id=4800, browser=Chrome
Testing: csp_id=5, page_id=4900, browser=Chrome
Testing: csp_id=5, page_id=5000, browser=Chrome
Testing: csp_id=5, page_id=5100, browser=Chrome
Testing: csp_id=5, page_id=5200, browser=Chrome
Testing: csp_id=5, page_id=5300, browser=Chrome
Testing: csp_id=5, page_id=5400, browser=Chrome
Testing: csp_id=5, page_id=5500, browser=Chrome
Testing: csp_id=5, page_id=5600, browser=Chrome
Testing: csp_id=5, page_id=5700, browser=Chrome
Testing: csp_id=5, page_id=5800, browser=Chrome
Testing: csp_id=5, page_id=5900, browser=Chrome
Testing: csp_id=5, page_id=6000, browser=Chrome
Testing: csp_id=5, page_id=6100, browser=Chrome
Testing: csp_id=5, page_id=6200, browser=Chrome
Testing: csp_id=5, page_id=6300, browser=Chrome
Testing: csp_id=5, page_id=6400, browser=Chrome
Testing: csp_id=5, page_id=6500, browser=Chrome
Testing: csp_id=5, page_id=6600, browser=Chrome
Testing: csp_id=5, page_id=6700, browser=Chrome
Testing: csp_id=5, page_id=6800, browser=Chrome
Testing: csp_id=5, page_id=6900, browser=Chrome
Testing: csp_id=5, page_id=7000, browser=Chrome
Testing: csp_id=5, page_id=7100, browser=Chrome
Testing: csp_id=5, page_id=7200, browser=Chrome
Testing: csp_id=5, page_id=7300, browser=Chrome
Testing: csp_id=5, page_id=7400, browser=Chrome
Testing: csp_id=5, page_id=7500, browser=Chrome
Testing: csp_id=5, page_id=7600, browser=Chrome
Testing: csp_id=5, page_id=7700, browser=Chrome
Testing: csp_id=5, page_id=7800, browser=Chrome
Testing: csp_id=5, page_id=7900, browser=Chrome
Testing: csp_id=5, page_id=8000, browser=Chrome
Testing: csp_id=5, page_id=8100, browser=Chrome
Testing: csp_id=5, page_id=8200, browser=Chrome
Testing: csp_id=5, page_id=8300, browser=Chrome
Testing: csp_id=5, page_id=8400, browser=Chrome
Testing: csp_id=5, page_id=8500, browser=Chrome
Testing: csp_id=5, page_id=8600, browser=Chrome
Testing: csp_id=5, page_id=8700, browser=Chrome
Testing: csp_id=5, page_id=8800, browser=Chrome
Testing: csp_id=5, page_id=8900, browser=Chrome
Testing: csp_id=5, page_id=9000, browser=Chrome
Testing: csp_id=5, page_id=9100, browser=Chrome
Testing: csp_id=5, page_id=9200, browser=Chrome
Testing: csp_id=5, page_id=9300, browser=Chrome
Testing: csp_id=5, page_id=9400, browser=Chrome
Testing: csp_id=5, page_id=9500, browser=Chrome
Testing: csp_id=5, page_id=9600, browser=Chrome
Testing: csp_id=5, page_id=9700, browser=Chrome
Testing: csp_id=5, page_id=9800, browser=Chrome
Testing: csp_id=5, page_id=9900, browser=Chrome
Testing: csp_id=5, page_id=10000, browser=Chrome
Testing: csp_id=5, page_id=10100, browser=Chrome
Testing: csp_id=5, page_id=10200, browser=Chrome
Testing: csp_id=5, page_id=10300, browser=Chrome
Testing: csp_id=5, page_id=10400, browser=Chrome
Testing: csp_id=5, page_id=10500, browser=Chrome
Testing: csp_id=5, page_id=10600, browser=Chrome
Testing: csp_id=5, page_id=10700, browser=Chrome
Testing: csp_id=5, page_id=10800, browser=Chrome
Testing: csp_id=5, page_id=10900, browser=Chrome
Testing: csp_id=5, page_id=11000, browser=Chrome
Testing: csp_id=5, page_id=11100, browser=Chrome
Testing: csp_id=5, page_id=11200, browser=Chrome
Testing: csp_id=5, page_id=11300, browser=Chrome
Testing: csp_id=5, page_id=11400, browser=Chrome
Testing: csp_id=5, page_id=11500, browser=Chrome
Testing: csp_id=5, page_id=11600, browser=Chrome
Testing: csp_id=5, page_id=11700, browser=Chrome
Testing: csp_id=5, page_id=11800, browser=Chrome
Testing: csp_id=5, page_id=11900, browser=Chrome
Testing: csp_id=5, page_id=12000, browser=Chrome
Testing: csp_id=5, page_id=12100, browser=Chrome
Testing: csp_id=5, page_id=12200, browser=Chrome
Testing: csp_id=5, page_id=12300, browser=Chrome
Testing: csp_id=5, page_id=12400, browser=Chrome
Testing: csp_id=5, page_id=12500, browser=Chrome
Testing: csp_id=5, page_id=12600, browser=Chrome
Testing: csp_id=5, page_id=12700, browser=Chrome
Testing: csp_id=5, page_id=12800, browser=Chrome
Testing: csp_id=5, page_id=12900, browser=Chrome
Testing: csp_id=5, page_id=13000, browser=Chrome
Testing: csp_id=5, page_id=13100, browser=Chrome
Testing: csp_id=5, page_id=13200, browser=Chrome
Testing: csp_id=5, page_id=13300, browser=Chrome
Testing: csp_id=5, page_id=13400, browser=Chrome
Testing: csp_id=5, page_id=13500, browser=Chrome
Testing: csp_id=5, page_id=13600, browser=Chrome
Testing: csp_id=5, page_id=13700, browser=Chrome
Testing: csp_id=5, page_id=13800, browser=Chrome
Testing: csp_id=5, page_id=13900, browser=Chrome
Testing: csp_id=5, page_id=14000, browser=Chrome
Testing: csp_id=5, page_id=14100, browser=Chrome
Testing: csp_id=5, page_id=14200, browser=Chrome
Testing: csp_id=5, page_id=14300, browser=Chrome
Testing: csp_id=5, page_id=14400, browser=Chrome
Testing: csp_id=5, page_id=14500, browser=Chrome
Testing: csp_id=5, page_id=14600, browser=Chrome
Testing: csp_id=5, page_id=14700, browser=Chrome
Testing: csp_id=5, page_id=14800, browser=Chrome
Testing: csp_id=5, page_id=14900, browser=Chrome
Testing: csp_id=5, page_id=15000, browser=Chrome
Testing: csp_id=5, page_id=15100, browser=Chrome
Testing: csp_id=5, page_id=15200, browser=Chrome
Testing: csp_id=5, page_id=15300, browser=Chrome
Testing: csp_id=5, page_id=15400, browser=Chrome
Testing: csp_id=5, page_id=15500, browser=Chrome
Testing: csp_id=5, page_id=15600, browser=Chrome
Testing: csp_id=5, page_id=15700, browser=Chrome
Testing: csp_id=5, page_id=15800, browser=Chrome
Testing: csp_id=5, page_id=15900, browser=Chrome
Testing: csp_id=5, page_id=16000, browser=Chrome
Testing: csp_id=5, page_id=16100, browser=Chrome
Testing: csp_id=5, page_id=16200, browser=Chrome
Testing: csp_id=5, page_id=16300, browser=Chrome
Testing: csp_id=5, page_id=16400, browser=Chrome
Testing: csp_id=5, page_id=16500, browser=Chrome
Testing: csp_id=5, page_id=16600, browser=Chrome
Testing: csp_id=5, page_id=16700, browser=Chrome
Testing: csp_id=5, page_id=16800, browser=Chrome
Testing: csp_id=5, page_id=16900, browser=Chrome
Testing: csp_id=5, page_id=17000, browser=Chrome
Testing: csp_id=5, page_id=17100, browser=Chrome
Testing: csp_id=5, page_id=17200, browser=Chrome
Testing: csp_id=5, page_id=17300, browser=Chrome
Testing: csp_id=5, page_id=17400, browser=Chrome
Testing: csp_id=5, page_id=17500, browser=Chrome
Testing: csp_id=5, page_id=17600, browser=Chrome
Testing: csp_id=5, page_id=17700, browser=Chrome
Testing: csp_id=5, page_id=17800, browser=Chrome
Testing: csp_id=5, page_id=17900, browser=Chrome
Testing: csp_id=5, page_id=18000, browser=Chrome
Testing: csp_id=5, page_id=18100, browser=Chrome
Testing: csp_id=5, page_id=18200, browser=Chrome
Testing: csp_id=5, page_id=18300, browser=Chrome
Testing: csp_id=5, page_id=18400, browser=Chrome
Testing: csp_id=5, page_id=18500, browser=Chrome
Testing: csp_id=5, page_id=18600, browser=Chrome
Testing: csp_id=5, page_id=18700, browser=Chrome
Testing: csp_id=5, page_id=18800, browser=Chrome
Testing: csp_id=5, page_id=18900, browser=Chrome
Testing: csp_id=5, page_id=19000, browser=Chrome
Testing: csp_id=5, page_id=19100, browser=Chrome
Testing: csp_id=5, page_id=19200, browser=Chrome
Testing: csp_id=5, page_id=19300, browser=Chrome
Testing: csp_id=5, page_id=19400, browser=Chrome
Testing: csp_id=5, page_id=19500, browser=Chrome
Testing: csp_id=5, page_id=19600, browser=Chrome
Testing: csp_id=5, page_id=19700, browser=Chrome
Testing: csp_id=5, page_id=19800, browser=Chrome
Testing: csp_id=5, page_id=19900, browser=Chrome
Testing: csp_id=5, page_id=20000, browser=Chrome
Testing: csp_id=5, page_id=20100, browser=Chrome
Testing: csp_id=5, page_id=20200, browser=Chrome
Testing: csp_id=5, page_id=20300, browser=Chrome
Testing: csp_id=5, page_id=20400, browser=Chrome
Testing: csp_id=5, page_id=20500, browser=Chrome
Testing: csp_id=5, page_id=20600, browser=Chrome
Testing: csp_id=5, page_id=20700, browser=Chrome
Testing: csp_id=5, page_id=20800, browser=Chrome
Testing: csp_id=5, page_id=20900, browser=Chrome
Testing: csp_id=5, page_id=21000, browser=Chrome
Testing: csp_id=5, page_id=21100, browser=Chrome
Testing: csp_id=5, page_id=21200, browser=Chrome
Testing: csp_id=5, page_id=21300, browser=Chrome
Testing: csp_id=5, page_id=21400, browser=Chrome
Testing: csp_id=5, page_id=21500, browser=Chrome
Testing: csp_id=5, page_id=21600, browser=Chrome
Testing: csp_id=5, page_id=21700, browser=Chrome
Testing: csp_id=5, page_id=21800, browser=Chrome
Testing: csp_id=5, page_id=21900, browser=Chrome
Testing: csp_id=5, page_id=22000, browser=Chrome
Testing: csp_id=5, page_id=22100, browser=Chrome
Testing: csp_id=5, page_id=22200, browser=Chrome
Testing: csp_id=5, page_id=22300, browser=Chrome
Testing: csp_id=5, page_id=22400, browser=Chrome
Testing: csp_id=5, page_id=22500, browser=Chrome
Testing: csp_id=5, page_id=22600, browser=Chrome
Testing: csp_id=5, page_id=22700, browser=Chrome
Testing: csp_id=5, page_id=22800, browser=Chrome
Testing: csp_id=5, page_id=22900, browser=Chrome
Testing: csp_id=5, page_id=23000, browser=Chrome
Testing: csp_id=5, page_id=23100, browser=Chrome
Testing: csp_id=5, page_id=23200, browser=Chrome
Testing: csp_id=5, page_id=23300, browser=Chrome
Testing: csp_id=5, page_id=23400, browser=Chrome
Testing: csp_id=5, page_id=23500, browser=Chrome
Testing: csp_id=5, page_id=23600, browser=Chrome
Testing: csp_id=5, page_id=23700, browser=Chrome
Testing: csp_id=5, page_id=23800, browser=Chrome
Testing: csp_id=5, page_id=23900, browser=Chrome
Testing: csp_id=5, page_id=24000, browser=Chrome
Testing: csp_id=5, page_id=24100, browser=Chrome
Testing: csp_id=5, page_id=24200, browser=Chrome
Testing: csp_id=5, page_id=24300, browser=Chrome
Testing: csp_id=5, page_id=24400, browser=Chrome
Testing: csp_id=5, page_id=24500, browser=Chrome
Testing: csp_id=5, page_id=24600, browser=Chrome
Testing: csp_id=5, page_id=24700, browser=Chrome
Testing: csp_id=5, page_id=24800, browser=Chrome
Testing: csp_id=5, page_id=24900, browser=Chrome
Testing: csp_id=5, page_id=25000, browser=Chrome
Testing: csp_id=5, page_id=25100, browser=Chrome
Testing: csp_id=5, page_id=25200, browser=Chrome
Testing: csp_id=5, page_id=25300, browser=Chrome
Testing: csp_id=5, page_id=25400, browser=Chrome
Testing: csp_id=5, page_id=25500, browser=Chrome
Testing: csp_id=5, page_id=25600, browser=Chrome
Testing: csp_id=5, page_id=25700, browser=Chrome
Testing: csp_id=5, page_id=25800, browser=Chrome
Testing: csp_id=5, page_id=25900, browser=Chrome
Testing: csp_id=5, page_id=26000, browser=Chrome
Testing: csp_id=5, page_id=26100, browser=Chrome
Testing: csp_id=5, page_id=26200, browser=Chrome
Testing: csp_id=5, page_id=26300, browser=Chrome
Testing: csp_id=5, page_id=26400, browser=Chrome
Testing: csp_id=5, page_id=26500, browser=Chrome
Testing: csp_id=5, page_id=26600, browser=Chrome
Testing: csp_id=5, page_id=26700, browser=Chrome
Testing: csp_id=5, page_id=26800, browser=Chrome
Testing: csp_id=5, page_id=26900, browser=Chrome
Testing: csp_id=5, page_id=27000, browser=Chrome
Testing: csp_id=5, page_id=27100, browser=Chrome
Testing: csp_id=5, page_id=27200, browser=Chrome
Testing: csp_id=5, page_id=27300, browser=Chrome
Testing: csp_id=5, page_id=27400, browser=Chrome
Testing: csp_id=5, page_id=27500, browser=Chrome
Testing: csp_id=5, page_id=27600, browser=Chrome
Testing: csp_id=5, page_id=27700, browser=Chrome
Testing: csp_id=5, page_id=27800, browser=Chrome
Testing: csp_id=5, page_id=27900, browser=Chrome
Testing: csp_id=5, page_id=28000, browser=Chrome
Testing: csp_id=5, page_id=28100, browser=Chrome
Testing: csp_id=5, page_id=28200, browser=Chrome
Testing: csp_id=5, page_id=28300, browser=Chrome
Testing: csp_id=5, page_id=28400, browser=Chrome
Testing: csp_id=5, page_id=28500, browser=Chrome
Testing: csp_id=5, page_id=28600, browser=Chrome
Testing: csp_id=5, page_id=28700, browser=Chrome
Testing: csp_id=5, page_id=28800, browser=Chrome
Testing: csp_id=5, page_id=28900, browser=Chrome
Testing: csp_id=5, page_id=29000, browser=Chrome
Testing: csp_id=5, page_id=29100, browser=Chrome
Testing: csp_id=5, page_id=29200, browser=Chrome
Testing: csp_id=5, page_id=29300, browser=Chrome
Testing: csp_id=5, page_id=29400, browser=Chrome
Testing: csp_id=5, page_id=29500, browser=Chrome
Testing: csp_id=5, page_id=29600, browser=Chrome
Testing: csp_id=5, page_id=29700, browser=Chrome
Testing: csp_id=5, page_id=29800, browser=Chrome
🏊 create_context_pools[first] (5x16): 0.412s
Testing: csp_id=22, page_id=0, browser=Chrome
Testing: csp_id=22, page_id=100, browser=Chrome
Testing: csp_id=22, page_id=200, browser=Chrome
Testing: csp_id=22, page_id=300, browser=Chrome
Testing: csp_id=22, page_id=400, browser=Chrome
Testing: csp_id=22, page_id=500, browser=Chrome
Testing: csp_id=22, page_id=600, browser=Chrome
Testing: csp_id=22, page_id=700, browser=Chrome
Testing: csp_id=22, page_id=800, browser=Chrome
Testing: csp_id=22, page_id=900, browser=Chrome
Testing: csp_id=22, page_id=1000, browser=Chrome
Testing: csp_id=22, page_id=1100, browser=Chrome
Testing: csp_id=22, page_id=1200, browser=Chrome
Testing: csp_id=22, page_id=1300, browser=Chrome
Testing: csp_id=22, page_id=1400, browser=Chrome
Testing: csp_id=22, page_id=1500, browser=Chrome
Testing: csp_id=22, page_id=1600, browser=Chrome
Testing: csp_id=22, page_id=1700, browser=Chrome
Testing: csp_id=22, page_id=1800, browser=Chrome
Testing: csp_id=22, page_id=1900, browser=Chrome
Testing: csp_id=22, page_id=2000, browser=Chrome
Testing: csp_id=22, page_id=2100, browser=Chrome
Testing: csp_id=22, page_id=2200, browser=Chrome
Testing: csp_id=22, page_id=2300, browser=Chrome
Testing: csp_id=22, page_id=2400, browser=Chrome
Testing: csp_id=22, page_id=2500, browser=Chrome
Testing: csp_id=22, page_id=2600, browser=Chrome
Testing: csp_id=22, page_id=2700, browser=Chrome
Testing: csp_id=22, page_id=2800, browser=Chrome
Testing: csp_id=22, page_id=2900, browser=Chrome
Testing: csp_id=22, page_id=3000, browser=Chrome
Testing: csp_id=22, page_id=3100, browser=Chrome
Testing: csp_id=22, page_id=3200, browser=Chrome
Testing: csp_id=22, page_id=3300, browser=Chrome
Testing: csp_id=22, page_id=3400, browser=Chrome
Testing: csp_id=22, page_id=3500, browser=Chrome
Testing: csp_id=22, page_id=3600, browser=Chrome
Testing: csp_id=22, page_id=3700, browser=Chrome
Testing: csp_id=22, page_id=3800, browser=Chrome
Testing: csp_id=22, page_id=3900, browser=Chrome
Testing: csp_id=22, page_id=4000, browser=Chrome
Testing: csp_id=22, page_id=4100, browser=Chrome
Testing: csp_id=22, page_id=4200, browser=Chrome
Testing: csp_id=22, page_id=4300, browser=Chrome
Testing: csp_id=22, page_id=4400, browser=Chrome
Testing: csp_id=22, page_id=4500, browser=Chrome
Testing: csp_id=22, page_id=4600, browser=Chrome
Testing: csp_id=22, page_id=4700, browser=Chrome
Testing: csp_id=22, page_id=4800, browser=Chrome
Testing: csp_id=22, page_id=4900, browser=Chrome
Testing: csp_id=22, page_id=5000, browser=Chrome
Testing: csp_id=22, page_id=5100, browser=Chrome
Testing: csp_id=22, page_id=5200, browser=Chrome
Testing: csp_id=22, page_id=5300, browser=Chrome
Testing: csp_id=22, page_id=5400, browser=Chrome
Testing: csp_id=22, page_id=5500, browser=Chrome
Testing: csp_id=22, page_id=5600, browser=Chrome
Testing: csp_id=22, page_id=5700, browser=Chrome
Testing: csp_id=22, page_id=5800, browser=Chrome
Testing: csp_id=22, page_id=5900, browser=Chrome
Testing: csp_id=22, page_id=6000, browser=Chrome
Testing: csp_id=22, page_id=6100, browser=Chrome
Testing: csp_id=22, page_id=6200, browser=Chrome
Testing: csp_id=22, page_id=6300, browser=Chrome
Testing: csp_id=22, page_id=6400, browser=Chrome
Testing: csp_id=22, page_id=6500, browser=Chrome
Testing: csp_id=22, page_id=6600, browser=Chrome
Testing: csp_id=22, page_id=6700, browser=Chrome
Testing: csp_id=22, page_id=6800, browser=Chrome
Testing: csp_id=22, page_id=6900, browser=Chrome
Testing: csp_id=22, page_id=7000, browser=Chrome
Testing: csp_id=22, page_id=7100, browser=Chrome
Testing: csp_id=22, page_id=7200, browser=Chrome
Testing: csp_id=22, page_id=7300, browser=Chrome
Testing: csp_id=22, page_id=7400, browser=Chrome
Testing: csp_id=22, page_id=7500, browser=Chrome
Testing: csp_id=22, page_id=7600, browser=Chrome
Testing: csp_id=22, page_id=7700, browser=Chrome
Testing: csp_id=22, page_id=7800, browser=Chrome
Testing: csp_id=22, page_id=7900, browser=Chrome
Testing: csp_id=22, page_id=8000, browser=Chrome
Testing: csp_id=22, page_id=8100, browser=Chrome
Testing: csp_id=22, page_id=8200, browser=Chrome
Testing: csp_id=22, page_id=8300, browser=Chrome
Testing: csp_id=22, page_id=8400, browser=Chrome
Testing: csp_id=22, page_id=8500, browser=Chrome
Testing: csp_id=22, page_id=8600, browser=Chrome
Testing: csp_id=22, page_id=8700, browser=Chrome
Testing: csp_id=22, page_id=8800, browser=Chrome
Testing: csp_id=22, page_id=8900, browser=Chrome
Testing: csp_id=22, page_id=9000, browser=Chrome
Testing: csp_id=22, page_id=9100, browser=Chrome
Testing: csp_id=22, page_id=9200, browser=Chrome
Testing: csp_id=22, page_id=9300, browser=Chrome
Testing: csp_id=22, page_id=9400, browser=Chrome
Testing: csp_id=22, page_id=9500, browser=Chrome
Testing: csp_id=22, page_id=9600, browser=Chrome
Testing: csp_id=22, page_id=9700, browser=Chrome
Testing: csp_id=22, page_id=9800, browser=Chrome
Testing: csp_id=22, page_id=9900, browser=Chrome
Testing: csp_id=22, page_id=10000, browser=Chrome
Testing: csp_id=22, page_id=10100, browser=Chrome
Testing: csp_id=22, page_id=10200, browser=Chrome
Testing: csp_id=22, page_id=10300, browser=Chrome
Testing: csp_id=22, page_id=10400, browser=Chrome
Testing: csp_id=22, page_id=10500, browser=Chrome
Testing: csp_id=22, page_id=10600, browser=Chrome
Testing: csp_id=22, page_id=10700, browser=Chrome
Testing: csp_id=22, page_id=10800, browser=Chrome
Testing: csp_id=22, page_id=10900, browser=Chrome
Testing: csp_id=22, page_id=11000, browser=Chrome
Testing: csp_id=22, page_id=11100, browser=Chrome
Testing: csp_id=22, page_id=11200, browser=Chrome
Testing: csp_id=22, page_id=11300, browser=Chrome
Testing: csp_id=22, page_id=11400, browser=Chrome
Testing: csp_id=22, page_id=11500, browser=Chrome
Testing: csp_id=22, page_id=11600, browser=Chrome
Testing: csp_id=22, page_id=11700, browser=Chrome
Testing: csp_id=22, page_id=11800, browser=Chrome
Testing: csp_id=22, page_id=11900, browser=Chrome
Testing: csp_id=22, page_id=12000, browser=Chrome
Testing: csp_id=22, page_id=12100, browser=Chrome
Testing: csp_id=22, page_id=12200, browser=Chrome
Testing: csp_id=22, page_id=12300, browser=Chrome
Testing: csp_id=22, page_id=12400, browser=Chrome
Testing: csp_id=22, page_id=12500, browser=Chrome
Testing: csp_id=22, page_id=12600, browser=Chrome
Testing: csp_id=22, page_id=12700, browser=Chrome
Testing: csp_id=22, page_id=12800, browser=Chrome
Testing: csp_id=22, page_id=12900, browser=Chrome
Testing: csp_id=22, page_id=13000, browser=Chrome
Testing: csp_id=22, page_id=13100, browser=Chrome
Testing: csp_id=22, page_id=13200, browser=Chrome
Testing: csp_id=22, page_id=13300, browser=Chrome
Testing: csp_id=22, page_id=13400, browser=Chrome
Testing: csp_id=22, page_id=13500, browser=Chrome
Testing: csp_id=22, page_id=13600, browser=Chrome
Testing: csp_id=22, page_id=13700, browser=Chrome
Testing: csp_id=22, page_id=13800, browser=Chrome
Testing: csp_id=22, page_id=13900, browser=Chrome
Testing: csp_id=22, page_id=14000, browser=Chrome
Testing: csp_id=22, page_id=14100, browser=Chrome
Testing: csp_id=22, page_id=14200, browser=Chrome
Testing: csp_id=22, page_id=14300, browser=Chrome
Testing: csp_id=22, page_id=14400, browser=Chrome
Testing: csp_id=22, page_id=14500, browser=Chrome
Testing: csp_id=22, page_id=14600, browser=Chrome
Testing: csp_id=22, page_id=14700, browser=Chrome
Testing: csp_id=22, page_id=14800, browser=Chrome
Testing: csp_id=22, page_id=14900, browser=Chrome
Testing: csp_id=22, page_id=15000, browser=Chrome
Testing: csp_id=22, page_id=15100, browser=Chrome
Testing: csp_id=22, page_id=15200, browser=Chrome
Testing: csp_id=22, page_id=15300, browser=Chrome
Testing: csp_id=22, page_id=15400, browser=Chrome
Testing: csp_id=22, page_id=15500, browser=Chrome
Testing: csp_id=22, page_id=15600, browser=Chrome
Testing: csp_id=22, page_id=15700, browser=Chrome
Testing: csp_id=22, page_id=15800, browser=Chrome
Testing: csp_id=22, page_id=15900, browser=Chrome
Testing: csp_id=22, page_id=16000, browser=Chrome
Testing: csp_id=22, page_id=16100, browser=Chrome
Testing: csp_id=22, page_id=16200, browser=Chrome
Testing: csp_id=22, page_id=16300, browser=Chrome
Testing: csp_id=22, page_id=16400, browser=Chrome
Testing: csp_id=22, page_id=16500, browser=Chrome
Testing: csp_id=22, page_id=16600, browser=Chrome
Testing: csp_id=22, page_id=16700, browser=Chrome
Testing: csp_id=22, page_id=16800, browser=Chrome
Testing: csp_id=22, page_id=16900, browser=Chrome
Testing: csp_id=22, page_id=17000, browser=Chrome
Testing: csp_id=22, page_id=17100, browser=Chrome
Testing: csp_id=22, page_id=17200, browser=Chrome
Testing: csp_id=22, page_id=17300, browser=Chrome
Testing: csp_id=22, page_id=17400, browser=Chrome
Testing: csp_id=22, page_id=17500, browser=Chrome
Testing: csp_id=22, page_id=17600, browser=Chrome
Testing: csp_id=22, page_id=17700, browser=Chrome
Testing: csp_id=22, page_id=17800, browser=Chrome
Testing: csp_id=22, page_id=17900, browser=Chrome
Testing: csp_id=22, page_id=18000, browser=Chrome
Testing: csp_id=22, page_id=18100, browser=Chrome
Testing: csp_id=22, page_id=18200, browser=Chrome
Testing: csp_id=22, page_id=18300, browser=Chrome
Testing: csp_id=22, page_id=18400, browser=Chrome
Testing: csp_id=22, page_id=18500, browser=Chrome
Testing: csp_id=22, page_id=18600, browser=Chrome
Testing: csp_id=22, page_id=18700, browser=Chrome
Testing: csp_id=22, page_id=18800, browser=Chrome
Testing: csp_id=22, page_id=18900, browser=Chrome
Testing: csp_id=22, page_id=19000, browser=Chrome
Testing: csp_id=22, page_id=19100, browser=Chrome
Testing: csp_id=22, page_id=19200, browser=Chrome
Testing: csp_id=22, page_id=19300, browser=Chrome
Testing: csp_id=22, page_id=19400, browser=Chrome
Testing: csp_id=22, page_id=19500, browser=Chrome
Testing: csp_id=22, page_id=19600, browser=Chrome
Testing: csp_id=22, page_id=19700, browser=Chrome
Testing: csp_id=22, page_id=19800, browser=Chrome
Testing: csp_id=22, page_id=19900, browser=Chrome
Testing: csp_id=22, page_id=20000, browser=Chrome
Testing: csp_id=22, page_id=20100, browser=Chrome
Testing: csp_id=22, page_id=20200, browser=Chrome
Testing: csp_id=22, page_id=20300, browser=Chrome
Testing: csp_id=22, page_id=20400, browser=Chrome
Testing: csp_id=22, page_id=20500, browser=Chrome
Testing: csp_id=22, page_id=20600, browser=Chrome
Testing: csp_id=22, page_id=20700, browser=Chrome
Testing: csp_id=22, page_id=20800, browser=Chrome
Testing: csp_id=22, page_id=20900, browser=Chrome
Testing: csp_id=22, page_id=21000, browser=Chrome
Testing: csp_id=22, page_id=21100, browser=Chrome
Testing: csp_id=22, page_id=21200, browser=Chrome
Testing: csp_id=22, page_id=21300, browser=Chrome
Testing: csp_id=22, page_id=21400, browser=Chrome
Testing: csp_id=22, page_id=21500, browser=Chrome
Testing: csp_id=22, page_id=21600, browser=Chrome
Testing: csp_id=22, page_id=21700, browser=Chrome
Testing: csp_id=22, page_id=21800, browser=Chrome
Testing: csp_id=22, page_id=21900, browser=Chrome
Testing: csp_id=22, page_id=22000, browser=Chrome
Testing: csp_id=22, page_id=22100, browser=Chrome
Testing: csp_id=22, page_id=22200, browser=Chrome
Testing: csp_id=22, page_id=22300, browser=Chrome
Testing: csp_id=22, page_id=22400, browser=Chrome
Testing: csp_id=22, page_id=22500, browser=Chrome
Testing: csp_id=22, page_id=22600, browser=Chrome
Testing: csp_id=22, page_id=22700, browser=Chrome
Testing: csp_id=22, page_id=22800, browser=Chrome
Testing: csp_id=22, page_id=22900, browser=Chrome
Testing: csp_id=22, page_id=23000, browser=Chrome
Testing: csp_id=22, page_id=23100, browser=Chrome
Testing: csp_id=22, page_id=23200, browser=Chrome
Testing: csp_id=22, page_id=23300, browser=Chrome
Testing: csp_id=22, page_id=23400, browser=Chrome
Testing: csp_id=22, page_id=23500, browser=Chrome
Testing: csp_id=22, page_id=23600, browser=Chrome
Testing: csp_id=22, page_id=23700, browser=Chrome
Testing: csp_id=22, page_id=23800, browser=Chrome
Testing: csp_id=22, page_id=23900, browser=Chrome
Testing: csp_id=22, page_id=24000, browser=Chrome
Testing: csp_id=22, page_id=24100, browser=Chrome
Testing: csp_id=22, page_id=24200, browser=Chrome
Testing: csp_id=22, page_id=24300, browser=Chrome
Testing: csp_id=22, page_id=24400, browser=Chrome
Testing: csp_id=22, page_id=24500, browser=Chrome
Testing: csp_id=22, page_id=24600, browser=Chrome
Testing: csp_id=22, page_id=24700, browser=Chrome
Testing: csp_id=22, page_id=24800, browser=Chrome
Testing: csp_id=22, page_id=24900, browser=Chrome
Testing: csp_id=22, page_id=25000, browser=Chrome
Testing: csp_id=22, page_id=25100, browser=Chrome
Testing: csp_id=22, page_id=25200, browser=Chrome
Testing: csp_id=22, page_id=25300, browser=Chrome
Testing: csp_id=22, page_id=25400, browser=Chrome
Testing: csp_id=22, page_id=25500, browser=Chrome
Testing: csp_id=22, page_id=25600, browser=Chrome
Testing: csp_id=22, page_id=25700, browser=Chrome
Testing: csp_id=22, page_id=25800, browser=Chrome
Testing: csp_id=22, page_id=25900, browser=Chrome
Testing: csp_id=22, page_id=26000, browser=Chrome
Testing: csp_id=22, page_id=26100, browser=Chrome
Testing: csp_id=22, page_id=26200, browser=Chrome
Testing: csp_id=22, page_id=26300, browser=Chrome
Testing: csp_id=22, page_id=26400, browser=Chrome
Testing: csp_id=22, page_id=26500, browser=Chrome
Testing: csp_id=22, page_id=26600, browser=Chrome
Testing: csp_id=22, page_id=26700, browser=Chrome
Testing: csp_id=22, page_id=26800, browser=Chrome
Testing: csp_id=22, page_id=26900, browser=Chrome
Testing: csp_id=22, page_id=27000, browser=Chrome
Testing: csp_id=22, page_id=27100, browser=Chrome
Testing: csp_id=22, page_id=27200, browser=Chrome
Testing: csp_id=22, page_id=27300, browser=Chrome
Testing: csp_id=22, page_id=27400, browser=Chrome
Testing: csp_id=22, page_id=27500, browser=Chrome
Testing: csp_id=22, page_id=27600, browser=Chrome
Testing: csp_id=22, page_id=27700, browser=Chrome
Testing: csp_id=22, page_id=27800, browser=Chrome
Testing: csp_id=22, page_id=27900, browser=Chrome
Testing: csp_id=22, page_id=28000, browser=Chrome
Testing: csp_id=22, page_id=28100, browser=Chrome
Testing: csp_id=22, page_id=28200, browser=Chrome
Testing: csp_id=22, page_id=28300, browser=Chrome
Testing: csp_id=22, page_id=28400, browser=Chrome
Testing: csp_id=22, page_id=28500, browser=Chrome
Testing: csp_id=22, page_id=28600, browser=Chrome
Testing: csp_id=22, page_id=28700, browser=Chrome
Testing: csp_id=22, page_id=28800, browser=Chrome
Testing: csp_id=22, page_id=28900, browser=Chrome
Testing: csp_id=22, page_id=29000, browser=Chrome
Testing: csp_id=22, page_id=29100, browser=Chrome
Testing: csp_id=22, page_id=29200, browser=Chrome
Testing: csp_id=22, page_id=29300, browser=Chrome
Testing: csp_id=22, page_id=29400, browser=Chrome
Testing: csp_id=22, page_id=29500, browser=Chrome
Testing: csp_id=22, page_id=29600, browser=Chrome
Testing: csp_id=22, page_id=29700, browser=Chrome
Testing: csp_id=22, page_id=29800, browser=Chrome
🏊 create_context_pools[first] (5x16): 0.412s
Testing: csp_id=30, page_id=0, browser=Chrome
Testing: csp_id=30, page_id=100, browser=Chrome
Testing: csp_id=30, page_id=200, browser=Chrome
Testing: csp_id=30, page_id=300, browser=Chrome
Testing: csp_id=30, page_id=400, browser=Chrome
Testing: csp_id=30, page_id=500, browser=Chrome
Testing: csp_id=30, page_id=600, browser=Chrome
Testing: csp_id=30, page_id=700, browser=Chrome
Testing: csp_id=30, page_id=800, browser=Chrome
Testing: csp_id=30, page_id=900, browser=Chrome
Testing: csp_id=30, page_id=1000, browser=Chrome
Testing: csp_id=30, page_id=1100, browser=Chrome
Testing: csp_id=30, page_id=1200, browser=Chrome
Testing: csp_id=30, page_id=1300, browser=Chrome
Testing: csp_id=30, page_id=1400, browser=Chrome
Testing: csp_id=30, page_id=1500, browser=Chrome
Testing: csp_id=30, page_id=1600, browser=Chrome
Testing: csp_id=30, page_id=1700, browser=Chrome
Testing: csp_id=30, page_id=1800, browser=Chrome
Testing: csp_id=30, page_id=1900, browser=Chrome
Testing: csp_id=30, page_id=2000, browser=Chrome
Testing: csp_id=30, page_id=2100, browser=Chrome
Testing: csp_id=30, page_id=2200, browser=Chrome
Testing: csp_id=30, page_id=2300, browser=Chrome
Testing: csp_id=30, page_id=2400, browser=Chrome
Testing: csp_id=30, page_id=2500, browser=Chrome
Testing: csp_id=30, page_id=2600, browser=Chrome
Testing: csp_id=30, page_id=2700, browser=Chrome
Testing: csp_id=30, page_id=2800, browser=Chrome
Testing: csp_id=30, page_id=2900, browser=Chrome
Testing: csp_id=30, page_id=3000, browser=Chrome
Testing: csp_id=30, page_id=3100, browser=Chrome
Testing: csp_id=30, page_id=3200, browser=Chrome
Testing: csp_id=30, page_id=3300, browser=Chrome
Testing: csp_id=30, page_id=3400, browser=Chrome
Testing: csp_id=30, page_id=3500, browser=Chrome
Testing: csp_id=30, page_id=3600, browser=Chrome
Testing: csp_id=30, page_id=3700, browser=Chrome
Testing: csp_id=30, page_id=3800, browser=Chrome
Testing: csp_id=30, page_id=3900, browser=Chrome
Testing: csp_id=30, page_id=4000, browser=Chrome
Testing: csp_id=30, page_id=4100, browser=Chrome
Testing: csp_id=30, page_id=4200, browser=Chrome
Testing: csp_id=30, page_id=4300, browser=Chrome
Testing: csp_id=30, page_id=4400, browser=Chrome
Testing: csp_id=30, page_id=4500, browser=Chrome
Testing: csp_id=30, page_id=4600, browser=Chrome
Testing: csp_id=30, page_id=4700, browser=Chrome
Testing: csp_id=30, page_id=4800, browser=Chrome
Testing: csp_id=30, page_id=4900, browser=Chrome
Testing: csp_id=30, page_id=5000, browser=Chrome
Testing: csp_id=30, page_id=5100, browser=Chrome
Testing: csp_id=30, page_id=5200, browser=Chrome
Testing: csp_id=30, page_id=5300, browser=Chrome
Testing: csp_id=30, page_id=5400, browser=Chrome
Testing: csp_id=30, page_id=5500, browser=Chrome
Testing: csp_id=30, page_id=5600, browser=Chrome
Testing: csp_id=30, page_id=5700, browser=Chrome
Testing: csp_id=30, page_id=5800, browser=Chrome
Testing: csp_id=30, page_id=5900, browser=Chrome
Testing: csp_id=30, page_id=6000, browser=Chrome
Testing: csp_id=30, page_id=6100, browser=Chrome
Testing: csp_id=30, page_id=6200, browser=Chrome
Testing: csp_id=30, page_id=6300, browser=Chrome
Testing: csp_id=30, page_id=6400, browser=Chrome
Testing: csp_id=30, page_id=6500, browser=Chrome
Testing: csp_id=30, page_id=6600, browser=Chrome
Testing: csp_id=30, page_id=6700, browser=Chrome
Testing: csp_id=30, page_id=6800, browser=Chrome
Testing: csp_id=30, page_id=6900, browser=Chrome
Testing: csp_id=30, page_id=7000, browser=Chrome
Testing: csp_id=30, page_id=7100, browser=Chrome
Testing: csp_id=30, page_id=7200, browser=Chrome
Testing: csp_id=30, page_id=7300, browser=Chrome
Testing: csp_id=30, page_id=7400, browser=Chrome
Testing: csp_id=30, page_id=7500, browser=Chrome
Testing: csp_id=30, page_id=7600, browser=Chrome
Testing: csp_id=30, page_id=7700, browser=Chrome
Testing: csp_id=30, page_id=7800, browser=Chrome
Testing: csp_id=30, page_id=7900, browser=Chrome
Testing: csp_id=30, page_id=8000, browser=Chrome
Testing: csp_id=30, page_id=8100, browser=Chrome
Testing: csp_id=30, page_id=8200, browser=Chrome
Testing: csp_id=30, page_id=8300, browser=Chrome
Testing: csp_id=30, page_id=8400, browser=Chrome
Testing: csp_id=30, page_id=8500, browser=Chrome
Testing: csp_id=30, page_id=8600, browser=Chrome
Testing: csp_id=30, page_id=8700, browser=Chrome
Testing: csp_id=30, page_id=8800, browser=Chrome
Testing: csp_id=30, page_id=8900, browser=Chrome
Testing: csp_id=30, page_id=9000, browser=Chrome
Testing: csp_id=30, page_id=9100, browser=Chrome
Testing: csp_id=30, page_id=9200, browser=Chrome
Testing: csp_id=30, page_id=9300, browser=Chrome
Testing: csp_id=30, page_id=9400, browser=Chrome
Testing: csp_id=30, page_id=9500, browser=Chrome
Testing: csp_id=30, page_id=9600, browser=Chrome
Testing: csp_id=30, page_id=9700, browser=Chrome
Testing: csp_id=30, page_id=9800, browser=Chrome
Testing: csp_id=30, page_id=9900, browser=Chrome
Testing: csp_id=30, page_id=10000, browser=Chrome
Testing: csp_id=30, page_id=10100, browser=Chrome
Testing: csp_id=30, page_id=10200, browser=Chrome
Testing: csp_id=30, page_id=10300, browser=Chrome
Testing: csp_id=30, page_id=10400, browser=Chrome
Testing: csp_id=30, page_id=10500, browser=Chrome
Testing: csp_id=30, page_id=10600, browser=Chrome
Testing: csp_id=30, page_id=10700, browser=Chrome
Testing: csp_id=30, page_id=10800, browser=Chrome
Testing: csp_id=30, page_id=10900, browser=Chrome
Testing: csp_id=30, page_id=11000, browser=Chrome
Testing: csp_id=30, page_id=11100, browser=Chrome
Testing: csp_id=30, page_id=11200, browser=Chrome
Testing: csp_id=30, page_id=11300, browser=Chrome
Testing: csp_id=30, page_id=11400, browser=Chrome
Testing: csp_id=30, page_id=11500, browser=Chrome
Testing: csp_id=30, page_id=11600, browser=Chrome
Testing: csp_id=30, page_id=11700, browser=Chrome
Testing: csp_id=30, page_id=11800, browser=Chrome
Testing: csp_id=30, page_id=11900, browser=Chrome
Testing: csp_id=30, page_id=12000, browser=Chrome
Testing: csp_id=30, page_id=12100, browser=Chrome
Testing: csp_id=30, page_id=12200, browser=Chrome
Testing: csp_id=30, page_id=12300, browser=Chrome
Testing: csp_id=30, page_id=12400, browser=Chrome
Testing: csp_id=30, page_id=12500, browser=Chrome
Testing: csp_id=30, page_id=12600, browser=Chrome
Testing: csp_id=30, page_id=12700, browser=Chrome
Testing: csp_id=30, page_id=12800, browser=Chrome
Testing: csp_id=30, page_id=12900, browser=Chrome
Testing: csp_id=30, page_id=13000, browser=Chrome
Testing: csp_id=30, page_id=13100, browser=Chrome
Testing: csp_id=30, page_id=13200, browser=Chrome
Testing: csp_id=30, page_id=13300, browser=Chrome
Testing: csp_id=30, page_id=13400, browser=Chrome
Testing: csp_id=30, page_id=13500, browser=Chrome
Testing: csp_id=30, page_id=13600, browser=Chrome
Testing: csp_id=30, page_id=13700, browser=Chrome
Testing: csp_id=30, page_id=13800, browser=Chrome
Testing: csp_id=30, page_id=13900, browser=Chrome
Testing: csp_id=30, page_id=14000, browser=Chrome
Testing: csp_id=30, page_id=14100, browser=Chrome
Testing: csp_id=30, page_id=14200, browser=Chrome
Testing: csp_id=30, page_id=14300, browser=Chrome
Testing: csp_id=30, page_id=14400, browser=Chrome
Testing: csp_id=30, page_id=14500, browser=Chrome
Testing: csp_id=30, page_id=14600, browser=Chrome
Testing: csp_id=30, page_id=14700, browser=Chrome
Testing: csp_id=30, page_id=14800, browser=Chrome
Testing: csp_id=30, page_id=14900, browser=Chrome
Testing: csp_id=30, page_id=15000, browser=Chrome
Testing: csp_id=30, page_id=15100, browser=Chrome
Testing: csp_id=30, page_id=15200, browser=Chrome
Testing: csp_id=30, page_id=15300, browser=Chrome
Testing: csp_id=30, page_id=15400, browser=Chrome
Testing: csp_id=30, page_id=15500, browser=Chrome
Testing: csp_id=30, page_id=15600, browser=Chrome
Testing: csp_id=30, page_id=15700, browser=Chrome
Testing: csp_id=30, page_id=15800, browser=Chrome
Testing: csp_id=30, page_id=15900, browser=Chrome
Testing: csp_id=30, page_id=16000, browser=Chrome
Testing: csp_id=30, page_id=16100, browser=Chrome
Testing: csp_id=30, page_id=16200, browser=Chrome
Testing: csp_id=30, page_id=16300, browser=Chrome
Testing: csp_id=30, page_id=16400, browser=Chrome
Testing: csp_id=30, page_id=16500, browser=Chrome
Testing: csp_id=30, page_id=16600, browser=Chrome
Testing: csp_id=30, page_id=16700, browser=Chrome
Testing: csp_id=30, page_id=16800, browser=Chrome
Testing: csp_id=30, page_id=16900, browser=Chrome
Testing: csp_id=30, page_id=17000, browser=Chrome
Testing: csp_id=30, page_id=17100, browser=Chrome
Testing: csp_id=30, page_id=17200, browser=Chrome
Testing: csp_id=30, page_id=17300, browser=Chrome
Testing: csp_id=30, page_id=17400, browser=Chrome
Testing: csp_id=30, page_id=17500, browser=Chrome
Testing: csp_id=30, page_id=17600, browser=Chrome
Testing: csp_id=30, page_id=17700, browser=Chrome
Testing: csp_id=30, page_id=17800, browser=Chrome
Testing: csp_id=30, page_id=17900, browser=Chrome
Testing: csp_id=30, page_id=18000, browser=Chrome
Testing: csp_id=30, page_id=18100, browser=Chrome
Testing: csp_id=30, page_id=18200, browser=Chrome
Testing: csp_id=30, page_id=18300, browser=Chrome
Testing: csp_id=30, page_id=18400, browser=Chrome
Testing: csp_id=30, page_id=18500, browser=Chrome
Testing: csp_id=30, page_id=18600, browser=Chrome
Testing: csp_id=30, page_id=18700, browser=Chrome
Testing: csp_id=30, page_id=18800, browser=Chrome
Testing: csp_id=30, page_id=18900, browser=Chrome
Testing: csp_id=30, page_id=19000, browser=Chrome
Testing: csp_id=30, page_id=19100, browser=Chrome
Testing: csp_id=30, page_id=19200, browser=Chrome
Testing: csp_id=30, page_id=19300, browser=Chrome
Testing: csp_id=30, page_id=19400, browser=Chrome
Testing: csp_id=30, page_id=19500, browser=Chrome
Testing: csp_id=30, page_id=19600, browser=Chrome
Testing: csp_id=30, page_id=19700, browser=Chrome
Testing: csp_id=30, page_id=19800, browser=Chrome
Testing: csp_id=30, page_id=19900, browser=Chrome
Testing: csp_id=30, page_id=20000, browser=Chrome
Testing: csp_id=30, page_id=20100, browser=Chrome
Testing: csp_id=30, page_id=20200, browser=Chrome
Testing: csp_id=30, page_id=20300, browser=Chrome
Testing: csp_id=30, page_id=20400, browser=Chrome
Testing: csp_id=30, page_id=20500, browser=Chrome
Testing: csp_id=30, page_id=20600, browser=Chrome
Testing: csp_id=30, page_id=20700, browser=Chrome
Testing: csp_id=30, page_id=20800, browser=Chrome
Testing: csp_id=30, page_id=20900, browser=Chrome
Testing: csp_id=30, page_id=21000, browser=Chrome
Testing: csp_id=30, page_id=21100, browser=Chrome
Testing: csp_id=30, page_id=21200, browser=Chrome
Testing: csp_id=30, page_id=21300, browser=Chrome
Testing: csp_id=30, page_id=21400, browser=Chrome
Testing: csp_id=30, page_id=21500, browser=Chrome
Testing: csp_id=30, page_id=21600, browser=Chrome
Testing: csp_id=30, page_id=21700, browser=Chrome
Testing: csp_id=30, page_id=21800, browser=Chrome
Testing: csp_id=30, page_id=21900, browser=Chrome
Testing: csp_id=30, page_id=22000, browser=Chrome
Testing: csp_id=30, page_id=22100, browser=Chrome
Testing: csp_id=30, page_id=22200, browser=Chrome
Testing: csp_id=30, page_id=22300, browser=Chrome
Testing: csp_id=30, page_id=22400, browser=Chrome
Testing: csp_id=30, page_id=22500, browser=Chrome
Testing: csp_id=30, page_id=22600, browser=Chrome
Testing: csp_id=30, page_id=22700, browser=Chrome
Testing: csp_id=30, page_id=22800, browser=Chrome
Testing: csp_id=30, page_id=22900, browser=Chrome
Testing: csp_id=30, page_id=23000, browser=Chrome
Testing: csp_id=30, page_id=23100, browser=Chrome
Testing: csp_id=30, page_id=23200, browser=Chrome
Testing: csp_id=30, page_id=23300, browser=Chrome
Testing: csp_id=30, page_id=23400, browser=Chrome
Testing: csp_id=30, page_id=23500, browser=Chrome
Testing: csp_id=30, page_id=23600, browser=Chrome
Testing: csp_id=30, page_id=23700, browser=Chrome
Testing: csp_id=30, page_id=23800, browser=Chrome
Testing: csp_id=30, page_id=23900, browser=Chrome
Testing: csp_id=30, page_id=24000, browser=Chrome
Testing: csp_id=30, page_id=24100, browser=Chrome
Testing: csp_id=30, page_id=24200, browser=Chrome
Testing: csp_id=30, page_id=24300, browser=Chrome
Testing: csp_id=30, page_id=24400, browser=Chrome
Testing: csp_id=30, page_id=24500, browser=Chrome
Testing: csp_id=30, page_id=24600, browser=Chrome
Testing: csp_id=30, page_id=24700, browser=Chrome
Testing: csp_id=30, page_id=24800, browser=Chrome
Testing: csp_id=30, page_id=24900, browser=Chrome
Testing: csp_id=30, page_id=25000, browser=Chrome
Testing: csp_id=30, page_id=25100, browser=Chrome
Testing: csp_id=30, page_id=25200, browser=Chrome
Testing: csp_id=30, page_id=25300, browser=Chrome
Testing: csp_id=30, page_id=25400, browser=Chrome
Testing: csp_id=30, page_id=25500, browser=Chrome
Testing: csp_id=30, page_id=25600, browser=Chrome
Testing: csp_id=30, page_id=25700, browser=Chrome
Testing: csp_id=30, page_id=25800, browser=Chrome
Testing: csp_id=30, page_id=25900, browser=Chrome
Testing: csp_id=30, page_id=26000, browser=Chrome
Testing: csp_id=30, page_id=26100, browser=Chrome
Testing: csp_id=30, page_id=26200, browser=Chrome
Testing: csp_id=30, page_id=26300, browser=Chrome
Testing: csp_id=30, page_id=26400, browser=Chrome
Testing: csp_id=30, page_id=26500, browser=Chrome
Testing: csp_id=30, page_id=26600, browser=Chrome
Testing: csp_id=30, page_id=26700, browser=Chrome
Testing: csp_id=30, page_id=26800, browser=Chrome
Testing: csp_id=30, page_id=26900, browser=Chrome
Testing: csp_id=30, page_id=27000, browser=Chrome
Testing: csp_id=30, page_id=27100, browser=Chrome
Testing: csp_id=30, page_id=27200, browser=Chrome
Testing: csp_id=30, page_id=27300, browser=Chrome
Testing: csp_id=30, page_id=27400, browser=Chrome
Testing: csp_id=30, page_id=27500, browser=Chrome
Testing: csp_id=30, page_id=27600, browser=Chrome
Testing: csp_id=30, page_id=27700, browser=Chrome
Testing: csp_id=30, page_id=27800, browser=Chrome
Testing: csp_id=30, page_id=27900, browser=Chrome
Testing: csp_id=30, page_id=28000, browser=Chrome
Testing: csp_id=30, page_id=28100, browser=Chrome
Testing: csp_id=30, page_id=28200, browser=Chrome
Testing: csp_id=30, page_id=28300, browser=Chrome
Testing: csp_id=30, page_id=28400, browser=Chrome
Testing: csp_id=30, page_id=28500, browser=Chrome
Testing: csp_id=30, page_id=28600, browser=Chrome
Testing: csp_id=30, page_id=28700, browser=Chrome
Testing: csp_id=30, page_id=28800, browser=Chrome
Testing: csp_id=30, page_id=28900, browser=Chrome
Testing: csp_id=30, page_id=29000, browser=Chrome
Testing: csp_id=30, page_id=29100, browser=Chrome
Testing: csp_id=30, page_id=29200, browser=Chrome
Testing: csp_id=30, page_id=29300, browser=Chrome
Testing: csp_id=30, page_id=29400, browser=Chrome
Testing: csp_id=30, page_id=29500, browser=Chrome
Testing: csp_id=30, page_id=29600, browser=Chrome
Testing: csp_id=30, page_id=29700, browser=Chrome
Testing: csp_id=30, page_id=29800, browser=Chrome
🏊 create_context_pools[first] (5x16): 0.451s
Testing: csp_id=39, page_id=0, browser=Chrome
[ERROR] page_id=46 csp_id=39, timeout: http://127.0.0.1:7000/test/out_46?csp=frame-src http://127.0.0.1:7000 http://127.0.0.1:7070;connect-src http://127.0.0.1:7000;&browser=Chrome, 4.004s
[ERROR] page_id=47 csp_id=39, timeout: http://127.0.0.1:7000/test/out_47?csp=frame-src http://127.0.0.1:7000 http://127.0.0.1:7070;connect-src http://127.0.0.1:7000;&browser=Chrome, 4.004s
Testing: csp_id=39, page_id=100, browser=Chrome
[ERROR] page_id=148 csp_id=39, timeout: http://127.0.0.1:7000/test/out_148?csp=frame-src http://127.0.0.1:7000 http://127.0.0.1:7070;connect-src http://127.0.0.1:7000;&browser=Chrome, 4.003s
[ERROR] page_id=149 csp_id=39, timeout: http://127.0.0.1:7000/test/out_149?csp=frame-src http://127.0.0.1:7000 http://127.0.0.1:7070;connect-src http://127.0.0.1:7000;&browser=Chrome, 4.002s
[ERROR] page_id=176 csp_id=39, timeout: http://127.0.0.1:7000/test/out_176?csp=frame-src http://127.0.0.1:7000 http://127.0.0.1:7070;connect-src http://127.0.0.1:7000;&browser=Chrome, 4.004s
[ERROR] page_id=177 csp_id=39, timeout: http://127.0.0.1:7000/test/out_177?csp=frame-src http://127.0.0.1:7000 http://127.0.0.1:7070;connect-src http://127.0.0.1:7000;&browser=Chrome, 4.004s
Testing: csp_id=39, page_id=200, browser=Chrome
Testing: csp_id=39, page_id=300, browser=Chrome
[ERROR] page_id=323 csp_id=39, timeout: http://127.0.0.1:7000/test/out_323?csp=frame-src http://127.0.0.1:7000 http://127.0.0.1:7070;connect-src http://127.0.0.1:7000;&browser=Chrome, 4.001s
[ERROR] page_id=324 csp_id=39, timeout: http://127.0.0.1:7000/test/out_324?csp=frame-src http://127.0.0.1:7000 http://127.0.0.1:7070;connect-src http://127.0.0.1:7000;&browser=Chrome, 4.001s
[ERROR] page_id=351 csp_id=39, timeout: http://127.0.0.1:7000/test/out_351?csp=frame-src http://127.0.0.1:7000 http://127.0.0.1:7070;connect-src http://127.0.0.1:7000;&browser=Chrome, 4.001s
[ERROR] page_id=352 csp_id=39, timeout: http://127.0.0.1:7000/test/out_352?csp=frame-src http://127.0.0.1:7000 http://127.0.0.1:7070;connect-src http://127.0.0.1:7000;&browser=Chrome, 4.006s
Testing: csp_id=39, page_id=400, browser=Chrome
Testing: csp_id=39, page_id=500, browser=Chrome
[ERROR] page_id=583 csp_id=39, timeout: http://127.0.0.1:7000/test/out_583?csp=frame-src http://127.0.0.1:7000 http://127.0.0.1:7070;connect-src http://127.0.0.1:7000;&browser=Chrome, 4.003s
[ERROR] page_id=584 csp_id=39, timeout: http://127.0.0.1:7000/test/out_584?csp=frame-src http://127.0.0.1:7000 http://127.0.0.1:7070;connect-src http://127.0.0.1:7000;&browser=Chrome, 4.002s
Testing: csp_id=39, page_id=600, browser=Chrome
[ERROR] page_id=611 csp_id=39, timeout: http://127.0.0.1:7000/test/out_611?csp=frame-src http://127.0.0.1:7000 http://127.0.0.1:7070;connect-src http://127.0.0.1:7000;&browser=Chrome, 4.001s
[ERROR] page_id=612 csp_id=39, timeout: http://127.0.0.1:7000/test/out_612?csp=frame-src http://127.0.0.1:7000 http://127.0.0.1:7070;connect-src http://127.0.0.1:7000;&browser=Chrome, 4.002s
[ERROR] page_id=639 csp_id=39, timeout: http://127.0.0.1:7000/test/out_639?csp=frame-src http://127.0.0.1:7000 http://127.0.0.1:7070;connect-src http://127.0.0.1:7000;&browser=Chrome, 4.001s
[ERROR] page_id=640 csp_id=39, timeout: http://127.0.0.1:7000/test/out_640?csp=frame-src http://127.0.0.1:7000 http://127.0.0.1:7070;connect-src http://127.0.0.1:7000;&browser=Chrome, 4.005s
[ERROR] page_id=667 csp_id=39, timeout: http://127.0.0.1:7000/test/out_667?csp=frame-src http://127.0.0.1:7000 http://127.0.0.1:7070;connect-src http://127.0.0.1:7000;&browser=Chrome, 4.001s
[ERROR] page_id=668 csp_id=39, timeout: http://127.0.0.1:7000/test/out_668?csp=frame-src http://127.0.0.1:7000 http://127.0.0.1:7070;connect-src http://127.0.0.1:7000;&browser=Chrome, 4.001s
Testing: csp_id=39, page_id=700, browser=Chrome
[ERROR] page_id=695 csp_id=39, timeout: http://127.0.0.1:7000/test/out_695?csp=frame-src http://127.0.0.1:7000 http://127.0.0.1:7070;connect-src http://127.0.0.1:7000;&browser=Chrome, 4.002s
[ERROR] page_id=696 csp_id=39, timeout: http://127.0.0.1:7000/test/out_696?csp=frame-src http://127.0.0.1:7000 http://127.0.0.1:7070;connect-src http://127.0.0.1:7000;&browser=Chrome, 4.002s
[ERROR] page_id=723 csp_id=39, timeout: http://127.0.0.1:7000/test/out_723?csp=frame-src http://127.0.0.1:7000 http://127.0.0.1:7070;connect-src http://127.0.0.1:7000;&browser=Chrome, 4.001s
[ERROR] page_id=724 csp_id=39, timeout: http://127.0.0.1:7000/test/out_724?csp=frame-src http://127.0.0.1:7000 http://127.0.0.1:7070;connect-src http://127.0.0.1:7000;&browser=Chrome, 4.004s
[ERROR] page_id=751 csp_id=39, timeout: http://127.0.0.1:7000/test/out_751?csp=frame-src http://127.0.0.1:7000 http://127.0.0.1:7070;connect-src http://127.0.0.1:7000;&browser=Chrome, 4.001s
[ERROR] page_id=752 csp_id=39, timeout: http://127.0.0.1:7000/test/out_752?csp=frame-src http://127.0.0.1:7000 http://127.0.0.1:7070;connect-src http://127.0.0.1:7000;&browser=Chrome, 4.002s
[ERROR] page_id=779 csp_id=39, timeout: http://127.0.0.1:7000/test/out_779?csp=frame-src http://127.0.0.1:7000 http://127.0.0.1:7070;connect-src http://127.0.0.1:7000;&browser=Chrome, 4.017s
[ERROR] page_id=780 csp_id=39, timeout: http://127.0.0.1:7000/test/out_780?csp=frame-src http://127.0.0.1:7000 http://127.0.0.1:7070;connect-src http://127.0.0.1:7000;&browser=Chrome, 4.019s
Testing: csp_id=39, page_id=800, browser=Chrome
[ERROR] page_id=807 csp_id=39, timeout: http://127.0.0.1:7000/test/out_807?csp=frame-src http://127.0.0.1:7000 http://127.0.0.1:7070;connect-src http://127.0.0.1:7000;&browser=Chrome, 4.003s
[ERROR] page_id=808 csp_id=39, timeout: http://127.0.0.1:7000/test/out_808?csp=frame-src http://127.0.0.1:7000 http://127.0.0.1:7070;connect-src http://127.0.0.1:7000;&browser=Chrome, 4.007s
[ERROR] page_id=835 csp_id=39, timeout: http://127.0.0.1:7000/test/out_835?csp=frame-src http://127.0.0.1:7000 http://127.0.0.1:7070;connect-src http://127.0.0.1:7000;&browser=Chrome, 4.002s
[ERROR] page_id=836 csp_id=39, timeout: http://127.0.0.1:7000/test/out_836?csp=frame-src http://127.0.0.1:7000 http://127.0.0.1:7070;connect-src http://127.0.0.1:7000;&browser=Chrome, 4.002s
[ERROR] page_id=863 csp_id=39, timeout: http://127.0.0.1:7000/test/out_863?csp=frame-src http://127.0.0.1:7000 http://127.0.0.1:7070;connect-src http://127.0.0.1:7000;&browser=Chrome, 4.005s
[ERROR] page_id=864 csp_id=39, timeout: http://127.0.0.1:7000/test/out_864?csp=frame-src http://127.0.0.1:7000 http://127.0.0.1:7070;connect-src http://127.0.0.1:7000;&browser=Chrome, 4.004s
[ERROR] page_id=891 csp_id=39, timeout: http://127.0.0.1:7000/test/out_891?csp=frame-src http://127.0.0.1:7000 http://127.0.0.1:7070;connect-src http://127.0.0.1:7000;&browser=Chrome, 4.004s
[ERROR] page_id=892 csp_id=39, timeout: http://127.0.0.1:7000/test/out_892?csp=frame-src http://127.0.0.1:7000 http://127.0.0.1:7070;connect-src http://127.0.0.1:7000;&browser=Chrome, 4.004s
Testing: csp_id=39, page_id=900, browser=Chrome
[ERROR] page_id=972 csp_id=39, timeout: http://127.0.0.1:7000/test/out_972?csp=frame-src http://127.0.0.1:7000 http://127.0.0.1:7070;connect-src http://127.0.0.1:7000;&browser=Chrome, 4.003s
[ERROR] page_id=973 csp_id=39, timeout: http://127.0.0.1:7000/test/out_973?csp=frame-src http://127.0.0.1:7000 http://127.0.0.1:7070;connect-src http://127.0.0.1:7000;&browser=Chrome, 4.003s
Testing: csp_id=39, page_id=1000, browser=Chrome
[ERROR] page_id=1000 csp_id=39, timeout: http://127.0.0.1:7000/test/out_1000?csp=frame-src http://127.0.0.1:7000 http://127.0.0.1:7070;connect-src http://127.0.0.1:7000;&browser=Chrome, 4.001s
[ERROR] page_id=1001 csp_id=39, timeout: http://127.0.0.1:7000/test/out_1001?csp=frame-src http://127.0.0.1:7000 http://127.0.0.1:7070;connect-src http://127.0.0.1:7000;&browser=Chrome, 4.002s
[ERROR] page_id=1028 csp_id=39, timeout: http://127.0.0.1:7000/test/out_1028?csp=frame-src http://127.0.0.1:7000 http://127.0.0.1:7070;connect-src http://127.0.0.1:7000;&browser=Chrome, 4.001s
[ERROR] page_id=1029 csp_id=39, timeout: http://127.0.0.1:7000/test/out_1029?csp=frame-src http://127.0.0.1:7000 http://127.0.0.1:7070;connect-src http://127.0.0.1:7000;&browser=Chrome, 4.001s
[ERROR] page_id=1043 csp_id=39, timeout: http://127.0.0.1:7000/test/out_1043?csp=frame-src http://127.0.0.1:7000 http://127.0.0.1:7070;connect-src http://127.0.0.1:7000;&browser=Chrome, 4.002s
[ERROR] page_id=1044 csp_id=39, timeout: http://127.0.0.1:7000/test/out_1044?csp=frame-src http://127.0.0.1:7000 http://127.0.0.1:7070;connect-src http://127.0.0.1:7000;&browser=Chrome, 4.001s
Testing: csp_id=39, page_id=1100, browser=Chrome
[ERROR] page_id=1099 csp_id=39, timeout: http://127.0.0.1:7000/test/out_1099?csp=frame-src http://127.0.0.1:7000 http://127.0.0.1:7070;connect-src http://127.0.0.1:7000;&browser=Chrome, 4.006s
[ERROR] page_id=1100 csp_id=39, timeout: http://127.0.0.1:7000/test/out_1100?csp=frame-src http://127.0.0.1:7000 http://127.0.0.1:7070;connect-src http://127.0.0.1:7000;&browser=Chrome, 4.006s
Testing: csp_id=39, page_id=1200, browser=Chrome
[ERROR] page_id=1201 csp_id=39, timeout: http://127.0.0.1:7000/test/out_1201?csp=frame-src http://127.0.0.1:7000 http://127.0.0.1:7070;connect-src http://127.0.0.1:7000;&browser=Chrome, 4.004s
[ERROR] page_id=1202 csp_id=39, timeout: http://127.0.0.1:7000/test/out_1202?csp=frame-src http://127.0.0.1:7000 http://127.0.0.1:7070;connect-src http://127.0.0.1:7000;&browser=Chrome, 4.003s
[ERROR] page_id=1229 csp_id=39, timeout: http://127.0.0.1:7000/test/out_1229?csp=frame-src http://127.0.0.1:7000 http://127.0.0.1:7070;connect-src http://127.0.0.1:7000;&browser=Chrome, 4.002s
[ERROR] page_id=1230 csp_id=39, timeout: http://127.0.0.1:7000/test/out_1230?csp=frame-src http://127.0.0.1:7000 http://127.0.0.1:7070;connect-src http://127.0.0.1:7000;&browser=Chrome, 4.002s
Testing: csp_id=39, page_id=1300, browser=Chrome
[ERROR] page_id=1376 csp_id=39, timeout: http://127.0.0.1:7000/test/out_1376?csp=frame-src http://127.0.0.1:7000 http://127.0.0.1:7070;connect-src http://127.0.0.1:7000;&browser=Chrome, 4.005s
[ERROR] page_id=1377 csp_id=39, timeout: http://127.0.0.1:7000/test/out_1377?csp=frame-src http://127.0.0.1:7000 http://127.0.0.1:7070;connect-src http://127.0.0.1:7000;&browser=Chrome, 4.004s
Testing: csp_id=39, page_id=1400, browser=Chrome
[ERROR] page_id=1404 csp_id=39, timeout: http://127.0.0.1:7000/test/out_1404?csp=frame-src http://127.0.0.1:7000 http://127.0.0.1:7070;connect-src http://127.0.0.1:7000;&browser=Chrome, 4.001s
[ERROR] page_id=1405 csp_id=39, timeout: http://127.0.0.1:7000/test/out_1405?csp=frame-src http://127.0.0.1:7000 http://127.0.0.1:7070;connect-src http://127.0.0.1:7000;&browser=Chrome, 4.002s
Testing: csp_id=39, page_id=1500, browser=Chrome
Testing: csp_id=39, page_id=1600, browser=Chrome
[ERROR] page_id=1636 csp_id=39, timeout: http://127.0.0.1:7000/test/out_1636?csp=frame-src http://127.0.0.1:7000 http://127.0.0.1:7070;connect-src http://127.0.0.1:7000;&browser=Chrome, 4.001s
[ERROR] page_id=1637 csp_id=39, timeout: http://127.0.0.1:7000/test/out_1637?csp=frame-src http://127.0.0.1:7000 http://127.0.0.1:7070;connect-src http://127.0.0.1:7000;&browser=Chrome, 4.002s
[ERROR] page_id=1664 csp_id=39, timeout: http://127.0.0.1:7000/test/out_1664?csp=frame-src http://127.0.0.1:7000 http://127.0.0.1:7070;connect-src http://127.0.0.1:7000;&browser=Chrome, 4.005s
[ERROR] page_id=1665 csp_id=39, timeout: http://127.0.0.1:7000/test/out_1665?csp=frame-src http://127.0.0.1:7000 http://127.0.0.1:7070;connect-src http://127.0.0.1:7000;&browser=Chrome, 4.004s
[ERROR] page_id=1692 csp_id=39, timeout: http://127.0.0.1:7000/test/out_1692?csp=frame-src http://127.0.0.1:7000 http://127.0.0.1:7070;connect-src http://127.0.0.1:7000;&browser=Chrome, 4.002s
[ERROR] page_id=1693 csp_id=39, timeout: http://127.0.0.1:7000/test/out_1693?csp=frame-src http://127.0.0.1:7000 http://127.0.0.1:7070;connect-src http://127.0.0.1:7000;&browser=Chrome, 4.002s
Testing: csp_id=39, page_id=1700, browser=Chrome
[ERROR] page_id=1720 csp_id=39, timeout: http://127.0.0.1:7000/test/out_1720?csp=frame-src http://127.0.0.1:7000 http://127.0.0.1:7070;connect-src http://127.0.0.1:7000;&browser=Chrome, 4.002s
[ERROR] page_id=1721 csp_id=39, timeout: http://127.0.0.1:7000/test/out_1721?csp=frame-src http://127.0.0.1:7000 http://127.0.0.1:7070;connect-src http://127.0.0.1:7000;&browser=Chrome, 4.001s
[ERROR] page_id=1748 csp_id=39, timeout: http://127.0.0.1:7000/test/out_1748?csp=frame-src http://127.0.0.1:7000 http://127.0.0.1:7070;connect-src http://127.0.0.1:7000;&browser=Chrome, 4.001s
[ERROR] page_id=1749 csp_id=39, timeout: http://127.0.0.1:7000/test/out_1749?csp=frame-src http://127.0.0.1:7000 http://127.0.0.1:7070;connect-src http://127.0.0.1:7000;&browser=Chrome, 4.001s
[ERROR] page_id=1776 csp_id=39, timeout: http://127.0.0.1:7000/test/out_1776?csp=frame-src http://127.0.0.1:7000 http://127.0.0.1:7070;connect-src http://127.0.0.1:7000;&browser=Chrome, 4.004s
[ERROR] page_id=1777 csp_id=39, timeout: http://127.0.0.1:7000/test/out_1777?csp=frame-src http://127.0.0.1:7000 http://127.0.0.1:7070;connect-src http://127.0.0.1:7000;&browser=Chrome, 4.003s
Testing: csp_id=39, page_id=1800, browser=Chrome
[ERROR] page_id=1804 csp_id=39, timeout: http://127.0.0.1:7000/test/out_1804?csp=frame-src http://127.0.0.1:7000 http://127.0.0.1:7070;connect-src http://127.0.0.1:7000;&browser=Chrome, 4.003s
[ERROR] page_id=1805 csp_id=39, timeout: http://127.0.0.1:7000/test/out_1805?csp=frame-src http://127.0.0.1:7000 http://127.0.0.1:7070;connect-src http://127.0.0.1:7000;&browser=Chrome, 4.003s
[ERROR] page_id=1832 csp_id=39, timeout: http://127.0.0.1:7000/test/out_1832?csp=frame-src http://127.0.0.1:7000 http://127.0.0.1:7070;connect-src http://127.0.0.1:7000;&browser=Chrome, 4.006s
[ERROR] page_id=1833 csp_id=39, timeout: http://127.0.0.1:7000/test/out_1833?csp=frame-src http://127.0.0.1:7000 http://127.0.0.1:7070;connect-src http://127.0.0.1:7000;&browser=Chrome, 4.006s
[ERROR] page_id=1860 csp_id=39, timeout: http://127.0.0.1:7000/test/out_1860?csp=frame-src http://127.0.0.1:7000 http://127.0.0.1:7070;connect-src http://127.0.0.1:7000;&browser=Chrome, 4.001s
[ERROR] page_id=1861 csp_id=39, timeout: http://127.0.0.1:7000/test/out_1861?csp=frame-src http://127.0.0.1:7000 http://127.0.0.1:7070;connect-src http://127.0.0.1:7000;&browser=Chrome, 4.001s
Testing: csp_id=39, page_id=1900, browser=Chrome
[ERROR] page_id=1888 csp_id=39, timeout: http://127.0.0.1:7000/test/out_1888?csp=frame-src http://127.0.0.1:7000 http://127.0.0.1:7070;connect-src http://127.0.0.1:7000;&browser=Chrome, 4.004s
[ERROR] page_id=1889 csp_id=39, timeout: http://127.0.0.1:7000/test/out_1889?csp=frame-src http://127.0.0.1:7000 http://127.0.0.1:7070;connect-src http://127.0.0.1:7000;&browser=Chrome, 4.003s
[ERROR] page_id=1916 csp_id=39, timeout: http://127.0.0.1:7000/test/out_1916?csp=frame-src http://127.0.0.1:7000 http://127.0.0.1:7070;connect-src http://127.0.0.1:7000;&browser=Chrome, 4.002s
[ERROR] page_id=1917 csp_id=39, timeout: http://127.0.0.1:7000/test/out_1917?csp=frame-src http://127.0.0.1:7000 http://127.0.0.1:7070;connect-src http://127.0.0.1:7000;&browser=Chrome, 4.002s
[ERROR] page_id=1944 csp_id=39, timeout: http://127.0.0.1:7000/test/out_1944?csp=frame-src http://127.0.0.1:7000 http://127.0.0.1:7070;connect-src http://127.0.0.1:7000;&browser=Chrome, 4.001s
[ERROR] page_id=1945 csp_id=39, timeout: http://127.0.0.1:7000/test/out_1945?csp=frame-src http://127.0.0.1:7000 http://127.0.0.1:7070;connect-src http://127.0.0.1:7000;&browser=Chrome, 4.003s
Testing: csp_id=39, page_id=2000, browser=Chrome
[ERROR] page_id=2025 csp_id=39, timeout: http://127.0.0.1:7000/test/out_2025?csp=frame-src http://127.0.0.1:7000 http://127.0.0.1:7070;connect-src http://127.0.0.1:7000;&browser=Chrome, 4.001s
[ERROR] page_id=2026 csp_id=39, timeout: http://127.0.0.1:7000/test/out_2026?csp=frame-src http://127.0.0.1:7000 http://127.0.0.1:7070;connect-src http://127.0.0.1:7000;&browser=Chrome, 4.002s
[ERROR] page_id=2053 csp_id=39, timeout: http://127.0.0.1:7000/test/out_2053?csp=frame-src http://127.0.0.1:7000 http://127.0.0.1:7070;connect-src http://127.0.0.1:7000;&browser=Chrome, 4.001s
[ERROR] page_id=2054 csp_id=39, timeout: http://127.0.0.1:7000/test/out_2054?csp=frame-src http://127.0.0.1:7000 http://127.0.0.1:7070;connect-src http://127.0.0.1:7000;&browser=Chrome, 4.002s
[ERROR] page_id=2081 csp_id=39, timeout: http://127.0.0.1:7000/test/out_2081?csp=frame-src http://127.0.0.1:7000 http://127.0.0.1:7070;connect-src http://127.0.0.1:7000;&browser=Chrome, 4.004s
[ERROR] page_id=2082 csp_id=39, timeout: http://127.0.0.1:7000/test/out_2082?csp=frame-src http://127.0.0.1:7000 http://127.0.0.1:7070;connect-src http://127.0.0.1:7000;&browser=Chrome, 4.004s
Testing: csp_id=39, page_id=2100, browser=Chrome
[ERROR] page_id=2096 csp_id=39, timeout: http://127.0.0.1:7000/test/out_2096?csp=frame-src http://127.0.0.1:7000 http://127.0.0.1:7070;connect-src http://127.0.0.1:7000;&browser=Chrome, 4.004s
[ERROR] page_id=2097 csp_id=39, timeout: http://127.0.0.1:7000/test/out_2097?csp=frame-src http://127.0.0.1:7000 http://127.0.0.1:7070;connect-src http://127.0.0.1:7000;&browser=Chrome, 4.004s
[ERROR] page_id=2177 csp_id=39, timeout: http://127.0.0.1:7000/test/out_2177?csp=frame-src http://127.0.0.1:7000 http://127.0.0.1:7070;connect-src http://127.0.0.1:7000;&browser=Chrome, 4.003s
[ERROR] page_id=2178 csp_id=39, timeout: http://127.0.0.1:7000/test/out_2178?csp=frame-src http://127.0.0.1:7000 http://127.0.0.1:7070;connect-src http://127.0.0.1:7000;&browser=Chrome, 4.002s
Testing: csp_id=39, page_id=2200, browser=Chrome
[ERROR] page_id=2205 csp_id=39, timeout: http://127.0.0.1:7000/test/out_2205?csp=frame-src http://127.0.0.1:7000 http://127.0.0.1:7070;connect-src http://127.0.0.1:7000;&browser=Chrome, 4.007s
[ERROR] page_id=2206 csp_id=39, timeout: http://127.0.0.1:7000/test/out_2206?csp=frame-src http://127.0.0.1:7000 http://127.0.0.1:7070;connect-src http://127.0.0.1:7000;&browser=Chrome, 4.007s
[ERROR] page_id=2260 csp_id=39, timeout: http://127.0.0.1:7000/test/out_2260?csp=frame-src http://127.0.0.1:7000 http://127.0.0.1:7070;connect-src http://127.0.0.1:7000;&browser=Chrome, 4.002s
[ERROR] page_id=2261 csp_id=39, timeout: http://127.0.0.1:7000/test/out_2261?csp=frame-src http://127.0.0.1:7000 http://127.0.0.1:7070;connect-src http://127.0.0.1:7000;&browser=Chrome, 4.002s
Testing: csp_id=39, page_id=2300, browser=Chrome
[ERROR] page_id=2288 csp_id=39, timeout: http://127.0.0.1:7000/test/out_2288?csp=frame-src http://127.0.0.1:7000 http://127.0.0.1:7070;connect-src http://127.0.0.1:7000;&browser=Chrome, 4.003s
[ERROR] page_id=2289 csp_id=39, timeout: http://127.0.0.1:7000/test/out_2289?csp=frame-src http://127.0.0.1:7000 http://127.0.0.1:7070;connect-src http://127.0.0.1:7000;&browser=Chrome, 4.003s
[ERROR] page_id=2316 csp_id=39, timeout: http://127.0.0.1:7000/test/out_2316?csp=frame-src http://127.0.0.1:7000 http://127.0.0.1:7070;connect-src http://127.0.0.1:7000;&browser=Chrome, 4.003s
[ERROR] page_id=2317 csp_id=39, timeout: http://127.0.0.1:7000/test/out_2317?csp=frame-src http://127.0.0.1:7000 http://127.0.0.1:7070;connect-src http://127.0.0.1:7000;&browser=Chrome, 4.002s
[ERROR] page_id=2344 csp_id=39, timeout: http://127.0.0.1:7000/test/out_2344?csp=frame-src http://127.0.0.1:7000 http://127.0.0.1:7070;connect-src http://127.0.0.1:7000;&browser=Chrome, 4.002s
[ERROR] page_id=2345 csp_id=39, timeout: http://127.0.0.1:7000/test/out_2345?csp=frame-src http://127.0.0.1:7000 http://127.0.0.1:7070;connect-src http://127.0.0.1:7000;&browser=Chrome, 4.002s
[ERROR] page_id=2378 csp_id=39, timeout: http://127.0.0.1:7000/test/out_2378?csp=frame-src http://127.0.0.1:7000 http://127.0.0.1:7070;connect-src http://127.0.0.1:7000;&browser=Chrome, 4.003s
[ERROR] page_id=2379 csp_id=39, timeout: http://127.0.0.1:7000/test/out_2379?csp=frame-src http://127.0.0.1:7000 http://127.0.0.1:7070;connect-src http://127.0.0.1:7000;&browser=Chrome, 4.002s
Testing: csp_id=39, page_id=2400, browser=Chrome
[ERROR] page_id=2445 csp_id=39, timeout: http://127.0.0.1:7000/test/out_2445?csp=frame-src http://127.0.0.1:7000 http://127.0.0.1:7070;connect-src http://127.0.0.1:7000;&browser=Chrome, 4.009s
[ERROR] page_id=2446 csp_id=39, timeout: http://127.0.0.1:7000/test/out_2446?csp=frame-src http://127.0.0.1:7000 http://127.0.0.1:7070;connect-src http://127.0.0.1:7000;&browser=Chrome, 4.008s
[ERROR] page_id=2473 csp_id=39, timeout: http://127.0.0.1:7000/test/out_2473?csp=frame-src http://127.0.0.1:7000 http://127.0.0.1:7070;connect-src http://127.0.0.1:7000;&browser=Chrome, 4.002s
[ERROR] page_id=2474 csp_id=39, timeout: http://127.0.0.1:7000/test/out_2474?csp=frame-src http://127.0.0.1:7000 http://127.0.0.1:7070;connect-src http://127.0.0.1:7000;&browser=Chrome, 4.003s
Testing: csp_id=39, page_id=2500, browser=Chrome
[ERROR] page_id=2501 csp_id=39, timeout: http://127.0.0.1:7000/test/out_2501?csp=frame-src http://127.0.0.1:7000 http://127.0.0.1:7070;connect-src http://127.0.0.1:7000;&browser=Chrome, 4.004s
[ERROR] page_id=2502 csp_id=39, timeout: http://127.0.0.1:7000/test/out_2502?csp=frame-src http://127.0.0.1:7000 http://127.0.0.1:7070;connect-src http://127.0.0.1:7000;&browser=Chrome, 4.005s
[ERROR] page_id=2529 csp_id=39, timeout: http://127.0.0.1:7000/test/out_2529?csp=frame-src http://127.0.0.1:7000 http://127.0.0.1:7070;connect-src http://127.0.0.1:7000;&browser=Chrome, 4.004s
[ERROR] page_id=2530 csp_id=39, timeout: http://127.0.0.1:7000/test/out_2530?csp=frame-src http://127.0.0.1:7000 http://127.0.0.1:7070;connect-src http://127.0.0.1:7000;&browser=Chrome, 4.003s
[ERROR] page_id=2563 csp_id=39, timeout: http://127.0.0.1:7000/test/out_2563?csp=frame-src http://127.0.0.1:7000 http://127.0.0.1:7070;connect-src http://127.0.0.1:7000;&browser=Chrome, 4.004s
[ERROR] page_id=2564 csp_id=39, timeout: http://127.0.0.1:7000/test/out_2564?csp=frame-src http://127.0.0.1:7000 http://127.0.0.1:7070;connect-src http://127.0.0.1:7000;&browser=Chrome, 4.005s
Testing: csp_id=39, page_id=2600, browser=Chrome
[ERROR] page_id=2603 csp_id=39, timeout: http://127.0.0.1:7000/test/out_2603?csp=frame-src http://127.0.0.1:7000 http://127.0.0.1:7070;connect-src http://127.0.0.1:7000;&browser=Chrome, 4.001s
[ERROR] page_id=2604 csp_id=39, timeout: http://127.0.0.1:7000/test/out_2604?csp=frame-src http://127.0.0.1:7000 http://127.0.0.1:7070;connect-src http://127.0.0.1:7000;&browser=Chrome, 4.003s
[ERROR] page_id=2630 csp_id=39, timeout: http://127.0.0.1:7000/test/out_2630?csp=frame-src http://127.0.0.1:7000 http://127.0.0.1:7070;connect-src http://127.0.0.1:7000;&browser=Chrome, 4.002s
[ERROR] page_id=2631 csp_id=39, timeout: http://127.0.0.1:7000/test/out_2631?csp=frame-src http://127.0.0.1:7000 http://127.0.0.1:7070;connect-src http://127.0.0.1:7000;&browser=Chrome, 4.002s
Testing: csp_id=39, page_id=2700, browser=Chrome
[ERROR] page_id=2696 csp_id=39, timeout: http://127.0.0.1:7000/test/out_2696?csp=frame-src http://127.0.0.1:7000 http://127.0.0.1:7070;connect-src http://127.0.0.1:7000;&browser=Chrome, 4.002s
[ERROR] page_id=2697 csp_id=39, timeout: http://127.0.0.1:7000/test/out_2697?csp=frame-src http://127.0.0.1:7000 http://127.0.0.1:7070;connect-src http://127.0.0.1:7000;&browser=Chrome, 4.002s
[ERROR] page_id=2723 csp_id=39, timeout: http://127.0.0.1:7000/test/out_2723?csp=frame-src http://127.0.0.1:7000 http://127.0.0.1:7070;connect-src http://127.0.0.1:7000;&browser=Chrome, 4.003s
[ERROR] page_id=2724 csp_id=39, timeout: http://127.0.0.1:7000/test/out_2724?csp=frame-src http://127.0.0.1:7000 http://127.0.0.1:7070;connect-src http://127.0.0.1:7000;&browser=Chrome, 4.003s
[ERROR] page_id=2750 csp_id=39, timeout: http://127.0.0.1:7000/test/out_2750?csp=frame-src http://127.0.0.1:7000 http://127.0.0.1:7070;connect-src http://127.0.0.1:7000;&browser=Chrome, 4.001s
[ERROR] page_id=2751 csp_id=39, timeout: http://127.0.0.1:7000/test/out_2751?csp=frame-src http://127.0.0.1:7000 http://127.0.0.1:7070;connect-src http://127.0.0.1:7000;&browser=Chrome, 4.001s
[ERROR] page_id=2777 csp_id=39, timeout: http://127.0.0.1:7000/test/out_2777?csp=frame-src http://127.0.0.1:7000 http://127.0.0.1:7070;connect-src http://127.0.0.1:7000;&browser=Chrome, 4.002s
[ERROR] page_id=2778 csp_id=39, timeout: http://127.0.0.1:7000/test/out_2778?csp=frame-src http://127.0.0.1:7000 http://127.0.0.1:7070;connect-src http://127.0.0.1:7000;&browser=Chrome, 4.002s
Testing: csp_id=39, page_id=2800, browser=Chrome
Testing: csp_id=39, page_id=2900, browser=Chrome
Testing: csp_id=39, page_id=3000, browser=Chrome
[ERROR] page_id=3071 csp_id=39, timeout: http://127.0.0.1:7000/test/out_3071?csp=frame-src http://127.0.0.1:7000 http://127.0.0.1:7070;connect-src http://127.0.0.1:7000;&browser=Chrome, 4.002s
[ERROR] page_id=3072 csp_id=39, timeout: http://127.0.0.1:7000/test/out_3072?csp=frame-src http://127.0.0.1:7000 http://127.0.0.1:7070;connect-src http://127.0.0.1:7000;&browser=Chrome, 4.004s
Testing: csp_id=39, page_id=3100, browser=Chrome
[ERROR] page_id=3098 csp_id=39, timeout: http://127.0.0.1:7000/test/out_3098?csp=frame-src http://127.0.0.1:7000 http://127.0.0.1:7070;connect-src http://127.0.0.1:7000;&browser=Chrome, 4.002s
[ERROR] page_id=3099 csp_id=39, timeout: http://127.0.0.1:7000/test/out_3099?csp=frame-src http://127.0.0.1:7000 http://127.0.0.1:7070;connect-src http://127.0.0.1:7000;&browser=Chrome, 4.002s
[ERROR] page_id=3125 csp_id=39, timeout: http://127.0.0.1:7000/test/out_3125?csp=frame-src http://127.0.0.1:7000 http://127.0.0.1:7070;connect-src http://127.0.0.1:7000;&browser=Chrome, 4.003s
[ERROR] page_id=3126 csp_id=39, timeout: http://127.0.0.1:7000/test/out_3126?csp=frame-src http://127.0.0.1:7000 http://127.0.0.1:7070;connect-src http://127.0.0.1:7000;&browser=Chrome, 4.002s
[ERROR] page_id=3152 csp_id=39, timeout: http://127.0.0.1:7000/test/out_3152?csp=frame-src http://127.0.0.1:7000 http://127.0.0.1:7070;connect-src http://127.0.0.1:7000;&browser=Chrome, 4.005s
[ERROR] page_id=3153 csp_id=39, timeout: http://127.0.0.1:7000/test/out_3153?csp=frame-src http://127.0.0.1:7000 http://127.0.0.1:7070;connect-src http://127.0.0.1:7000;&browser=Chrome, 4.004s
Testing: csp_id=39, page_id=3200, browser=Chrome
[ERROR] page_id=3233 csp_id=39, timeout: http://127.0.0.1:7000/test/out_3233?csp=frame-src http://127.0.0.1:7000 http://127.0.0.1:7070;connect-src http://127.0.0.1:7000;&browser=Chrome, 4.002s
[ERROR] page_id=3234 csp_id=39, timeout: http://127.0.0.1:7000/test/out_3234?csp=frame-src http://127.0.0.1:7000 http://127.0.0.1:7070;connect-src http://127.0.0.1:7000;&browser=Chrome, 4.003s
[ERROR] page_id=3260 csp_id=39, timeout: http://127.0.0.1:7000/test/out_3260?csp=frame-src http://127.0.0.1:7000 http://127.0.0.1:7070;connect-src http://127.0.0.1:7000;&browser=Chrome, 4.005s
[ERROR] page_id=3261 csp_id=39, timeout: http://127.0.0.1:7000/test/out_3261?csp=frame-src http://127.0.0.1:7000 http://127.0.0.1:7070;connect-src http://127.0.0.1:7000;&browser=Chrome, 4.005s
[ERROR] page_id=3287 csp_id=39, timeout: http://127.0.0.1:7000/test/out_3287?csp=frame-src http://127.0.0.1:7000 http://127.0.0.1:7070;connect-src http://127.0.0.1:7000;&browser=Chrome, 4.001s
[ERROR] page_id=3288 csp_id=39, timeout: http://127.0.0.1:7000/test/out_3288?csp=frame-src http://127.0.0.1:7000 http://127.0.0.1:7070;connect-src http://127.0.0.1:7000;&browser=Chrome, 4.001s
Testing: csp_id=39, page_id=3300, browser=Chrome
[ERROR] page_id=3341 csp_id=39, timeout: http://127.0.0.1:7000/test/out_3341?csp=frame-src http://127.0.0.1:7000 http://127.0.0.1:7070;connect-src http://127.0.0.1:7000;&browser=Chrome, 4.003s
[ERROR] page_id=3342 csp_id=39, timeout: http://127.0.0.1:7000/test/out_3342?csp=frame-src http://127.0.0.1:7000 http://127.0.0.1:7070;connect-src http://127.0.0.1:7000;&browser=Chrome, 4.003s
[ERROR] page_id=3368 csp_id=39, timeout: http://127.0.0.1:7000/test/out_3368?csp=frame-src http://127.0.0.1:7000 http://127.0.0.1:7070;connect-src http://127.0.0.1:7000;&browser=Chrome, 4.002s
[ERROR] page_id=3369 csp_id=39, timeout: http://127.0.0.1:7000/test/out_3369?csp=frame-src http://127.0.0.1:7000 http://127.0.0.1:7070;connect-src http://127.0.0.1:7000;&browser=Chrome, 4.002s
Testing: csp_id=39, page_id=3400, browser=Chrome
[ERROR] page_id=3465 csp_id=39, timeout: http://127.0.0.1:7000/test/out_3465?csp=frame-src http://127.0.0.1:7000 http://127.0.0.1:7070;connect-src http://127.0.0.1:7000;&browser=Chrome, 4.004s
[ERROR] page_id=3466 csp_id=39, timeout: http://127.0.0.1:7000/test/out_3466?csp=frame-src http://127.0.0.1:7000 http://127.0.0.1:7070;connect-src http://127.0.0.1:7000;&browser=Chrome, 4.004s
Testing: csp_id=39, page_id=3500, browser=Chrome
[ERROR] page_id=3555 csp_id=39, timeout: http://127.0.0.1:7000/test/out_3555?csp=frame-src http://127.0.0.1:7000 http://127.0.0.1:7070;connect-src http://127.0.0.1:7000;&browser=Chrome, 4.003s
[ERROR] page_id=3556 csp_id=39, timeout: http://127.0.0.1:7000/test/out_3556?csp=frame-src http://127.0.0.1:7000 http://127.0.0.1:7070;connect-src http://127.0.0.1:7000;&browser=Chrome, 4.004s
[ERROR] page_id=3583 csp_id=39, timeout: http://127.0.0.1:7000/test/out_3583?csp=frame-src http://127.0.0.1:7000 http://127.0.0.1:7070;connect-src http://127.0.0.1:7000;&browser=Chrome, 4.002s
[ERROR] page_id=3584 csp_id=39, timeout: http://127.0.0.1:7000/test/out_3584?csp=frame-src http://127.0.0.1:7000 http://127.0.0.1:7070;connect-src http://127.0.0.1:7000;&browser=Chrome, 4.004s
Testing: csp_id=39, page_id=3600, browser=Chrome
Testing: csp_id=39, page_id=3700, browser=Chrome
[ERROR] page_id=3724 csp_id=39, timeout: http://127.0.0.1:7000/test/out_3724?csp=frame-src http://127.0.0.1:7000 http://127.0.0.1:7070;connect-src http://127.0.0.1:7000;&browser=Chrome, 4.003s
[ERROR] page_id=3725 csp_id=39, timeout: http://127.0.0.1:7000/test/out_3725?csp=frame-src http://127.0.0.1:7000 http://127.0.0.1:7070;connect-src http://127.0.0.1:7000;&browser=Chrome, 4.004s
[ERROR] page_id=3752 csp_id=39, timeout: http://127.0.0.1:7000/test/out_3752?csp=frame-src http://127.0.0.1:7000 http://127.0.0.1:7070;connect-src http://127.0.0.1:7000;&browser=Chrome, 4.002s
[ERROR] page_id=3753 csp_id=39, timeout: http://127.0.0.1:7000/test/out_3753?csp=frame-src http://127.0.0.1:7000 http://127.0.0.1:7070;connect-src http://127.0.0.1:7000;&browser=Chrome, 4.002s
Testing: csp_id=39, page_id=3800, browser=Chrome
Testing: csp_id=39, page_id=3900, browser=Chrome
[ERROR] page_id=3984 csp_id=39, timeout: http://127.0.0.1:7000/test/out_3984?csp=frame-src http://127.0.0.1:7000 http://127.0.0.1:7070;connect-src http://127.0.0.1:7000;&browser=Chrome, 4.003s
[ERROR] page_id=3985 csp_id=39, timeout: http://127.0.0.1:7000/test/out_3985?csp=frame-src http://127.0.0.1:7000 http://127.0.0.1:7070;connect-src http://127.0.0.1:7000;&browser=Chrome, 4.002s
Testing: csp_id=39, page_id=4000, browser=Chrome
[ERROR] page_id=4012 csp_id=39, timeout: http://127.0.0.1:7000/test/out_4012?csp=frame-src http://127.0.0.1:7000 http://127.0.0.1:7070;connect-src http://127.0.0.1:7000;&browser=Chrome, 4.003s
[ERROR] page_id=4013 csp_id=39, timeout: http://127.0.0.1:7000/test/out_4013?csp=frame-src http://127.0.0.1:7000 http://127.0.0.1:7070;connect-src http://127.0.0.1:7000;&browser=Chrome, 4.002s
[ERROR] page_id=4040 csp_id=39, timeout: http://127.0.0.1:7000/test/out_4040?csp=frame-src http://127.0.0.1:7000 http://127.0.0.1:7070;connect-src http://127.0.0.1:7000;&browser=Chrome, 4.002s
[ERROR] page_id=4041 csp_id=39, timeout: http://127.0.0.1:7000/test/out_4041?csp=frame-src http://127.0.0.1:7000 http://127.0.0.1:7070;connect-src http://127.0.0.1:7000;&browser=Chrome, 4.001s
[ERROR] page_id=4068 csp_id=39, timeout: http://127.0.0.1:7000/test/out_4068?csp=frame-src http://127.0.0.1:7000 http://127.0.0.1:7070;connect-src http://127.0.0.1:7000;&browser=Chrome, 4.002s
[ERROR] page_id=4069 csp_id=39, timeout: http://127.0.0.1:7000/test/out_4069?csp=frame-src http://127.0.0.1:7000 http://127.0.0.1:7070;connect-src http://127.0.0.1:7000;&browser=Chrome, 4.001s
Testing: csp_id=39, page_id=4100, browser=Chrome
[ERROR] page_id=4096 csp_id=39, timeout: http://127.0.0.1:7000/test/out_4096?csp=frame-src http://127.0.0.1:7000 http://127.0.0.1:7070;connect-src http://127.0.0.1:7000;&browser=Chrome, 4.004s
[ERROR] page_id=4097 csp_id=39, timeout: http://127.0.0.1:7000/test/out_4097?csp=frame-src http://127.0.0.1:7000 http://127.0.0.1:7070;connect-src http://127.0.0.1:7000;&browser=Chrome, 4.003s
[ERROR] page_id=4124 csp_id=39, timeout: http://127.0.0.1:7000/test/out_4124?csp=frame-src http://127.0.0.1:7000 http://127.0.0.1:7070;connect-src http://127.0.0.1:7000;&browser=Chrome, 4.005s
[ERROR] page_id=4125 csp_id=39, timeout: http://127.0.0.1:7000/test/out_4125?csp=frame-src http://127.0.0.1:7000 http://127.0.0.1:7070;connect-src http://127.0.0.1:7000;&browser=Chrome, 4.006s
[ERROR] page_id=4152 csp_id=39, timeout: http://127.0.0.1:7000/test/out_4152?csp=frame-src http://127.0.0.1:7000 http://127.0.0.1:7070;connect-src http://127.0.0.1:7000;&browser=Chrome, 4.002s
[ERROR] page_id=4153 csp_id=39, timeout: http://127.0.0.1:7000/test/out_4153?csp=frame-src http://127.0.0.1:7000 http://127.0.0.1:7070;connect-src http://127.0.0.1:7000;&browser=Chrome, 4.002s
[ERROR] page_id=4180 csp_id=39, timeout: http://127.0.0.1:7000/test/out_4180?csp=frame-src http://127.0.0.1:7000 http://127.0.0.1:7070;connect-src http://127.0.0.1:7000;&browser=Chrome, 4.001s
[ERROR] page_id=4181 csp_id=39, timeout: http://127.0.0.1:7000/test/out_4181?csp=frame-src http://127.0.0.1:7000 http://127.0.0.1:7070;connect-src http://127.0.0.1:7000;&browser=Chrome, 4.001s
Testing: csp_id=39, page_id=4200, browser=Chrome
[ERROR] page_id=4208 csp_id=39, timeout: http://127.0.0.1:7000/test/out_4208?csp=frame-src http://127.0.0.1:7000 http://127.0.0.1:7070;connect-src http://127.0.0.1:7000;&browser=Chrome, 4.004s
[ERROR] page_id=4209 csp_id=39, timeout: http://127.0.0.1:7000/test/out_4209?csp=frame-src http://127.0.0.1:7000 http://127.0.0.1:7070;connect-src http://127.0.0.1:7000;&browser=Chrome, 4.003s
[ERROR] page_id=4236 csp_id=39, timeout: http://127.0.0.1:7000/test/out_4236?csp=frame-src http://127.0.0.1:7000 http://127.0.0.1:7070;connect-src http://127.0.0.1:7000;&browser=Chrome, 4.002s
[ERROR] page_id=4237 csp_id=39, timeout: http://127.0.0.1:7000/test/out_4237?csp=frame-src http://127.0.0.1:7000 http://127.0.0.1:7070;connect-src http://127.0.0.1:7000;&browser=Chrome, 4.004s
[ERROR] page_id=4264 csp_id=39, timeout: http://127.0.0.1:7000/test/out_4264?csp=frame-src http://127.0.0.1:7000 http://127.0.0.1:7070;connect-src http://127.0.0.1:7000;&browser=Chrome, 4.002s
[ERROR] page_id=4265 csp_id=39, timeout: http://127.0.0.1:7000/test/out_4265?csp=frame-src http://127.0.0.1:7000 http://127.0.0.1:7070;connect-src http://127.0.0.1:7000;&browser=Chrome, 4.002s
Testing: csp_id=39, page_id=4300, browser=Chrome
[ERROR] page_id=4292 csp_id=39, timeout: http://127.0.0.1:7000/test/out_4292?csp=frame-src http://127.0.0.1:7000 http://127.0.0.1:7070;connect-src http://127.0.0.1:7000;&browser=Chrome, 4.003s
[ERROR] page_id=4293 csp_id=39, timeout: http://127.0.0.1:7000/test/out_4293?csp=frame-src http://127.0.0.1:7000 http://127.0.0.1:7070;connect-src http://127.0.0.1:7000;&browser=Chrome, 4.002s
[ERROR] page_id=4373 csp_id=39, timeout: http://127.0.0.1:7000/test/out_4373?csp=frame-src http://127.0.0.1:7000 http://127.0.0.1:7070;connect-src http://127.0.0.1:7000;&browser=Chrome, 4.003s
[ERROR] page_id=4374 csp_id=39, timeout: http://127.0.0.1:7000/test/out_4374?csp=frame-src http://127.0.0.1:7000 http://127.0.0.1:7070;connect-src http://127.0.0.1:7000;&browser=Chrome, 4.003s
Testing: csp_id=39, page_id=4400, browser=Chrome
[ERROR] page_id=4401 csp_id=39, timeout: http://127.0.0.1:7000/test/out_4401?csp=frame-src http://127.0.0.1:7000 http://127.0.0.1:7070;connect-src http://127.0.0.1:7000;&browser=Chrome, 4.002s
[ERROR] page_id=4402 csp_id=39, timeout: http://127.0.0.1:7000/test/out_4402?csp=frame-src http://127.0.0.1:7000 http://127.0.0.1:7070;connect-src http://127.0.0.1:7000;&browser=Chrome, 4.002s
[ERROR] page_id=4429 csp_id=39, timeout: http://127.0.0.1:7000/test/out_4429?csp=frame-src http://127.0.0.1:7000 http://127.0.0.1:7070;connect-src http://127.0.0.1:7000;&browser=Chrome, 4.001s
[ERROR] page_id=4430 csp_id=39, timeout: http://127.0.0.1:7000/test/out_4430?csp=frame-src http://127.0.0.1:7000 http://127.0.0.1:7070;connect-src http://127.0.0.1:7000;&browser=Chrome, 4.002s
[ERROR] page_id=4444 csp_id=39, timeout: http://127.0.0.1:7000/test/out_4444?csp=frame-src http://127.0.0.1:7000 http://127.0.0.1:7070;connect-src http://127.0.0.1:7000;&browser=Chrome, 4.006s
[ERROR] page_id=4445 csp_id=39, timeout: http://127.0.0.1:7000/test/out_4445?csp=frame-src http://127.0.0.1:7000 http://127.0.0.1:7070;connect-src http://127.0.0.1:7000;&browser=Chrome, 4.006s
[ERROR] page_id=4494 csp_id=39, timeout: http://127.0.0.1:7000/test/out_4494?csp=frame-src http://127.0.0.1:7000 http://127.0.0.1:7070;connect-src http://127.0.0.1:7000;&browser=Chrome, 4.006s
[ERROR] page_id=4495 csp_id=39, timeout: http://127.0.0.1:7000/test/out_4495?csp=frame-src http://127.0.0.1:7000 http://127.0.0.1:7070;connect-src http://127.0.0.1:7000;&browser=Chrome, 4.007s
Testing: csp_id=39, page_id=4500, browser=Chrome
[ERROR] page_id=4584 csp_id=39, timeout: http://127.0.0.1:7000/test/out_4584?csp=frame-src http://127.0.0.1:7000 http://127.0.0.1:7070;connect-src http://127.0.0.1:7000;&browser=Chrome, 4.002s
[ERROR] page_id=4585 csp_id=39, timeout: http://127.0.0.1:7000/test/out_4585?csp=frame-src http://127.0.0.1:7000 http://127.0.0.1:7070;connect-src http://127.0.0.1:7000;&browser=Chrome, 4.002s
Testing: csp_id=39, page_id=4600, browser=Chrome
[ERROR] page_id=4612 csp_id=39, timeout: http://127.0.0.1:7000/test/out_4612?csp=frame-src http://127.0.0.1:7000 http://127.0.0.1:7070;connect-src http://127.0.0.1:7000;&browser=Chrome, 4.001s
[ERROR] page_id=4613 csp_id=39, timeout: http://127.0.0.1:7000/test/out_4613?csp=frame-src http://127.0.0.1:7000 http://127.0.0.1:7070;connect-src http://127.0.0.1:7000;&browser=Chrome, 4.002s
Testing: csp_id=39, page_id=4700, browser=Chrome
[ERROR] page_id=4753 csp_id=39, timeout: http://127.0.0.1:7000/test/out_4753?csp=frame-src http://127.0.0.1:7000 http://127.0.0.1:7070;connect-src http://127.0.0.1:7000;&browser=Chrome, 4.003s
[ERROR] page_id=4754 csp_id=39, timeout: http://127.0.0.1:7000/test/out_4754?csp=frame-src http://127.0.0.1:7000 http://127.0.0.1:7070;connect-src http://127.0.0.1:7000;&browser=Chrome, 4.003s
[ERROR] page_id=4781 csp_id=39, timeout: http://127.0.0.1:7000/test/out_4781?csp=frame-src http://127.0.0.1:7000 http://127.0.0.1:7070;connect-src http://127.0.0.1:7000;&browser=Chrome, 4.001s
[ERROR] page_id=4782 csp_id=39, timeout: http://127.0.0.1:7000/test/out_4782?csp=frame-src http://127.0.0.1:7000 http://127.0.0.1:7070;connect-src http://127.0.0.1:7000;&browser=Chrome, 4.002s
Testing: csp_id=39, page_id=4800, browser=Chrome
Testing: csp_id=39, page_id=4900, browser=Chrome
Testing: csp_id=39, page_id=5000, browser=Chrome
[ERROR] page_id=5013 csp_id=39, timeout: http://127.0.0.1:7000/test/out_5013?csp=frame-src http://127.0.0.1:7000 http://127.0.0.1:7070;connect-src http://127.0.0.1:7000;&browser=Chrome, 4.002s
[ERROR] page_id=5014 csp_id=39, timeout: http://127.0.0.1:7000/test/out_5014?csp=frame-src http://127.0.0.1:7000 http://127.0.0.1:7070;connect-src http://127.0.0.1:7000;&browser=Chrome, 4.001s
[ERROR] page_id=5041 csp_id=39, timeout: http://127.0.0.1:7000/test/out_5041?csp=frame-src http://127.0.0.1:7000 http://127.0.0.1:7070;connect-src http://127.0.0.1:7000;&browser=Chrome, 4.002s
[ERROR] page_id=5042 csp_id=39, timeout: http://127.0.0.1:7000/test/out_5042?csp=frame-src http://127.0.0.1:7000 http://127.0.0.1:7070;connect-src http://127.0.0.1:7000;&browser=Chrome, 4.002s
[ERROR] page_id=5069 csp_id=39, timeout: http://127.0.0.1:7000/test/out_5069?csp=frame-src http://127.0.0.1:7000 http://127.0.0.1:7070;connect-src http://127.0.0.1:7000;&browser=Chrome, 4.002s
[ERROR] page_id=5070 csp_id=39, timeout: http://127.0.0.1:7000/test/out_5070?csp=frame-src http://127.0.0.1:7000 http://127.0.0.1:7070;connect-src http://127.0.0.1:7000;&browser=Chrome, 4.001s
Testing: csp_id=39, page_id=5100, browser=Chrome
[ERROR] page_id=5097 csp_id=39, timeout: http://127.0.0.1:7000/test/out_5097?csp=frame-src http://127.0.0.1:7000 http://127.0.0.1:7070;connect-src http://127.0.0.1:7000;&browser=Chrome, 4.001s
[ERROR] page_id=5098 csp_id=39, timeout: http://127.0.0.1:7000/test/out_5098?csp=frame-src http://127.0.0.1:7000 http://127.0.0.1:7070;connect-src http://127.0.0.1:7000;&browser=Chrome, 4.002s
[ERROR] page_id=5125 csp_id=39, timeout: http://127.0.0.1:7000/test/out_5125?csp=frame-src http://127.0.0.1:7000 http://127.0.0.1:7070;connect-src http://127.0.0.1:7000;&browser=Chrome, 4.002s
[ERROR] page_id=5126 csp_id=39, timeout: http://127.0.0.1:7000/test/out_5126?csp=frame-src http://127.0.0.1:7000 http://127.0.0.1:7070;connect-src http://127.0.0.1:7000;&browser=Chrome, 4.002s
[ERROR] page_id=5153 csp_id=39, timeout: http://127.0.0.1:7000/test/out_5153?csp=frame-src http://127.0.0.1:7000 http://127.0.0.1:7070;connect-src http://127.0.0.1:7000;&browser=Chrome, 4.004s
[ERROR] page_id=5154 csp_id=39, timeout: http://127.0.0.1:7000/test/out_5154?csp=frame-src http://127.0.0.1:7000 http://127.0.0.1:7070;connect-src http://127.0.0.1:7000;&browser=Chrome, 4.004s
[ERROR] page_id=5181 csp_id=39, timeout: http://127.0.0.1:7000/test/out_5181?csp=frame-src http://127.0.0.1:7000 http://127.0.0.1:7070;connect-src http://127.0.0.1:7000;&browser=Chrome, 4.004s
[ERROR] page_id=5182 csp_id=39, timeout: http://127.0.0.1:7000/test/out_5182?csp=frame-src http://127.0.0.1:7000 http://127.0.0.1:7070;connect-src http://127.0.0.1:7000;&browser=Chrome, 4.005s
Testing: csp_id=39, page_id=5200, browser=Chrome
[ERROR] page_id=5209 csp_id=39, timeout: http://127.0.0.1:7000/test/out_5209?csp=frame-src http://127.0.0.1:7000 http://127.0.0.1:7070;connect-src http://127.0.0.1:7000;&browser=Chrome, 4.004s
[ERROR] page_id=5210 csp_id=39, timeout: http://127.0.0.1:7000/test/out_5210?csp=frame-src http://127.0.0.1:7000 http://127.0.0.1:7070;connect-src http://127.0.0.1:7000;&browser=Chrome, 4.004s
[ERROR] page_id=5237 csp_id=39, timeout: http://127.0.0.1:7000/test/out_5237?csp=frame-src http://127.0.0.1:7000 http://127.0.0.1:7070;connect-src http://127.0.0.1:7000;&browser=Chrome, 4.003s
[ERROR] page_id=5238 csp_id=39, timeout: http://127.0.0.1:7000/test/out_5238?csp=frame-src http://127.0.0.1:7000 http://127.0.0.1:7070;connect-src http://127.0.0.1:7000;&browser=Chrome, 4.002s
[ERROR] page_id=5265 csp_id=39, timeout: http://127.0.0.1:7000/test/out_5265?csp=frame-src http://127.0.0.1:7000 http://127.0.0.1:7070;connect-src http://127.0.0.1:7000;&browser=Chrome, 4.004s
[ERROR] page_id=5266 csp_id=39, timeout: http://127.0.0.1:7000/test/out_5266?csp=frame-src http://127.0.0.1:7000 http://127.0.0.1:7070;connect-src http://127.0.0.1:7000;&browser=Chrome, 4.003s
[ERROR] page_id=5293 csp_id=39, timeout: http://127.0.0.1:7000/test/out_5293?csp=frame-src http://127.0.0.1:7000 http://127.0.0.1:7070;connect-src http://127.0.0.1:7000;&browser=Chrome, 4.002s
[ERROR] page_id=5294 csp_id=39, timeout: http://127.0.0.1:7000/test/out_5294?csp=frame-src http://127.0.0.1:7000 http://127.0.0.1:7070;connect-src http://127.0.0.1:7000;&browser=Chrome, 4.002s
Testing: csp_id=39, page_id=5300, browser=Chrome
[ERROR] page_id=5321 csp_id=39, timeout: http://127.0.0.1:7000/test/out_5321?csp=frame-src http://127.0.0.1:7000 http://127.0.0.1:7070;connect-src http://127.0.0.1:7000;&browser=Chrome, 4.007s
[ERROR] page_id=5322 csp_id=39, timeout: http://127.0.0.1:7000/test/out_5322?csp=frame-src http://127.0.0.1:7000 http://127.0.0.1:7070;connect-src http://127.0.0.1:7000;&browser=Chrome, 4.007s
Testing: csp_id=39, page_id=5400, browser=Chrome
[ERROR] page_id=5402 csp_id=39, timeout: http://127.0.0.1:7000/test/out_5402?csp=frame-src http://127.0.0.1:7000 http://127.0.0.1:7070;connect-src http://127.0.0.1:7000;&browser=Chrome, 4.001s
[ERROR] page_id=5403 csp_id=39, timeout: http://127.0.0.1:7000/test/out_5403?csp=frame-src http://127.0.0.1:7000 http://127.0.0.1:7070;connect-src http://127.0.0.1:7000;&browser=Chrome, 4.001s
[ERROR] page_id=5430 csp_id=39, timeout: http://127.0.0.1:7000/test/out_5430?csp=frame-src http://127.0.0.1:7000 http://127.0.0.1:7070;connect-src http://127.0.0.1:7000;&browser=Chrome, 4.000s
[ERROR] page_id=5431 csp_id=39, timeout: http://127.0.0.1:7000/test/out_5431?csp=frame-src http://127.0.0.1:7000 http://127.0.0.1:7070;connect-src http://127.0.0.1:7000;&browser=Chrome, 4.001s
[ERROR] page_id=5458 csp_id=39, timeout: http://127.0.0.1:7000/test/out_5458?csp=frame-src http://127.0.0.1:7000 http://127.0.0.1:7070;connect-src http://127.0.0.1:7000;&browser=Chrome, 4.004s
[ERROR] page_id=5459 csp_id=39, timeout: http://127.0.0.1:7000/test/out_5459?csp=frame-src http://127.0.0.1:7000 http://127.0.0.1:7070;connect-src http://127.0.0.1:7000;&browser=Chrome, 4.003s
[ERROR] page_id=5473 csp_id=39, timeout: http://127.0.0.1:7000/test/out_5473?csp=frame-src http://127.0.0.1:7000 http://127.0.0.1:7070;connect-src http://127.0.0.1:7000;&browser=Chrome, 4.003s
[ERROR] page_id=5474 csp_id=39, timeout: http://127.0.0.1:7000/test/out_5474?csp=frame-src http://127.0.0.1:7000 http://127.0.0.1:7070;connect-src http://127.0.0.1:7000;&browser=Chrome, 4.003s
Testing: csp_id=39, page_id=5500, browser=Chrome
[ERROR] page_id=5523 csp_id=39, timeout: http://127.0.0.1:7000/test/out_5523?csp=frame-src http://127.0.0.1:7000 http://127.0.0.1:7070;connect-src http://127.0.0.1:7000;&browser=Chrome, 4.003s
[ERROR] page_id=5524 csp_id=39, timeout: http://127.0.0.1:7000/test/out_5524?csp=frame-src http://127.0.0.1:7000 http://127.0.0.1:7070;connect-src http://127.0.0.1:7000;&browser=Chrome, 4.003s
Testing: csp_id=39, page_id=5600, browser=Chrome
[ERROR] page_id=5613 csp_id=39, timeout: http://127.0.0.1:7000/test/out_5613?csp=frame-src http://127.0.0.1:7000 http://127.0.0.1:7070;connect-src http://127.0.0.1:7000;&browser=Chrome, 4.006s
[ERROR] page_id=5614 csp_id=39, timeout: http://127.0.0.1:7000/test/out_5614?csp=frame-src http://127.0.0.1:7000 http://127.0.0.1:7070;connect-src http://127.0.0.1:7000;&browser=Chrome, 4.005s
[ERROR] page_id=5641 csp_id=39, timeout: http://127.0.0.1:7000/test/out_5641?csp=frame-src http://127.0.0.1:7000 http://127.0.0.1:7070;connect-src http://127.0.0.1:7000;&browser=Chrome, 4.016s
[ERROR] page_id=5642 csp_id=39, timeout: http://127.0.0.1:7000/test/out_5642?csp=frame-src http://127.0.0.1:7000 http://127.0.0.1:7070;connect-src http://127.0.0.1:7000;&browser=Chrome, 4.017s
Testing: csp_id=39, page_id=5700, browser=Chrome
[ERROR] page_id=5782 csp_id=39, timeout: http://127.0.0.1:7000/test/out_5782?csp=frame-src http://127.0.0.1:7000 http://127.0.0.1:7070;connect-src http://127.0.0.1:7000;&browser=Chrome, 4.001s
[ERROR] page_id=5783 csp_id=39, timeout: http://127.0.0.1:7000/test/out_5783?csp=frame-src http://127.0.0.1:7000 http://127.0.0.1:7070;connect-src http://127.0.0.1:7000;&browser=Chrome, 4.001s
Testing: csp_id=39, page_id=5800, browser=Chrome
[ERROR] page_id=5810 csp_id=39, timeout: http://127.0.0.1:7000/test/out_5810?csp=frame-src http://127.0.0.1:7000 http://127.0.0.1:7070;connect-src http://127.0.0.1:7000;&browser=Chrome, 4.002s
[ERROR] page_id=5811 csp_id=39, timeout: http://127.0.0.1:7000/test/out_5811?csp=frame-src http://127.0.0.1:7000 http://127.0.0.1:7070;connect-src http://127.0.0.1:7000;&browser=Chrome, 4.008s
Testing: csp_id=39, page_id=5900, browser=Chrome
Testing: csp_id=39, page_id=6000, browser=Chrome
[ERROR] page_id=6042 csp_id=39, timeout: http://127.0.0.1:7000/test/out_6042?csp=frame-src http://127.0.0.1:7000 http://127.0.0.1:7070;connect-src http://127.0.0.1:7000;&browser=Chrome, 4.003s
[ERROR] page_id=6043 csp_id=39, timeout: http://127.0.0.1:7000/test/out_6043?csp=frame-src http://127.0.0.1:7000 http://127.0.0.1:7070;connect-src http://127.0.0.1:7000;&browser=Chrome, 4.004s
[ERROR] page_id=6070 csp_id=39, timeout: http://127.0.0.1:7000/test/out_6070?csp=frame-src http://127.0.0.1:7000 http://127.0.0.1:7070;connect-src http://127.0.0.1:7000;&browser=Chrome, 4.002s
[ERROR] page_id=6071 csp_id=39, timeout: http://127.0.0.1:7000/test/out_6071?csp=frame-src http://127.0.0.1:7000 http://127.0.0.1:7070;connect-src http://127.0.0.1:7000;&browser=Chrome, 4.003s
Testing: csp_id=39, page_id=6100, browser=Chrome
[ERROR] page_id=6098 csp_id=39, timeout: http://127.0.0.1:7000/test/out_6098?csp=frame-src http://127.0.0.1:7000 http://127.0.0.1:7070;connect-src http://127.0.0.1:7000;&browser=Chrome, 4.002s
[ERROR] page_id=6099 csp_id=39, timeout: http://127.0.0.1:7000/test/out_6099?csp=frame-src http://127.0.0.1:7000 http://127.0.0.1:7070;connect-src http://127.0.0.1:7000;&browser=Chrome, 4.002s
[ERROR] page_id=6126 csp_id=39, timeout: http://127.0.0.1:7000/test/out_6126?csp=frame-src http://127.0.0.1:7000 http://127.0.0.1:7070;connect-src http://127.0.0.1:7000;&browser=Chrome, 4.006s
[ERROR] page_id=6127 csp_id=39, timeout: http://127.0.0.1:7000/test/out_6127?csp=frame-src http://127.0.0.1:7000 http://127.0.0.1:7070;connect-src http://127.0.0.1:7000;&browser=Chrome, 4.006s
[ERROR] page_id=6154 csp_id=39, timeout: http://127.0.0.1:7000/test/out_6154?csp=frame-src http://127.0.0.1:7000 http://127.0.0.1:7070;connect-src http://127.0.0.1:7000;&browser=Chrome, 4.002s
[ERROR] page_id=6155 csp_id=39, timeout: http://127.0.0.1:7000/test/out_6155?csp=frame-src http://127.0.0.1:7000 http://127.0.0.1:7070;connect-src http://127.0.0.1:7000;&browser=Chrome, 4.002s
[ERROR] page_id=6182 csp_id=39, timeout: http://127.0.0.1:7000/test/out_6182?csp=frame-src http://127.0.0.1:7000 http://127.0.0.1:7070;connect-src http://127.0.0.1:7000;&browser=Chrome, 4.003s
[ERROR] page_id=6183 csp_id=39, timeout: http://127.0.0.1:7000/test/out_6183?csp=frame-src http://127.0.0.1:7000 http://127.0.0.1:7070;connect-src http://127.0.0.1:7000;&browser=Chrome, 4.004s
Testing: csp_id=39, page_id=6200, browser=Chrome
[ERROR] page_id=6210 csp_id=39, timeout: http://127.0.0.1:7000/test/out_6210?csp=frame-src http://127.0.0.1:7000 http://127.0.0.1:7070;connect-src http://127.0.0.1:7000;&browser=Chrome, 4.002s
[ERROR] page_id=6211 csp_id=39, timeout: http://127.0.0.1:7000/test/out_6211?csp=frame-src http://127.0.0.1:7000 http://127.0.0.1:7070;connect-src http://127.0.0.1:7000;&browser=Chrome, 4.002s
[ERROR] page_id=6238 csp_id=39, timeout: http://127.0.0.1:7000/test/out_6238?csp=frame-src http://127.0.0.1:7000 http://127.0.0.1:7070;connect-src http://127.0.0.1:7000;&browser=Chrome, 4.007s
[ERROR] page_id=6239 csp_id=39, timeout: http://127.0.0.1:7000/test/out_6239?csp=frame-src http://127.0.0.1:7000 http://127.0.0.1:7070;connect-src http://127.0.0.1:7000;&browser=Chrome, 4.007s
[ERROR] page_id=6266 csp_id=39, timeout: http://127.0.0.1:7000/test/out_6266?csp=frame-src http://127.0.0.1:7000 http://127.0.0.1:7070;connect-src http://127.0.0.1:7000;&browser=Chrome, 4.002s
[ERROR] page_id=6267 csp_id=39, timeout: http://127.0.0.1:7000/test/out_6267?csp=frame-src http://127.0.0.1:7000 http://127.0.0.1:7070;connect-src http://127.0.0.1:7000;&browser=Chrome, 4.003s
Testing: csp_id=39, page_id=6300, browser=Chrome
[ERROR] page_id=6294 csp_id=39, timeout: http://127.0.0.1:7000/test/out_6294?csp=frame-src http://127.0.0.1:7000 http://127.0.0.1:7070;connect-src http://127.0.0.1:7000;&browser=Chrome, 4.001s
[ERROR] page_id=6295 csp_id=39, timeout: http://127.0.0.1:7000/test/out_6295?csp=frame-src http://127.0.0.1:7000 http://127.0.0.1:7070;connect-src http://127.0.0.1:7000;&browser=Chrome, 4.002s
[ERROR] page_id=6322 csp_id=39, timeout: http://127.0.0.1:7000/test/out_6322?csp=frame-src http://127.0.0.1:7000 http://127.0.0.1:7070;connect-src http://127.0.0.1:7000;&browser=Chrome, 4.003s
[ERROR] page_id=6323 csp_id=39, timeout: http://127.0.0.1:7000/test/out_6323?csp=frame-src http://127.0.0.1:7000 http://127.0.0.1:7070;connect-src http://127.0.0.1:7000;&browser=Chrome, 4.003s
[ERROR] page_id=6350 csp_id=39, timeout: http://127.0.0.1:7000/test/out_6350?csp=frame-src http://127.0.0.1:7000 http://127.0.0.1:7070;connect-src http://127.0.0.1:7000;&browser=Chrome, 4.003s
[ERROR] page_id=6351 csp_id=39, timeout: http://127.0.0.1:7000/test/out_6351?csp=frame-src http://127.0.0.1:7000 http://127.0.0.1:7070;connect-src http://127.0.0.1:7000;&browser=Chrome, 4.002s
Testing: csp_id=39, page_id=6400, browser=Chrome
[ERROR] page_id=6431 csp_id=39, timeout: http://127.0.0.1:7000/test/out_6431?csp=frame-src http://127.0.0.1:7000 http://127.0.0.1:7070;connect-src http://127.0.0.1:7000;&browser=Chrome, 4.002s
[ERROR] page_id=6432 csp_id=39, timeout: http://127.0.0.1:7000/test/out_6432?csp=frame-src http://127.0.0.1:7000 http://127.0.0.1:7070;connect-src http://127.0.0.1:7000;&browser=Chrome, 4.005s
[ERROR] page_id=6459 csp_id=39, timeout: http://127.0.0.1:7000/test/out_6459?csp=frame-src http://127.0.0.1:7000 http://127.0.0.1:7070;connect-src http://127.0.0.1:7000;&browser=Chrome, 4.001s
[ERROR] page_id=6460 csp_id=39, timeout: http://127.0.0.1:7000/test/out_6460?csp=frame-src http://127.0.0.1:7000 http://127.0.0.1:7070;connect-src http://127.0.0.1:7000;&browser=Chrome, 4.001s
[ERROR] page_id=6487 csp_id=39, timeout: http://127.0.0.1:7000/test/out_6487?csp=frame-src http://127.0.0.1:7000 http://127.0.0.1:7070;connect-src http://127.0.0.1:7000;&browser=Chrome, 4.002s
[ERROR] page_id=6488 csp_id=39, timeout: http://127.0.0.1:7000/test/out_6488?csp=frame-src http://127.0.0.1:7000 http://127.0.0.1:7070;connect-src http://127.0.0.1:7000;&browser=Chrome, 4.002s
Testing: csp_id=39, page_id=6500, browser=Chrome
[ERROR] page_id=6502 csp_id=39, timeout: http://127.0.0.1:7000/test/out_6502?csp=frame-src http://127.0.0.1:7000 http://127.0.0.1:7070;connect-src http://127.0.0.1:7000;&browser=Chrome, 4.002s
[ERROR] page_id=6503 csp_id=39, timeout: http://127.0.0.1:7000/test/out_6503?csp=frame-src http://127.0.0.1:7000 http://127.0.0.1:7070;connect-src http://127.0.0.1:7000;&browser=Chrome, 4.002s
[ERROR] page_id=6552 csp_id=39, timeout: http://127.0.0.1:7000/test/out_6552?csp=frame-src http://127.0.0.1:7000 http://127.0.0.1:7070;connect-src http://127.0.0.1:7000;&browser=Chrome, 4.002s
[ERROR] page_id=6553 csp_id=39, timeout: http://127.0.0.1:7000/test/out_6553?csp=frame-src http://127.0.0.1:7000 http://127.0.0.1:7070;connect-src http://127.0.0.1:7000;&browser=Chrome, 4.002s
Testing: csp_id=39, page_id=6600, browser=Chrome
[ERROR] page_id=6642 csp_id=39, timeout: http://127.0.0.1:7000/test/out_6642?csp=frame-src http://127.0.0.1:7000 http://127.0.0.1:7070;connect-src http://127.0.0.1:7000;&browser=Chrome, 4.001s
[ERROR] page_id=6643 csp_id=39, timeout: http://127.0.0.1:7000/test/out_6643?csp=frame-src http://127.0.0.1:7000 http://127.0.0.1:7070;connect-src http://127.0.0.1:7000;&browser=Chrome, 4.001s
[ERROR] page_id=6670 csp_id=39, timeout: http://127.0.0.1:7000/test/out_6670?csp=frame-src http://127.0.0.1:7000 http://127.0.0.1:7070;connect-src http://127.0.0.1:7000;&browser=Chrome, 4.003s
[ERROR] page_id=6671 csp_id=39, timeout: http://127.0.0.1:7000/test/out_6671?csp=frame-src http://127.0.0.1:7000 http://127.0.0.1:7070;connect-src http://127.0.0.1:7000;&browser=Chrome, 4.002s
Testing: csp_id=39, page_id=6700, browser=Chrome
