=========Notice: Full run mode=========
current_playwright_page_split_num is 1
=======================================
🏊 create_context_pools[first] (5x16): 0.615s
Testing: csp_id=11, page_id=0, browser=Chrome
Testing: csp_id=11, page_id=100, browser=Chrome
Testing: csp_id=11, page_id=200, browser=Chrome
Testing: csp_id=11, page_id=300, browser=Chrome
Testing: csp_id=11, page_id=400, browser=Chrome
Testing: csp_id=11, page_id=500, browser=Chrome
Testing: csp_id=11, page_id=600, browser=Chrome
Testing: csp_id=11, page_id=700, browser=Chrome
Testing: csp_id=11, page_id=800, browser=Chrome
Testing: csp_id=11, page_id=900, browser=Chrome
Testing: csp_id=11, page_id=1000, browser=Chrome
Testing: csp_id=11, page_id=1100, browser=Chrome
Testing: csp_id=11, page_id=1200, browser=Chrome
Testing: csp_id=11, page_id=1300, browser=Chrome
Testing: csp_id=11, page_id=1400, browser=Chrome
Testing: csp_id=11, page_id=1500, browser=Chrome
Testing: csp_id=11, page_id=1600, browser=Chrome
Testing: csp_id=11, page_id=1700, browser=Chrome
Testing: csp_id=11, page_id=1800, browser=Chrome
Testing: csp_id=11, page_id=1900, browser=Chrome
Testing: csp_id=11, page_id=2000, browser=Chrome
Testing: csp_id=11, page_id=2100, browser=Chrome
Testing: csp_id=11, page_id=2200, browser=Chrome
Testing: csp_id=11, page_id=2300, browser=Chrome
Testing: csp_id=11, page_id=2400, browser=Chrome
Testing: csp_id=11, page_id=2500, browser=Chrome
Testing: csp_id=11, page_id=2600, browser=Chrome
Testing: csp_id=11, page_id=2700, browser=Chrome
Testing: csp_id=11, page_id=2800, browser=Chrome
Testing: csp_id=11, page_id=2900, browser=Chrome
Testing: csp_id=11, page_id=3000, browser=Chrome
Testing: csp_id=11, page_id=3100, browser=Chrome
Testing: csp_id=11, page_id=3200, browser=Chrome
Testing: csp_id=11, page_id=3300, browser=Chrome
Testing: csp_id=11, page_id=3400, browser=Chrome
Testing: csp_id=11, page_id=3500, browser=Chrome
Testing: csp_id=11, page_id=3600, browser=Chrome
Testing: csp_id=11, page_id=3700, browser=Chrome
Testing: csp_id=11, page_id=3800, browser=Chrome
Testing: csp_id=11, page_id=3900, browser=Chrome
Testing: csp_id=11, page_id=4000, browser=Chrome
Testing: csp_id=11, page_id=4100, browser=Chrome
Testing: csp_id=11, page_id=4200, browser=Chrome
Testing: csp_id=11, page_id=4300, browser=Chrome
Testing: csp_id=11, page_id=4400, browser=Chrome
Testing: csp_id=11, page_id=4500, browser=Chrome
Testing: csp_id=11, page_id=4600, browser=Chrome
Testing: csp_id=11, page_id=4700, browser=Chrome
Testing: csp_id=11, page_id=4800, browser=Chrome
Testing: csp_id=11, page_id=4900, browser=Chrome
Testing: csp_id=11, page_id=5000, browser=Chrome
Testing: csp_id=11, page_id=5100, browser=Chrome
Testing: csp_id=11, page_id=5200, browser=Chrome
Testing: csp_id=11, page_id=5300, browser=Chrome
Testing: csp_id=11, page_id=5400, browser=Chrome
Testing: csp_id=11, page_id=5500, browser=Chrome
Testing: csp_id=11, page_id=5600, browser=Chrome
Testing: csp_id=11, page_id=5700, browser=Chrome
Testing: csp_id=11, page_id=5800, browser=Chrome
Testing: csp_id=11, page_id=5900, browser=Chrome
Testing: csp_id=11, page_id=6000, browser=Chrome
Testing: csp_id=11, page_id=6100, browser=Chrome
Testing: csp_id=11, page_id=6200, browser=Chrome
Testing: csp_id=11, page_id=6300, browser=Chrome
Testing: csp_id=11, page_id=6400, browser=Chrome
Testing: csp_id=11, page_id=6500, browser=Chrome
Testing: csp_id=11, page_id=6600, browser=Chrome
Testing: csp_id=11, page_id=6700, browser=Chrome
Testing: csp_id=11, page_id=6800, browser=Chrome
Testing: csp_id=11, page_id=6900, browser=Chrome
Testing: csp_id=11, page_id=7000, browser=Chrome
Testing: csp_id=11, page_id=7100, browser=Chrome
Testing: csp_id=11, page_id=7200, browser=Chrome
Testing: csp_id=11, page_id=7300, browser=Chrome
Testing: csp_id=11, page_id=7400, browser=Chrome
Testing: csp_id=11, page_id=7500, browser=Chrome
Testing: csp_id=11, page_id=7600, browser=Chrome
Testing: csp_id=11, page_id=7700, browser=Chrome
Testing: csp_id=11, page_id=7800, browser=Chrome
Testing: csp_id=11, page_id=7900, browser=Chrome
Testing: csp_id=11, page_id=8000, browser=Chrome
Testing: csp_id=11, page_id=8100, browser=Chrome
Testing: csp_id=11, page_id=8200, browser=Chrome
Testing: csp_id=11, page_id=8300, browser=Chrome
Testing: csp_id=11, page_id=8400, browser=Chrome
Testing: csp_id=11, page_id=8500, browser=Chrome
Testing: csp_id=11, page_id=8600, browser=Chrome
Testing: csp_id=11, page_id=8700, browser=Chrome
Testing: csp_id=11, page_id=8800, browser=Chrome
Testing: csp_id=11, page_id=8900, browser=Chrome
Testing: csp_id=11, page_id=9000, browser=Chrome
Testing: csp_id=11, page_id=9100, browser=Chrome
Testing: csp_id=11, page_id=9200, browser=Chrome
Testing: csp_id=11, page_id=9300, browser=Chrome
Testing: csp_id=11, page_id=9400, browser=Chrome
Testing: csp_id=11, page_id=9500, browser=Chrome
Testing: csp_id=11, page_id=9600, browser=Chrome
Testing: csp_id=11, page_id=9700, browser=Chrome
Testing: csp_id=11, page_id=9800, browser=Chrome
Testing: csp_id=11, page_id=9900, browser=Chrome
Testing: csp_id=11, page_id=10000, browser=Chrome
Testing: csp_id=11, page_id=10100, browser=Chrome
Testing: csp_id=11, page_id=10200, browser=Chrome
Testing: csp_id=11, page_id=10300, browser=Chrome
Testing: csp_id=11, page_id=10400, browser=Chrome
Testing: csp_id=11, page_id=10500, browser=Chrome
Testing: csp_id=11, page_id=10600, browser=Chrome
Testing: csp_id=11, page_id=10700, browser=Chrome
Testing: csp_id=11, page_id=10800, browser=Chrome
Testing: csp_id=11, page_id=10900, browser=Chrome
Testing: csp_id=11, page_id=11000, browser=Chrome
Testing: csp_id=11, page_id=11100, browser=Chrome
Testing: csp_id=11, page_id=11200, browser=Chrome
Testing: csp_id=11, page_id=11300, browser=Chrome
Testing: csp_id=11, page_id=11400, browser=Chrome
Testing: csp_id=11, page_id=11500, browser=Chrome
Testing: csp_id=11, page_id=11600, browser=Chrome
Testing: csp_id=11, page_id=11700, browser=Chrome
Testing: csp_id=11, page_id=11800, browser=Chrome
Testing: csp_id=11, page_id=11900, browser=Chrome
Testing: csp_id=11, page_id=12000, browser=Chrome
Testing: csp_id=11, page_id=12100, browser=Chrome
Testing: csp_id=11, page_id=12200, browser=Chrome
Testing: csp_id=11, page_id=12300, browser=Chrome
Testing: csp_id=11, page_id=12400, browser=Chrome
Testing: csp_id=11, page_id=12500, browser=Chrome
Testing: csp_id=11, page_id=12600, browser=Chrome
Testing: csp_id=11, page_id=12700, browser=Chrome
Testing: csp_id=11, page_id=12800, browser=Chrome
Testing: csp_id=11, page_id=12900, browser=Chrome
Testing: csp_id=11, page_id=13000, browser=Chrome
Testing: csp_id=11, page_id=13100, browser=Chrome
Testing: csp_id=11, page_id=13200, browser=Chrome
Testing: csp_id=11, page_id=13300, browser=Chrome
Testing: csp_id=11, page_id=13400, browser=Chrome
Testing: csp_id=11, page_id=13500, browser=Chrome
Testing: csp_id=11, page_id=13600, browser=Chrome
Testing: csp_id=11, page_id=13700, browser=Chrome
Testing: csp_id=11, page_id=13800, browser=Chrome
Testing: csp_id=11, page_id=13900, browser=Chrome
Testing: csp_id=11, page_id=14000, browser=Chrome
Testing: csp_id=11, page_id=14100, browser=Chrome
Testing: csp_id=11, page_id=14200, browser=Chrome
Testing: csp_id=11, page_id=14300, browser=Chrome
Testing: csp_id=11, page_id=14400, browser=Chrome
Testing: csp_id=11, page_id=14500, browser=Chrome
Testing: csp_id=11, page_id=14600, browser=Chrome
Testing: csp_id=11, page_id=14700, browser=Chrome
Testing: csp_id=11, page_id=14800, browser=Chrome
Testing: csp_id=11, page_id=14900, browser=Chrome
Testing: csp_id=11, page_id=15000, browser=Chrome
Testing: csp_id=11, page_id=15100, browser=Chrome
Testing: csp_id=11, page_id=15200, browser=Chrome
Testing: csp_id=11, page_id=15300, browser=Chrome
Testing: csp_id=11, page_id=15400, browser=Chrome
Testing: csp_id=11, page_id=15500, browser=Chrome
Testing: csp_id=11, page_id=15600, browser=Chrome
Testing: csp_id=11, page_id=15700, browser=Chrome
Testing: csp_id=11, page_id=15800, browser=Chrome
Testing: csp_id=11, page_id=15900, browser=Chrome
Testing: csp_id=11, page_id=16000, browser=Chrome
Testing: csp_id=11, page_id=16100, browser=Chrome
Testing: csp_id=11, page_id=16200, browser=Chrome
Testing: csp_id=11, page_id=16300, browser=Chrome
Testing: csp_id=11, page_id=16400, browser=Chrome
Testing: csp_id=11, page_id=16500, browser=Chrome
Testing: csp_id=11, page_id=16600, browser=Chrome
Testing: csp_id=11, page_id=16700, browser=Chrome
Testing: csp_id=11, page_id=16800, browser=Chrome
Testing: csp_id=11, page_id=16900, browser=Chrome
Testing: csp_id=11, page_id=17000, browser=Chrome
Testing: csp_id=11, page_id=17100, browser=Chrome
Testing: csp_id=11, page_id=17200, browser=Chrome
Testing: csp_id=11, page_id=17300, browser=Chrome
Testing: csp_id=11, page_id=17400, browser=Chrome
Testing: csp_id=11, page_id=17500, browser=Chrome
Testing: csp_id=11, page_id=17600, browser=Chrome
Testing: csp_id=11, page_id=17700, browser=Chrome
Testing: csp_id=11, page_id=17800, browser=Chrome
Testing: csp_id=11, page_id=17900, browser=Chrome
Testing: csp_id=11, page_id=18000, browser=Chrome
Testing: csp_id=11, page_id=18100, browser=Chrome
Testing: csp_id=11, page_id=18200, browser=Chrome
Testing: csp_id=11, page_id=18300, browser=Chrome
Testing: csp_id=11, page_id=18400, browser=Chrome
Testing: csp_id=11, page_id=18500, browser=Chrome
Testing: csp_id=11, page_id=18600, browser=Chrome
Testing: csp_id=11, page_id=18700, browser=Chrome
Testing: csp_id=11, page_id=18800, browser=Chrome
Testing: csp_id=11, page_id=18900, browser=Chrome
Testing: csp_id=11, page_id=19000, browser=Chrome
Testing: csp_id=11, page_id=19100, browser=Chrome
Testing: csp_id=11, page_id=19200, browser=Chrome
Testing: csp_id=11, page_id=19300, browser=Chrome
Testing: csp_id=11, page_id=19400, browser=Chrome
Testing: csp_id=11, page_id=19500, browser=Chrome
Testing: csp_id=11, page_id=19600, browser=Chrome
Testing: csp_id=11, page_id=19700, browser=Chrome
Testing: csp_id=11, page_id=19800, browser=Chrome
Testing: csp_id=11, page_id=19900, browser=Chrome
Testing: csp_id=11, page_id=20000, browser=Chrome
Testing: csp_id=11, page_id=20100, browser=Chrome
Testing: csp_id=11, page_id=20200, browser=Chrome
Testing: csp_id=11, page_id=20300, browser=Chrome
Testing: csp_id=11, page_id=20400, browser=Chrome
Testing: csp_id=11, page_id=20500, browser=Chrome
Testing: csp_id=11, page_id=20600, browser=Chrome
Testing: csp_id=11, page_id=20700, browser=Chrome
Testing: csp_id=11, page_id=20800, browser=Chrome
Testing: csp_id=11, page_id=20900, browser=Chrome
Testing: csp_id=11, page_id=21000, browser=Chrome
Testing: csp_id=11, page_id=21100, browser=Chrome
Testing: csp_id=11, page_id=21200, browser=Chrome
Testing: csp_id=11, page_id=21300, browser=Chrome
Testing: csp_id=11, page_id=21400, browser=Chrome
Testing: csp_id=11, page_id=21500, browser=Chrome
Testing: csp_id=11, page_id=21600, browser=Chrome
Testing: csp_id=11, page_id=21700, browser=Chrome
Testing: csp_id=11, page_id=21800, browser=Chrome
Testing: csp_id=11, page_id=21900, browser=Chrome
Testing: csp_id=11, page_id=22000, browser=Chrome
Testing: csp_id=11, page_id=22100, browser=Chrome
Testing: csp_id=11, page_id=22200, browser=Chrome
Testing: csp_id=11, page_id=22300, browser=Chrome
Testing: csp_id=11, page_id=22400, browser=Chrome
Testing: csp_id=11, page_id=22500, browser=Chrome
Testing: csp_id=11, page_id=22600, browser=Chrome
Testing: csp_id=11, page_id=22700, browser=Chrome
Testing: csp_id=11, page_id=22800, browser=Chrome
Testing: csp_id=11, page_id=22900, browser=Chrome
Testing: csp_id=11, page_id=23000, browser=Chrome
Testing: csp_id=11, page_id=23100, browser=Chrome
Testing: csp_id=11, page_id=23200, browser=Chrome
Testing: csp_id=11, page_id=23300, browser=Chrome
Testing: csp_id=11, page_id=23400, browser=Chrome
Testing: csp_id=11, page_id=23500, browser=Chrome
Testing: csp_id=11, page_id=23600, browser=Chrome
Testing: csp_id=11, page_id=23700, browser=Chrome
Testing: csp_id=11, page_id=23800, browser=Chrome
Testing: csp_id=11, page_id=23900, browser=Chrome
Testing: csp_id=11, page_id=24000, browser=Chrome
Testing: csp_id=11, page_id=24100, browser=Chrome
Testing: csp_id=11, page_id=24200, browser=Chrome
Testing: csp_id=11, page_id=24300, browser=Chrome
Testing: csp_id=11, page_id=24400, browser=Chrome
Testing: csp_id=11, page_id=24500, browser=Chrome
Testing: csp_id=11, page_id=24600, browser=Chrome
Testing: csp_id=11, page_id=24700, browser=Chrome
Testing: csp_id=11, page_id=24800, browser=Chrome
Testing: csp_id=11, page_id=24900, browser=Chrome
Testing: csp_id=11, page_id=25000, browser=Chrome
Testing: csp_id=11, page_id=25100, browser=Chrome
Testing: csp_id=11, page_id=25200, browser=Chrome
Testing: csp_id=11, page_id=25300, browser=Chrome
Testing: csp_id=11, page_id=25400, browser=Chrome
Testing: csp_id=11, page_id=25500, browser=Chrome
Testing: csp_id=11, page_id=25600, browser=Chrome
Testing: csp_id=11, page_id=25700, browser=Chrome
Testing: csp_id=11, page_id=25800, browser=Chrome
Testing: csp_id=11, page_id=25900, browser=Chrome
Testing: csp_id=11, page_id=26000, browser=Chrome
Testing: csp_id=11, page_id=26100, browser=Chrome
Testing: csp_id=11, page_id=26200, browser=Chrome
Testing: csp_id=11, page_id=26300, browser=Chrome
Testing: csp_id=11, page_id=26400, browser=Chrome
Testing: csp_id=11, page_id=26500, browser=Chrome
Testing: csp_id=11, page_id=26600, browser=Chrome
Testing: csp_id=11, page_id=26700, browser=Chrome
Testing: csp_id=11, page_id=26800, browser=Chrome
Testing: csp_id=11, page_id=26900, browser=Chrome
Testing: csp_id=11, page_id=27000, browser=Chrome
Testing: csp_id=11, page_id=27100, browser=Chrome
Testing: csp_id=11, page_id=27200, browser=Chrome
Testing: csp_id=11, page_id=27300, browser=Chrome
Testing: csp_id=11, page_id=27400, browser=Chrome
Testing: csp_id=11, page_id=27500, browser=Chrome
Testing: csp_id=11, page_id=27600, browser=Chrome
Testing: csp_id=11, page_id=27700, browser=Chrome
Testing: csp_id=11, page_id=27800, browser=Chrome
Testing: csp_id=11, page_id=27900, browser=Chrome
Testing: csp_id=11, page_id=28000, browser=Chrome
Testing: csp_id=11, page_id=28100, browser=Chrome
Testing: csp_id=11, page_id=28200, browser=Chrome
Testing: csp_id=11, page_id=28300, browser=Chrome
Testing: csp_id=11, page_id=28400, browser=Chrome
Testing: csp_id=11, page_id=28500, browser=Chrome
Testing: csp_id=11, page_id=28600, browser=Chrome
Testing: csp_id=11, page_id=28700, browser=Chrome
Testing: csp_id=11, page_id=28800, browser=Chrome
Testing: csp_id=11, page_id=28900, browser=Chrome
Testing: csp_id=11, page_id=29000, browser=Chrome
Testing: csp_id=11, page_id=29100, browser=Chrome
Testing: csp_id=11, page_id=29200, browser=Chrome
Testing: csp_id=11, page_id=29300, browser=Chrome
Testing: csp_id=11, page_id=29400, browser=Chrome
Testing: csp_id=11, page_id=29500, browser=Chrome
Testing: csp_id=11, page_id=29600, browser=Chrome
Testing: csp_id=11, page_id=29700, browser=Chrome
Testing: csp_id=11, page_id=29800, browser=Chrome
🏊 create_context_pools[first] (5x16): 0.462s
Testing: csp_id=14, page_id=0, browser=Chrome
Testing: csp_id=14, page_id=100, browser=Chrome
Testing: csp_id=14, page_id=200, browser=Chrome
Testing: csp_id=14, page_id=300, browser=Chrome
Testing: csp_id=14, page_id=400, browser=Chrome
Testing: csp_id=14, page_id=500, browser=Chrome
Testing: csp_id=14, page_id=600, browser=Chrome
Testing: csp_id=14, page_id=700, browser=Chrome
Testing: csp_id=14, page_id=800, browser=Chrome
Testing: csp_id=14, page_id=900, browser=Chrome
Testing: csp_id=14, page_id=1000, browser=Chrome
Testing: csp_id=14, page_id=1100, browser=Chrome
Testing: csp_id=14, page_id=1200, browser=Chrome
Testing: csp_id=14, page_id=1300, browser=Chrome
Testing: csp_id=14, page_id=1400, browser=Chrome
Testing: csp_id=14, page_id=1500, browser=Chrome
Testing: csp_id=14, page_id=1600, browser=Chrome
Testing: csp_id=14, page_id=1700, browser=Chrome
Testing: csp_id=14, page_id=1800, browser=Chrome
Testing: csp_id=14, page_id=1900, browser=Chrome
Testing: csp_id=14, page_id=2000, browser=Chrome
Testing: csp_id=14, page_id=2100, browser=Chrome
Testing: csp_id=14, page_id=2200, browser=Chrome
Testing: csp_id=14, page_id=2300, browser=Chrome
Testing: csp_id=14, page_id=2400, browser=Chrome
Testing: csp_id=14, page_id=2500, browser=Chrome
Testing: csp_id=14, page_id=2600, browser=Chrome
Testing: csp_id=14, page_id=2700, browser=Chrome
Testing: csp_id=14, page_id=2800, browser=Chrome
Testing: csp_id=14, page_id=2900, browser=Chrome
Testing: csp_id=14, page_id=3000, browser=Chrome
Testing: csp_id=14, page_id=3100, browser=Chrome
Testing: csp_id=14, page_id=3200, browser=Chrome
Testing: csp_id=14, page_id=3300, browser=Chrome
Testing: csp_id=14, page_id=3400, browser=Chrome
Testing: csp_id=14, page_id=3500, browser=Chrome
Testing: csp_id=14, page_id=3600, browser=Chrome
Testing: csp_id=14, page_id=3700, browser=Chrome
Testing: csp_id=14, page_id=3800, browser=Chrome
Testing: csp_id=14, page_id=3900, browser=Chrome
Testing: csp_id=14, page_id=4000, browser=Chrome
Testing: csp_id=14, page_id=4100, browser=Chrome
Testing: csp_id=14, page_id=4200, browser=Chrome
Testing: csp_id=14, page_id=4300, browser=Chrome
Testing: csp_id=14, page_id=4400, browser=Chrome
Testing: csp_id=14, page_id=4500, browser=Chrome
Testing: csp_id=14, page_id=4600, browser=Chrome
Testing: csp_id=14, page_id=4700, browser=Chrome
Testing: csp_id=14, page_id=4800, browser=Chrome
Testing: csp_id=14, page_id=4900, browser=Chrome
Testing: csp_id=14, page_id=5000, browser=Chrome
Testing: csp_id=14, page_id=5100, browser=Chrome
Testing: csp_id=14, page_id=5200, browser=Chrome
Testing: csp_id=14, page_id=5300, browser=Chrome
Testing: csp_id=14, page_id=5400, browser=Chrome
Testing: csp_id=14, page_id=5500, browser=Chrome
Testing: csp_id=14, page_id=5600, browser=Chrome
Testing: csp_id=14, page_id=5700, browser=Chrome
Testing: csp_id=14, page_id=5800, browser=Chrome
Testing: csp_id=14, page_id=5900, browser=Chrome
Testing: csp_id=14, page_id=6000, browser=Chrome
Testing: csp_id=14, page_id=6100, browser=Chrome
Testing: csp_id=14, page_id=6200, browser=Chrome
Testing: csp_id=14, page_id=6300, browser=Chrome
Testing: csp_id=14, page_id=6400, browser=Chrome
Testing: csp_id=14, page_id=6500, browser=Chrome
Testing: csp_id=14, page_id=6600, browser=Chrome
Testing: csp_id=14, page_id=6700, browser=Chrome
Testing: csp_id=14, page_id=6800, browser=Chrome
Testing: csp_id=14, page_id=6900, browser=Chrome
Testing: csp_id=14, page_id=7000, browser=Chrome
Testing: csp_id=14, page_id=7100, browser=Chrome
Testing: csp_id=14, page_id=7200, browser=Chrome
Testing: csp_id=14, page_id=7300, browser=Chrome
Testing: csp_id=14, page_id=7400, browser=Chrome
Testing: csp_id=14, page_id=7500, browser=Chrome
Testing: csp_id=14, page_id=7600, browser=Chrome
Testing: csp_id=14, page_id=7700, browser=Chrome
Testing: csp_id=14, page_id=7800, browser=Chrome
Testing: csp_id=14, page_id=7900, browser=Chrome
Testing: csp_id=14, page_id=8000, browser=Chrome
Testing: csp_id=14, page_id=8100, browser=Chrome
Testing: csp_id=14, page_id=8200, browser=Chrome
Testing: csp_id=14, page_id=8300, browser=Chrome
Testing: csp_id=14, page_id=8400, browser=Chrome
Testing: csp_id=14, page_id=8500, browser=Chrome
Testing: csp_id=14, page_id=8600, browser=Chrome
Testing: csp_id=14, page_id=8700, browser=Chrome
Testing: csp_id=14, page_id=8800, browser=Chrome
Testing: csp_id=14, page_id=8900, browser=Chrome
Testing: csp_id=14, page_id=9000, browser=Chrome
Testing: csp_id=14, page_id=9100, browser=Chrome
Testing: csp_id=14, page_id=9200, browser=Chrome
Testing: csp_id=14, page_id=9300, browser=Chrome
Testing: csp_id=14, page_id=9400, browser=Chrome
Testing: csp_id=14, page_id=9500, browser=Chrome
Testing: csp_id=14, page_id=9600, browser=Chrome
Testing: csp_id=14, page_id=9700, browser=Chrome
Testing: csp_id=14, page_id=9800, browser=Chrome
Testing: csp_id=14, page_id=9900, browser=Chrome
Testing: csp_id=14, page_id=10000, browser=Chrome
Testing: csp_id=14, page_id=10100, browser=Chrome
Testing: csp_id=14, page_id=10200, browser=Chrome
Testing: csp_id=14, page_id=10300, browser=Chrome
Testing: csp_id=14, page_id=10400, browser=Chrome
Testing: csp_id=14, page_id=10500, browser=Chrome
Testing: csp_id=14, page_id=10600, browser=Chrome
Testing: csp_id=14, page_id=10700, browser=Chrome
Testing: csp_id=14, page_id=10800, browser=Chrome
Testing: csp_id=14, page_id=10900, browser=Chrome
Testing: csp_id=14, page_id=11000, browser=Chrome
Testing: csp_id=14, page_id=11100, browser=Chrome
Testing: csp_id=14, page_id=11200, browser=Chrome
Testing: csp_id=14, page_id=11300, browser=Chrome
Testing: csp_id=14, page_id=11400, browser=Chrome
Testing: csp_id=14, page_id=11500, browser=Chrome
Testing: csp_id=14, page_id=11600, browser=Chrome
Testing: csp_id=14, page_id=11700, browser=Chrome
Testing: csp_id=14, page_id=11800, browser=Chrome
Testing: csp_id=14, page_id=11900, browser=Chrome
Testing: csp_id=14, page_id=12000, browser=Chrome
Testing: csp_id=14, page_id=12100, browser=Chrome
Testing: csp_id=14, page_id=12200, browser=Chrome
Testing: csp_id=14, page_id=12300, browser=Chrome
Testing: csp_id=14, page_id=12400, browser=Chrome
Testing: csp_id=14, page_id=12500, browser=Chrome
Testing: csp_id=14, page_id=12600, browser=Chrome
Testing: csp_id=14, page_id=12700, browser=Chrome
Testing: csp_id=14, page_id=12800, browser=Chrome
Testing: csp_id=14, page_id=12900, browser=Chrome
Testing: csp_id=14, page_id=13000, browser=Chrome
Testing: csp_id=14, page_id=13100, browser=Chrome
Testing: csp_id=14, page_id=13200, browser=Chrome
Testing: csp_id=14, page_id=13300, browser=Chrome
Testing: csp_id=14, page_id=13400, browser=Chrome
Testing: csp_id=14, page_id=13500, browser=Chrome
Testing: csp_id=14, page_id=13600, browser=Chrome
Testing: csp_id=14, page_id=13700, browser=Chrome
Testing: csp_id=14, page_id=13800, browser=Chrome
Testing: csp_id=14, page_id=13900, browser=Chrome
Testing: csp_id=14, page_id=14000, browser=Chrome
Testing: csp_id=14, page_id=14100, browser=Chrome
Testing: csp_id=14, page_id=14200, browser=Chrome
Testing: csp_id=14, page_id=14300, browser=Chrome
Testing: csp_id=14, page_id=14400, browser=Chrome
Testing: csp_id=14, page_id=14500, browser=Chrome
Testing: csp_id=14, page_id=14600, browser=Chrome
Testing: csp_id=14, page_id=14700, browser=Chrome
Testing: csp_id=14, page_id=14800, browser=Chrome
Testing: csp_id=14, page_id=14900, browser=Chrome
Testing: csp_id=14, page_id=15000, browser=Chrome
Testing: csp_id=14, page_id=15100, browser=Chrome
Testing: csp_id=14, page_id=15200, browser=Chrome
Testing: csp_id=14, page_id=15300, browser=Chrome
Testing: csp_id=14, page_id=15400, browser=Chrome
Testing: csp_id=14, page_id=15500, browser=Chrome
Testing: csp_id=14, page_id=15600, browser=Chrome
Testing: csp_id=14, page_id=15700, browser=Chrome
Testing: csp_id=14, page_id=15800, browser=Chrome
Testing: csp_id=14, page_id=15900, browser=Chrome
Testing: csp_id=14, page_id=16000, browser=Chrome
Testing: csp_id=14, page_id=16100, browser=Chrome
Testing: csp_id=14, page_id=16200, browser=Chrome
Testing: csp_id=14, page_id=16300, browser=Chrome
Testing: csp_id=14, page_id=16400, browser=Chrome
Testing: csp_id=14, page_id=16500, browser=Chrome
Testing: csp_id=14, page_id=16600, browser=Chrome
Testing: csp_id=14, page_id=16700, browser=Chrome
Testing: csp_id=14, page_id=16800, browser=Chrome
Testing: csp_id=14, page_id=16900, browser=Chrome
Testing: csp_id=14, page_id=17000, browser=Chrome
Testing: csp_id=14, page_id=17100, browser=Chrome
Testing: csp_id=14, page_id=17200, browser=Chrome
Testing: csp_id=14, page_id=17300, browser=Chrome
Testing: csp_id=14, page_id=17400, browser=Chrome
Testing: csp_id=14, page_id=17500, browser=Chrome
Testing: csp_id=14, page_id=17600, browser=Chrome
Testing: csp_id=14, page_id=17700, browser=Chrome
Testing: csp_id=14, page_id=17800, browser=Chrome
Testing: csp_id=14, page_id=17900, browser=Chrome
Testing: csp_id=14, page_id=18000, browser=Chrome
Testing: csp_id=14, page_id=18100, browser=Chrome
Testing: csp_id=14, page_id=18200, browser=Chrome
Testing: csp_id=14, page_id=18300, browser=Chrome
Testing: csp_id=14, page_id=18400, browser=Chrome
Testing: csp_id=14, page_id=18500, browser=Chrome
Testing: csp_id=14, page_id=18600, browser=Chrome
Testing: csp_id=14, page_id=18700, browser=Chrome
Testing: csp_id=14, page_id=18800, browser=Chrome
Testing: csp_id=14, page_id=18900, browser=Chrome
Testing: csp_id=14, page_id=19000, browser=Chrome
Testing: csp_id=14, page_id=19100, browser=Chrome
Testing: csp_id=14, page_id=19200, browser=Chrome
Testing: csp_id=14, page_id=19300, browser=Chrome
Testing: csp_id=14, page_id=19400, browser=Chrome
Testing: csp_id=14, page_id=19500, browser=Chrome
Testing: csp_id=14, page_id=19600, browser=Chrome
Testing: csp_id=14, page_id=19700, browser=Chrome
Testing: csp_id=14, page_id=19800, browser=Chrome
Testing: csp_id=14, page_id=19900, browser=Chrome
Testing: csp_id=14, page_id=20000, browser=Chrome
Testing: csp_id=14, page_id=20100, browser=Chrome
Testing: csp_id=14, page_id=20200, browser=Chrome
Testing: csp_id=14, page_id=20300, browser=Chrome
Testing: csp_id=14, page_id=20400, browser=Chrome
Testing: csp_id=14, page_id=20500, browser=Chrome
Testing: csp_id=14, page_id=20600, browser=Chrome
Testing: csp_id=14, page_id=20700, browser=Chrome
Testing: csp_id=14, page_id=20800, browser=Chrome
Testing: csp_id=14, page_id=20900, browser=Chrome
Testing: csp_id=14, page_id=21000, browser=Chrome
Testing: csp_id=14, page_id=21100, browser=Chrome
Testing: csp_id=14, page_id=21200, browser=Chrome
Testing: csp_id=14, page_id=21300, browser=Chrome
Testing: csp_id=14, page_id=21400, browser=Chrome
Testing: csp_id=14, page_id=21500, browser=Chrome
Testing: csp_id=14, page_id=21600, browser=Chrome
Testing: csp_id=14, page_id=21700, browser=Chrome
Testing: csp_id=14, page_id=21800, browser=Chrome
Testing: csp_id=14, page_id=21900, browser=Chrome
Testing: csp_id=14, page_id=22000, browser=Chrome
Testing: csp_id=14, page_id=22100, browser=Chrome
Testing: csp_id=14, page_id=22200, browser=Chrome
Testing: csp_id=14, page_id=22300, browser=Chrome
Testing: csp_id=14, page_id=22400, browser=Chrome
Testing: csp_id=14, page_id=22500, browser=Chrome
Testing: csp_id=14, page_id=22600, browser=Chrome
Testing: csp_id=14, page_id=22700, browser=Chrome
Testing: csp_id=14, page_id=22800, browser=Chrome
Testing: csp_id=14, page_id=22900, browser=Chrome
Testing: csp_id=14, page_id=23000, browser=Chrome
Testing: csp_id=14, page_id=23100, browser=Chrome
Testing: csp_id=14, page_id=23200, browser=Chrome
Testing: csp_id=14, page_id=23300, browser=Chrome
Testing: csp_id=14, page_id=23400, browser=Chrome
Testing: csp_id=14, page_id=23500, browser=Chrome
Testing: csp_id=14, page_id=23600, browser=Chrome
Testing: csp_id=14, page_id=23700, browser=Chrome
Testing: csp_id=14, page_id=23800, browser=Chrome
Testing: csp_id=14, page_id=23900, browser=Chrome
Testing: csp_id=14, page_id=24000, browser=Chrome
Testing: csp_id=14, page_id=24100, browser=Chrome
Testing: csp_id=14, page_id=24200, browser=Chrome
Testing: csp_id=14, page_id=24300, browser=Chrome
Testing: csp_id=14, page_id=24400, browser=Chrome
Testing: csp_id=14, page_id=24500, browser=Chrome
Testing: csp_id=14, page_id=24600, browser=Chrome
Testing: csp_id=14, page_id=24700, browser=Chrome
Testing: csp_id=14, page_id=24800, browser=Chrome
Testing: csp_id=14, page_id=24900, browser=Chrome
Testing: csp_id=14, page_id=25000, browser=Chrome
Testing: csp_id=14, page_id=25100, browser=Chrome
Testing: csp_id=14, page_id=25200, browser=Chrome
Testing: csp_id=14, page_id=25300, browser=Chrome
Testing: csp_id=14, page_id=25400, browser=Chrome
Testing: csp_id=14, page_id=25500, browser=Chrome
Testing: csp_id=14, page_id=25600, browser=Chrome
Testing: csp_id=14, page_id=25700, browser=Chrome
Testing: csp_id=14, page_id=25800, browser=Chrome
Testing: csp_id=14, page_id=25900, browser=Chrome
Testing: csp_id=14, page_id=26000, browser=Chrome
Testing: csp_id=14, page_id=26100, browser=Chrome
Testing: csp_id=14, page_id=26200, browser=Chrome
Testing: csp_id=14, page_id=26300, browser=Chrome
Testing: csp_id=14, page_id=26400, browser=Chrome
Testing: csp_id=14, page_id=26500, browser=Chrome
Testing: csp_id=14, page_id=26600, browser=Chrome
Testing: csp_id=14, page_id=26700, browser=Chrome
Testing: csp_id=14, page_id=26800, browser=Chrome
Testing: csp_id=14, page_id=26900, browser=Chrome
Testing: csp_id=14, page_id=27000, browser=Chrome
Testing: csp_id=14, page_id=27100, browser=Chrome
Testing: csp_id=14, page_id=27200, browser=Chrome
Testing: csp_id=14, page_id=27300, browser=Chrome
Testing: csp_id=14, page_id=27400, browser=Chrome
Testing: csp_id=14, page_id=27500, browser=Chrome
Testing: csp_id=14, page_id=27600, browser=Chrome
Testing: csp_id=14, page_id=27700, browser=Chrome
Testing: csp_id=14, page_id=27800, browser=Chrome
Testing: csp_id=14, page_id=27900, browser=Chrome
Testing: csp_id=14, page_id=28000, browser=Chrome
Testing: csp_id=14, page_id=28100, browser=Chrome
Testing: csp_id=14, page_id=28200, browser=Chrome
Testing: csp_id=14, page_id=28300, browser=Chrome
Testing: csp_id=14, page_id=28400, browser=Chrome
Testing: csp_id=14, page_id=28500, browser=Chrome
Testing: csp_id=14, page_id=28600, browser=Chrome
Testing: csp_id=14, page_id=28700, browser=Chrome
Testing: csp_id=14, page_id=28800, browser=Chrome
Testing: csp_id=14, page_id=28900, browser=Chrome
Testing: csp_id=14, page_id=29000, browser=Chrome
Testing: csp_id=14, page_id=29100, browser=Chrome
Testing: csp_id=14, page_id=29200, browser=Chrome
Testing: csp_id=14, page_id=29300, browser=Chrome
Testing: csp_id=14, page_id=29400, browser=Chrome
Testing: csp_id=14, page_id=29500, browser=Chrome
Testing: csp_id=14, page_id=29600, browser=Chrome
Testing: csp_id=14, page_id=29700, browser=Chrome
Testing: csp_id=14, page_id=29800, browser=Chrome
🏊 create_context_pools[first] (5x16): 0.509s
Testing: csp_id=24, page_id=0, browser=Chrome
Testing: csp_id=24, page_id=100, browser=Chrome
Testing: csp_id=24, page_id=200, browser=Chrome
Testing: csp_id=24, page_id=300, browser=Chrome
Testing: csp_id=24, page_id=400, browser=Chrome
Testing: csp_id=24, page_id=500, browser=Chrome
Testing: csp_id=24, page_id=600, browser=Chrome
Testing: csp_id=24, page_id=700, browser=Chrome
Testing: csp_id=24, page_id=800, browser=Chrome
Testing: csp_id=24, page_id=900, browser=Chrome
Testing: csp_id=24, page_id=1000, browser=Chrome
Testing: csp_id=24, page_id=1100, browser=Chrome
Testing: csp_id=24, page_id=1200, browser=Chrome
Testing: csp_id=24, page_id=1300, browser=Chrome
Testing: csp_id=24, page_id=1400, browser=Chrome
Testing: csp_id=24, page_id=1500, browser=Chrome
Testing: csp_id=24, page_id=1600, browser=Chrome
Testing: csp_id=24, page_id=1700, browser=Chrome
Testing: csp_id=24, page_id=1800, browser=Chrome
Testing: csp_id=24, page_id=1900, browser=Chrome
Testing: csp_id=24, page_id=2000, browser=Chrome
Testing: csp_id=24, page_id=2100, browser=Chrome
Testing: csp_id=24, page_id=2200, browser=Chrome
Testing: csp_id=24, page_id=2300, browser=Chrome
Testing: csp_id=24, page_id=2400, browser=Chrome
Testing: csp_id=24, page_id=2500, browser=Chrome
Testing: csp_id=24, page_id=2600, browser=Chrome
Testing: csp_id=24, page_id=2700, browser=Chrome
Testing: csp_id=24, page_id=2800, browser=Chrome
Testing: csp_id=24, page_id=2900, browser=Chrome
Testing: csp_id=24, page_id=3000, browser=Chrome
Testing: csp_id=24, page_id=3100, browser=Chrome
Testing: csp_id=24, page_id=3200, browser=Chrome
Testing: csp_id=24, page_id=3300, browser=Chrome
Testing: csp_id=24, page_id=3400, browser=Chrome
Testing: csp_id=24, page_id=3500, browser=Chrome
Testing: csp_id=24, page_id=3600, browser=Chrome
Testing: csp_id=24, page_id=3700, browser=Chrome
Testing: csp_id=24, page_id=3800, browser=Chrome
Testing: csp_id=24, page_id=3900, browser=Chrome
Testing: csp_id=24, page_id=4000, browser=Chrome
Testing: csp_id=24, page_id=4100, browser=Chrome
Testing: csp_id=24, page_id=4200, browser=Chrome
Testing: csp_id=24, page_id=4300, browser=Chrome
Testing: csp_id=24, page_id=4400, browser=Chrome
Testing: csp_id=24, page_id=4500, browser=Chrome
Testing: csp_id=24, page_id=4600, browser=Chrome
Testing: csp_id=24, page_id=4700, browser=Chrome
Testing: csp_id=24, page_id=4800, browser=Chrome
Testing: csp_id=24, page_id=4900, browser=Chrome
Testing: csp_id=24, page_id=5000, browser=Chrome
Testing: csp_id=24, page_id=5100, browser=Chrome
Testing: csp_id=24, page_id=5200, browser=Chrome
Testing: csp_id=24, page_id=5300, browser=Chrome
Testing: csp_id=24, page_id=5400, browser=Chrome
Testing: csp_id=24, page_id=5500, browser=Chrome
Testing: csp_id=24, page_id=5600, browser=Chrome
Testing: csp_id=24, page_id=5700, browser=Chrome
Testing: csp_id=24, page_id=5800, browser=Chrome
Testing: csp_id=24, page_id=5900, browser=Chrome
Testing: csp_id=24, page_id=6000, browser=Chrome
Testing: csp_id=24, page_id=6100, browser=Chrome
Testing: csp_id=24, page_id=6200, browser=Chrome
Testing: csp_id=24, page_id=6300, browser=Chrome
Testing: csp_id=24, page_id=6400, browser=Chrome
Testing: csp_id=24, page_id=6500, browser=Chrome
Testing: csp_id=24, page_id=6600, browser=Chrome
Testing: csp_id=24, page_id=6700, browser=Chrome
Testing: csp_id=24, page_id=6800, browser=Chrome
Testing: csp_id=24, page_id=6900, browser=Chrome
Testing: csp_id=24, page_id=7000, browser=Chrome
Testing: csp_id=24, page_id=7100, browser=Chrome
Testing: csp_id=24, page_id=7200, browser=Chrome
Testing: csp_id=24, page_id=7300, browser=Chrome
Testing: csp_id=24, page_id=7400, browser=Chrome
Testing: csp_id=24, page_id=7500, browser=Chrome
Testing: csp_id=24, page_id=7600, browser=Chrome
Testing: csp_id=24, page_id=7700, browser=Chrome
Testing: csp_id=24, page_id=7800, browser=Chrome
Testing: csp_id=24, page_id=7900, browser=Chrome
Testing: csp_id=24, page_id=8000, browser=Chrome
Testing: csp_id=24, page_id=8100, browser=Chrome
Testing: csp_id=24, page_id=8200, browser=Chrome
Testing: csp_id=24, page_id=8300, browser=Chrome
Testing: csp_id=24, page_id=8400, browser=Chrome
Testing: csp_id=24, page_id=8500, browser=Chrome
Testing: csp_id=24, page_id=8600, browser=Chrome
Testing: csp_id=24, page_id=8700, browser=Chrome
Testing: csp_id=24, page_id=8800, browser=Chrome
Testing: csp_id=24, page_id=8900, browser=Chrome
Testing: csp_id=24, page_id=9000, browser=Chrome
Testing: csp_id=24, page_id=9100, browser=Chrome
Testing: csp_id=24, page_id=9200, browser=Chrome
Testing: csp_id=24, page_id=9300, browser=Chrome
Testing: csp_id=24, page_id=9400, browser=Chrome
Testing: csp_id=24, page_id=9500, browser=Chrome
Testing: csp_id=24, page_id=9600, browser=Chrome
Testing: csp_id=24, page_id=9700, browser=Chrome
Testing: csp_id=24, page_id=9800, browser=Chrome
Testing: csp_id=24, page_id=9900, browser=Chrome
Testing: csp_id=24, page_id=10000, browser=Chrome
Testing: csp_id=24, page_id=10100, browser=Chrome
Testing: csp_id=24, page_id=10200, browser=Chrome
Testing: csp_id=24, page_id=10300, browser=Chrome
Testing: csp_id=24, page_id=10400, browser=Chrome
Testing: csp_id=24, page_id=10500, browser=Chrome
Testing: csp_id=24, page_id=10600, browser=Chrome
Testing: csp_id=24, page_id=10700, browser=Chrome
Testing: csp_id=24, page_id=10800, browser=Chrome
Testing: csp_id=24, page_id=10900, browser=Chrome
Testing: csp_id=24, page_id=11000, browser=Chrome
Testing: csp_id=24, page_id=11100, browser=Chrome
Testing: csp_id=24, page_id=11200, browser=Chrome
Testing: csp_id=24, page_id=11300, browser=Chrome
Testing: csp_id=24, page_id=11400, browser=Chrome
Testing: csp_id=24, page_id=11500, browser=Chrome
Testing: csp_id=24, page_id=11600, browser=Chrome
Testing: csp_id=24, page_id=11700, browser=Chrome
Testing: csp_id=24, page_id=11800, browser=Chrome
Testing: csp_id=24, page_id=11900, browser=Chrome
Testing: csp_id=24, page_id=12000, browser=Chrome
Testing: csp_id=24, page_id=12100, browser=Chrome
Testing: csp_id=24, page_id=12200, browser=Chrome
Testing: csp_id=24, page_id=12300, browser=Chrome
Testing: csp_id=24, page_id=12400, browser=Chrome
Testing: csp_id=24, page_id=12500, browser=Chrome
Testing: csp_id=24, page_id=12600, browser=Chrome
Testing: csp_id=24, page_id=12700, browser=Chrome
Testing: csp_id=24, page_id=12800, browser=Chrome
Testing: csp_id=24, page_id=12900, browser=Chrome
Testing: csp_id=24, page_id=13000, browser=Chrome
Testing: csp_id=24, page_id=13100, browser=Chrome
Testing: csp_id=24, page_id=13200, browser=Chrome
Testing: csp_id=24, page_id=13300, browser=Chrome
Testing: csp_id=24, page_id=13400, browser=Chrome
Testing: csp_id=24, page_id=13500, browser=Chrome
Testing: csp_id=24, page_id=13600, browser=Chrome
Testing: csp_id=24, page_id=13700, browser=Chrome
Testing: csp_id=24, page_id=13800, browser=Chrome
Testing: csp_id=24, page_id=13900, browser=Chrome
Testing: csp_id=24, page_id=14000, browser=Chrome
Testing: csp_id=24, page_id=14100, browser=Chrome
Testing: csp_id=24, page_id=14200, browser=Chrome
Testing: csp_id=24, page_id=14300, browser=Chrome
Testing: csp_id=24, page_id=14400, browser=Chrome
Testing: csp_id=24, page_id=14500, browser=Chrome
Testing: csp_id=24, page_id=14600, browser=Chrome
Testing: csp_id=24, page_id=14700, browser=Chrome
Testing: csp_id=24, page_id=14800, browser=Chrome
Testing: csp_id=24, page_id=14900, browser=Chrome
Testing: csp_id=24, page_id=15000, browser=Chrome
Testing: csp_id=24, page_id=15100, browser=Chrome
Testing: csp_id=24, page_id=15200, browser=Chrome
Testing: csp_id=24, page_id=15300, browser=Chrome
Testing: csp_id=24, page_id=15400, browser=Chrome
Testing: csp_id=24, page_id=15500, browser=Chrome
Testing: csp_id=24, page_id=15600, browser=Chrome
Testing: csp_id=24, page_id=15700, browser=Chrome
Testing: csp_id=24, page_id=15800, browser=Chrome
Testing: csp_id=24, page_id=15900, browser=Chrome
Testing: csp_id=24, page_id=16000, browser=Chrome
Testing: csp_id=24, page_id=16100, browser=Chrome
Testing: csp_id=24, page_id=16200, browser=Chrome
Testing: csp_id=24, page_id=16300, browser=Chrome
Testing: csp_id=24, page_id=16400, browser=Chrome
Testing: csp_id=24, page_id=16500, browser=Chrome
Testing: csp_id=24, page_id=16600, browser=Chrome
Testing: csp_id=24, page_id=16700, browser=Chrome
Testing: csp_id=24, page_id=16800, browser=Chrome
Testing: csp_id=24, page_id=16900, browser=Chrome
Testing: csp_id=24, page_id=17000, browser=Chrome
Testing: csp_id=24, page_id=17100, browser=Chrome
Testing: csp_id=24, page_id=17200, browser=Chrome
Testing: csp_id=24, page_id=17300, browser=Chrome
Testing: csp_id=24, page_id=17400, browser=Chrome
Testing: csp_id=24, page_id=17500, browser=Chrome
Testing: csp_id=24, page_id=17600, browser=Chrome
Testing: csp_id=24, page_id=17700, browser=Chrome
Testing: csp_id=24, page_id=17800, browser=Chrome
Testing: csp_id=24, page_id=17900, browser=Chrome
Testing: csp_id=24, page_id=18000, browser=Chrome
Testing: csp_id=24, page_id=18100, browser=Chrome
Testing: csp_id=24, page_id=18200, browser=Chrome
Testing: csp_id=24, page_id=18300, browser=Chrome
Testing: csp_id=24, page_id=18400, browser=Chrome
Testing: csp_id=24, page_id=18500, browser=Chrome
Testing: csp_id=24, page_id=18600, browser=Chrome
Testing: csp_id=24, page_id=18700, browser=Chrome
Testing: csp_id=24, page_id=18800, browser=Chrome
Testing: csp_id=24, page_id=18900, browser=Chrome
Testing: csp_id=24, page_id=19000, browser=Chrome
Testing: csp_id=24, page_id=19100, browser=Chrome
Testing: csp_id=24, page_id=19200, browser=Chrome
Testing: csp_id=24, page_id=19300, browser=Chrome
Testing: csp_id=24, page_id=19400, browser=Chrome
Testing: csp_id=24, page_id=19500, browser=Chrome
Testing: csp_id=24, page_id=19600, browser=Chrome
Testing: csp_id=24, page_id=19700, browser=Chrome
Testing: csp_id=24, page_id=19800, browser=Chrome
Testing: csp_id=24, page_id=19900, browser=Chrome
Testing: csp_id=24, page_id=20000, browser=Chrome
Testing: csp_id=24, page_id=20100, browser=Chrome
Testing: csp_id=24, page_id=20200, browser=Chrome
Testing: csp_id=24, page_id=20300, browser=Chrome
Testing: csp_id=24, page_id=20400, browser=Chrome
Testing: csp_id=24, page_id=20500, browser=Chrome
Testing: csp_id=24, page_id=20600, browser=Chrome
Testing: csp_id=24, page_id=20700, browser=Chrome
Testing: csp_id=24, page_id=20800, browser=Chrome
Testing: csp_id=24, page_id=20900, browser=Chrome
Testing: csp_id=24, page_id=21000, browser=Chrome
Testing: csp_id=24, page_id=21100, browser=Chrome
Testing: csp_id=24, page_id=21200, browser=Chrome
Testing: csp_id=24, page_id=21300, browser=Chrome
Testing: csp_id=24, page_id=21400, browser=Chrome
Testing: csp_id=24, page_id=21500, browser=Chrome
Testing: csp_id=24, page_id=21600, browser=Chrome
Testing: csp_id=24, page_id=21700, browser=Chrome
Testing: csp_id=24, page_id=21800, browser=Chrome
Testing: csp_id=24, page_id=21900, browser=Chrome
Testing: csp_id=24, page_id=22000, browser=Chrome
Testing: csp_id=24, page_id=22100, browser=Chrome
Testing: csp_id=24, page_id=22200, browser=Chrome
Testing: csp_id=24, page_id=22300, browser=Chrome
Testing: csp_id=24, page_id=22400, browser=Chrome
Testing: csp_id=24, page_id=22500, browser=Chrome
Testing: csp_id=24, page_id=22600, browser=Chrome
Testing: csp_id=24, page_id=22700, browser=Chrome
Testing: csp_id=24, page_id=22800, browser=Chrome
Testing: csp_id=24, page_id=22900, browser=Chrome
Testing: csp_id=24, page_id=23000, browser=Chrome
Testing: csp_id=24, page_id=23100, browser=Chrome
Testing: csp_id=24, page_id=23200, browser=Chrome
Testing: csp_id=24, page_id=23300, browser=Chrome
Testing: csp_id=24, page_id=23400, browser=Chrome
Testing: csp_id=24, page_id=23500, browser=Chrome
Testing: csp_id=24, page_id=23600, browser=Chrome
Testing: csp_id=24, page_id=23700, browser=Chrome
Testing: csp_id=24, page_id=23800, browser=Chrome
Testing: csp_id=24, page_id=23900, browser=Chrome
Testing: csp_id=24, page_id=24000, browser=Chrome
Testing: csp_id=24, page_id=24100, browser=Chrome
Testing: csp_id=24, page_id=24200, browser=Chrome
Testing: csp_id=24, page_id=24300, browser=Chrome
Testing: csp_id=24, page_id=24400, browser=Chrome
Testing: csp_id=24, page_id=24500, browser=Chrome
Testing: csp_id=24, page_id=24600, browser=Chrome
Testing: csp_id=24, page_id=24700, browser=Chrome
Testing: csp_id=24, page_id=24800, browser=Chrome
Testing: csp_id=24, page_id=24900, browser=Chrome
Testing: csp_id=24, page_id=25000, browser=Chrome
Testing: csp_id=24, page_id=25100, browser=Chrome
Testing: csp_id=24, page_id=25200, browser=Chrome
Testing: csp_id=24, page_id=25300, browser=Chrome
Testing: csp_id=24, page_id=25400, browser=Chrome
Testing: csp_id=24, page_id=25500, browser=Chrome
Testing: csp_id=24, page_id=25600, browser=Chrome
Testing: csp_id=24, page_id=25700, browser=Chrome
Testing: csp_id=24, page_id=25800, browser=Chrome
Testing: csp_id=24, page_id=25900, browser=Chrome
Testing: csp_id=24, page_id=26000, browser=Chrome
Testing: csp_id=24, page_id=26100, browser=Chrome
Testing: csp_id=24, page_id=26200, browser=Chrome
Testing: csp_id=24, page_id=26300, browser=Chrome
Testing: csp_id=24, page_id=26400, browser=Chrome
Testing: csp_id=24, page_id=26500, browser=Chrome
Testing: csp_id=24, page_id=26600, browser=Chrome
Testing: csp_id=24, page_id=26700, browser=Chrome
Testing: csp_id=24, page_id=26800, browser=Chrome
Testing: csp_id=24, page_id=26900, browser=Chrome
Testing: csp_id=24, page_id=27000, browser=Chrome
Testing: csp_id=24, page_id=27100, browser=Chrome
Testing: csp_id=24, page_id=27200, browser=Chrome
Testing: csp_id=24, page_id=27300, browser=Chrome
Testing: csp_id=24, page_id=27400, browser=Chrome
Testing: csp_id=24, page_id=27500, browser=Chrome
Testing: csp_id=24, page_id=27600, browser=Chrome
Testing: csp_id=24, page_id=27700, browser=Chrome
Testing: csp_id=24, page_id=27800, browser=Chrome
Testing: csp_id=24, page_id=27900, browser=Chrome
Testing: csp_id=24, page_id=28000, browser=Chrome
Testing: csp_id=24, page_id=28100, browser=Chrome
Testing: csp_id=24, page_id=28200, browser=Chrome
Testing: csp_id=24, page_id=28300, browser=Chrome
Testing: csp_id=24, page_id=28400, browser=Chrome
Testing: csp_id=24, page_id=28500, browser=Chrome
Testing: csp_id=24, page_id=28600, browser=Chrome
Testing: csp_id=24, page_id=28700, browser=Chrome
Testing: csp_id=24, page_id=28800, browser=Chrome
Testing: csp_id=24, page_id=28900, browser=Chrome
Testing: csp_id=24, page_id=29000, browser=Chrome
Testing: csp_id=24, page_id=29100, browser=Chrome
Testing: csp_id=24, page_id=29200, browser=Chrome
Testing: csp_id=24, page_id=29300, browser=Chrome
Testing: csp_id=24, page_id=29400, browser=Chrome
Testing: csp_id=24, page_id=29500, browser=Chrome
Testing: csp_id=24, page_id=29600, browser=Chrome
Testing: csp_id=24, page_id=29700, browser=Chrome
Testing: csp_id=24, page_id=29800, browser=Chrome
🏊 create_context_pools[first] (5x16): 0.460s
Testing: csp_id=36, page_id=0, browser=Chrome
Testing: csp_id=36, page_id=100, browser=Chrome
Testing: csp_id=36, page_id=200, browser=Chrome
Testing: csp_id=36, page_id=300, browser=Chrome
Testing: csp_id=36, page_id=400, browser=Chrome
Testing: csp_id=36, page_id=500, browser=Chrome
[ERROR] page_id=589 csp_id=36, timeout: http://127.0.0.1:7000/test/out_589?csp=default-src 'sha256-yZEiJjCBZP3IdBMu%2BElOGDO689hV%2BgicaEvJVM4%2Be20%3D' 'sha256-vBOxmw3TxVJvrdVYvznbkRBd5KX1iuWRyQH5HmERt9w%3D' http://127.0.0.1:7070; frame-src *;connect-src http://127.0.0.1:7000;&browser=Chrome, 4.004s
[ERROR] page_id=590 csp_id=36, timeout: http://127.0.0.1:7000/test/out_590?csp=default-src 'sha256-6%2BfqmoeGjmvvYOUgIg5lcJc2ipAxFPlr8qEhaf53zss%3D' 'sha256-iXmcyrFgSI6fCa3Q7eHYj143FIROADF7A/gF2wllRGE%3D' http://127.0.0.1:7070; frame-src *;connect-src http://127.0.0.1:7000;&browser=Chrome, 4.003s
[ERROR] page_id=591 csp_id=36, timeout: http://127.0.0.1:7000/test/out_591?csp=default-src 'sha256-PDRs826%2BMWGbWda%2B/LgNwF9vlJXoH1PmUZchuF9zv6E%3D' 'sha256-L%2BPAzbGuu9NcW2P7A4bcuaOnYmywuL6cO0NYcoauvlI%3D' http://127.0.0.1:7070; frame-src *;connect-src http://127.0.0.1:7000;&browser=Chrome, 4.004s
Testing: csp_id=36, page_id=600, browser=Chrome
Testing: csp_id=36, page_id=700, browser=Chrome
Testing: csp_id=36, page_id=800, browser=Chrome
Testing: csp_id=36, page_id=900, browser=Chrome
Testing: csp_id=36, page_id=1000, browser=Chrome
Testing: csp_id=36, page_id=1100, browser=Chrome
Testing: csp_id=36, page_id=1200, browser=Chrome
Testing: csp_id=36, page_id=1300, browser=Chrome
Testing: csp_id=36, page_id=1400, browser=Chrome
Testing: csp_id=36, page_id=1500, browser=Chrome
Testing: csp_id=36, page_id=1600, browser=Chrome
Testing: csp_id=36, page_id=1700, browser=Chrome
Testing: csp_id=36, page_id=1800, browser=Chrome
Testing: csp_id=36, page_id=1900, browser=Chrome
Testing: csp_id=36, page_id=2000, browser=Chrome
Testing: csp_id=36, page_id=2100, browser=Chrome
Testing: csp_id=36, page_id=2200, browser=Chrome
Testing: csp_id=36, page_id=2300, browser=Chrome
Testing: csp_id=36, page_id=2400, browser=Chrome
Testing: csp_id=36, page_id=2500, browser=Chrome
Testing: csp_id=36, page_id=2600, browser=Chrome
Testing: csp_id=36, page_id=2700, browser=Chrome
Testing: csp_id=36, page_id=2800, browser=Chrome
Testing: csp_id=36, page_id=2900, browser=Chrome
Testing: csp_id=36, page_id=3000, browser=Chrome
[ERROR] page_id=3071 csp_id=36, timeout: http://127.0.0.1:7000/test/out_3071?csp=default-src 'sha256-6RmX9vlmuXPakKvxKeh2EU0X08wP24JyvCrAd0Q0Rls%3D' http://127.0.0.1:7070; frame-src *;connect-src http://127.0.0.1:7000;&browser=Chrome, 4.003s
[ERROR] page_id=3072 csp_id=36, timeout: http://127.0.0.1:7000/test/out_3072?csp=default-src 'sha256-gHsKkzK8WrRG8eLxj0ZgaY5kerhB81dYL3gWx7WkYo8%3D' http://127.0.0.1:7070; frame-src *;connect-src http://127.0.0.1:7000;&browser=Chrome, 4.003s
Testing: csp_id=36, page_id=3100, browser=Chrome
[ERROR] page_id=3098 csp_id=36, timeout: http://127.0.0.1:7000/test/out_3098?csp=default-src 'sha256-v6pUJkWfiPwnHSwKJfl1BpO%2Bk7skdovs0eHn31bIyOQ%3D' http://127.0.0.1:7070; frame-src *;connect-src http://127.0.0.1:7000;&browser=Chrome, 4.002s
[ERROR] page_id=3099 csp_id=36, timeout: http://127.0.0.1:7000/test/out_3099?csp=default-src 'sha256-ceqnNmzRThNbW%2BKaDPcbgRcdSdPVymf68Wj8ErTapUE%3D' http://127.0.0.1:7070; frame-src *;connect-src http://127.0.0.1:7000;&browser=Chrome, 4.002s
Testing: csp_id=36, page_id=3200, browser=Chrome
Testing: csp_id=36, page_id=3300, browser=Chrome
Testing: csp_id=36, page_id=3400, browser=Chrome
Testing: csp_id=36, page_id=3500, browser=Chrome
Testing: csp_id=36, page_id=3600, browser=Chrome
Testing: csp_id=36, page_id=3700, browser=Chrome
Testing: csp_id=36, page_id=3800, browser=Chrome
Testing: csp_id=36, page_id=3900, browser=Chrome
Testing: csp_id=36, page_id=4000, browser=Chrome
Testing: csp_id=36, page_id=4100, browser=Chrome
Testing: csp_id=36, page_id=4200, browser=Chrome
Testing: csp_id=36, page_id=4300, browser=Chrome
Testing: csp_id=36, page_id=4400, browser=Chrome
Testing: csp_id=36, page_id=4500, browser=Chrome
Testing: csp_id=36, page_id=4600, browser=Chrome
Testing: csp_id=36, page_id=4700, browser=Chrome
Testing: csp_id=36, page_id=4800, browser=Chrome
Testing: csp_id=36, page_id=4900, browser=Chrome
Testing: csp_id=36, page_id=5000, browser=Chrome
Testing: csp_id=36, page_id=5100, browser=Chrome
Testing: csp_id=36, page_id=5200, browser=Chrome
Testing: csp_id=36, page_id=5300, browser=Chrome
Testing: csp_id=36, page_id=5400, browser=Chrome
Testing: csp_id=36, page_id=5500, browser=Chrome
Testing: csp_id=36, page_id=5600, browser=Chrome
Testing: csp_id=36, page_id=5700, browser=Chrome
Testing: csp_id=36, page_id=5800, browser=Chrome
Testing: csp_id=36, page_id=5900, browser=Chrome
Testing: csp_id=36, page_id=6000, browser=Chrome
Testing: csp_id=36, page_id=6100, browser=Chrome
Testing: csp_id=36, page_id=6200, browser=Chrome
Testing: csp_id=36, page_id=6300, browser=Chrome
Testing: csp_id=36, page_id=6400, browser=Chrome
Testing: csp_id=36, page_id=6500, browser=Chrome
Testing: csp_id=36, page_id=6600, browser=Chrome
Testing: csp_id=36, page_id=6700, browser=Chrome
Testing: csp_id=36, page_id=6800, browser=Chrome
Testing: csp_id=36, page_id=6900, browser=Chrome
Testing: csp_id=36, page_id=7000, browser=Chrome
Testing: csp_id=36, page_id=7100, browser=Chrome
Testing: csp_id=36, page_id=7200, browser=Chrome
Testing: csp_id=36, page_id=7300, browser=Chrome
Testing: csp_id=36, page_id=7400, browser=Chrome
Testing: csp_id=36, page_id=7500, browser=Chrome
Testing: csp_id=36, page_id=7600, browser=Chrome
Testing: csp_id=36, page_id=7700, browser=Chrome
Testing: csp_id=36, page_id=7800, browser=Chrome
Testing: csp_id=36, page_id=7900, browser=Chrome
Testing: csp_id=36, page_id=8000, browser=Chrome
Testing: csp_id=36, page_id=8100, browser=Chrome
Testing: csp_id=36, page_id=8200, browser=Chrome
Testing: csp_id=36, page_id=8300, browser=Chrome
Testing: csp_id=36, page_id=8400, browser=Chrome
[ERROR] page_id=8423 csp_id=36, timeout: http://127.0.0.1:7000/test/out_8423?csp=default-src 'sha256-/T0txTz3hiOH%2BVnWNsvi47atJIYxOu6cpWHUqbGBviU%3D' 'sha256-Z20F/xas2k9t05mGdNp%2BJY4BKcbN9LQzFZ7VM2rfw6s%3D' http://127.0.0.1:7070; frame-src *;connect-src http://127.0.0.1:7000;&browser=Chrome, 4.003s
[ERROR] page_id=8424 csp_id=36, timeout: http://127.0.0.1:7000/test/out_8424?csp=default-src 'sha256-L7I8sb1G9TEhDkfLdciOBoghZ6ngoXhmvy6KPHIpLfg%3D' 'sha256-O7CMkSCme2uUyr7iTxS33p0N%2B4%2BvSy5mr7s%2B63w5TeI%3D' http://127.0.0.1:7070; frame-src *;connect-src http://127.0.0.1:7000;&browser=Chrome, 4.002s
[ERROR] page_id=8450 csp_id=36, timeout: http://127.0.0.1:7000/test/out_8450?csp=default-src 'sha256-wDse5rVxpp6K7bPz4aJqWLFbcuwWnonVTngRJ5a/GT0%3D' 'sha256-ux8Z7MpKgZvXDd/h2nsoaDq5R8fSGpgLWjMhg0YeGCk%3D' http://127.0.0.1:7070; frame-src *;connect-src http://127.0.0.1:7000;&browser=Chrome, 4.003s
[ERROR] page_id=8451 csp_id=36, timeout: http://127.0.0.1:7000/test/out_8451?csp=default-src 'sha256-qzpGGe6Ra4yRpzmso1sSNC5BN0dRoV99NnQVVYlVsPA%3D' 'sha256-aS0h9evc6CeiEHeLM6leNavzBu/QU/%2BQYJgd23%2BOyA8%3D' http://127.0.0.1:7070; frame-src *;connect-src http://127.0.0.1:7000;&browser=Chrome, 4.002s
Testing: csp_id=36, page_id=8500, browser=Chrome
Testing: csp_id=36, page_id=8600, browser=Chrome
Testing: csp_id=36, page_id=8700, browser=Chrome
Testing: csp_id=36, page_id=8800, browser=Chrome
Testing: csp_id=36, page_id=8900, browser=Chrome
Testing: csp_id=36, page_id=9000, browser=Chrome
Testing: csp_id=36, page_id=9100, browser=Chrome
Testing: csp_id=36, page_id=9200, browser=Chrome
Testing: csp_id=36, page_id=9300, browser=Chrome
[ERROR] page_id=9323 csp_id=36, timeout: http://127.0.0.1:7000/test/out_9323?csp=default-src 'sha256-xgOsm7RGobKAdTHRjyqZmw5t7xrDz8xcbkHLc4IbLvI%3D' 'sha256-QaRr7OJDJaYt7UC5SZGoDZ4U6vuRnLMMiRlNzLL3oig%3D' http://127.0.0.1:7070; frame-src *;connect-src http://127.0.0.1:7000;&browser=Chrome, 4.003s
[ERROR] page_id=9324 csp_id=36, timeout: http://127.0.0.1:7000/test/out_9324?csp=default-src 'sha256-sa7mj0AtN5MXyUcATTexPgNzB9Fxv%2BcdZF%2BRRdPodx4%3D' 'sha256-z2ZAxZUHSpx0zRzOG9efPyaSh84vtE/1FQAXYJrpk5g%3D' http://127.0.0.1:7070; frame-src *;connect-src http://127.0.0.1:7000;&browser=Chrome, 4.003s
[ERROR] page_id=9350 csp_id=36, timeout: http://127.0.0.1:7000/test/out_9350?csp=default-src 'sha256-MkbVn3GwMCvbUhQzdA5Gfq2maSNEmvyeBJTXUNp0T0Y%3D' 'sha256-/8ukEPSwXaHj/GtBNLDEv7KHyWRTSlbc0WeW0KGn8yg%3D' http://127.0.0.1:7070; frame-src *;connect-src http://127.0.0.1:7000;&browser=Chrome, 4.005s
[ERROR] page_id=9351 csp_id=36, timeout: http://127.0.0.1:7000/test/out_9351?csp=default-src 'sha256-w2mNKJzCh0C5jQLR1AAkQ9A1QKRHIanXIhlwXkZS5ME%3D' 'sha256-KHWGITCTRAQ2Bx611x14rpl0LSef86n5cUeaw6P0L4k%3D' http://127.0.0.1:7070; frame-src *;connect-src http://127.0.0.1:7000;&browser=Chrome, 4.004s
Testing: csp_id=36, page_id=9400, browser=Chrome
Testing: csp_id=36, page_id=9500, browser=Chrome
Testing: csp_id=36, page_id=9600, browser=Chrome
Testing: csp_id=36, page_id=9700, browser=Chrome
Testing: csp_id=36, page_id=9800, browser=Chrome
Testing: csp_id=36, page_id=9900, browser=Chrome
Testing: csp_id=36, page_id=10000, browser=Chrome
Testing: csp_id=36, page_id=10100, browser=Chrome
Testing: csp_id=36, page_id=10200, browser=Chrome
Testing: csp_id=36, page_id=10300, browser=Chrome
[ERROR] page_id=10381 csp_id=36, timeout: http://127.0.0.1:7000/test/out_10381?csp=default-src 'sha256-1z2J1MXM4xvpgarTcCcFwRCqKXXPutcyDXHx%2BiV2/XY%3D' 'sha256-W3k7vZtWhAl8Ecs6oYfU28JuVUA6b6QrhyT5HDN0fzs%3D' http://127.0.0.1:7070; frame-src *;connect-src http://127.0.0.1:7000;&browser=Chrome, 4.005s
[ERROR] page_id=10382 csp_id=36, timeout: http://127.0.0.1:7000/test/out_10382?csp=default-src 'sha256-btbFMruCzT0U9t%2BnSRkDITyRKF7W48ujQZBwVYV1Oy0%3D' 'sha256-EIsRgSHUBrmu7ssOWNqd1Er7VodNtwYvByTj/C1epmI%3D' http://127.0.0.1:7070; frame-src *;connect-src http://127.0.0.1:7000;&browser=Chrome, 4.005s
Testing: csp_id=36, page_id=10400, browser=Chrome
[ERROR] page_id=10408 csp_id=36, timeout: http://127.0.0.1:7000/test/out_10408?csp=default-src 'sha256-Ytr86pGdmkpC9mVoeoLJb8UdJzcP6P62jgyvzKu/WEA%3D' 'sha256-YC5i6b7rSwihLexA0VpyQCdiFrQK0utFh50069Zhx0Q%3D' http://127.0.0.1:7070; frame-src *;connect-src http://127.0.0.1:7000;&browser=Chrome, 4.001s
[ERROR] page_id=10409 csp_id=36, timeout: http://127.0.0.1:7000/test/out_10409?csp=default-src 'sha256-8pRDu4e%2BNMSEZLLQ%2BOotW8H5l0xt6HXfViour7EXtBo%3D' 'sha256-tytZM9fHMNdE7pbd%2BxVScgFdnjLFT0f8ZDZ6ef4d8JE%3D' http://127.0.0.1:7070; frame-src *;connect-src http://127.0.0.1:7000;&browser=Chrome, 4.001s
Testing: csp_id=36, page_id=10500, browser=Chrome
Testing: csp_id=36, page_id=10600, browser=Chrome
Testing: csp_id=36, page_id=10700, browser=Chrome
Testing: csp_id=36, page_id=10800, browser=Chrome
Testing: csp_id=36, page_id=10900, browser=Chrome
Testing: csp_id=36, page_id=11000, browser=Chrome
Testing: csp_id=36, page_id=11100, browser=Chrome
Testing: csp_id=36, page_id=11200, browser=Chrome
[ERROR] page_id=11227 csp_id=36, timeout: http://127.0.0.1:7000/test/out_11227?csp=default-src 'sha256-EK1qrWmt24MiCnDgAqPYfHta/sVZSbijwPGT2V%2BHwng%3D' 'sha256-f0I%2BYo8phh3K%2BxaC7cRb3UKrAxMh5FBjekaGRPU/r1o%3D' http://127.0.0.1:7070; frame-src *;connect-src http://127.0.0.1:7000;&browser=Chrome, 4.002s
[ERROR] page_id=11228 csp_id=36, timeout: http://127.0.0.1:7000/test/out_11228?csp=default-src 'sha256-fZRfUVkN5dW7%2B/h%2B2PpzEZefWyLKp/ciQ6cD2ROnYcQ%3D' 'sha256-2OF1s8WSm7T0%2BtUDk%2BDhaDoRO8znPCnivzc7zaKJpAA%3D' http://127.0.0.1:7070; frame-src *;connect-src http://127.0.0.1:7000;&browser=Chrome, 4.001s
[ERROR] page_id=11254 csp_id=36, timeout: http://127.0.0.1:7000/test/out_11254?csp=default-src 'sha256-7gP01SfaLbk/yZBy6U94Cyd4jl90BL20WlwVPULYMV4%3D' 'sha256-ePZKeevY6Wiu3Ql8a9myCYK/U4a6vuuelnLXuOBxWpQ%3D' http://127.0.0.1:7070; frame-src *;connect-src http://127.0.0.1:7000;&browser=Chrome, 4.002s
[ERROR] page_id=11255 csp_id=36, timeout: http://127.0.0.1:7000/test/out_11255?csp=default-src 'sha256-dXQ6i8GWPB8qpOFk%2BiBeLWz24naWm3gkDS8qAp9N7Tw%3D' 'sha256-mO7zl6gHV0rJbG0t2QOIJOjbiR/a2FG6mVMsSYGhmHY%3D' http://127.0.0.1:7070; frame-src *;connect-src http://127.0.0.1:7000;&browser=Chrome, 4.002s
Testing: csp_id=36, page_id=11300, browser=Chrome
Testing: csp_id=36, page_id=11400, browser=Chrome
Testing: csp_id=36, page_id=11500, browser=Chrome
Testing: csp_id=36, page_id=11600, browser=Chrome
[ERROR] page_id=11626 csp_id=36, timeout: http://127.0.0.1:7000/test/out_11626?csp=default-src 'sha256-XmS9fI86UBLb0fNXMtZI%2BFndgmJ4ErV4PylnYWX57jA%3D' 'sha256-hqRoEyI8zNTy7fAiNQEaCemQsaU9lOu3sBa85pHH9HA%3D' http://127.0.0.1:7070; frame-src *;connect-src http://127.0.0.1:7000;&browser=Chrome, 4.002s
[ERROR] page_id=11627 csp_id=36, timeout: http://127.0.0.1:7000/test/out_11627?csp=default-src 'sha256-0XFrHp70ic6B7y5yeBwcYHWOfhG4cYqrT%2B2WrIPqCNQ%3D' 'sha256-NFPo5LTbcZb3Xr7eOElN8fbBY%2Bdi7QhG1ldaCEiYroo%3D' http://127.0.0.1:7070; frame-src *;connect-src http://127.0.0.1:7000;&browser=Chrome, 4.002s
[ERROR] page_id=11654 csp_id=36, timeout: http://127.0.0.1:7000/test/out_11654?csp=default-src 'sha256-XyRRL9sHkRwKxg/H/DLrRRhCPUGlA%2BfFb3cEtBAqD1E%3D' 'sha256-lL7J8qZhUqRWqLQbU74qOulIPwXO0GN7BMNwVmtIu%2BM%3D' http://127.0.0.1:7070; frame-src *;connect-src http://127.0.0.1:7000;&browser=Chrome, 4.005s
[ERROR] page_id=11655 csp_id=36, timeout: http://127.0.0.1:7000/test/out_11655?csp=default-src 'sha256-HsgX2/yhQDoyzetJ8%2BOMRbyiIYIbe0zm4Ppa7iXAsu4%3D' 'sha256-6FX8yb1peeNaMfrKMM%2Bw9y2dus0uhSt38cCqRT8lPlk%3D' http://127.0.0.1:7070; frame-src *;connect-src http://127.0.0.1:7000;&browser=Chrome, 4.005s
[ERROR] page_id=11682 csp_id=36, timeout: http://127.0.0.1:7000/test/out_11682?csp=default-src 'sha256-q/B1T24xxJ45S/nVXpPQn7HZ85pvpgP5DsEYwO8hBok%3D' 'sha256-OQpQXCwk1AJefxMwncYox9tpNQdjWFeXlOao6V0iWk4%3D' http://127.0.0.1:7070; frame-src *;connect-src http://127.0.0.1:7000;&browser=Chrome, 4.002s
[ERROR] page_id=11683 csp_id=36, timeout: http://127.0.0.1:7000/test/out_11683?csp=default-src 'sha256-7vNU3ZrDEXPlBRqbUdh9vHZ9Dt5Gg9Wm8oj2vqoA42k%3D' 'sha256-fvS0vLg4ZEaEoKncMVIOJcCLuHmni7JWqR6CcRI1Ks0%3D' http://127.0.0.1:7070; frame-src *;connect-src http://127.0.0.1:7000;&browser=Chrome, 4.004s
Testing: csp_id=36, page_id=11700, browser=Chrome
[ERROR] page_id=11710 csp_id=36, timeout: http://127.0.0.1:7000/test/out_11710?csp=default-src 'sha256-Y8AfmdMudAMqQKZvWet5LzoYjzlUtKQiJDP6tAJkmEE%3D' 'sha256-N%2BPjKcGaTd%2BA1sHmycUyz5RtHMqtNk7js4vHmnKdWE0%3D' http://127.0.0.1:7070; frame-src *;connect-src http://127.0.0.1:7000;&browser=Chrome, 4.002s
[ERROR] page_id=11711 csp_id=36, timeout: http://127.0.0.1:7000/test/out_11711?csp=default-src 'sha256-z2Stc9a3LyPsHOUIBaUQiEIYF2MPH3qi/n6z31N4Ob4%3D' 'sha256-DjkLGJYrgWf/KUuMCl5Zlgfos6P90pu0y0p6NwBed3s%3D' http://127.0.0.1:7070; frame-src *;connect-src http://127.0.0.1:7000;&browser=Chrome, 4.002s
[ERROR] page_id=11744 csp_id=36, timeout: http://127.0.0.1:7000/test/out_11744?csp=default-src 'sha256-ncfov5oNmYGs2qMSERcNY9OlNOaEAPjULSeQEXryMLE%3D' 'sha256-WGA9SAQ7xNmNNFMyCnr2w1JHd2yUO/TUmA2ipMcySpA%3D' http://127.0.0.1:7070; frame-src *;connect-src http://127.0.0.1:7000;&browser=Chrome, 4.002s
[ERROR] page_id=11745 csp_id=36, timeout: http://127.0.0.1:7000/test/out_11745?csp=default-src 'sha256-bik2BOy%2BdXu/5JhRpXkdC8KbWFMgfdAP5HOThCtyi5U%3D' 'sha256-qaTlrk/wgMhEx07%2B3/8e/we22miTQlmwK6jVc8HU8AU%3D' http://127.0.0.1:7070; frame-src *;connect-src http://127.0.0.1:7000;&browser=Chrome, 4.002s
Testing: csp_id=36, page_id=11800, browser=Chrome
[ERROR] page_id=11811 csp_id=36, timeout: http://127.0.0.1:7000/test/out_11811?csp=default-src 'sha256-zjlzbEVMbeUqqx16YtpP4pAQ1p8zO0R/BeC4z4D/p2c%3D' 'sha256-QhbSKG%2ByuR%2By2hPScWq%2B4qPZ4qSzHXuNbEsYRwzlPOM%3D' http://127.0.0.1:7070; frame-src *;connect-src http://127.0.0.1:7000;&browser=Chrome, 4.002s
[ERROR] page_id=11812 csp_id=36, timeout: http://127.0.0.1:7000/test/out_11812?csp=default-src 'sha256-POcR%2BHlrROX%2BMB2fdi7d64ty31qpduxY%2BTtd5hxt6gU%3D' 'sha256-EalP4h07yQKmy6/meQTzNLKu6VU%2BxGmLZ33H88mHhmA%3D' http://127.0.0.1:7070; frame-src *;connect-src http://127.0.0.1:7000;&browser=Chrome, 4.001s
[ERROR] page_id=11839 csp_id=36, timeout: http://127.0.0.1:7000/test/out_11839?csp=default-src 'sha256-VtA/iSKV/e%2BeMFT7WIZqCHc5LiJ6ctZKXqxAYVEmAgc%3D' 'sha256-1yZv770n1lk%2BJmfmksaFCpBknODKrS/vEdscnqiwCBI%3D' http://127.0.0.1:7070; frame-src *;connect-src http://127.0.0.1:7000;&browser=Chrome, 4.008s
[ERROR] page_id=11840 csp_id=36, timeout: http://127.0.0.1:7000/test/out_11840?csp=default-src 'sha256-FZMeJatYqEE/g43xbUiR3z2cjlbuef%2BNCqsgCnAsiMY%3D' 'sha256-rL36GnkMXRnZ6l0VKnjha6UAcPIHp4Ezeg9KrrPlaJQ%3D' http://127.0.0.1:7070; frame-src *;connect-src http://127.0.0.1:7000;&browser=Chrome, 4.005s
[ERROR] page_id=11867 csp_id=36, timeout: http://127.0.0.1:7000/test/out_11867?csp=default-src 'sha256-IBaKGsSKPSA94rTqIsF6N%2BATuB7s1qi9Q1olyFUX2j4%3D' 'sha256-FbJ9bRYVZiEENtmIGCcBkVFFKLK5qRJAF37W9lNGH74%3D' http://127.0.0.1:7070; frame-src *;connect-src http://127.0.0.1:7000;&browser=Chrome, 4.003s
[ERROR] page_id=11868 csp_id=36, timeout: http://127.0.0.1:7000/test/out_11868?csp=default-src 'sha256-1g8Q34Q6wZcXcIIailGs5xl5dc58daIcVDHBcMoxUJw%3D' 'sha256-IWBlmRDlLbMpXFzlm6J1F2crE2Sti92F/SxeXyjDhBM%3D' http://127.0.0.1:7070; frame-src *;connect-src http://127.0.0.1:7000;&browser=Chrome, 4.003s
Testing: csp_id=36, page_id=11900, browser=Chrome
[ERROR] page_id=11895 csp_id=36, timeout: http://127.0.0.1:7000/test/out_11895?csp=default-src 'sha256-k1RaNj4/GOo2OFe0VjElxLfYHQSbm7OfTP53FdYEnps%3D' 'sha256-2%2BT2%2Bi1YmRerYjnr4%2B5AnVoFtMVgnpcr8nLGg5DUHGo%3D' http://127.0.0.1:7070; frame-src *;connect-src http://127.0.0.1:7000;&browser=Chrome, 4.002s
[ERROR] page_id=11896 csp_id=36, timeout: http://127.0.0.1:7000/test/out_11896?csp=default-src 'sha256-W/MUEfpGazegAnLVkgRRGMs/nj08htd54%2BESXZru6uI%3D' 'sha256-R3mDygoYQHvx4YTaNexMV2qIXwvO31qZ2mvKh4Y3Dbo%3D' http://127.0.0.1:7070; frame-src *;connect-src http://127.0.0.1:7000;&browser=Chrome, 4.002s
[ERROR] page_id=11929 csp_id=36, timeout: http://127.0.0.1:7000/test/out_11929?csp=default-src 'sha256-IMMYwraQQF1rZNkZJVdvZ3qBSg5vJoPiZpfysJyBeMM%3D' 'sha256-I1vKVY3HFuAqnrFNVDKFu9iR3oqZxwv3zPU0jXV16cA%3D' http://127.0.0.1:7070; frame-src *;connect-src http://127.0.0.1:7000;&browser=Chrome, 4.002s
[ERROR] page_id=11930 csp_id=36, timeout: http://127.0.0.1:7000/test/out_11930?csp=default-src 'sha256-xQzvzwgeDHO3dzbMmBXd4izsRE4tT5%2BAE%2BLmGMpW4AU%3D' 'sha256-TUrRzXQSOXkXezacIszOROE1n3SBMDCPZy/XWa355co%3D' http://127.0.0.1:7070; frame-src *;connect-src http://127.0.0.1:7000;&browser=Chrome, 4.002s
[ERROR] page_id=11969 csp_id=36, timeout: http://127.0.0.1:7000/test/out_11969?csp=default-src 'sha256-xOEjUoll1KRBlxYo374fLOWeYX3QvSbBnOhAC/dGSfc%3D' 'sha256-8edDnVCUDxjSCPwcICpfDEdjvE2vf2s5ja0fxyDy4Og%3D' http://127.0.0.1:7070; frame-src *;connect-src http://127.0.0.1:7000;&browser=Chrome, 4.002s
[ERROR] page_id=11970 csp_id=36, timeout: http://127.0.0.1:7000/test/out_11970?csp=default-src 'sha256-8FPtULlmtDfuQloeJteON25F2n6EOJ7%2BVyT4VRpkL7c%3D' 'sha256-TfFVeV0bZImUYcLLN20v3wHEU%2BOc%2BARBOTQ9a/7Es0E%3D' http://127.0.0.1:7070; frame-src *;connect-src http://127.0.0.1:7000;&browser=Chrome, 4.001s
[ERROR] page_id=11997 csp_id=36, timeout: http://127.0.0.1:7000/test/out_11997?csp=default-src 'sha256-T9mjkQhJlHDFDL8cWSnGs5IViivYek157r/2nAzko7w%3D' 'sha256-4fAgiJ1mgi5HKXlN%2BQZl%2BS/UAL9d%2B39llpSxPhhKtQQ%3D' http://127.0.0.1:7070; frame-src *;connect-src http://127.0.0.1:7000;&browser=Chrome, 4.002s
[ERROR] page_id=11998 csp_id=36, timeout: http://127.0.0.1:7000/test/out_11998?csp=default-src 'sha256-JoCOxGzLyku92hHgO2yzs19nRTYJ2cIbznxGGwy5Psc%3D' 'sha256-YVwwqh05/cepfXVJ1Qm6t4JUPHyeU47p5va%2Bw0UJKOs%3D' http://127.0.0.1:7070; frame-src *;connect-src http://127.0.0.1:7000;&browser=Chrome, 4.001s
Testing: csp_id=36, page_id=12000, browser=Chrome
[ERROR] page_id=12070 csp_id=36, timeout: http://127.0.0.1:7000/test/out_12070?csp=default-src 'sha256-fnjDa4qJ47NBLfx8/aEqcVKDgiiGgx%2BkIz7umZ8ZBHY%3D' 'sha256-zBVJq1J3uINKvF97w6AbQ803gmdbKCCybPsAoKjbPV4%3D' http://127.0.0.1:7070; frame-src *;connect-src http://127.0.0.1:7000;&browser=Chrome, 4.004s
[ERROR] page_id=12071 csp_id=36, timeout: http://127.0.0.1:7000/test/out_12071?csp=default-src 'sha256-3VcShSQDSrL/TiaY2CSOHTAUqOdcjLFMLEwo4ek9M3o%3D' 'sha256-TrVZA2inM4EET72gFOrya5/B%2BtljFBlk43GRKXTWUuo%3D' http://127.0.0.1:7070; frame-src *;connect-src http://127.0.0.1:7000;&browser=Chrome, 4.005s
Testing: csp_id=36, page_id=12100, browser=Chrome
[ERROR] page_id=12098 csp_id=36, timeout: http://127.0.0.1:7000/test/out_12098?csp=default-src 'sha256-gD0b2LdpqOcmqL8iqD6tMhWgE4NZoiHXpc2tJlB%2B3%2Bc%3D' 'sha256-rEQj0XAgC%2Bmlx0UFk%2By71MFDTFDzCH20sRFQFTafrf8%3D' http://127.0.0.1:7070; frame-src *;connect-src http://127.0.0.1:7000;&browser=Chrome, 4.002s
[ERROR] page_id=12099 csp_id=36, timeout: http://127.0.0.1:7000/test/out_12099?csp=default-src 'sha256-uBJvC%2BvUykjv8BR59XM36jkdIt%2BN8VlNhQToXsCPNDI%3D' 'sha256-XvFBNIAPiasJAGICIe6Gl2zTLjHhdETBgZGtgkYUHRw%3D' http://127.0.0.1:7070; frame-src *;connect-src http://127.0.0.1:7000;&browser=Chrome, 4.002s
[ERROR] page_id=12126 csp_id=36, timeout: http://127.0.0.1:7000/test/out_12126?csp=default-src 'sha256-nairSIP0DEwycjrNdzQCyrB8TXWzEwcn9m3lAefl9kg%3D' 'sha256-PVyBvZDE8aTnpiOL7VgrEcoK5evsuYkXJ5TLTmCX2hQ%3D' http://127.0.0.1:7070; frame-src *;connect-src http://127.0.0.1:7000;&browser=Chrome, 4.002s
[ERROR] page_id=12127 csp_id=36, timeout: http://127.0.0.1:7000/test/out_12127?csp=default-src 'sha256-AQcdPrgcW0x8Sx7eJGSMxoSdvXrAWgb5TQhi80koS1s%3D' 'sha256-naU8ASxmv34UVggrRN9VIUk/sVVA9QOipMZjxLAXeAo%3D' http://127.0.0.1:7070; frame-src *;connect-src http://127.0.0.1:7000;&browser=Chrome, 4.001s
[ERROR] page_id=12154 csp_id=36, timeout: http://127.0.0.1:7000/test/out_12154?csp=default-src 'sha256-C%2Bo9ZdSYTb8JcXKGUaYzI%2Bi%2Bl/bmdINJeno7j0ue%2BXc%3D' 'sha256-5cfNtVUHyUo0mcz77RTfSjE4p6nvZqW/CyQk/J4Uid8%3D' http://127.0.0.1:7070; frame-src *;connect-src http://127.0.0.1:7000;&browser=Chrome, 4.003s
[ERROR] page_id=12155 csp_id=36, timeout: http://127.0.0.1:7000/test/out_12155?csp=default-src 'sha256-NZHlLjRv622Yohabg%2Bf9V49b3VCRSb86ScQXez615VM%3D' 'sha256-oSXc/t7vB0LomKmoj%2BeBAWa/3ntB3ssLA4rbPAhPOik%3D' http://127.0.0.1:7070; frame-src *;connect-src http://127.0.0.1:7000;&browser=Chrome, 4.003s
Testing: csp_id=36, page_id=12200, browser=Chrome
Testing: csp_id=36, page_id=12300, browser=Chrome
Testing: csp_id=36, page_id=12400, browser=Chrome
[ERROR] page_id=12479 csp_id=36, timeout: http://127.0.0.1:7000/test/out_12479?csp=default-src 'sha256-bl3%2Bv0A2vfU5KgeivL4Kp0cF%2BQFeMQMroOZat6YnmpI%3D' 'sha256-%2B1gkYrynA3kLTVVu5lIPE3tHT432LvokZ48l2aWibiY%3D' http://127.0.0.1:7070; frame-src *;connect-src http://127.0.0.1:7000;&browser=Chrome, 4.001s
[ERROR] page_id=12480 csp_id=36, timeout: http://127.0.0.1:7000/test/out_12480?csp=default-src 'sha256-m8NxUwJFsBUiSLIXJFsvof/eedlBDHh4K0bUNdu4o3k%3D' 'sha256-lDK/OfmaIPjKiTpAqIOvt5hMgGki6lSIIQPKMpyVHrw%3D' http://127.0.0.1:7070; frame-src *;connect-src http://127.0.0.1:7000;&browser=Chrome, 4.004s
Testing: csp_id=36, page_id=12500, browser=Chrome
[ERROR] page_id=12507 csp_id=36, timeout: http://127.0.0.1:7000/test/out_12507?csp=default-src 'sha256-9EGADqL7RJ0MXP3jjYZ%2BToNDMELDq3hzRKEBousm3FE%3D' 'sha256-Jy5jaCipDlbdxXtWpIF6aolimDjPOBp5sMm0CRfFozw%3D' http://127.0.0.1:7070; frame-src *;connect-src http://127.0.0.1:7000;&browser=Chrome, 4.002s
[ERROR] page_id=12508 csp_id=36, timeout: http://127.0.0.1:7000/test/out_12508?csp=default-src 'sha256-1VLzVurPhf35PCKxqG3htxL61SyeewD2BIgf%2BLFN3Vs%3D' 'sha256-0Rw7TVCS4wo5TcQHqbMZFbn1yq4qx/qLBD8PNDAxiUc%3D' http://127.0.0.1:7070; frame-src *;connect-src http://127.0.0.1:7000;&browser=Chrome, 4.002s
[ERROR] page_id=12535 csp_id=36, timeout: http://127.0.0.1:7000/test/out_12535?csp=default-src 'sha256-Oaq43NobZRCShWqfzRCzQZw%2B8f16EjPqV8rT7tnmy3k%3D' 'sha256-KHhEc9IrfdrFqkj7PWMIrK%2ByrhpsiBZYWmY2aeOqNR8%3D' http://127.0.0.1:7070; frame-src *;connect-src http://127.0.0.1:7000;&browser=Chrome, 4.004s
[ERROR] page_id=12536 csp_id=36, timeout: http://127.0.0.1:7000/test/out_12536?csp=default-src 'sha256-ZwSZBKMjhNhcJI4OBL5%2BFS4BmZgGvLMDlCgMTAISNo4%3D' 'sha256-iIrC5QbeGY2G9L9QVehihsOLkeEhmvT6Xg8JVR7dUcM%3D' http://127.0.0.1:7070; frame-src *;connect-src http://127.0.0.1:7000;&browser=Chrome, 4.004s
[ERROR] page_id=12562 csp_id=36, timeout: http://127.0.0.1:7000/test/out_12562?csp=default-src 'sha256-a6manYR5gspkzesFFagaFE7bnoV8LXoBA91b5eJRPWI%3D' 'sha256-FIUUJMfNxegzdeYNSi8xvGLz4Gb3tf9aYI9T7lZmzOo%3D' http://127.0.0.1:7070; frame-src *;connect-src http://127.0.0.1:7000;&browser=Chrome, 4.003s
[ERROR] page_id=12563 csp_id=36, timeout: http://127.0.0.1:7000/test/out_12563?csp=default-src 'sha256-7dLG1%2BkSA6qYa3FUR/OiBo06fXuzBkNmfC3VPpey3Kw%3D' 'sha256-wIePFS2SrMUXfnQg37I6xfLMkS0NZrW1BQ82w8Np47A%3D' http://127.0.0.1:7070; frame-src *;connect-src http://127.0.0.1:7000;&browser=Chrome, 4.002s
Testing: csp_id=36, page_id=12600, browser=Chrome
[ERROR] page_id=12655 csp_id=36, timeout: http://127.0.0.1:7000/test/out_12655?csp=default-src 'sha256-A1ZoBZhyTwb9DIbM/Isj4sP49lALjKfmdFoQEWEM%2Beg%3D' 'sha256-4EtfVfpfE/HXhv8EnbZjH%2BJ2blTDJobVoZsMXkJk5SY%3D' http://127.0.0.1:7070; frame-src *;connect-src http://127.0.0.1:7000;&browser=Chrome, 4.001s
[ERROR] page_id=12656 csp_id=36, timeout: http://127.0.0.1:7000/test/out_12656?csp=default-src 'sha256-CAWtXiJDP7eARkezcthN20KrZ5gMY/NxWMM3hD0FrjY%3D' 'sha256-yjOly27YanRYnmMc1HJVo1TF8K5/IFclWEnsoETfMwM%3D' http://127.0.0.1:7070; frame-src *;connect-src http://127.0.0.1:7000;&browser=Chrome, 4.005s
[ERROR] page_id=12683 csp_id=36, timeout: http://127.0.0.1:7000/test/out_12683?csp=default-src 'sha256-sBabMBIJM87lj9/UXWZopQlKnpIJZcsoU94%2BkEttuQc%3D' 'sha256-%2BPlX9%2By54O8bSXO2NSpD/%2B6SVrKlG8jtjRuC6Hccb%2BI%3D' 'sha256-JEVw8PSn%2BM/anAJBQKsMG1q%2Bty8IJ8qqzv2NS0c%2BXFg%3D' http://127.0.0.1:7070; frame-src *;connect-src http://127.0.0.1:7000;&browser=Chrome, 4.002s
[ERROR] page_id=12684 csp_id=36, timeout: http://127.0.0.1:7000/test/out_12684?csp=default-src 'sha256-pfmSg8h91gj5j/ZVlbGtUzBzTZzUvNg3KAaKG13EWcQ%3D' 'sha256-Enjmgr3nodEl4fVKmzDG%2BC3MbmsdzHTFKYCKsev4omo%3D' 'sha256-CJJv2q2mWLzdJLxRYtGY9HDIx7ked34NJ9GK8zHAq3I%3D' http://127.0.0.1:7070; frame-src *;connect-src http://127.0.0.1:7000;&browser=Chrome, 4.002s
Testing: csp_id=36, page_id=12700, browser=Chrome
[ERROR] page_id=12711 csp_id=36, timeout: http://127.0.0.1:7000/test/out_12711?csp=default-src 'sha256-0mWdjEAeDDYx0eAq6HdhNwacoc%2BOU6fzqnyTyq1AzWE%3D' 'sha256-dU7DEUEmMRAssZt8BEUUOF45ETTGSJUfJuGCWIoi5FQ%3D' 'sha256-jnscWq2iPqgo11C6AoGtcUjf9X0DeTGRs48oAYY5Gz0%3D' http://127.0.0.1:7070; frame-src *;connect-src http://127.0.0.1:7000;&browser=Chrome, 4.002s
[ERROR] page_id=12712 csp_id=36, timeout: http://127.0.0.1:7000/test/out_12712?csp=default-src 'sha256-UTsEQY5L19KOmMacge8q3ieBxRL4MGP4CxN90kupqfA%3D' 'sha256-eKotPwM197/ZADyJ0dDPeBdKdhXASbPnULp0hVgm0v4%3D' 'sha256-9iVdO03m879hrgOlw4Ch8ExSUwC%2B7rWjnB87k9tSVE0%3D' http://127.0.0.1:7070; frame-src *;connect-src http://127.0.0.1:7000;&browser=Chrome, 4.002s
[ERROR] page_id=12766 csp_id=36, timeout: http://127.0.0.1:7000/test/out_12766?csp=default-src 'sha256-aUI8V%2BCg/J/8xJWsPEAq3Doz2zfescUdFR3DkhujA4c%3D' 'sha256-YNEZCWa62BLwV1OVRf4txtMyq6HLSAYRBmhCEmSwVBw%3D' http://127.0.0.1:7070; frame-src *;connect-src http://127.0.0.1:7000;&browser=Chrome, 4.002s
[ERROR] page_id=12767 csp_id=36, timeout: http://127.0.0.1:7000/test/out_12767?csp=default-src 'sha256-rf/ZaQQ9P/fm%2B91dSW1hBPdsRqvugGzyCoqVhwOrojo%3D' 'sha256-61Sc/UA1fkB9fIwQbU8DKzAJEwjNDG9Cou0lw3Sl5fg%3D' http://127.0.0.1:7070; frame-src *;connect-src http://127.0.0.1:7000;&browser=Chrome, 4.002s
[ERROR] page_id=12794 csp_id=36, timeout: http://127.0.0.1:7000/test/out_12794?csp=default-src 'sha256-T9XZtmZBmO%2BLMuLVJ4A58o6y/StN3iEF5luaOTqjyhU%3D' 'sha256-uo04ACHPpu7XDIvLR69B1uyAt9FN7PaSq44t4tiZVYg%3D' http://127.0.0.1:7070; frame-src *;connect-src http://127.0.0.1:7000;&browser=Chrome, 4.005s
[ERROR] page_id=12795 csp_id=36, timeout: http://127.0.0.1:7000/test/out_12795?csp=default-src 'sha256-HxG/0MhUjQgiDLedY0BW%2B09eYwLZu2/90yBM0JYpe94%3D' 'sha256-5bdcWMDenaYOZNZUpzIJJ2%2BBqim4WpLU4gKvk6yA8jY%3D' http://127.0.0.1:7070; frame-src *;connect-src http://127.0.0.1:7000;&browser=Chrome, 4.006s
Testing: csp_id=36, page_id=12800, browser=Chrome
[ERROR] page_id=12882 csp_id=36, timeout: http://127.0.0.1:7000/test/out_12882?csp=default-src 'sha256-eiUsvBPNKh1U1qUxebQKQjoZ6ugs9qPNphY1HwwiNrk%3D' 'sha256-m99bt9nbEzHF6h9lbsrlKj%2BjthK7p3Wz0R37g37aj%2Bo%3D' http://127.0.0.1:7070; frame-src *;connect-src http://127.0.0.1:7000;&browser=Chrome, 4.002s
[ERROR] page_id=12883 csp_id=36, timeout: http://127.0.0.1:7000/test/out_12883?csp=default-src 'sha256-M2bsqOg0TTUen%2Bo6onUuy6urKHbsuvhFFwPvK3/rK5o%3D' 'sha256-rFTBIlindTyuco70SMs3/eVgOFrAMpbSUDxrNOjjZyw%3D' http://127.0.0.1:7070; frame-src *;connect-src http://127.0.0.1:7000;&browser=Chrome, 4.001s
Testing: csp_id=36, page_id=12900, browser=Chrome
[ERROR] page_id=12910 csp_id=36, timeout: http://127.0.0.1:7000/test/out_12910?csp=default-src 'sha256-BxQpvvygX8iY8l/xt4BYaWrXJ6IZLdywdjFRceK1LuI%3D' 'sha256-LQNsNaRYurP8aAi8iwbZGRy/5YPNnLgZuICntKVankE%3D' http://127.0.0.1:7070; frame-src *;connect-src http://127.0.0.1:7000;&browser=Chrome, 4.003s
[ERROR] page_id=12911 csp_id=36, timeout: http://127.0.0.1:7000/test/out_12911?csp=default-src 'sha256-vGecOS%2BEHrmjsHIZH%2BAqmWPkEWfNT3N4Ql09Jd5M7Oc%3D' 'sha256-7bfFbOOSagqfkWQhiNyXChAZ/Skz1WyNH%2Bbi0QdgaKs%3D' http://127.0.0.1:7070; frame-src *;connect-src http://127.0.0.1:7000;&browser=Chrome, 4.002s
[ERROR] page_id=12983 csp_id=36, timeout: http://127.0.0.1:7000/test/out_12983?csp=default-src 'sha256-zJVbA93YnGZ/GYffZpd0sUy30zzWTCNlccwpv4Qj03s%3D' 'sha256-7MyfMcsihys16sa6dpjEq6cZQKZahM9jo/BMFjTwRhI%3D' http://127.0.0.1:7070; frame-src *;connect-src http://127.0.0.1:7000;&browser=Chrome, 4.002s
[ERROR] page_id=12984 csp_id=36, timeout: http://127.0.0.1:7000/test/out_12984?csp=default-src 'sha256-Pb7VDAmAkSD/nMw3uXlNrg%2BNPAFMi%2BxVFv%2BD7WHbRCk%3D' 'sha256-Lgo7DMYoyUZZWcZbTNSFBfr0YxPKRT%2BgJ3ILOUSaTJ0%3D' http://127.0.0.1:7070; frame-src *;connect-src http://127.0.0.1:7000;&browser=Chrome, 4.003s
Testing: csp_id=36, page_id=13000, browser=Chrome
[ERROR] page_id=13011 csp_id=36, timeout: http://127.0.0.1:7000/test/out_13011?csp=default-src 'sha256-IbMNkK%2BqvgmEXqnE9NBEvPT9bVqAGnFHgxje3AfW7qs%3D' 'sha256-srF085vfvc6Owm6BqrrD5RyRomJ%2Bdri2JZ9dQXYcWFI%3D' http://127.0.0.1:7070; frame-src *;connect-src http://127.0.0.1:7000;&browser=Chrome, 4.001s
[ERROR] page_id=13012 csp_id=36, timeout: http://127.0.0.1:7000/test/out_13012?csp=default-src 'sha256-8a/R9mc9r%2BkjKEmO%2B1HEI6TezTTiKH5HnEQA48OYFIA%3D' 'sha256-vLDfPL/3CUNDqNlWWO%2B7jU4ADT7cLIOPve9Xi1Cct3k%3D' http://127.0.0.1:7070; frame-src *;connect-src http://127.0.0.1:7000;&browser=Chrome, 4.003s
[ERROR] page_id=13039 csp_id=36, timeout: http://127.0.0.1:7000/test/out_13039?csp=default-src 'sha256-V07kj%2BMIjZhmOSdgbOh/GOHD0Mek9BhZSp36Lni2aMs%3D' 'sha256-7IXMK8Jl2O5ooV9opKWBNZzNSTKKg23XJOAHQWEGyv8%3D' http://127.0.0.1:7070; frame-src *;connect-src http://127.0.0.1:7000;&browser=Chrome, 4.006s
[ERROR] page_id=13040 csp_id=36, timeout: http://127.0.0.1:7000/test/out_13040?csp=default-src 'sha256-GFpVXYtYQFtccSBx81a%2BtuVnSKMpAjTxruqOjLRQ92A%3D' 'sha256-10pCN80FVxcA5XRy9SJeasamFQnn3Ecmlg/pRk9hTcM%3D' http://127.0.0.1:7070; frame-src *;connect-src http://127.0.0.1:7000;&browser=Chrome, 4.004s
[ERROR] page_id=13067 csp_id=36, timeout: http://127.0.0.1:7000/test/out_13067?csp=default-src 'sha256-6q%2BdY1ikS62S0cgB2OCObImEkzEOeMwrCVmERYmEtOY%3D' 'sha256-Eiw4IqSwdyiM6o4aC25MEhaS5jx0xTMvg8WUCknltNE%3D' http://127.0.0.1:7070; frame-src *;connect-src http://127.0.0.1:7000;&browser=Chrome, 4.001s
[ERROR] page_id=13068 csp_id=36, timeout: http://127.0.0.1:7000/test/out_13068?csp=default-src 'sha256-qHI41/uLp8R6rJbsjXCALaYg1GN%2B0ua46SsNSNuRAeQ%3D' 'sha256-6bYoM2mdjeyYPoQRon5G9DlUFzEoG0REB37hTPsnz8I%3D' http://127.0.0.1:7070; frame-src *;connect-src http://127.0.0.1:7000;&browser=Chrome, 4.001s
Testing: csp_id=36, page_id=13100, browser=Chrome
Testing: csp_id=36, page_id=13200, browser=Chrome
Testing: csp_id=36, page_id=13300, browser=Chrome
Testing: csp_id=36, page_id=13400, browser=Chrome
[ERROR] page_id=13392 csp_id=36, timeout: http://127.0.0.1:7000/test/out_13392?csp=default-src 'sha256-wv6mvScraV%2ByQxtUGVxgxchdGbFRaLYdmHYIwuJFG/g%3D' 'sha256-l7GV7eGGDu/JzfcT5doy7qFeLaL093OyqbbRrDjrxKE%3D' http://127.0.0.1:7070; frame-src *;connect-src http://127.0.0.1:7000;&browser=Chrome, 4.003s
[ERROR] page_id=13393 csp_id=36, timeout: http://127.0.0.1:7000/test/out_13393?csp=default-src 'sha256-McPeUU8EAMJgM%2Bb2x9VmyYR%2B8ay84uss2jjL2DFVCCk%3D' 'sha256-QOzHQ%2BVNqZ/4a4h8MDmoh1yI8eTYCkTBdaxWt1fywBQ%3D' http://127.0.0.1:7070; frame-src *;connect-src http://127.0.0.1:7000;&browser=Chrome, 4.002s
[ERROR] page_id=13420 csp_id=36, timeout: http://127.0.0.1:7000/test/out_13420?csp=default-src 'sha256-PjcCGPf0xWrbiY7Xq5t17D7vNxkgQLjBkWI2Cm8CH54%3D' 'sha256-8TtW4auxEYO92gPYzV/AHMDkQ%2Bqm/rbalggYmdK34mk%3D' http://127.0.0.1:7070; frame-src *;connect-src http://127.0.0.1:7000;&browser=Chrome, 4.003s
[ERROR] page_id=13421 csp_id=36, timeout: http://127.0.0.1:7000/test/out_13421?csp=default-src 'sha256-mXEL2UHDSuNIqR5a3VT32BgGXJLd5KfKwZ82QrbTYvE%3D' 'sha256-nE5KEhorUzjj20VacfOiT7Md6TuxR4yfZv%2ByE7rTQHc%3D' http://127.0.0.1:7070; frame-src *;connect-src http://127.0.0.1:7000;&browser=Chrome, 4.002s
[ERROR] page_id=13448 csp_id=36, timeout: http://127.0.0.1:7000/test/out_13448?csp=default-src 'sha256-alwU08pNeAzN2PJWnsUQAoPs2BOW96I%2BBLxsQveKYTA%3D' 'sha256-A5QNaoEI8fscTiBAa1SsCrmluCreRZ/9fDijxCnaCXY%3D' http://127.0.0.1:7070; frame-src *;connect-src http://127.0.0.1:7000;&browser=Chrome, 4.003s
[ERROR] page_id=13449 csp_id=36, timeout: http://127.0.0.1:7000/test/out_13449?csp=default-src 'sha256-fmDQXIwpuv1urWiKOz8JHefEgdeq5NABuWiS/Yu1Ors%3D' 'sha256-Gv82JpTStXOjLq/mNxNs6LKDxPeyjHOLvbYEsKmnqOg%3D' http://127.0.0.1:7070; frame-src *;connect-src http://127.0.0.1:7000;&browser=Chrome, 4.002s
[ERROR] page_id=13475 csp_id=36, timeout: http://127.0.0.1:7000/test/out_13475?csp=default-src 'sha256-6BYbh1cRyd25/QcuA/wpaiYNMTmQRKeRODwDQDhFtTg%3D' 'sha256-49Y5GN4f67RMjn1847M0FCvEI48Se2dgLQPw9FKWO%2BU%3D' http://127.0.0.1:7070; frame-src *;connect-src http://127.0.0.1:7000;&browser=Chrome, 4.001s
[ERROR] page_id=13476 csp_id=36, timeout: http://127.0.0.1:7000/test/out_13476?csp=default-src 'sha256-0W5RsEvy6c8GXqSd7ViN4CMUrT2cXzYAehHqgvV7kGc%3D' 'sha256-Iq0UQa2gY0d/AF8HyiWM4cWEDCtNNVTk%2BzePDLZKW9I%3D' http://127.0.0.1:7070; frame-src *;connect-src http://127.0.0.1:7000;&browser=Chrome, 4.001s
Testing: csp_id=36, page_id=13500, browser=Chrome
[ERROR] page_id=13568 csp_id=36, timeout: http://127.0.0.1:7000/test/out_13568?csp=default-src 'sha256-hFR1hKAo/l40K%2Bm8nPkWoIkEGdA6bnMV4fi/EDv5FhY%3D' 'sha256-%2BwuSdVgqwN6bICOR3A0mgOdT0CSXSPy4z8dYloNuB4c%3D' http://127.0.0.1:7070; frame-src *;connect-src http://127.0.0.1:7000;&browser=Chrome, 4.002s
[ERROR] page_id=13569 csp_id=36, timeout: http://127.0.0.1:7000/test/out_13569?csp=default-src 'sha256-uoK9nfekPzzZUNZLZiDmGxDju8KCOnh83HZ0BTt/oy8%3D' 'sha256-LQtQ25ZL4VIChQqpFX44Hmw5L7rrOEqdH532LmxaAok%3D' http://127.0.0.1:7070; frame-src *;connect-src http://127.0.0.1:7000;&browser=Chrome, 4.002s
[ERROR] page_id=13596 csp_id=36, timeout: http://127.0.0.1:7000/test/out_13596?csp=default-src 'sha256-3P9J8sF3HS4YMN3pEI5DdlRk/Lrd9mOhdxzg/EKFBk4%3D' 'sha256-j3tQnHn0NNnd20aD7ZV3qtr/OxBePIaKUQH/K/WzueA%3D' 'sha256-99kdO20C/RCIuSUnSCNhkur3a%2BsGAi94bPVpVw/6b/A%3D' http://127.0.0.1:7070; frame-src *;connect-src http://127.0.0.1:7000;&browser=Chrome, 4.003s
[ERROR] page_id=13597 csp_id=36, timeout: http://127.0.0.1:7000/test/out_13597?csp=default-src 'sha256-PNsrijf0FNd4rcWfU1OyREUVxHB%2BieNz774Q3qKZZ58%3D' 'sha256-Twym5kE4Y%2ByRyGJTQuYVUB0/JJ0/etsqMzR6NWCItXs%3D' 'sha256-7Ahw6OrSdPLaMEnuVueY/nlYaBpYUaJ1PhpQ20gIVRY%3D' http://127.0.0.1:7070; frame-src *;connect-src http://127.0.0.1:7000;&browser=Chrome, 4.004s
Testing: csp_id=36, page_id=13600, browser=Chrome
[ERROR] page_id=13624 csp_id=36, timeout: http://127.0.0.1:7000/test/out_13624?csp=default-src 'sha256-rVYA453hhNdpWzZVJuFKUW7SR7fRCHJWTmuoLuw4OHo%3D' 'sha256-gs6jx0y79gqk2g3QEgdImqWBK6gQZBahND8DEOsoo3Y%3D' 'sha256-201LACjkmgYzMU9krXqa9kQFD%2BjzTddOlmAv9vvABNw%3D' http://127.0.0.1:7070; frame-src *;connect-src http://127.0.0.1:7000;&browser=Chrome, 4.003s
[ERROR] page_id=13625 csp_id=36, timeout: http://127.0.0.1:7000/test/out_13625?csp=default-src 'sha256-MUTWi0cXautpFsugNVqvdx3mE/Vyiaj9nDr4ooQjCik%3D' 'sha256-U1Jev9rjd9PGaw7x2k%2B8BqxdZ5sisbLt9O/CgFC5aR8%3D' 'sha256-oiqSwYc0olk5wLPG41DSY6jRBmjbLIVhb0t711GJ9Mk%3D' http://127.0.0.1:7070; frame-src *;connect-src http://127.0.0.1:7000;&browser=Chrome, 4.003s
[ERROR] page_id=13679 csp_id=36, timeout: http://127.0.0.1:7000/test/out_13679?csp=default-src 'sha256-rADyAF6SY6KDPhjX5HtoiOm0FGl53b9extHEd%2BarrmQ%3D' 'sha256-ft7zviK/eL5wbEAmq6uGG33VVJzPd4vrsudO%2BV3ozJc%3D' http://127.0.0.1:7070; frame-src *;connect-src http://127.0.0.1:7000;&browser=Chrome, 4.002s
[ERROR] page_id=13680 csp_id=36, timeout: http://127.0.0.1:7000/test/out_13680?csp=default-src 'sha256-5AVzKP7P79UTchgwiQgWx840NgmFwO7haX4lrU2Lzi8%3D' 'sha256-XSN5EIm1kEhxD1i%2BV0FdKHx3E7brwrz5dacJjEV8m2M%3D' http://127.0.0.1:7070; frame-src *;connect-src http://127.0.0.1:7000;&browser=Chrome, 4.002s
Testing: csp_id=36, page_id=13700, browser=Chrome
[ERROR] page_id=13707 csp_id=36, timeout: http://127.0.0.1:7000/test/out_13707?csp=default-src 'sha256-aAH9B1rHNkESCpG%2ByFVd/TZ4CS9qjGSeP1GB8Z/gAHc%3D' 'sha256-CAE3y2h14WObUYutX2rovlw/6yPvsBlcOOPKEFtNZOw%3D' http://127.0.0.1:7070; frame-src *;connect-src http://127.0.0.1:7000;&browser=Chrome, 4.002s
[ERROR] page_id=13708 csp_id=36, timeout: http://127.0.0.1:7000/test/out_13708?csp=default-src 'sha256-dVTyypTl1FdYEZ49t9YuB1OwbBSv%2BOgYw4Ssvb7SXZU%3D' 'sha256-3Z/mqj0hyRaq%2Bd%2BBuQA0djPUdQfxG2TKX4%2BPK1h9BVo%3D' http://127.0.0.1:7070; frame-src *;connect-src http://127.0.0.1:7000;&browser=Chrome, 4.001s
Testing: csp_id=36, page_id=13800, browser=Chrome
Testing: csp_id=36, page_id=13900, browser=Chrome
Testing: csp_id=36, page_id=14000, browser=Chrome
Testing: csp_id=36, page_id=14100, browser=Chrome
Testing: csp_id=36, page_id=14200, browser=Chrome
Testing: csp_id=36, page_id=14300, browser=Chrome
Testing: csp_id=36, page_id=14400, browser=Chrome
