29449 608 S
29836 617 S
29837 617 S
28488 617 S
28489 617 S
29848 617 S
28410 617 S
29449 641 S
28489 649 S
28488 649 S
28410 649 S
29837 649 S
29449 673 S
28488 682 S
28489 682 S
28410 682 S
28489 686 S
28488 686 S
28410 686 S
20743 688 S
17463 688 S
18096 688 S
18591 688 S
28488 687 S
28410 687 S
28489 687 S
29449 688 S
28488 692 S
28489 692 S
28410 692 S
29449 695 S
29449 689 S
29449 694 S
29449 690 S
29449 691 S
29449 693 S
29449 696 S
29449 697 S
29449 699 S
27769 698 S
28410 704 S
28488 704 S
28489 704 S
26369 734 S
29449 763 S
29449 791 S
29449 818 S
29449 844 S
29449 869 S
27769 893 S
29437 904 S
29515 904 S
29516 904 S
29049 910 S
29048 910 S
29048 911 S
29049 911 S
26368 910 S
26368 911 S
26369 911 S
26369 910 S
26369 916 S
29049 924 S
29048 924 S
26368 924 S
26369 924 S
29048 925 S
29049 925 S
26369 925 S
26368 925 S
28488 926 S
29837 926 S
28489 926 S
29836 926 S
28410 926 S
29848 926 S
29048 927 S
29049 927 S
26369 927 S
26368 927 S
29048 928 S
29049 928 S
26369 928 S
26368 928 S
29048 930 S
29049 930 S
29048 932 S
29049 932 S
29049 931 S
29049 933 S
29048 931 S
29049 929 S
29048 929 S
29048 933 S
26368 930 S
26368 929 S
26369 930 S
26369 929 S
26368 931 S
26369 932 S
26368 932 S
26368 933 S
26369 933 S
26369 931 S
26369 938 S
29049 948 S
29048 948 S
29049 946 S
26368 948 S
29048 946 S
26369 948 S
26368 946 S
26369 946 S
29128 949 S
29117 949 S
26368 949 S
26369 949 S
29048 950 S
29049 950 S
29049 951 S
29048 951 S
26368 950 S
26368 951 S
26369 951 S
26369 950 S
29048 953 S
29049 953 S
26368 953 S
29049 952 S
29048 952 S
26369 953 S
26369 952 S
26368 952 S
26369 959 S
29049 954 S
29048 954 S
26368 954 S
26369 954 S
29049 968 S
29048 968 S
29048 970 S
26369 968 S
29049 970 S
26368 968 S
29049 969 S
26369 970 S
26368 970 S
29048 969 S
29048 971 S
29049 971 S
26368 969 S
26369 969 S
29049 972 S
29048 972 S
26368 971 S
26369 971 S
26368 972 S
26369 972 S
29049 973 S
29048 973 S
26368 973 S
26369 973 S
29048 974 S
29049 974 S
26368 974 S
26369 974 S
26369 979 S
29836 987 S
29837 987 S
28488 987 S
28489 987 S
29848 987 S
28410 987 S
29049 989 S
29048 989 S
26369 989 S
26368 989 S
29837 988 S
29836 988 S
29837 990 S
28489 988 S
28489 990 S
28488 988 S
29836 990 S
28410 988 S
29848 988 S
28488 990 S
29848 990 S
28410 990 S
28489 992 S
29836 992 S
29837 992 S
28488 992 S
29848 992 S
28410 992 S
29049 991 S
29048 991 S
26368 991 S
26369 991 S
28410 998 S
28488 998 S
28489 998 S
29048 1007 S
29048 1006 S
29049 1006 S
29049 1007 S
26368 1007 S
26369 1006 S
26368 1006 S
26369 1007 S
29049 1008 S
29048 1008 S
26369 1008 S
26368 1008 S
29128 1009 S
29117 1009 S
26368 1009 S
26369 1009 S
29049 1010 S
29048 1010 S
26369 1016 S
26368 1010 S
26369 1010 S
29049 1011 S
29048 1011 S
29049 1026 S
29048 1026 S
26369 1026 S
26368 1026 S
29049 1024 S
29048 1024 S
26368 1024 S
29048 1027 S
29049 1027 S
26369 1024 S
26369 1027 S
26368 1027 S
29117 1028 S
29128 1028 S
26369 1028 S
26368 1028 S
29048 1025 S
29049 1025 S
26368 1025 S
26369 1025 S
26369 1033 S
29048 1041 S
29049 1041 S
26368 1041 S
26369 1041 S
29049 1043 S
29049 1044 S
29048 1044 S
29048 1043 S
29049 1042 S
29048 1042 S
26368 1043 S
26368 1044 S
26369 1044 S
26369 1042 S
26368 1042 S
26369 1043 S
26369 1049 S
29049 1057 S
29048 1057 S
29049 1059 S
29048 1059 S
26369 1059 S
26368 1059 S
26368 1057 S
26369 1057 S
29049 1058 S
29048 1058 S
26369 1058 S
26368 1058 S
26369 1064 S
