20343 1500 S
15969 1499 S
13876 1499 S
13809 1499 S
13249 1499 S
13317 1499 S
13316 1499 S
20343 1498 S
19398 1499 S
19397 1499 S
19637 1499 S
16196 1499 S
16197 1499 S
20128 1499 S
19622 1499 S
19623 1499 S
19624 1499 S
20241 1499 S
20573 1498 S
20640 1498 S
20572 1498 S
20639 1498 S
21361 1498 S
20582 1498 S
21371 1498 S
22731 1498 S
22689 1498 S
23144 1498 S
23167 1498 S
21933 1498 S
21213 1498 S
21919 1498 S
21942 1498 S
22721 1498 S
21360 1499 S
21359 1499 S
22262 1499 S
21361 1499 S
22611 1499 S
22207 1499 S
21851 1499 S
22263 1499 S
22664 1499 S
21943 1499 S
22612 1499 S
20251 1499 S
21944 1499 S
21956 1499 S
21958 1499 S
21957 1499 S
23303 1498 S
24051 1498 S
23199 1498 S
23172 1498 S
24447 1498 S
23200 1498 S
24091 1498 S
24448 1498 S
24050 1498 S
23704 1498 S
23703 1498 S
26668 1499 S
26908 1499 S
27928 1499 S
28030 1499 S
23728 1498 S
26590 1499 S
27930 1499 S
28088 1499 S
27929 1499 S
28349 1499 S
28089 1499 S
20640 1500 S
20573 1500 S
20572 1500 S
20639 1500 S
21361 1500 S
20582 1500 S
21933 1500 S
21371 1500 S
21942 1500 S
21213 1500 S
23167 1500 S
22731 1500 S
23144 1500 S
21919 1500 S
22689 1500 S
22721 1500 S
23199 1500 S
23172 1500 S
24050 1500 S
23303 1500 S
24448 1500 S
23704 1500 S
23200 1500 S
24091 1500 S
24051 1500 S
23703 1500 S
24447 1500 S
23728 1500 S
24761 1498 S
26108 1498 S
26109 1498 S
28490 1498 S
24744 1498 S
24760 1498 S
24902 1498 S
28508 1498 S
24767 1498 S
24959 1498 S
27450 1498 S
27449 1498 S
27468 1498 S
24893 1498 S
29128 1499 S
29228 1499 S
29117 1499 S
28350 1499 S
28408 1499 S
26108 1500 S
26109 1500 S
28490 1500 S
24760 1500 S
24761 1500 S
24744 1500 S
24767 1500 S
28508 1500 S
24902 1500 S
24959 1500 S
27450 1500 S
27449 1500 S
27468 1500 S
24893 1500 S
28509 1498 S
28509 1500 S
