46 26 C
8424 21 C
8423 21 C
47 26 C
149 26 C
11682 21 C
11683 21 C
11710 21 C
11711 21 C
3071 21 C
148 26 C
11744 21 C
584 26 C
177 26 C
611 26 C
176 26 C
11745 21 C
3072 21 C
10381 21 C
10382 21 C
583 26 C
612 26 C
639 26 C
640 26 C
324 26 C
323 26 C
351 26 C
352 26 C
3071 23 C
8423 23 C
8424 23 C
8450 23 C
8451 23 C
9324 23 C
3072 23 C
9323 23 C
3098 23 C
9350 23 C
9351 23 C
3099 23 C
10381 23 C
10382 23 C
10408 23 C
10409 23 C
8423 18 C
3071 18 C
8424 18 C
8450 18 C
8451 18 C
3072 18 C
9323 18 C
9324 18 C
3098 18 C
9350 18 C
3099 18 C
9351 18 C
10381 18 C
10382 18 C
10408 18 C
10409 18 C
8423 21 C
8424 21 C
3071 21 C
10382 21 C
3072 21 C
11682 21 C
11710 21 C
10381 21 C
11744 21 C
11711 21 C
11683 21 C
11745 21 C
3071 23 C
8423 23 C
8450 23 C
8424 23 C
8451 23 C
9323 23 C
9324 23 C
9350 23 C
3072 23 C
9351 23 C
3098 23 C
3099 23 C
10381 23 C
10382 23 C
10408 23 C
10409 23 C
46 26 C
47 26 C
148 26 C
177 26 C
149 26 C
176 26 C
583 26 C
584 26 C
611 26 C
612 26 C
639 26 C
640 26 C
324 26 C
323 26 C
351 26 C
352 26 C
8423 34 C
8424 34 C
3071 34 C
11682 34 C
11710 34 C
11683 34 C
11711 34 C
3072 34 C
10381 34 C
10382 34 C
11744 34 C
11745 34 C
3071 31 C
8424 31 C
8450 31 C
3072 31 C
3098 31 C
8423 31 C
8451 31 C
9323 31 C
9324 31 C
9350 31 C
9351 31 C
3099 31 C
10381 31 C
10382 31 C
10408 31 C
10409 31 C
11969 21 C
11970 21 C
11997 21 C
11998 21 C
667 26 C
696 26 C
668 26 C
695 26 C
723 26 C
724 26 C
12126 21 C
12127 21 C
751 26 C
752 26 C
12154 21 C
12155 21 C
12479 21 C
779 26 C
780 26 C
807 26 C
808 26 C
12480 21 C
835 26 C
836 26 C
863 26 C
12507 21 C
864 26 C
12508 21 C
11683 23 C
11682 23 C
11710 23 C
11711 23 C
11744 23 C
11745 23 C
11228 23 C
11227 23 C
11254 23 C
11255 23 C
11682 18 C
11710 18 C
11711 18 C
11683 18 C
11744 18 C
11228 18 C
11227 18 C
11745 18 C
11254 18 C
11255 18 C
8424 36 C
8423 36 C
8450 36 C
8451 36 C
9351 36 C
9323 36 C
9350 36 C
9324 36 C
3071 36 C
3072 36 C
10381 36 C
10382 36 C
3099 36 C
3098 36 C
10409 36 C
10408 36 C
11969 21 C
11997 21 C
11970 21 C
11998 21 C
12126 21 C
12127 21 C
12154 21 C
12155 21 C
12479 21 C
12480 21 C
12508 21 C
12507 21 C
11682 23 C
11683 23 C
11710 23 C
11711 23 C
11744 23 C
11227 23 C
11745 23 C
11228 23 C
667 26 C
668 26 C
695 26 C
696 26 C
11254 23 C
11255 23 C
723 26 C
724 26 C
751 26 C
752 26 C
779 26 C
780 26 C
807 26 C
808 26 C
835 26 C
836 26 C
863 26 C
864 26 C
11970 34 C
11969 34 C
12126 34 C
12127 34 C
11997 34 C
12154 34 C
12155 34 C
11998 34 C
11682 31 C
11711 31 C
11710 31 C
11744 31 C
12479 34 C
11683 31 C
12507 34 C
11745 31 C
11255 31 C
12480 34 C
11227 31 C
12508 34 C
11228 31 C
11254 31 C
891 26 C
972 26 C
892 26 C
973 26 C
12655 21 C
12656 21 C
1000 26 C
1044 26 C
1001 26 C
1028 26 C
1099 26 C
1029 26 C
1043 26 C
12683 21 C
12711 21 C
12684 21 C
12712 21 C
12766 21 C
1100 26 C
1201 26 C
1202 26 C
1229 26 C
1230 26 C
12767 21 C
12794 21 C
12795 21 C
12535 21 C
12536 21 C
12562 21 C
12563 21 C
14489 21 C
14490 21 C
11867 23 C
11868 23 C
11895 23 C
11929 23 C
11896 23 C
11969 23 C
11930 23 C
11970 23 C
11997 23 C
11867 18 C
11998 23 C
11868 18 C
11896 18 C
11929 18 C
11895 18 C
11930 18 C
11969 18 C
11997 18 C
11970 18 C
11998 18 C
46 39 C
47 39 C
148 39 C
176 39 C
149 39 C
177 39 C
583 39 C
584 39 C
611 39 C
612 39 C
639 39 C
640 39 C
324 39 C
323 39 C
352 39 C
351 39 C
11654 23 C
11655 23 C
11839 23 C
11840 23 C
11626 23 C
11627 23 C
12099 23 C
12098 23 C
11812 23 C
11811 23 C
12071 23 C
12070 23 C
12099 34 C
11654 34 C
11626 34 C
12098 34 C
11627 34 C
11655 34 C
12070 34 C
12071 34 C
11626 21 C
11627 21 C
12070 21 C
12071 21 C
12098 21 C
11655 21 C
12099 21 C
11654 21 C
11654 21 C
11654 23 C
11655 23 C
11655 18 C
11839 18 C
11655 21 C
11627 23 C
11626 23 C
11655 31 C
11811 23 C
11654 31 C
11812 23 C
11626 31 C
11627 31 C
12098 18 C
11654 18 C
12099 18 C
11627 18 C
11626 18 C
11840 18 C
11811 31 C
11812 31 C
11627 21 C
12099 21 C
12098 21 C
11626 21 C
11812 18 C
11811 18 C
12071 21 C
12070 21 C
12070 18 C
12071 18 C
11627 36 C
11626 36 C
11654 36 C
11682 36 C
11655 36 C
11683 36 C
11710 36 C
11744 36 C
11711 36 C
11745 36 C
11811 36 C
11812 36 C
11228 36 C
11227 36 C
11255 36 C
11254 36 C
12655 21 C
12656 21 C
12683 21 C
12684 21 C
12711 21 C
12712 21 C
12767 21 C
12766 21 C
12794 21 C
12795 21 C
12536 21 C
12563 21 C
12562 21 C
12535 21 C
14490 21 C
14489 21 C
11839 23 C
11867 23 C
11840 23 C
11868 23 C
11895 23 C
11896 23 C
11929 23 C
11930 23 C
11969 23 C
11997 23 C
11970 23 C
11998 23 C
12070 23 C
12071 23 C
12098 23 C
12099 23 C
891 26 C
892 26 C
972 26 C
973 26 C
1000 26 C
1001 26 C
1028 26 C
1029 26 C
1043 26 C
1044 26 C
1099 26 C
1100 26 C
1201 26 C
1202 26 C
1229 26 C
1230 26 C
12656 34 C
12655 34 C
12683 34 C
12684 34 C
12712 34 C
12711 34 C
12767 34 C
12766 34 C
12794 34 C
12795 34 C
12536 34 C
12535 34 C
11840 31 C
12562 34 C
11839 31 C
12563 34 C
11867 31 C
11868 31 C
11895 31 C
11896 31 C
11929 31 C
11969 31 C
11930 31 C
11970 31 C
11997 31 C
14489 34 C
11998 31 C
14490 34 C
12070 31 C
12071 31 C
12098 31 C
12099 31 C
16273 21 C
16274 21 C
16698 21 C
16699 21 C
16788 21 C
16789 21 C
16816 21 C
16817 21 C
17217 21 C
17218 21 C
17245 21 C
17246 21 C
16957 21 C
16958 21 C
16985 21 C
16986 21 C
1636 26 C
1637 26 C
1664 26 C
1665 26 C
1692 26 C
1693 26 C
1720 26 C
1721 26 C
1748 26 C
1749 26 C
1776 26 C
1777 26 C
1376 26 C
1377 26 C
1404 26 C
12126 23 C
12127 23 C
12154 23 C
12155 23 C
1405 26 C
12655 23 C
12656 23 C
12479 23 C
12683 23 C
12684 23 C
12507 23 C
12508 23 C
12480 23 C
12535 23 C
12536 23 C
12563 23 C
12562 23 C
12126 18 C
12127 18 C
12154 18 C
12155 18 C
12655 18 C
12656 18 C
12683 18 C
12684 18 C
12479 18 C
12480 18 C
12508 18 C
12507 18 C
12535 18 C
12536 18 C
12562 18 C
12563 18 C
667 39 C
668 39 C
695 39 C
696 39 C
723 39 C
724 39 C
751 39 C
752 39 C
779 39 C
780 39 C
807 39 C
808 39 C
835 39 C
836 39 C
863 39 C
864 39 C
11839 36 C
11867 36 C
11868 36 C
11840 36 C
11895 36 C
11896 36 C
11929 36 C
11930 36 C
11969 36 C
11970 36 C
11997 36 C
11998 36 C
12070 36 C
12071 36 C
12098 36 C
12099 36 C
16273 21 C
16274 21 C
16698 21 C
16699 21 C
16788 21 C
16789 21 C
16816 21 C
16817 21 C
17217 21 C
17218 21 C
16957 21 C
16958 21 C
17245 21 C
17246 21 C
16986 21 C
16985 21 C
12126 23 C
12154 23 C
12127 23 C
12155 23 C
12655 23 C
12656 23 C
12683 23 C
12684 23 C
12479 23 C
12480 23 C
12507 23 C
12536 23 C
12508 23 C
12535 23 C
12562 23 C
12563 23 C
1636 26 C
1637 26 C
1404 26 C
1377 26 C
1376 26 C
1405 26 C
1664 26 C
1665 26 C
1692 26 C
1693 26 C
1748 26 C
1720 26 C
1721 26 C
1749 26 C
1776 26 C
1777 26 C
16273 34 C
16274 34 C
16698 34 C
16699 34 C
16788 34 C
16789 34 C
16816 34 C
16817 34 C
17217 34 C
17218 34 C
17245 34 C
17246 34 C
16957 34 C
16958 34 C
16986 34 C
16985 34 C
12126 31 C
12127 31 C
12154 31 C
12155 31 C
12655 31 C
12656 31 C
12683 31 C
12684 31 C
12479 31 C
12508 31 C
12480 31 C
12507 31 C
12535 31 C
12536 31 C
12562 31 C
12563 31 C
17273 21 C
17274 21 C
17301 21 C
17302 21 C
17329 21 C
17358 21 C
17357 21 C
17385 21 C
17330 21 C
17386 21 C
17414 21 C
17469 21 C
17413 21 C
17441 21 C
17442 21 C
17470 21 C
1804 26 C
1832 26 C
1805 26 C
1833 26 C
1860 26 C
1861 26 C
1888 26 C
1916 26 C
1889 26 C
1917 26 C
1944 26 C
1945 26 C
2025 26 C
12712 23 C
2026 26 C
12711 23 C
2053 26 C
12767 23 C
12766 23 C
2054 26 C
12795 23 C
12794 23 C
12883 23 C
12911 23 C
12910 23 C
12882 23 C
12983 23 C
13012 23 C
12984 23 C
13011 23 C
13040 23 C
13039 23 C
12711 18 C
12712 18 C
12767 18 C
12766 18 C
12794 18 C
12795 18 C
12882 18 C
12883 18 C
12910 18 C
12911 18 C
12983 18 C
13011 18 C
12984 18 C
13040 18 C
13039 18 C
13012 18 C
891 39 C
892 39 C
973 39 C
972 39 C
1000 39 C
1001 39 C
1028 39 C
1029 39 C
1043 39 C
1044 39 C
1099 39 C
1100 39 C
1201 39 C
1202 39 C
1229 39 C
1230 39 C
12126 36 C
12127 36 C
12154 36 C
12155 36 C
12655 36 C
12656 36 C
12683 36 C
12684 36 C
12480 36 C
12479 36 C
12507 36 C
12508 36 C
12535 36 C
12536 36 C
12563 36 C
12562 36 C
17274 21 C
17273 21 C
17301 21 C
17302 21 C
17330 21 C
17329 21 C
17357 21 C
17386 21 C
17358 21 C
17385 21 C
17441 21 C
17414 21 C
17413 21 C
17469 21 C
17442 21 C
17470 21 C
12711 23 C
12712 23 C
12766 23 C
12767 23 C
12882 23 C
12794 23 C
12795 23 C
12910 23 C
12883 23 C
12911 23 C
12983 23 C
12984 23 C
13039 23 C
13011 23 C
13012 23 C
13040 23 C
1804 26 C
1832 26 C
1805 26 C
1833 26 C
1860 26 C
1861 26 C
1888 26 C
1889 26 C
1916 26 C
1945 26 C
1917 26 C
12711 31 C
12712 31 C
12766 31 C
1944 26 C
2025 26 C
12794 31 C
12767 31 C
2026 26 C
2053 26 C
2054 26 C
12882 31 C
12795 31 C
12883 31 C
12910 31 C
12984 31 C
12911 31 C
13011 31 C
12983 31 C
13039 31 C
13012 31 C
13040 31 C
17273 34 C
17274 34 C
17302 34 C
17301 34 C
17330 34 C
17329 34 C
17357 34 C
17358 34 C
17386 34 C
17413 34 C
17385 34 C
17414 34 C
17441 34 C
17442 34 C
17469 34 C
17470 34 C
17497 21 C
17498 21 C
17525 21 C
2081 26 C
2082 26 C
2177 26 C
2096 26 C
17526 21 C
2097 26 C
17606 21 C
17607 21 C
17634 21 C
17635 21 C
17662 21 C
2178 26 C
2206 26 C
2260 26 C
2261 26 C
2205 26 C
17663 21 C
2288 26 C
2289 26 C
17677 21 C
17678 21 C
21204 21 C
28518 21 C
21205 21 C
2316 26 C
2317 26 C
2344 26 C
2345 26 C
28519 21 C
13067 23 C
13068 23 C
13568 23 C
13569 23 C
13596 23 C
13624 23 C
13393 23 C
13597 23 C
13625 23 C
13392 23 C
13421 23 C
13420 23 C
13448 23 C
13449 23 C
13475 23 C
13476 23 C
13067 18 C
13068 18 C
13597 18 C
13596 18 C
13569 18 C
13568 18 C
13624 18 C
13625 18 C
13392 18 C
13393 18 C
13421 18 C
13420 18 C
13448 18 C
13449 18 C
13476 18 C
13475 18 C
1636 39 C
1637 39 C
1664 39 C
1665 39 C
1692 39 C
1693 39 C
1720 39 C
1721 39 C
1748 39 C
1749 39 C
1776 39 C
1777 39 C
1376 39 C
1377 39 C
1404 39 C
1405 39 C
12711 36 C
12767 36 C
12766 36 C
12712 36 C
12795 36 C
12794 36 C
8423 44 C
8424 44 C
12882 36 C
12910 36 C
12883 36 C
12911 36 C
12983 36 C
12984 36 C
8450 44 C
9324 44 C
9323 44 C
3071 44 C
8451 44 C
13039 36 C
13040 36 C
13011 36 C
13012 36 C
9350 44 C
9351 44 C
3098 44 C
3072 44 C
10408 44 C
3099 44 C
10382 44 C
10409 44 C
10381 44 C
17497 21 C
17498 21 C
17525 21 C
17526 21 C
17606 21 C
17607 21 C
17634 21 C
17635 21 C
17662 21 C
17663 21 C
17677 21 C
17678 21 C
21205 21 C
21204 21 C
28518 21 C
28519 21 C
13067 23 C
13068 23 C
13568 23 C
13569 23 C
13596 23 C
13597 23 C
13624 23 C
13625 23 C
13392 23 C
13393 23 C
13420 23 C
13421 23 C
13448 23 C
13449 23 C
13475 23 C
13476 23 C
2081 26 C
2082 26 C
2096 26 C
2097 26 C
2177 26 C
2178 26 C
2205 26 C
2206 26 C
2288 26 C
2260 26 C
2261 26 C
2289 26 C
2316 26 C
2317 26 C
2344 26 C
2345 26 C
13067 31 C
13068 31 C
13568 31 C
13569 31 C
13596 31 C
13597 31 C
13624 31 C
13625 31 C
13392 31 C
13393 31 C
13420 31 C
13421 31 C
13448 31 C
13449 31 C
13475 31 C
13476 31 C
17498 34 C
17497 34 C
17525 34 C
17526 34 C
17606 34 C
17607 34 C
17634 34 C
17635 34 C
17662 34 C
17663 34 C
17677 34 C
17678 34 C
21204 34 C
21205 34 C
28519 34 C
28518 34 C
2378 26 C
2379 26 C
2445 26 C
2446 26 C
2473 26 C
2474 26 C
2501 26 C
2502 26 C
2529 26 C
2530 26 C
2563 26 C
2564 26 C
2603 26 C
2604 26 C
2630 26 C
2631 26 C
13707 23 C
13679 23 C
13680 23 C
13708 23 C
16274 23 C
16273 23 C
16301 23 C
16302 23 C
14490 23 C
14516 23 C
14489 23 C
14517 23 C
15336 23 C
15335 23 C
15362 23 C
15363 23 C
13679 18 C
13680 18 C
13707 18 C
13708 18 C
13822 18 C
13823 18 C
13877 18 C
13878 18 C
13932 18 C
13933 18 C
13987 18 C
13988 18 C
14489 18 C
14490 18 C
14516 18 C
14517 18 C
1804 39 C
1805 39 C
1832 39 C
1833 39 C
1860 39 C
1861 39 C
1888 39 C
1889 39 C
1916 39 C
1917 39 C
1944 39 C
1945 39 C
2025 39 C
2026 39 C
2053 39 C
2054 39 C
11682 44 C
11683 44 C
11710 44 C
11711 44 C
11744 44 C
11745 44 C
11228 44 C
11227 44 C
11254 44 C
11255 44 C
13067 36 C
13068 36 C
13568 36 C
13569 36 C
13596 36 C
13597 36 C
13624 36 C
13625 36 C
13392 36 C
13421 36 C
13393 36 C
13420 36 C
13448 36 C
13449 36 C
13475 36 C
13476 36 C
13679 23 C
13680 23 C
13707 23 C
13708 23 C
16273 23 C
16274 23 C
16301 23 C
16302 23 C
14489 23 C
14490 23 C
2379 26 C
14516 23 C
14517 23 C
15335 23 C
15336 23 C
15362 23 C
15363 23 C
2378 26 C
2445 26 C
2446 26 C
2473 26 C
2474 26 C
2501 26 C
2502 26 C
2529 26 C
2530 26 C
2563 26 C
2564 26 C
2603 26 C
2604 26 C
2631 26 C
2630 26 C
13679 31 C
13680 31 C
13707 31 C
13708 31 C
13822 31 C
13823 31 C
13877 31 C
13878 31 C
13932 31 C
13933 31 C
13987 31 C
13988 31 C
14489 31 C
14490 31 C
14516 31 C
14517 31 C
8424 47 C
8423 47 C
3071 47 C
11683 47 C
11682 47 C
11710 47 C
3072 47 C
10381 47 C
11711 47 C
11744 47 C
10382 47 C
11745 47 C
16699 23 C
16788 23 C
16789 23 C
16817 23 C
16816 23 C
16698 23 C
17218 23 C
17274 23 C
17217 23 C
17273 23 C
17246 23 C
17245 23 C
16957 23 C
16986 23 C
16958 23 C
16985 23 C
2696 26 C
2723 26 C
2697 26 C
2724 26 C
2751 26 C
2778 26 C
2750 26 C
2777 26 C
3071 26 C
3072 26 C
3098 26 C
3099 26 C
3125 26 C
3126 26 C
3152 26 C
3153 26 C
16273 18 C
16274 18 C
16301 18 C
16302 18 C
16698 18 C
16699 18 C
16788 18 C
16789 18 C
16816 18 C
16817 18 C
15362 18 C
15336 18 C
15335 18 C
15363 18 C
16957 18 C
16958 18 C
2081 39 C
2082 39 C
2096 39 C
2097 39 C
2177 39 C
2178 39 C
2206 39 C
2205 39 C
2260 39 C
2288 39 C
2289 39 C
2261 39 C
2316 39 C
2317 39 C
2344 39 C
2345 39 C
11655 44 C
11654 44 C
11811 44 C
11812 44 C
11626 44 C
11627 44 C
13679 36 C
13680 36 C
11626 47 C
11627 47 C
11867 44 C
11655 47 C
11840 44 C
11654 47 C
13707 36 C
11895 44 C
11896 44 C
11839 44 C
11868 44 C
11929 44 C
11930 44 C
11997 44 C
11970 44 C
11969 44 C
11998 44 C
13708 36 C
12070 44 C
12098 44 C
12071 44 C
12099 44 C
16273 36 C
16274 36 C
16301 36 C
16302 36 C
14489 36 C
14490 36 C
14516 36 C
14517 36 C
15335 36 C
15336 36 C
15363 36 C
15362 36 C
8424 49 C
8423 49 C
8451 49 C
8450 49 C
9324 49 C
3071 49 C
9323 49 C
9350 49 C
9351 49 C
3072 49 C
10382 49 C
3098 49 C
3099 49 C
10381 49 C
10408 49 C
10409 49 C
16698 23 C
16699 23 C
16788 23 C
16789 23 C
16816 23 C
16817 23 C
17217 23 C
17218 23 C
17245 23 C
17246 23 C
17273 23 C
17274 23 C
16957 23 C
16958 23 C
16985 23 C
16986 23 C
2696 26 C
2697 26 C
2723 26 C
16273 31 C
2724 26 C
2750 26 C
2751 26 C
2777 26 C
2778 26 C
16274 31 C
16301 31 C
16302 31 C
16698 31 C
16699 31 C
16788 31 C
16789 31 C
16816 31 C
16817 31 C
3072 26 C
3071 26 C
3098 26 C
3099 26 C
3125 26 C
3126 26 C
15335 31 C
15336 31 C
15362 31 C
15363 31 C
16957 31 C
16958 31 C
3152 26 C
3153 26 C
11969 47 C
11970 47 C
11997 47 C
11998 47 C
12070 47 C
12098 47 C
12071 47 C
12099 47 C
12126 47 C
12127 47 C
12154 47 C
12155 47 C
12479 47 C
12480 47 C
12508 47 C
12507 47 C
17301 23 C
17302 23 C
17329 23 C
17357 23 C
17330 23 C
17358 23 C
17385 23 C
17386 23 C
17413 23 C
17414 23 C
17442 23 C
17441 23 C
17470 23 C
17469 23 C
17498 23 C
17497 23 C
3233 26 C
3234 26 C
3261 26 C
3287 26 C
3260 26 C
3288 26 C
3341 26 C
3368 26 C
3342 26 C
3465 26 C
3466 26 C
3369 26 C
3555 26 C
3556 26 C
3583 26 C
3584 26 C
17217 18 C
17218 18 C
17246 18 C
17245 18 C
17273 18 C
17274 18 C
17329 18 C
17301 18 C
17330 18 C
17357 18 C
17302 18 C
17358 18 C
17385 18 C
17386 18 C
16985 18 C
16986 18 C
2378 39 C
2379 39 C
2446 39 C
2445 39 C
2473 39 C
2474 39 C
2501 39 C
2502 39 C
2529 39 C
2530 39 C
2563 39 C
2564 39 C
2603 39 C
2604 39 C
2630 39 C
2631 39 C
12127 44 C
12126 44 C
16699 36 C
16789 36 C
12154 44 C
16698 36 C
12155 44 C
16788 36 C
16817 36 C
17217 36 C
16816 36 C
17218 36 C
17245 36 C
17246 36 C
17273 36 C
12655 44 C
12656 44 C
12683 44 C
12684 44 C
12479 44 C
12480 44 C
17274 36 C
16957 36 C
16958 36 C
16985 36 C
16986 36 C
12507 44 C
12508 44 C
12535 44 C
12536 44 C
12562 44 C
12563 44 C
11626 49 C
11627 49 C
11654 49 C
11655 49 C
11682 49 C
11683 49 C
11710 49 C
11711 49 C
11744 49 C
11227 49 C
11745 49 C
11811 49 C
11812 49 C
11228 49 C
11254 49 C
11255 49 C
17301 23 C
17302 23 C
17357 23 C
17329 23 C
17330 23 C
17385 23 C
17358 23 C
17386 23 C
17413 23 C
17414 23 C
17470 23 C
17441 23 C
17469 23 C
17442 23 C
17497 23 C
17498 23 C
3233 26 C
3260 26 C
3234 26 C
3261 26 C
3287 26 C
3342 26 C
3341 26 C
3288 26 C
3465 26 C
3368 26 C
3369 26 C
3466 26 C
3555 26 C
3556 26 C
3583 26 C
3584 26 C
17217 31 C
17218 31 C
17245 31 C
17246 31 C
17273 31 C
17301 31 C
17274 31 C
17329 31 C
17302 31 C
17357 31 C
17330 31 C
17358 31 C
17385 31 C
17386 31 C
16985 31 C
16986 31 C
12655 47 C
12656 47 C
12683 47 C
12684 47 C
12711 47 C
12712 47 C
12766 47 C
12767 47 C
12794 47 C
12795 47 C
12535 47 C
12536 47 C
12562 47 C
12563 47 C
14489 47 C
14490 47 C
3984 26 C
3985 26 C
17526 23 C
17525 23 C
4012 26 C
4013 26 C
17606 23 C
4040 26 C
4041 26 C
4069 26 C
4068 26 C
4096 26 C
4097 26 C
17635 23 C
17607 23 C
17634 23 C
17662 23 C
17677 23 C
17663 23 C
4124 26 C
4125 26 C
17678 23 C
3725 26 C
17727 23 C
3752 26 C
3724 26 C
3753 26 C
17728 23 C
17817 23 C
17818 23 C
17845 23 C
17846 23 C
17413 18 C
17414 18 C
17442 18 C
17441 18 C
17469 18 C
17470 18 C
17497 18 C
17498 18 C
17525 18 C
17526 18 C
17606 18 C
17607 18 C
17634 18 C
17635 18 C
17662 18 C
17663 18 C
2696 39 C
2697 39 C
2723 39 C
2724 39 C
2750 39 C
2751 39 C
2777 39 C
2778 39 C
3071 39 C
3072 39 C
3098 39 C
3099 39 C
3125 39 C
3126 39 C
3152 39 C
3153 39 C
17301 36 C
17302 36 C
17330 36 C
17329 36 C
17357 36 C
17358 36 C
17385 36 C
17414 36 C
17386 36 C
17413 36 C
17442 36 C
12711 44 C
17441 36 C
17470 36 C
17469 36 C
12712 44 C
17497 36 C
17498 36 C
12766 44 C
12767 44 C
12794 44 C
12883 44 C
12795 44 C
12882 44 C
12984 44 C
12910 44 C
12911 44 C
12983 44 C
13011 44 C
13012 44 C
13040 44 C
13039 44 C
11839 49 C
11840 49 C
11867 49 C
11868 49 C
11929 49 C
11896 49 C
11895 49 C
11930 49 C
11969 49 C
11970 49 C
11997 49 C
12070 49 C
11998 49 C
12071 49 C
12098 49 C
12099 49 C
17525 23 C
17526 23 C
17606 23 C
17607 23 C
17634 23 C
17635 23 C
17662 23 C
17663 23 C
17677 23 C
17678 23 C
17727 23 C
17728 23 C
17817 23 C
17818 23 C
17845 23 C
17846 23 C
3984 26 C
3985 26 C
4012 26 C
4013 26 C
4040 26 C
4041 26 C
4068 26 C
4069 26 C
4096 26 C
4097 26 C
4124 26 C
4125 26 C
3724 26 C
3725 26 C
3752 26 C
3753 26 C
17413 31 C
17441 31 C
17414 31 C
17442 31 C
17469 31 C
17470 31 C
17497 31 C
17525 31 C
17498 31 C
17526 31 C
17606 31 C
17607 31 C
17634 31 C
17635 31 C
17662 31 C
17663 31 C
16273 47 C
16274 47 C
16698 47 C
16699 47 C
16788 47 C
16789 47 C
16816 47 C
16817 47 C
17217 47 C
17218 47 C
17245 47 C
17246 47 C
16957 47 C
16958 47 C
16986 47 C
16985 47 C
18246 23 C
18247 23 C
18275 23 C
18274 23 C
18302 23 C
18303 23 C
18331 23 C
18330 23 C
18358 23 C
18359 23 C
18386 23 C
4152 26 C
18387 23 C
4153 26 C
4181 26 C
17986 23 C
17987 23 C
18015 23 C
4180 26 C
18014 23 C
4208 26 C
4209 26 C
4236 26 C
4237 26 C
4264 26 C
4265 26 C
4292 26 C
4293 26 C
4373 26 C
4374 26 C
4401 26 C
17677 18 C
17678 18 C
17727 18 C
4402 26 C
17728 18 C
17817 18 C
17818 18 C
17846 18 C
17845 18 C
18246 18 C
18247 18 C
18275 18 C
18274 18 C
17986 18 C
17987 18 C
18014 18 C
18015 18 C
3233 39 C
3260 39 C
3261 39 C
3234 39 C
3288 39 C
3287 39 C
3341 39 C
3342 39 C
3368 39 C
3369 39 C
3465 39 C
3466 39 C
3555 39 C
3556 39 C
3583 39 C
3584 39 C
17526 36 C
17525 36 C
17606 36 C
17607 36 C
17634 36 C
17635 36 C
17662 36 C
17663 36 C
17678 36 C
17677 36 C
17727 36 C
17728 36 C
17817 36 C
17818 36 C
17845 36 C
17846 36 C
13067 44 C
13068 44 C
13568 44 C
13569 44 C
13596 44 C
13597 44 C
13624 44 C
13625 44 C
13392 44 C
13393 44 C
13421 44 C
13448 44 C
13420 44 C
13449 44 C
13475 44 C
13476 44 C
12126 49 C
12127 49 C
12154 49 C
12155 49 C
12655 49 C
12656 49 C
12683 49 C
12684 49 C
12480 49 C
12507 49 C
12508 49 C
12479 49 C
12535 49 C
12536 49 C
12562 49 C
46 52 C
47 52 C
12563 49 C
148 52 C
149 52 C
176 52 C
177 52 C
583 52 C
584 52 C
611 52 C
612 52 C
639 52 C
640 52 C
323 52 C
324 52 C
351 52 C
352 52 C
18246 23 C
18247 23 C
18274 23 C
18275 23 C
18302 23 C
18303 23 C
18330 23 C
18331 23 C
18358 23 C
18359 23 C
18386 23 C
18387 23 C
17986 23 C
17987 23 C
18015 23 C
18014 23 C
4152 26 C
4153 26 C
4181 26 C
4180 26 C
4208 26 C
4209 26 C
4236 26 C
4237 26 C
4264 26 C
4265 26 C
4292 26 C
4293 26 C
4373 26 C
4374 26 C
4401 26 C
4402 26 C
17677 31 C
17678 31 C
17817 31 C
17727 31 C
17728 31 C
17818 31 C
17846 31 C
17845 31 C
18246 31 C
18247 31 C
18274 31 C
18275 31 C
17986 31 C
17987 31 C
18014 31 C
18015 31 C
17273 47 C
17301 47 C
17274 47 C
17302 47 C
17329 47 C
17330 47 C
17357 47 C
17385 47 C
17358 47 C
17386 47 C
17413 47 C
17414 47 C
17441 47 C
17442 47 C
17469 47 C
17470 47 C
18414 23 C
18415 23 C
18442 23 C
18443 23 C
18470 23 C
18471 23 C
18498 23 C
18526 23 C
18499 23 C
18527 23 C
18554 23 C
18555 23 C
18635 23 C
18636 23 C
18663 23 C
18664 23 C
4429 26 C
4430 26 C
4444 26 C
4445 26 C
4494 26 C
4495 26 C
4584 26 C
4585 26 C
4612 26 C
4613 26 C
5013 26 C
5014 26 C
4781 26 C
4782 26 C
4754 26 C
4753 26 C
18302 18 C
18303 18 C
18330 18 C
18331 18 C
18358 18 C
18359 18 C
18386 18 C
18387 18 C
18414 18 C
18415 18 C
18442 18 C
18443 18 C
18470 18 C
18471 18 C
18498 18 C
18499 18 C
3984 39 C
3985 39 C
4012 39 C
4013 39 C
4040 39 C
4041 39 C
4068 39 C
4069 39 C
4096 39 C
4097 39 C
4124 39 C
3724 39 C
4125 39 C
3752 39 C
3753 39 C
3725 39 C
13679 44 C
13708 44 C
13707 44 C
13680 44 C
13822 44 C
13823 44 C
13877 44 C
13878 44 C
13933 44 C
13987 44 C
13988 44 C
13932 44 C
18246 36 C
18247 36 C
18274 36 C
18275 36 C
18302 36 C
18303 36 C
18331 36 C
18330 36 C
18359 36 C
18358 36 C
18386 36 C
18387 36 C
18014 36 C
17986 36 C
18015 36 C
17987 36 C
14489 44 C
14490 44 C
14516 44 C
14517 44 C
12711 49 C
12766 49 C
12712 49 C
12767 49 C
12794 49 C
12795 49 C
12882 49 C
12910 49 C
12911 49 C
12883 49 C
12984 49 C
12983 49 C
13012 49 C
13011 49 C
13039 49 C
13040 49 C
667 52 C
668 52 C
696 52 C
695 52 C
723 52 C
724 52 C
751 52 C
752 52 C
779 52 C
780 52 C
807 52 C
808 52 C
835 52 C
836 52 C
863 52 C
864 52 C
18414 23 C
18415 23 C
18442 23 C
18443 23 C
18470 23 C
18471 23 C
18498 23 C
18499 23 C
18526 23 C
18527 23 C
18554 23 C
18635 23 C
18636 23 C
18555 23 C
18664 23 C
18663 23 C
4429 26 C
4430 26 C
4444 26 C
4445 26 C
4494 26 C
4495 26 C
4584 26 C
4585 26 C
4612 26 C
4613 26 C
5013 26 C
5014 26 C
4753 26 C
4754 26 C
4782 26 C
4781 26 C
18303 31 C
18302 31 C
18330 31 C
18331 31 C
18358 31 C
18359 31 C
18386 31 C
18387 31 C
18414 31 C
18442 31 C
18415 31 C
18443 31 C
18470 31 C
18471 31 C
18498 31 C
18499 31 C
17497 47 C
17498 47 C
17525 47 C
17526 47 C
17606 47 C
17607 47 C
17634 47 C
17635 47 C
17662 47 C
17663 47 C
17677 47 C
17678 47 C
21204 47 C
21205 47 C
18691 23 C
18706 23 C
18692 23 C
18707 23 C
21204 23 C
21205 23 C
21232 23 C
21233 23 C
22062 23 C
22061 23 C
22089 23 C
22090 23 C
28518 23 C
28519 23 C
28546 23 C
28547 23 C
5042 26 C
5097 26 C
5069 26 C
5070 26 C
5098 26 C
5125 26 C
5041 26 C
5126 26 C
5153 26 C
5154 26 C
5181 26 C
5182 26 C
5209 26 C
5210 26 C
5237 26 C
5238 26 C
18526 18 C
18554 18 C
18527 18 C
18635 18 C
18555 18 C
18636 18 C
18663 18 C
18664 18 C
18691 18 C
18706 18 C
18692 18 C
18707 18 C
21204 18 C
21205 18 C
21233 18 C
21232 18 C
4152 39 C
4153 39 C
4180 39 C
4208 39 C
4181 39 C
4209 39 C
4236 39 C
4237 39 C
4264 39 C
4265 39 C
4292 39 C
4293 39 C
4373 39 C
4374 39 C
4401 39 C
4402 39 C
16273 44 C
16274 44 C
16302 44 C
16301 44 C
16698 44 C
16699 44 C
16788 44 C
16789 44 C
16816 44 C
16817 44 C
15335 44 C
15362 44 C
15336 44 C
15363 44 C
16957 44 C
16958 44 C
18414 36 C
18415 36 C
18442 36 C
18443 36 C
18470 36 C
18471 36 C
18498 36 C
18499 36 C
18526 36 C
18527 36 C
18554 36 C
18635 36 C
18555 36 C
18636 36 C
18663 36 C
18664 36 C
13067 49 C
13068 49 C
13568 49 C
13569 49 C
13596 49 C
13597 49 C
13624 49 C
891 52 C
13625 49 C
13392 49 C
13393 49 C
13420 49 C
13421 49 C
13448 49 C
13449 49 C
13476 49 C
13475 49 C
892 52 C
972 52 C
973 52 C
1000 52 C
1001 52 C
1028 52 C
1029 52 C
1043 52 C
1044 52 C
1099 52 C
1100 52 C
1201 52 C
1202 52 C
1229 52 C
1230 52 C
18691 23 C
18692 23 C
18706 23 C
18707 23 C
21204 23 C
21205 23 C
21232 23 C
21233 23 C
22062 23 C
22061 23 C
22089 23 C
22090 23 C
28518 23 C
28519 23 C
28546 23 C
28547 23 C
5041 26 C
5042 26 C
5069 26 C
5070 26 C
5097 26 C
5098 26 C
5125 26 C
5126 26 C
5153 26 C
5154 26 C
5181 26 C
5182 26 C
5237 26 C
5209 26 C
5210 26 C
5238 26 C
18527 31 C
18526 31 C
18555 31 C
18554 31 C
18635 31 C
18636 31 C
18663 31 C
18664 31 C
18691 31 C
18692 31 C
18706 31 C
18707 31 C
21204 31 C
21205 31 C
21232 31 C
21233 31 C
5266 26 C
5265 26 C
5294 26 C
5293 26 C
5430 26 C
5321 26 C
5322 26 C
5402 26 C
5431 26 C
5459 26 C
5458 26 C
5403 26 C
5473 26 C
5474 26 C
5523 26 C
5524 26 C
22089 18 C
22061 18 C
22062 18 C
22090 18 C
28518 18 C
28519 18 C
28547 18 C
28546 18 C
4429 39 C
4430 39 C
4444 39 C
4494 39 C
4445 39 C
4495 39 C
4584 39 C
4585 39 C
4612 39 C
4613 39 C
5013 39 C
4753 39 C
5014 39 C
4754 39 C
4782 39 C
4781 39 C
17217 44 C
17218 44 C
17245 44 C
17246 44 C
17273 44 C
17274 44 C
17301 44 C
17302 44 C
17330 44 C
17329 44 C
17357 44 C
17386 44 C
17385 44 C
17358 44 C
16985 44 C
16986 44 C
18691 36 C
18692 36 C
18706 36 C
18707 36 C
21204 36 C
21232 36 C
21205 36 C
21233 36 C
22061 36 C
22062 36 C
22089 36 C
22090 36 C
28518 36 C
28519 36 C
28546 36 C
28547 36 C
13679 49 C
13707 49 C
13708 49 C
13680 49 C
16273 49 C
16274 49 C
16301 49 C
16302 49 C
14489 49 C
14490 49 C
14516 49 C
14517 49 C
15336 49 C
15335 49 C
15362 49 C
15363 49 C
1636 52 C
1637 52 C
1664 52 C
1665 52 C
1692 52 C
1693 52 C
1720 52 C
1721 52 C
1748 52 C
1749 52 C
1776 52 C
1777 52 C
1404 52 C
1377 52 C
1376 52 C
1405 52 C
5265 26 C
5266 26 C
5293 26 C
5294 26 C
5321 26 C
5322 26 C
5402 26 C
5403 26 C
5430 26 C
5431 26 C
5458 26 C
5459 26 C
5473 26 C
5474 26 C
5523 26 C
5524 26 C
22061 31 C
22090 31 C
22089 31 C
22062 31 C
28519 31 C
28518 31 C
28546 31 C
28547 31 C
5613 26 C
5614 26 C
5641 26 C
5642 26 C
6042 26 C
6043 26 C
6070 26 C
6071 26 C
6127 26 C
6098 26 C
6099 26 C
6126 26 C
5782 26 C
5783 26 C
5810 26 C
5811 26 C
5041 39 C
5069 39 C
5070 39 C
5097 39 C
5098 39 C
5042 39 C
5125 39 C
5126 39 C
5153 39 C
5154 39 C
5181 39 C
5182 39 C
5209 39 C
5210 39 C
5237 39 C
5238 39 C
17413 44 C
17414 44 C
17441 44 C
17497 44 C
17442 44 C
17469 44 C
17470 44 C
17498 44 C
17525 44 C
17526 44 C
17606 44 C
17635 44 C
17634 44 C
17607 44 C
17662 44 C
17663 44 C
16698 49 C
16788 49 C
16699 49 C
17217 49 C
16789 49 C
17245 49 C
16816 49 C
16817 49 C
17218 49 C
17246 49 C
17273 49 C
17274 49 C
16958 49 C
16957 49 C
16985 49 C
16986 49 C
1804 52 C
1805 52 C
1832 52 C
1889 52 C
1833 52 C
1860 52 C
1861 52 C
1888 52 C
1916 52 C
1917 52 C
1944 52 C
1945 52 C
2025 52 C
2026 52 C
2053 52 C
2054 52 C
5613 26 C
5614 26 C
5642 26 C
5641 26 C
6042 26 C
6043 26 C
6098 26 C
6070 26 C
6071 26 C
6099 26 C
6126 26 C
6127 26 C
5810 26 C
5782 26 C
5783 26 C
5811 26 C
6154 26 C
6155 26 C
6183 26 C
6182 26 C
6210 26 C
6211 26 C
6238 26 C
6239 26 C
6266 26 C
6267 26 C
6294 26 C
6295 26 C
6322 26 C
6323 26 C
6350 26 C
6351 26 C
5265 39 C
5266 39 C
5294 39 C
5293 39 C
5321 39 C
5322 39 C
5402 39 C
5403 39 C
5430 39 C
5431 39 C
5458 39 C
5459 39 C
5473 39 C
5474 39 C
5523 39 C
5524 39 C
17677 44 C
17678 44 C
17727 44 C
17728 44 C
17817 44 C
17818 44 C
17845 44 C
17846 44 C
18246 44 C
18247 44 C
18274 44 C
18275 44 C
17986 44 C
17987 44 C
18014 44 C
18015 44 C
17301 49 C
17302 49 C
17329 49 C
17330 49 C
17358 49 C
17357 49 C
17385 49 C
17386 49 C
17413 49 C
17414 49 C
17441 49 C
17442 49 C
17497 49 C
17469 49 C
17470 49 C
17498 49 C
2337 52 C
2336 52 C
2081 52 C
2096 52 C
2097 52 C
2082 52 C
2177 52 C
2178 52 C
2205 52 C
2206 52 C
2260 52 C
2261 52 C
2288 52 C
2289 52 C
2316 52 C
2317 52 C
6154 26 C
6155 26 C
6182 26 C
6183 26 C
6210 26 C
6211 26 C
6238 26 C
6239 26 C
6266 26 C
6267 26 C
6294 26 C
6295 26 C
6322 26 C
6323 26 C
6350 26 C
6351 26 C
6431 26 C
6432 26 C
6459 26 C
6460 26 C
6487 26 C
6488 26 C
6502 26 C
6503 26 C
6552 26 C
6553 26 C
6642 26 C
6643 26 C
6670 26 C
6671 26 C
6811 26 C
6812 26 C
5613 39 C
5614 39 C
5641 39 C
5642 39 C
6042 39 C
6098 39 C
6043 39 C
6070 39 C
6071 39 C
6099 39 C
6126 39 C
6127 39 C
5782 39 C
5811 39 C
5783 39 C
5810 39 C
18302 44 C
18330 44 C
18303 44 C
18331 44 C
18358 44 C
18359 44 C
18386 44 C
18387 44 C
18414 44 C
18415 44 C
18442 44 C
18443 44 C
18470 44 C
18471 44 C
18498 44 C
18499 44 C
17525 49 C
17526 49 C
17607 49 C
17606 49 C
17635 49 C
17634 49 C
17662 49 C
17663 49 C
17677 49 C
17678 49 C
2338 52 C
17727 49 C
17728 49 C
2339 52 C
2340 52 C
2341 52 C
2353 52 C
2342 52 C
2343 52 C
2344 52 C
2345 52 C
2346 52 C
2347 52 C
2348 52 C
2349 52 C
2352 52 C
2351 52 C
2350 52 C
6431 26 C
6432 26 C
6459 26 C
6460 26 C
6487 26 C
6488 26 C
6502 26 C
6503 26 C
6552 26 C
6553 26 C
6642 26 C
6643 26 C
6670 26 C
6671 26 C
6812 26 C
6811 26 C
7071 26 C
7072 26 C
7099 26 C
7100 26 C
7128 26 C
7127 26 C
7155 26 C
7156 26 C
7183 26 C
7184 26 C
7211 26 C
7212 26 C
7239 26 C
7240 26 C
6840 26 C
6839 26 C
6154 39 C
6155 39 C
6183 39 C
6182 39 C
6210 39 C
6211 39 C
6238 39 C
6239 39 C
6266 39 C
6267 39 C
6294 39 C
6295 39 C
6322 39 C
6323 39 C
6350 39 C
6351 39 C
18526 44 C
18527 44 C
18554 44 C
18555 44 C
18635 44 C
18636 44 C
18663 44 C
18664 44 C
18691 44 C
18692 44 C
18706 44 C
18707 44 C
21204 44 C
21205 44 C
21232 44 C
21233 44 C
2360 52 C
2361 52 C
2363 52 C
2362 52 C
2365 52 C
2364 52 C
2366 52 C
2367 52 C
7072 26 C
7071 26 C
7099 26 C
7100 26 C
7127 26 C
7128 26 C
7155 26 C
7156 26 C
7183 26 C
7184 26 C
7211 26 C
7212 26 C
7239 26 C
7240 26 C
6839 26 C
6840 26 C
7267 26 C
7268 26 C
7295 26 C
7296 26 C
7323 26 C
7324 26 C
7351 26 C
7352 26 C
7379 26 C
7380 26 C
7460 26 C
7461 26 C
7488 26 C
7489 26 C
7516 26 C
7517 26 C
6432 39 C
6431 39 C
6459 39 C
6460 39 C
6487 39 C
6488 39 C
6502 39 C
6503 39 C
6552 39 C
6553 39 C
6642 39 C
6643 39 C
6670 39 C
6671 39 C
6811 39 C
6812 39 C
22061 44 C
22089 44 C
22062 44 C
22090 44 C
7267 26 C
7268 26 C
7295 26 C
7296 26 C
7323 26 C
7324 26 C
7351 26 C
7352 26 C
7379 26 C
7380 26 C
7460 26 C
7461 26 C
7488 26 C
7489 26 C
7516 26 C
7517 26 C
7531 26 C
7532 26 C
7587 26 C
7586 26 C
7613 26 C
7614 26 C
7640 26 C
7641 26 C
7667 26 C
7668 26 C
7700 26 C
7701 26 C
7766 26 C
7767 26 C
7793 26 C
7794 26 C
7071 39 C
7072 39 C
7099 39 C
7100 39 C
7127 39 C
7128 39 C
7155 39 C
7156 39 C
7183 39 C
7184 39 C
7211 39 C
7212 39 C
7239 39 C
7240 39 C
6839 39 C
6840 39 C
7531 26 C
7532 26 C
7587 26 C
7586 26 C
7613 26 C
7614 26 C
7640 26 C
7641 26 C
7667 26 C
7668 26 C
7700 26 C
7701 26 C
7767 26 C
7766 26 C
7793 26 C
7794 26 C
7820 26 C
7821 26 C
7848 26 C
7880 26 C
7847 26 C
7881 26 C
7919 26 C
7920 26 C
7946 26 C
7947 26 C
8018 26 C
8019 26 C
8045 26 C
8046 26 C
8072 26 C
8073 26 C
7267 39 C
7268 39 C
7295 39 C
7352 39 C
7296 39 C
7323 39 C
7324 39 C
7351 39 C
7379 39 C
7380 39 C
7460 39 C
7461 39 C
7488 39 C
7489 39 C
7516 39 C
7517 39 C
7821 26 C
7820 26 C
7847 26 C
7848 26 C
7880 26 C
7881 26 C
7919 26 C
7920 26 C
7946 26 C
7947 26 C
8018 26 C
8019 26 C
8045 26 C
8046 26 C
8072 26 C
8073 26 C
8099 26 C
8100 26 C
8423 26 C
8450 26 C
8424 26 C
8451 26 C
8477 26 C
8478 26 C
8504 26 C
8505 26 C
8598 26 C
8597 26 C
8624 26 C
8625 26 C
8651 26 C
8652 26 C
7531 39 C
7532 39 C
7586 39 C
7587 39 C
7614 39 C
7613 39 C
7640 39 C
7641 39 C
7667 39 C
7700 39 C
7668 39 C
7701 39 C
7766 39 C
7767 39 C
7793 39 C
7794 39 C
8099 26 C
8100 26 C
8423 26 C
8424 26 C
8450 26 C
8451 26 C
8477 26 C
8504 26 C
8478 26 C
8597 26 C
8598 26 C
8505 26 C
8624 26 C
8625 26 C
8651 26 C
8652 26 C
8705 26 C
8706 26 C
8733 26 C
8732 26 C
8819 26 C
8846 26 C
8820 26 C
8847 26 C
8918 26 C
8919 26 C
8945 26 C
8946 26 C
8972 26 C
8973 26 C
8999 26 C
9000 26 C
7820 39 C
7821 39 C
7847 39 C
7848 39 C
7880 39 C
7881 39 C
7920 39 C
7919 39 C
7946 39 C
7947 39 C
8018 39 C
8019 39 C
8045 39 C
8046 39 C
8072 39 C
8073 39 C
8705 26 C
8706 26 C
8733 26 C
8732 26 C
8819 26 C
8820 26 C
8846 26 C
8847 26 C
8918 26 C
8919 26 C
8945 26 C
8946 26 C
8972 26 C
8973 26 C
8999 26 C
9000 26 C
9323 26 C
9351 26 C
9350 26 C
9324 26 C
9378 26 C
9404 26 C
9377 26 C
9497 26 C
9405 26 C
9498 26 C
9524 26 C
9525 26 C
9551 26 C
9552 26 C
9605 26 C
9606 26 C
8099 39 C
8100 39 C
8424 39 C
8423 39 C
8450 39 C
8451 39 C
8477 39 C
8478 39 C
8504 39 C
8597 39 C
8598 39 C
8624 39 C
8505 39 C
8625 39 C
8651 39 C
8652 39 C
9323 26 C
9324 26 C
9350 26 C
9351 26 C
9377 26 C
9404 26 C
9497 26 C
9405 26 C
9498 26 C
9378 26 C
9524 26 C
9525 26 C
9551 26 C
9552 26 C
9605 26 C
9606 26 C
9632 26 C
9633 26 C
9908 26 C
9907 26 C
9934 26 C
9935 26 C
10006 26 C
10007 26 C
10033 26 C
10034 26 C
10060 26 C
10061 26 C
10087 26 C
10088 26 C
10381 26 C
10382 26 C
8705 39 C
8706 39 C
8733 39 C
8732 39 C
8819 39 C
8820 39 C
8846 39 C
8847 39 C
8918 39 C
8919 39 C
8945 39 C
8946 39 C
8973 39 C
8972 39 C
9000 39 C
8999 39 C
9632 26 C
9633 26 C
9908 26 C
9907 26 C
9934 26 C
9935 26 C
10006 26 C
10007 26 C
10033 26 C
10034 26 C
10060 26 C
10061 26 C
10087 26 C
10088 26 C
10381 26 C
10382 26 C
10436 26 C
10462 26 C
10409 26 C
10408 26 C
10435 26 C
10463 26 C
10543 26 C
10544 26 C
10570 26 C
10571 26 C
10597 26 C
10598 26 C
10651 26 C
10652 26 C
10679 26 C
10678 26 C
9323 39 C
9324 39 C
9351 39 C
9350 39 C
9377 39 C
9378 39 C
9404 39 C
9497 39 C
9498 39 C
9405 39 C
9524 39 C
9525 39 C
9551 39 C
9552 39 C
9605 39 C
9606 39 C
10408 26 C
10409 26 C
10435 26 C
10436 26 C
10462 26 C
10543 26 C
10544 26 C
10463 26 C
10570 26 C
10571 26 C
10597 26 C
10598 26 C
10651 26 C
10652 26 C
10679 26 C
10678 26 C
10753 26 C
10754 26 C
10780 26 C
10781 26 C
10852 26 C
10853 26 C
10879 26 C
10880 26 C
10906 26 C
10907 26 C
10933 26 C
10934 26 C
11228 26 C
11227 26 C
11254 26 C
11255 26 C
9632 39 C
9633 39 C
9908 39 C
9907 39 C
9934 39 C
9935 39 C
10006 39 C
10007 39 C
10033 39 C
10034 39 C
10060 39 C
10087 39 C
10061 39 C
10088 39 C
10381 39 C
10382 39 C
10754 26 C
10780 26 C
10753 26 C
10781 26 C
10852 26 C
10853 26 C
10879 26 C
10880 26 C
10907 26 C
10906 26 C
10933 26 C
10934 26 C
11227 26 C
11228 26 C
11254 26 C
11255 26 C
11626 26 C
11281 26 C
11282 26 C
11308 26 C
11309 26 C
11389 26 C
11390 26 C
11416 26 C
11417 26 C
11443 26 C
11444 26 C
11497 26 C
11498 26 C
11524 26 C
11627 26 C
11525 26 C
10408 39 C
10409 39 C
10435 39 C
10436 39 C
10463 39 C
10462 39 C
10543 39 C
10544 39 C
10570 39 C
10597 39 C
10571 39 C
10652 39 C
10598 39 C
10679 39 C
10678 39 C
10651 39 C
11626 26 C
11627 26 C
11281 26 C
11282 26 C
11308 26 C
11309 26 C
11389 26 C
11390 26 C
11416 26 C
11443 26 C
11417 26 C
11444 26 C
11497 26 C
11498 26 C
11524 26 C
11525 26 C
11654 26 C
11655 26 C
11682 26 C
11683 26 C
11711 26 C
11710 26 C
11744 26 C
11745 26 C
11811 26 C
11812 26 C
11839 26 C
11840 26 C
11867 26 C
11868 26 C
11895 26 C
11896 26 C
10754 39 C
10753 39 C
10780 39 C
10781 39 C
10852 39 C
10853 39 C
10879 39 C
10906 39 C
10907 39 C
10880 39 C
10933 39 C
10934 39 C
11228 39 C
11227 39 C
11254 39 C
11255 39 C
11654 26 C
11682 26 C
11655 26 C
11683 26 C
11710 26 C
11711 26 C
11744 26 C
11745 26 C
11811 26 C
11812 26 C
11839 26 C
11840 26 C
11867 26 C
11868 26 C
11895 26 C
11896 26 C
11929 26 C
11930 26 C
11970 26 C
11997 26 C
11969 26 C
11998 26 C
12070 26 C
12071 26 C
12098 26 C
12099 26 C
12126 26 C
12127 26 C
12154 26 C
12155 26 C
12479 26 C
12480 26 C
11626 39 C
11627 39 C
11281 39 C
11389 39 C
11282 39 C
11390 39 C
11309 39 C
11308 39 C
11416 39 C
11417 39 C
11443 39 C
11497 39 C
11498 39 C
11444 39 C
11524 39 C
11525 39 C
11929 26 C
11930 26 C
11969 26 C
11970 26 C
11997 26 C
11998 26 C
12070 26 C
12071 26 C
12098 26 C
12099 26 C
12126 26 C
12127 26 C
12154 26 C
12155 26 C
12479 26 C
12480 26 C
12655 26 C
12656 26 C
12683 26 C
12684 26 C
12711 26 C
12712 26 C
12766 26 C
12767 26 C
12508 26 C
12794 26 C
12795 26 C
12507 26 C
12535 26 C
12536 26 C
12562 26 C
12563 26 C
11654 39 C
11655 39 C
11682 39 C
11683 39 C
11711 39 C
11710 39 C
11744 39 C
11745 39 C
11811 39 C
11812 39 C
11839 39 C
11840 39 C
11867 39 C
11868 39 C
11895 39 C
11896 39 C
12655 26 C
12656 26 C
12684 26 C
12683 26 C
12711 26 C
12712 26 C
12766 26 C
12767 26 C
12794 26 C
12795 26 C
12507 26 C
12508 26 C
12535 26 C
12536 26 C
12563 26 C
12562 26 C
12882 26 C
12883 26 C
12910 26 C
12911 26 C
12983 26 C
12984 26 C
13011 26 C
13012 26 C
13039 26 C
13040 26 C
13067 26 C
13068 26 C
13392 26 C
13393 26 C
13421 26 C
13420 26 C
11929 39 C
11930 39 C
11969 39 C
11970 39 C
11997 39 C
11998 39 C
12070 39 C
12071 39 C
12098 39 C
12099 39 C
12126 39 C
12127 39 C
12479 39 C
12154 39 C
12155 39 C
12480 39 C
12882 26 C
12883 26 C
12911 26 C
12910 26 C
12984 26 C
12983 26 C
13011 26 C
13012 26 C
13039 26 C
13040 26 C
13067 26 C
13068 26 C
13392 26 C
13393 26 C
13420 26 C
13421 26 C
13568 26 C
13569 26 C
13596 26 C
13597 26 C
13624 26 C
13625 26 C
13679 26 C
13680 26 C
13707 26 C
13708 26 C
13822 26 C
13823 26 C
13448 26 C
13475 26 C
13449 26 C
13476 26 C
12655 39 C
12656 39 C
12684 39 C
12683 39 C
12711 39 C
12712 39 C
12767 39 C
12766 39 C
12794 39 C
12795 39 C
12507 39 C
12508 39 C
12536 39 C
12535 39 C
12562 39 C
12563 39 C
13568 26 C
13569 26 C
13596 26 C
13597 26 C
13625 26 C
13624 26 C
13679 26 C
13680 26 C
13707 26 C
13708 26 C
13822 26 C
13823 26 C
13448 26 C
13449 26 C
13475 26 C
13476 26 C
13877 26 C
13878 26 C
13933 26 C
13932 26 C
13987 26 C
13988 26 C
14015 26 C
14016 26 C
14042 26 C
14043 26 C
14114 26 C
14142 26 C
14115 26 C
14141 26 C
14168 26 C
14169 26 C
12882 39 C
12883 39 C
12911 39 C
13011 39 C
12910 39 C
12983 39 C
12984 39 C
13012 39 C
13039 39 C
13040 39 C
13067 39 C
13068 39 C
13392 39 C
13393 39 C
13420 39 C
13421 39 C
13877 26 C
13933 26 C
13878 26 C
13932 26 C
13987 26 C
13988 26 C
14015 26 C
14016 26 C
14042 26 C
14043 26 C
14114 26 C
14115 26 C
14142 26 C
14141 26 C
14168 26 C
14169 26 C
14195 26 C
14196 26 C
14489 26 C
14516 26 C
14490 26 C
14517 26 C
14544 26 C
14543 26 C
14651 26 C
14571 26 C
14570 26 C
14652 26 C
14678 26 C
14679 26 C
14705 26 C
14706 26 C
13568 39 C
13569 39 C
13596 39 C
13597 39 C
13624 39 C
13625 39 C
13679 39 C
13680 39 C
13707 39 C
13822 39 C
13708 39 C
13448 39 C
13823 39 C
13449 39 C
13475 39 C
13476 39 C
14195 26 C
14196 26 C
14489 26 C
14490 26 C
14516 26 C
14517 26 C
14543 26 C
14544 26 C
14651 26 C
14571 26 C
14570 26 C
14652 26 C
14678 26 C
14679 26 C
14705 26 C
14706 26 C
14759 26 C
14760 26 C
14786 26 C
14787 26 C
14861 26 C
14862 26 C
14888 26 C
14889 26 C
14961 26 C
14987 26 C
14988 26 C
15014 26 C
15015 26 C
15041 26 C
15042 26 C
14960 26 C
13877 39 C
13878 39 C
13933 39 C
13932 39 C
13987 39 C
13988 39 C
14015 39 C
14016 39 C
14042 39 C
14043 39 C
14114 39 C
14141 39 C
14115 39 C
14142 39 C
14168 39 C
14169 39 C
14759 26 C
14760 26 C
14787 26 C
14786 26 C
14861 26 C
14862 26 C
14888 26 C
14889 26 C
14960 26 C
14961 26 C
14987 26 C
14988 26 C
15014 26 C
15015 26 C
15041 26 C
15042 26 C
15335 26 C
15336 26 C
15363 26 C
15362 26 C
15389 26 C
15390 26 C
15497 26 C
15416 26 C
15498 26 C
15417 26 C
15524 26 C
15525 26 C
15551 26 C
15552 26 C
15605 26 C
15606 26 C
14195 39 C
14196 39 C
14490 39 C
14489 39 C
14516 39 C
14517 39 C
14543 39 C
14544 39 C
14651 39 C
14570 39 C
14652 39 C
14678 39 C
14571 39 C
14679 39 C
14705 39 C
14706 39 C
15336 26 C
15335 26 C
15362 26 C
15389 26 C
15363 26 C
15390 26 C
15497 26 C
15417 26 C
15416 26 C
15498 26 C
15524 26 C
15525 26 C
15551 26 C
15552 26 C
15605 26 C
15606 26 C
15708 26 C
15707 26 C
15735 26 C
15736 26 C
15763 26 C
15764 26 C
15791 26 C
15792 26 C
15864 26 C
15865 26 C
15892 26 C
15893 26 C
15920 26 C
15921 26 C
15632 26 C
15633 26 C
14759 39 C
14760 39 C
14786 39 C
14787 39 C
14861 39 C
14862 39 C
14888 39 C
14889 39 C
14987 39 C
15014 39 C
14988 39 C
15015 39 C
15041 39 C
15042 39 C
14960 39 C
14961 39 C
15708 26 C
15707 26 C
15735 26 C
15736 26 C
15763 26 C
15764 26 C
15791 26 C
15792 26 C
15864 26 C
15865 26 C
15892 26 C
15893 26 C
15920 26 C
15921 26 C
15632 26 C
15633 26 C
15948 26 C
15949 26 C
16274 26 C
16273 26 C
16301 26 C
16329 26 C
16302 26 C
16330 26 C
16356 26 C
16357 26 C
16449 26 C
16450 26 C
16477 26 C
16478 26 C
16505 26 C
16506 26 C
15335 39 C
15362 39 C
15363 39 C
15336 39 C
15389 39 C
15390 39 C
15417 39 C
15497 39 C
15416 39 C
15498 39 C
15524 39 C
15525 39 C
15551 39 C
15552 39 C
15605 39 C
15606 39 C
15948 26 C
15949 26 C
16274 26 C
16273 26 C
16301 26 C
16302 26 C
16329 26 C
16330 26 C
16356 26 C
16449 26 C
16357 26 C
16450 26 C
16477 26 C
16478 26 C
16505 26 C
16506 26 C
16560 26 C
16561 26 C
16588 26 C
16589 26 C
16699 26 C
16698 26 C
16788 26 C
16789 26 C
16816 26 C
16817 26 C
17217 26 C
17218 26 C
16957 26 C
16985 26 C
16958 26 C
16986 26 C
15707 39 C
15735 39 C
15708 39 C
15736 39 C
15764 39 C
15763 39 C
15791 39 C
15792 39 C
15864 39 C
15892 39 C
15893 39 C
15865 39 C
15920 39 C
15921 39 C
15632 39 C
15633 39 C
16560 26 C
16561 26 C
16588 26 C
16698 26 C
16589 26 C
16699 26 C
16788 26 C
16789 26 C
16816 26 C
16817 26 C
17217 26 C
17218 26 C
16957 26 C
16958 26 C
16986 26 C
16985 26 C
17274 26 C
17245 26 C
17273 26 C
17246 26 C
17301 26 C
17302 26 C
17329 26 C
17330 26 C
17357 26 C
17358 26 C
17385 26 C
17386 26 C
17413 26 C
17414 26 C
17441 26 C
17442 26 C
15948 39 C
15949 39 C
16273 39 C
16274 39 C
16302 39 C
16301 39 C
16329 39 C
16330 39 C
16356 39 C
16449 39 C
16450 39 C
16477 39 C
16357 39 C
16478 39 C
16505 39 C
16506 39 C
17245 26 C
17246 26 C
17274 26 C
17273 26 C
17301 26 C
17302 26 C
17329 26 C
17330 26 C
17357 26 C
17358 26 C
17385 26 C
17386 26 C
17413 26 C
17414 26 C
17441 26 C
17442 26 C
17469 26 C
17470 26 C
17497 26 C
17525 26 C
17498 26 C
17526 26 C
17606 26 C
17607 26 C
17634 26 C
17635 26 C
17662 26 C
17663 26 C
17677 26 C
17678 26 C
17727 26 C
17728 26 C
16560 39 C
16561 39 C
16588 39 C
16589 39 C
16698 39 C
16699 39 C
16788 39 C
16789 39 C
16816 39 C
16817 39 C
17217 39 C
17218 39 C
16957 39 C
16958 39 C
16985 39 C
16986 39 C
17469 26 C
17470 26 C
17498 26 C
17497 26 C
17525 26 C
17526 26 C
17606 26 C
17607 26 C
17634 26 C
17635 26 C
17662 26 C
17663 26 C
17677 26 C
17678 26 C
17727 26 C
17728 26 C
17818 26 C
17846 26 C
17817 26 C
17845 26 C
18247 26 C
18246 26 C
18274 26 C
18275 26 C
18302 26 C
18303 26 C
18330 26 C
18331 26 C
17986 26 C
17987 26 C
18014 26 C
18015 26 C
17245 39 C
17246 39 C
17273 39 C
17274 39 C
17301 39 C
17302 39 C
17329 39 C
17330 39 C
17357 39 C
17358 39 C
17385 39 C
17386 39 C
17413 39 C
17414 39 C
17441 39 C
17442 39 C
17817 26 C
17818 26 C
17845 26 C
17846 26 C
18246 26 C
18247 26 C
18274 26 C
18275 26 C
18302 26 C
18303 26 C
18330 26 C
18331 26 C
17986 26 C
17987 26 C
18014 26 C
18015 26 C
18358 26 C
18387 26 C
18359 26 C
18386 26 C
18414 26 C
18415 26 C
18442 26 C
18443 26 C
18470 26 C
18471 26 C
18498 26 C
18526 26 C
18499 26 C
18527 26 C
18554 26 C
18555 26 C
17469 39 C
17470 39 C
17498 39 C
17497 39 C
17525 39 C
17606 39 C
17526 39 C
17607 39 C
17635 39 C
17634 39 C
17662 39 C
17663 39 C
17677 39 C
17678 39 C
17727 39 C
17728 39 C
18358 26 C
18386 26 C
18359 26 C
18387 26 C
18414 26 C
18415 26 C
18442 26 C
18443 26 C
18470 26 C
18471 26 C
18498 26 C
18499 26 C
18526 26 C
18527 26 C
18554 26 C
18555 26 C
18635 26 C
18636 26 C
18663 26 C
18664 26 C
18691 26 C
18692 26 C
18707 26 C
18706 26 C
18756 26 C
18757 26 C
18845 26 C
18846 26 C
18872 26 C
18873 26 C
19012 26 C
19013 26 C
17817 39 C
17818 39 C
17846 39 C
17845 39 C
18246 39 C
18247 39 C
18274 39 C
18275 39 C
18302 39 C
18303 39 C
18330 39 C
18331 39 C
17986 39 C
17987 39 C
18014 39 C
18015 39 C
18635 26 C
18636 26 C
18663 26 C
18664 26 C
18691 26 C
18692 26 C
18706 26 C
18707 26 C
18757 26 C
18756 26 C
18845 26 C
18846 26 C
18872 26 C
18873 26 C
19012 26 C
19013 26 C
19271 26 C
19270 26 C
19297 26 C
19298 26 C
19324 26 C
19325 26 C
19351 26 C
19352 26 C
19378 26 C
19379 26 C
19405 26 C
19406 26 C
19432 26 C
19433 26 C
19039 26 C
19040 26 C
18358 39 C
18359 39 C
18387 39 C
18386 39 C
18414 39 C
18415 39 C
18442 39 C
18470 39 C
18443 39 C
18471 39 C
18498 39 C
18554 39 C
18499 39 C
18526 39 C
18527 39 C
18555 39 C
19271 26 C
19270 26 C
19297 26 C
19324 26 C
19298 26 C
19325 26 C
19351 26 C
19352 26 C
19378 26 C
19379 26 C
19405 26 C
19406 26 C
19432 26 C
19433 26 C
19040 26 C
19039 26 C
19459 26 C
19460 26 C
19487 26 C
19486 26 C
19513 26 C
19540 26 C
19514 26 C
19541 26 C
19567 26 C
19568 26 C
19647 26 C
19674 26 C
19648 26 C
19675 26 C
19701 26 C
19702 26 C
18635 39 C
18636 39 C
18664 39 C
18663 39 C
18691 39 C
18706 39 C
18692 39 C
18707 39 C
18756 39 C
18757 39 C
18846 39 C
18845 39 C
18872 39 C
18873 39 C
19012 39 C
19013 39 C
19459 26 C
19460 26 C
19487 26 C
19486 26 C
19513 26 C
19514 26 C
19540 26 C
19541 26 C
19567 26 C
19568 26 C
19647 26 C
19648 26 C
19674 26 C
19675 26 C
19701 26 C
19702 26 C
19715 26 C
19716 26 C
19765 26 C
19764 26 C
19853 26 C
19854 26 C
19880 26 C
19881 26 C
20278 26 C
20279 26 C
20305 26 C
20306 26 C
20020 26 C
20021 26 C
20048 26 C
20047 26 C
19271 39 C
19270 39 C
19297 39 C
19298 39 C
19324 39 C
19351 39 C
19325 39 C
19352 39 C
19378 39 C
19379 39 C
19405 39 C
19406 39 C
19432 39 C
19433 39 C
19039 39 C
19040 39 C
19715 26 C
19716 26 C
19764 26 C
19765 26 C
19853 26 C
19854 26 C
19880 26 C
19881 26 C
20020 26 C
20021 26 C
20047 26 C
20278 26 C
20279 26 C
20048 26 C
20305 26 C
20306 26 C
20332 26 C
20333 26 C
20360 26 C
20386 26 C
20359 26 C
20387 26 C
20413 26 C
20414 26 C
20440 26 C
20441 26 C
20467 26 C
20468 26 C
20494 26 C
20495 26 C
20521 26 C
20522 26 C
19460 39 C
19459 39 C
19486 39 C
19487 39 C
19513 39 C
19514 39 C
19540 39 C
19567 39 C
19541 39 C
19568 39 C
19647 39 C
19648 39 C
19674 39 C
19675 39 C
19701 39 C
19702 39 C
20332 26 C
20333 26 C
20360 26 C
20359 26 C
20386 26 C
20387 26 C
20413 26 C
20414 26 C
20440 26 C
20441 26 C
20467 26 C
20468 26 C
20494 26 C
20495 26 C
20521 26 C
20522 26 C
20548 26 C
20549 26 C
20576 26 C
20575 26 C
20655 26 C
20656 26 C
20682 26 C
20683 26 C
20709 26 C
20710 26 C
20723 26 C
20750 26 C
20724 26 C
20751 26 C
20778 26 C
20779 26 C
19716 39 C
19715 39 C
19764 39 C
19765 39 C
19853 39 C
19854 39 C
19880 39 C
19881 39 C
20278 39 C
20305 39 C
20279 39 C
20306 39 C
20020 39 C
20021 39 C
20047 39 C
20048 39 C
20548 26 C
20575 26 C
20549 26 C
20655 26 C
20576 26 C
20656 26 C
20682 26 C
20683 26 C
20710 26 C
20709 26 C
20723 26 C
20724 26 C
20750 26 C
20751 26 C
20778 26 C
20779 26 C
20851 26 C
20852 26 C
20879 26 C
20880 26 C
21204 26 C
21205 26 C
21233 26 C
21232 26 C
21260 26 C
21261 26 C
21287 26 C
21380 26 C
21381 26 C
21288 26 C
21408 26 C
21409 26 C
20333 39 C
20359 39 C
20332 39 C
20360 39 C
20386 39 C
20413 39 C
20387 39 C
20440 39 C
20414 39 C
20467 39 C
20441 39 C
20468 39 C
20494 39 C
20495 39 C
20521 39 C
20522 39 C
20851 26 C
20852 26 C
20880 26 C
20879 26 C
21204 26 C
21205 26 C
21232 26 C
21233 26 C
21260 26 C
21261 26 C
21287 26 C
21380 26 C
21288 26 C
21381 26 C
21408 26 C
21409 26 C
21436 26 C
21437 26 C
21491 26 C
21492 26 C
21519 26 C
21520 26 C
21607 26 C
21608 26 C
21635 26 C
21636 26 C
21708 26 C
21709 26 C
21736 26 C
21737 26 C
22061 26 C
22062 26 C
20548 39 C
20549 39 C
20576 39 C
20575 39 C
20655 39 C
20656 39 C
20682 39 C
20683 39 C
20709 39 C
20710 39 C
20723 39 C
20750 39 C
20724 39 C
20751 39 C
20778 39 C
20779 39 C
21436 26 C
21491 26 C
21437 26 C
21492 26 C
21519 26 C
21520 26 C
21607 26 C
21608 26 C
21635 26 C
21636 26 C
21708 26 C
21709 26 C
21736 26 C
21737 26 C
22061 26 C
22062 26 C
22090 26 C
22089 26 C
22117 26 C
22118 26 C
22144 26 C
22145 26 C
22237 26 C
22238 26 C
22265 26 C
22266 26 C
22293 26 C
22294 26 C
22348 26 C
22349 26 C
22376 26 C
22377 26 C
20851 39 C
20852 39 C
20880 39 C
20879 39 C
21204 39 C
21205 39 C
21232 39 C
21260 39 C
21233 39 C
21261 39 C
21288 39 C
21287 39 C
21380 39 C
21381 39 C
21408 39 C
21409 39 C
22089 26 C
22090 26 C
22117 26 C
22237 26 C
22118 26 C
22144 26 C
22145 26 C
22238 26 C
22265 26 C
22266 26 C
22293 26 C
22294 26 C
22348 26 C
22349 26 C
22376 26 C
22377 26 C
22486 26 C
22576 26 C
22487 26 C
22577 26 C
22604 26 C
22605 26 C
23005 26 C
23006 26 C
23033 26 C
23034 26 C
23061 26 C
23062 26 C
22746 26 C
22745 26 C
22773 26 C
22774 26 C
21436 39 C
21437 39 C
21491 39 C
21492 39 C
21519 39 C
21520 39 C
21607 39 C
21608 39 C
21635 39 C
21636 39 C
21708 39 C
21709 39 C
21736 39 C
21737 39 C
22061 39 C
22062 39 C
22486 26 C
22487 26 C
22577 26 C
22576 26 C
22604 26 C
22605 26 C
23005 26 C
23006 26 C
23033 26 C
23034 26 C
23061 26 C
23062 26 C
22745 26 C
22746 26 C
22773 26 C
22774 26 C
23089 26 C
23117 26 C
23090 26 C
23118 26 C
23145 26 C
23146 26 C
23173 26 C
23174 26 C
23201 26 C
23202 26 C
23229 26 C
23230 26 C
23257 26 C
23258 26 C
23285 26 C
23286 26 C
22089 39 C
22090 39 C
22117 39 C
22118 39 C
22144 39 C
22237 39 C
22145 39 C
22238 39 C
22265 39 C
22266 39 C
22293 39 C
22294 39 C
22348 39 C
22349 39 C
22376 39 C
22377 39 C
23089 26 C
23090 26 C
23117 26 C
23118 26 C
23145 26 C
23146 26 C
23173 26 C
23174 26 C
23201 26 C
23202 26 C
23229 26 C
23230 26 C
23257 26 C
23258 26 C
23285 26 C
23286 26 C
23313 26 C
23314 26 C
23394 26 C
23395 26 C
23422 26 C
23423 26 C
23450 26 C
23451 26 C
23465 26 C
23466 26 C
23515 26 C
23516 26 C
23605 26 C
23606 26 C
23633 26 C
23634 26 C
23313 26 C
23394 26 C
23314 26 C
23395 26 C
23422 26 C
23423 26 C
23450 26 C
23451 26 C
23465 26 C
23466 26 C
23515 26 C
23516 26 C
23605 26 C
23606 26 C
23633 26 C
23634 26 C
24034 26 C
24035 26 C
24062 26 C
24063 26 C
24090 26 C
24091 26 C
24118 26 C
24119 26 C
24146 26 C
24147 26 C
24174 26 C
24175 26 C
23775 26 C
23802 26 C
23803 26 C
23774 26 C
24034 26 C
24035 26 C
24062 26 C
24063 26 C
24090 26 C
24091 26 C
24118 26 C
24119 26 C
24146 26 C
24147 26 C
24174 26 C
24175 26 C
23774 26 C
23775 26 C
23802 26 C
23803 26 C
24202 26 C
24203 26 C
24231 26 C
24230 26 C
24258 26 C
24259 26 C
24286 26 C
24287 26 C
24314 26 C
24315 26 C
24342 26 C
24343 26 C
24423 26 C
24424 26 C
24451 26 C
24452 26 C
24202 26 C
24203 26 C
24230 26 C
24231 26 C
24258 26 C
24286 26 C
24259 26 C
24287 26 C
24314 26 C
24315 26 C
24342 26 C
24343 26 C
24423 26 C
24424 26 C
24451 26 C
24452 26 C
24479 26 C
24480 26 C
24494 26 C
24495 26 C
24544 26 C
24545 26 C
24634 26 C
24635 26 C
24662 26 C
24663 26 C
25063 26 C
25064 26 C
24804 26 C
24803 26 C
24831 26 C
24832 26 C
24479 26 C
24480 26 C
24495 26 C
24494 26 C
24544 26 C
24545 26 C
24634 26 C
24635 26 C
24662 26 C
24663 26 C
25063 26 C
25064 26 C
24804 26 C
24832 26 C
24803 26 C
24831 26 C
25091 26 C
25092 26 C
25120 26 C
25119 26 C
25147 26 C
25148 26 C
25175 26 C
25176 26 C
25203 26 C
25204 26 C
25231 26 C
25232 26 C
25259 26 C
25260 26 C
25287 26 C
25288 26 C
25091 26 C
25092 26 C
25120 26 C
25119 26 C
25147 26 C
25148 26 C
25175 26 C
25176 26 C
25203 26 C
25204 26 C
25231 26 C
25232 26 C
25259 26 C
25260 26 C
25287 26 C
25288 26 C
25315 26 C
25316 26 C
25344 26 C
25343 26 C
25371 26 C
25372 26 C
25452 26 C
25453 26 C
25480 26 C
25481 26 C
25508 26 C
25509 26 C
25523 26 C
25524 26 C
25591 26 C
25592 26 C
25315 26 C
25316 26 C
25344 26 C
25371 26 C
25343 26 C
25372 26 C
25452 26 C
25453 26 C
25480 26 C
25481 26 C
25508 26 C
25509 26 C
25523 26 C
25524 26 C
25591 26 C
25592 26 C
25619 26 C
25620 26 C
25681 26 C
25680 26 C
25708 26 C
25709 26 C
25736 26 C
25737 26 C
25791 26 C
25792 26 C
25846 26 C
25847 26 C
25874 26 C
25875 26 C
25978 26 C
25979 26 C
25619 26 C
25620 26 C
25681 26 C
25680 26 C
25708 26 C
25736 26 C
25709 26 C
25792 26 C
25737 26 C
25791 26 C
25846 26 C
25847 26 C
25874 26 C
25875 26 C
25978 26 C
25979 26 C
26080 26 C
26081 26 C
26109 26 C
26108 26 C
26482 26 C
26483 26 C
26510 26 C
26511 26 C
26538 26 C
26539 26 C
26566 26 C
26567 26 C
26255 26 C
26256 26 C
26283 26 C
26284 26 C
26080 26 C
26081 26 C
26109 26 C
26108 26 C
26511 26 C
26482 26 C
26483 26 C
26510 26 C
26538 26 C
26539 26 C
26566 26 C
26567 26 C
26255 26 C
26256 26 C
26283 26 C
26284 26 C
26594 26 C
26595 26 C
26623 26 C
26622 26 C
26650 26 C
26651 26 C
26678 26 C
26679 26 C
26706 26 C
26707 26 C
26734 26 C
26735 26 C
26762 26 C
26763 26 C
26790 26 C
26791 26 C
26594 26 C
26595 26 C
26623 26 C
26622 26 C
26650 26 C
26651 26 C
26678 26 C
26679 26 C
26706 26 C
26707 26 C
26734 26 C
26735 26 C
26762 26 C
26763 26 C
26790 26 C
26791 26 C
26871 26 C
26872 26 C
26900 26 C
26899 26 C
26927 26 C
26928 26 C
26942 26 C
26943 26 C
26998 26 C
26999 26 C
27100 26 C
27101 26 C
27128 26 C
27129 26 C
27275 26 C
27276 26 C
26871 26 C
26872 26 C
26899 26 C
26900 26 C
26927 26 C
26928 26 C
26942 26 C
26943 26 C
26998 26 C
26999 26 C
27100 26 C
27101 26 C
27128 26 C
27129 26 C
27275 26 C
27276 26 C
27502 26 C
27503 26 C
27530 26 C
27531 26 C
27558 26 C
27559 26 C
27586 26 C
27587 26 C
27614 26 C
27615 26 C
27642 26 C
27643 26 C
27670 26 C
27671 26 C
27303 26 C
27304 26 C
27503 26 C
27502 26 C
27530 26 C
27531 26 C
27558 26 C
27559 26 C
27586 26 C
27587 26 C
27614 26 C
27615 26 C
27642 26 C
27643 26 C
27670 26 C
27304 26 C
27671 26 C
27303 26 C
27698 26 C
27699 26 C
27726 26 C
27727 26 C
27754 26 C
27755 26 C
27782 26 C
27783 26 C
27810 26 C
27811 26 C
27891 26 C
27892 26 C
27919 26 C
27920 26 C
27947 26 C
27948 26 C
27698 26 C
27699 26 C
27727 26 C
27726 26 C
27754 26 C
27755 26 C
27782 26 C
27783 26 C
27810 26 C
27811 26 C
27891 26 C
27892 26 C
27919 26 C
27920 26 C
27947 26 C
27948 26 C
27962 26 C
27963 26 C
28009 26 C
28008 26 C
28036 26 C
28037 26 C
28109 26 C
28110 26 C
28137 26 C
28138 26 C
28165 26 C
28166 26 C
28193 26 C
28194 26 C
28518 26 C
28519 26 C
27962 26 C
27963 26 C
28009 26 C
28008 26 C
28036 26 C
28037 26 C
28109 26 C
28110 26 C
28137 26 C
28138 26 C
28165 26 C
28166 26 C
28193 26 C
28194 26 C
28518 26 C
28519 26 C
28546 26 C
28547 26 C
28574 26 C
28575 26 C
28601 26 C
28694 26 C
28602 26 C
28695 26 C
28722 26 C
28723 26 C
28750 26 C
28751 26 C
28805 26 C
28806 26 C
28833 26 C
28834 26 C
28546 26 C
28575 26 C
28547 26 C
28574 26 C
28601 26 C
28602 26 C
28694 26 C
28695 26 C
28722 26 C
28723 26 C
28750 26 C
28751 26 C
28805 26 C
28806 26 C
28833 26 C
28834 26 C
28991 26 C
28992 26 C
29060 26 C
29088 26 C
29061 26 C
29089 26 C
29456 26 C
29457 26 C
29484 26 C
29485 26 C
29512 26 C
29513 26 C
29229 26 C
29230 26 C
29258 26 C
29257 26 C
28991 26 C
28992 26 C
29060 26 C
29061 26 C
29088 26 C
29089 26 C
29456 26 C
29457 26 C
29484 26 C
29485 26 C
29512 26 C
29513 26 C
29229 26 C
29230 26 C
29257 26 C
29258 26 C
29540 26 C
29541 26 C
29569 26 C
29568 26 C
29596 26 C
29597 26 C
29624 26 C
29625 26 C
29652 26 C
29653 26 C
29680 26 C
29681 26 C
29708 26 C
29709 26 C
29789 26 C
29790 26 C
29540 26 C
29568 26 C
29541 26 C
29624 26 C
29569 26 C
29596 26 C
29597 26 C
29625 26 C
29652 26 C
29653 26 C
29680 26 C
29681 26 C
29708 26 C
29709 26 C
29789 26 C
29790 26 C
29817 26 C
29818 26 C
29846 26 C
29845 26 C
29860 26 C
29861 26 C
29817 26 C
29818 26 C
29846 26 C
29845 26 C
29860 26 C
29861 26 C
