=========Notice: Full run mode=========
current_playwright_page_split_num is 1
=======================================
🏊 create_context_pools[first] (5x16): 1.022s
Testing: csp_id=25, page_id=0, browser=Chrome
Testing: csp_id=25, page_id=100, browser=Chrome
Testing: csp_id=25, page_id=200, browser=Chrome
Testing: csp_id=25, page_id=300, browser=Chrome
Testing: csp_id=25, page_id=400, browser=Chrome
Testing: csp_id=25, page_id=500, browser=Chrome
Testing: csp_id=25, page_id=600, browser=Chrome
Testing: csp_id=25, page_id=700, browser=Chrome
Testing: csp_id=25, page_id=800, browser=Chrome
Testing: csp_id=25, page_id=900, browser=Chrome
Testing: csp_id=25, page_id=1000, browser=Chrome
Testing: csp_id=25, page_id=1100, browser=Chrome
Testing: csp_id=25, page_id=1200, browser=Chrome
Testing: csp_id=25, page_id=1300, browser=Chrome
Testing: csp_id=25, page_id=1400, browser=Chrome
Testing: csp_id=25, page_id=1500, browser=Chrome
Testing: csp_id=25, page_id=1600, browser=Chrome
Testing: csp_id=25, page_id=1700, browser=Chrome
Testing: csp_id=25, page_id=1800, browser=Chrome
Testing: csp_id=25, page_id=1900, browser=Chrome
Testing: csp_id=25, page_id=2000, browser=Chrome
Testing: csp_id=25, page_id=2100, browser=Chrome
Testing: csp_id=25, page_id=2200, browser=Chrome
Testing: csp_id=25, page_id=2300, browser=Chrome
Testing: csp_id=25, page_id=2400, browser=Chrome
Testing: csp_id=25, page_id=2500, browser=Chrome
Testing: csp_id=25, page_id=2600, browser=Chrome
Testing: csp_id=25, page_id=2700, browser=Chrome
Testing: csp_id=25, page_id=2800, browser=Chrome
Testing: csp_id=25, page_id=2900, browser=Chrome
Testing: csp_id=25, page_id=3000, browser=Chrome
Testing: csp_id=25, page_id=3100, browser=Chrome
Testing: csp_id=25, page_id=3200, browser=Chrome
Testing: csp_id=25, page_id=3300, browser=Chrome
Testing: csp_id=25, page_id=3400, browser=Chrome
Testing: csp_id=25, page_id=3500, browser=Chrome
Testing: csp_id=25, page_id=3600, browser=Chrome
Testing: csp_id=25, page_id=3700, browser=Chrome
Testing: csp_id=25, page_id=3800, browser=Chrome
Testing: csp_id=25, page_id=3900, browser=Chrome
Testing: csp_id=25, page_id=4000, browser=Chrome
Testing: csp_id=25, page_id=4100, browser=Chrome
Testing: csp_id=25, page_id=4200, browser=Chrome
Testing: csp_id=25, page_id=4300, browser=Chrome
Testing: csp_id=25, page_id=4400, browser=Chrome
Testing: csp_id=25, page_id=4500, browser=Chrome
Testing: csp_id=25, page_id=4600, browser=Chrome
Testing: csp_id=25, page_id=4700, browser=Chrome
Testing: csp_id=25, page_id=4800, browser=Chrome
Testing: csp_id=25, page_id=4900, browser=Chrome
Testing: csp_id=25, page_id=5000, browser=Chrome
Testing: csp_id=25, page_id=5100, browser=Chrome
Testing: csp_id=25, page_id=5200, browser=Chrome
Testing: csp_id=25, page_id=5300, browser=Chrome
Testing: csp_id=25, page_id=5400, browser=Chrome
Testing: csp_id=25, page_id=5500, browser=Chrome
Testing: csp_id=25, page_id=5600, browser=Chrome
Testing: csp_id=25, page_id=5700, browser=Chrome
Testing: csp_id=25, page_id=5800, browser=Chrome
Testing: csp_id=25, page_id=5900, browser=Chrome
Testing: csp_id=25, page_id=6000, browser=Chrome
Testing: csp_id=25, page_id=6100, browser=Chrome
Testing: csp_id=25, page_id=6200, browser=Chrome
Testing: csp_id=25, page_id=6300, browser=Chrome
Testing: csp_id=25, page_id=6400, browser=Chrome
Testing: csp_id=25, page_id=6500, browser=Chrome
Testing: csp_id=25, page_id=6600, browser=Chrome
Testing: csp_id=25, page_id=6700, browser=Chrome
Testing: csp_id=25, page_id=6800, browser=Chrome
Testing: csp_id=25, page_id=6900, browser=Chrome
Testing: csp_id=25, page_id=7000, browser=Chrome
Testing: csp_id=25, page_id=7100, browser=Chrome
Testing: csp_id=25, page_id=7200, browser=Chrome
Testing: csp_id=25, page_id=7300, browser=Chrome
Testing: csp_id=25, page_id=7400, browser=Chrome
Testing: csp_id=25, page_id=7500, browser=Chrome
Testing: csp_id=25, page_id=7600, browser=Chrome
Testing: csp_id=25, page_id=7700, browser=Chrome
Testing: csp_id=25, page_id=7800, browser=Chrome
Testing: csp_id=25, page_id=7900, browser=Chrome
Testing: csp_id=25, page_id=8000, browser=Chrome
Testing: csp_id=25, page_id=8100, browser=Chrome
Testing: csp_id=25, page_id=8200, browser=Chrome
Testing: csp_id=25, page_id=8300, browser=Chrome
Testing: csp_id=25, page_id=8400, browser=Chrome
Testing: csp_id=25, page_id=8500, browser=Chrome
Testing: csp_id=25, page_id=8600, browser=Chrome
Testing: csp_id=25, page_id=8700, browser=Chrome
Testing: csp_id=25, page_id=8800, browser=Chrome
Testing: csp_id=25, page_id=8900, browser=Chrome
Testing: csp_id=25, page_id=9000, browser=Chrome
Testing: csp_id=25, page_id=9100, browser=Chrome
Testing: csp_id=25, page_id=9200, browser=Chrome
Testing: csp_id=25, page_id=9300, browser=Chrome
Testing: csp_id=25, page_id=9400, browser=Chrome
Testing: csp_id=25, page_id=9500, browser=Chrome
Testing: csp_id=25, page_id=9600, browser=Chrome
Testing: csp_id=25, page_id=9700, browser=Chrome
Testing: csp_id=25, page_id=9800, browser=Chrome
Testing: csp_id=25, page_id=9900, browser=Chrome
Testing: csp_id=25, page_id=10000, browser=Chrome
Testing: csp_id=25, page_id=10100, browser=Chrome
Testing: csp_id=25, page_id=10200, browser=Chrome
Testing: csp_id=25, page_id=10300, browser=Chrome
Testing: csp_id=25, page_id=10400, browser=Chrome
Testing: csp_id=25, page_id=10500, browser=Chrome
Testing: csp_id=25, page_id=10600, browser=Chrome
Testing: csp_id=25, page_id=10700, browser=Chrome
Testing: csp_id=25, page_id=10800, browser=Chrome
Testing: csp_id=25, page_id=10900, browser=Chrome
Testing: csp_id=25, page_id=11000, browser=Chrome
Testing: csp_id=25, page_id=11100, browser=Chrome
Testing: csp_id=25, page_id=11200, browser=Chrome
Testing: csp_id=25, page_id=11300, browser=Chrome
Testing: csp_id=25, page_id=11400, browser=Chrome
Testing: csp_id=25, page_id=11500, browser=Chrome
Testing: csp_id=25, page_id=11600, browser=Chrome
Testing: csp_id=25, page_id=11700, browser=Chrome
Testing: csp_id=25, page_id=11800, browser=Chrome
Testing: csp_id=25, page_id=11900, browser=Chrome
Testing: csp_id=25, page_id=12000, browser=Chrome
Testing: csp_id=25, page_id=12100, browser=Chrome
Testing: csp_id=25, page_id=12200, browser=Chrome
Testing: csp_id=25, page_id=12300, browser=Chrome
Testing: csp_id=25, page_id=12400, browser=Chrome
Testing: csp_id=25, page_id=12500, browser=Chrome
Testing: csp_id=25, page_id=12600, browser=Chrome
Testing: csp_id=25, page_id=12700, browser=Chrome
Testing: csp_id=25, page_id=12800, browser=Chrome
Testing: csp_id=25, page_id=12900, browser=Chrome
Testing: csp_id=25, page_id=13000, browser=Chrome
Testing: csp_id=25, page_id=13100, browser=Chrome
Testing: csp_id=25, page_id=13200, browser=Chrome
Testing: csp_id=25, page_id=13300, browser=Chrome
Testing: csp_id=25, page_id=13400, browser=Chrome
Testing: csp_id=25, page_id=13500, browser=Chrome
Testing: csp_id=25, page_id=13600, browser=Chrome
Testing: csp_id=25, page_id=13700, browser=Chrome
Testing: csp_id=25, page_id=13800, browser=Chrome
Testing: csp_id=25, page_id=13900, browser=Chrome
Testing: csp_id=25, page_id=14000, browser=Chrome
Testing: csp_id=25, page_id=14100, browser=Chrome
Testing: csp_id=25, page_id=14200, browser=Chrome
Testing: csp_id=25, page_id=14300, browser=Chrome
Testing: csp_id=25, page_id=14400, browser=Chrome
Testing: csp_id=25, page_id=14500, browser=Chrome
Testing: csp_id=25, page_id=14600, browser=Chrome
Testing: csp_id=25, page_id=14700, browser=Chrome
Testing: csp_id=25, page_id=14800, browser=Chrome
Testing: csp_id=25, page_id=14900, browser=Chrome
Testing: csp_id=25, page_id=15000, browser=Chrome
Testing: csp_id=25, page_id=15100, browser=Chrome
Testing: csp_id=25, page_id=15200, browser=Chrome
Testing: csp_id=25, page_id=15300, browser=Chrome
Testing: csp_id=25, page_id=15400, browser=Chrome
Testing: csp_id=25, page_id=15500, browser=Chrome
Testing: csp_id=25, page_id=15600, browser=Chrome
Testing: csp_id=25, page_id=15700, browser=Chrome
Testing: csp_id=25, page_id=15800, browser=Chrome
Testing: csp_id=25, page_id=15900, browser=Chrome
Testing: csp_id=25, page_id=16000, browser=Chrome
Testing: csp_id=25, page_id=16100, browser=Chrome
Testing: csp_id=25, page_id=16200, browser=Chrome
Testing: csp_id=25, page_id=16300, browser=Chrome
Testing: csp_id=25, page_id=16400, browser=Chrome
Testing: csp_id=25, page_id=16500, browser=Chrome
Testing: csp_id=25, page_id=16600, browser=Chrome
Testing: csp_id=25, page_id=16700, browser=Chrome
Testing: csp_id=25, page_id=16800, browser=Chrome
Testing: csp_id=25, page_id=16900, browser=Chrome
Testing: csp_id=25, page_id=17000, browser=Chrome
Testing: csp_id=25, page_id=17100, browser=Chrome
Testing: csp_id=25, page_id=17200, browser=Chrome
Testing: csp_id=25, page_id=17300, browser=Chrome
Testing: csp_id=25, page_id=17400, browser=Chrome
Testing: csp_id=25, page_id=17500, browser=Chrome
Testing: csp_id=25, page_id=17600, browser=Chrome
Testing: csp_id=25, page_id=17700, browser=Chrome
Testing: csp_id=25, page_id=17800, browser=Chrome
Testing: csp_id=25, page_id=17900, browser=Chrome
Testing: csp_id=25, page_id=18000, browser=Chrome
Testing: csp_id=25, page_id=18100, browser=Chrome
Testing: csp_id=25, page_id=18200, browser=Chrome
Testing: csp_id=25, page_id=18300, browser=Chrome
Testing: csp_id=25, page_id=18400, browser=Chrome
Testing: csp_id=25, page_id=18500, browser=Chrome
Testing: csp_id=25, page_id=18600, browser=Chrome
Testing: csp_id=25, page_id=18700, browser=Chrome
Testing: csp_id=25, page_id=18800, browser=Chrome
Testing: csp_id=25, page_id=18900, browser=Chrome
Testing: csp_id=25, page_id=19000, browser=Chrome
Testing: csp_id=25, page_id=19100, browser=Chrome
Testing: csp_id=25, page_id=19200, browser=Chrome
Testing: csp_id=25, page_id=19300, browser=Chrome
Testing: csp_id=25, page_id=19400, browser=Chrome
Testing: csp_id=25, page_id=19500, browser=Chrome
Testing: csp_id=25, page_id=19600, browser=Chrome
Testing: csp_id=25, page_id=19700, browser=Chrome
Testing: csp_id=25, page_id=19800, browser=Chrome
Testing: csp_id=25, page_id=19900, browser=Chrome
Testing: csp_id=25, page_id=20000, browser=Chrome
Testing: csp_id=25, page_id=20100, browser=Chrome
Testing: csp_id=25, page_id=20200, browser=Chrome
Testing: csp_id=25, page_id=20300, browser=Chrome
Testing: csp_id=25, page_id=20400, browser=Chrome
Testing: csp_id=25, page_id=20500, browser=Chrome
Testing: csp_id=25, page_id=20600, browser=Chrome
Testing: csp_id=25, page_id=20700, browser=Chrome
Testing: csp_id=25, page_id=20800, browser=Chrome
Testing: csp_id=25, page_id=20900, browser=Chrome
Testing: csp_id=25, page_id=21000, browser=Chrome
Testing: csp_id=25, page_id=21100, browser=Chrome
Testing: csp_id=25, page_id=21200, browser=Chrome
Testing: csp_id=25, page_id=21300, browser=Chrome
Testing: csp_id=25, page_id=21400, browser=Chrome
Testing: csp_id=25, page_id=21500, browser=Chrome
Testing: csp_id=25, page_id=21600, browser=Chrome
Testing: csp_id=25, page_id=21700, browser=Chrome
Testing: csp_id=25, page_id=21800, browser=Chrome
Testing: csp_id=25, page_id=21900, browser=Chrome
Testing: csp_id=25, page_id=22000, browser=Chrome
Testing: csp_id=25, page_id=22100, browser=Chrome
Testing: csp_id=25, page_id=22200, browser=Chrome
Testing: csp_id=25, page_id=22300, browser=Chrome
Testing: csp_id=25, page_id=22400, browser=Chrome
Testing: csp_id=25, page_id=22500, browser=Chrome
Testing: csp_id=25, page_id=22600, browser=Chrome
Testing: csp_id=25, page_id=22700, browser=Chrome
Testing: csp_id=25, page_id=22800, browser=Chrome
Testing: csp_id=25, page_id=22900, browser=Chrome
Testing: csp_id=25, page_id=23000, browser=Chrome
Testing: csp_id=25, page_id=23100, browser=Chrome
Testing: csp_id=25, page_id=23200, browser=Chrome
Testing: csp_id=25, page_id=23300, browser=Chrome
Testing: csp_id=25, page_id=23400, browser=Chrome
Testing: csp_id=25, page_id=23500, browser=Chrome
Testing: csp_id=25, page_id=23600, browser=Chrome
Testing: csp_id=25, page_id=23700, browser=Chrome
Testing: csp_id=25, page_id=23800, browser=Chrome
Testing: csp_id=25, page_id=23900, browser=Chrome
Testing: csp_id=25, page_id=24000, browser=Chrome
Testing: csp_id=25, page_id=24100, browser=Chrome
Testing: csp_id=25, page_id=24200, browser=Chrome
Testing: csp_id=25, page_id=24300, browser=Chrome
Testing: csp_id=25, page_id=24400, browser=Chrome
Testing: csp_id=25, page_id=24500, browser=Chrome
Testing: csp_id=25, page_id=24600, browser=Chrome
Testing: csp_id=25, page_id=24700, browser=Chrome
Testing: csp_id=25, page_id=24800, browser=Chrome
Testing: csp_id=25, page_id=24900, browser=Chrome
Testing: csp_id=25, page_id=25000, browser=Chrome
Testing: csp_id=25, page_id=25100, browser=Chrome
Testing: csp_id=25, page_id=25200, browser=Chrome
Testing: csp_id=25, page_id=25300, browser=Chrome
Testing: csp_id=25, page_id=25400, browser=Chrome
Testing: csp_id=25, page_id=25500, browser=Chrome
Testing: csp_id=25, page_id=25600, browser=Chrome
Testing: csp_id=25, page_id=25700, browser=Chrome
Testing: csp_id=25, page_id=25800, browser=Chrome
Testing: csp_id=25, page_id=25900, browser=Chrome
Testing: csp_id=25, page_id=26000, browser=Chrome
Testing: csp_id=25, page_id=26100, browser=Chrome
Testing: csp_id=25, page_id=26200, browser=Chrome
Testing: csp_id=25, page_id=26300, browser=Chrome
Testing: csp_id=25, page_id=26400, browser=Chrome
Testing: csp_id=25, page_id=26500, browser=Chrome
Testing: csp_id=25, page_id=26600, browser=Chrome
Testing: csp_id=25, page_id=26700, browser=Chrome
Testing: csp_id=25, page_id=26800, browser=Chrome
Testing: csp_id=25, page_id=26900, browser=Chrome
Testing: csp_id=25, page_id=27000, browser=Chrome
Testing: csp_id=25, page_id=27100, browser=Chrome
Testing: csp_id=25, page_id=27200, browser=Chrome
Testing: csp_id=25, page_id=27300, browser=Chrome
Testing: csp_id=25, page_id=27400, browser=Chrome
Testing: csp_id=25, page_id=27500, browser=Chrome
Testing: csp_id=25, page_id=27600, browser=Chrome
Testing: csp_id=25, page_id=27700, browser=Chrome
Testing: csp_id=25, page_id=27800, browser=Chrome
Testing: csp_id=25, page_id=27900, browser=Chrome
Testing: csp_id=25, page_id=28000, browser=Chrome
Testing: csp_id=25, page_id=28100, browser=Chrome
Testing: csp_id=25, page_id=28200, browser=Chrome
Testing: csp_id=25, page_id=28300, browser=Chrome
Testing: csp_id=25, page_id=28400, browser=Chrome
Testing: csp_id=25, page_id=28500, browser=Chrome
Testing: csp_id=25, page_id=28600, browser=Chrome
Testing: csp_id=25, page_id=28700, browser=Chrome
Testing: csp_id=25, page_id=28800, browser=Chrome
Testing: csp_id=25, page_id=28900, browser=Chrome
Testing: csp_id=25, page_id=29000, browser=Chrome
Testing: csp_id=25, page_id=29100, browser=Chrome
Testing: csp_id=25, page_id=29200, browser=Chrome
Testing: csp_id=25, page_id=29300, browser=Chrome
Testing: csp_id=25, page_id=29400, browser=Chrome
Testing: csp_id=25, page_id=29500, browser=Chrome
Testing: csp_id=25, page_id=29600, browser=Chrome
Testing: csp_id=25, page_id=29700, browser=Chrome
Testing: csp_id=25, page_id=29800, browser=Chrome
🏊 create_context_pools[first] (5x16): 0.408s
Testing: csp_id=33, page_id=0, browser=Chrome
Testing: csp_id=33, page_id=100, browser=Chrome
Testing: csp_id=33, page_id=200, browser=Chrome
Testing: csp_id=33, page_id=300, browser=Chrome
Testing: csp_id=33, page_id=400, browser=Chrome
Testing: csp_id=33, page_id=500, browser=Chrome
Testing: csp_id=33, page_id=600, browser=Chrome
Testing: csp_id=33, page_id=700, browser=Chrome
Testing: csp_id=33, page_id=800, browser=Chrome
Testing: csp_id=33, page_id=900, browser=Chrome
Testing: csp_id=33, page_id=1000, browser=Chrome
Testing: csp_id=33, page_id=1100, browser=Chrome
Testing: csp_id=33, page_id=1200, browser=Chrome
Testing: csp_id=33, page_id=1300, browser=Chrome
Testing: csp_id=33, page_id=1400, browser=Chrome
Testing: csp_id=33, page_id=1500, browser=Chrome
Testing: csp_id=33, page_id=1600, browser=Chrome
Testing: csp_id=33, page_id=1700, browser=Chrome
Testing: csp_id=33, page_id=1800, browser=Chrome
Testing: csp_id=33, page_id=1900, browser=Chrome
Testing: csp_id=33, page_id=2000, browser=Chrome
Testing: csp_id=33, page_id=2100, browser=Chrome
Testing: csp_id=33, page_id=2200, browser=Chrome
Testing: csp_id=33, page_id=2300, browser=Chrome
Testing: csp_id=33, page_id=2400, browser=Chrome
Testing: csp_id=33, page_id=2500, browser=Chrome
Testing: csp_id=33, page_id=2600, browser=Chrome
Testing: csp_id=33, page_id=2700, browser=Chrome
Testing: csp_id=33, page_id=2800, browser=Chrome
Testing: csp_id=33, page_id=2900, browser=Chrome
Testing: csp_id=33, page_id=3000, browser=Chrome
Testing: csp_id=33, page_id=3100, browser=Chrome
Testing: csp_id=33, page_id=3200, browser=Chrome
Testing: csp_id=33, page_id=3300, browser=Chrome
Testing: csp_id=33, page_id=3400, browser=Chrome
Testing: csp_id=33, page_id=3500, browser=Chrome
Testing: csp_id=33, page_id=3600, browser=Chrome
Testing: csp_id=33, page_id=3700, browser=Chrome
Testing: csp_id=33, page_id=3800, browser=Chrome
Testing: csp_id=33, page_id=3900, browser=Chrome
Testing: csp_id=33, page_id=4000, browser=Chrome
Testing: csp_id=33, page_id=4100, browser=Chrome
Testing: csp_id=33, page_id=4200, browser=Chrome
Testing: csp_id=33, page_id=4300, browser=Chrome
Testing: csp_id=33, page_id=4400, browser=Chrome
Testing: csp_id=33, page_id=4500, browser=Chrome
Testing: csp_id=33, page_id=4600, browser=Chrome
Testing: csp_id=33, page_id=4700, browser=Chrome
Testing: csp_id=33, page_id=4800, browser=Chrome
Testing: csp_id=33, page_id=4900, browser=Chrome
Testing: csp_id=33, page_id=5000, browser=Chrome
Testing: csp_id=33, page_id=5100, browser=Chrome
Testing: csp_id=33, page_id=5200, browser=Chrome
Testing: csp_id=33, page_id=5300, browser=Chrome
Testing: csp_id=33, page_id=5400, browser=Chrome
Testing: csp_id=33, page_id=5500, browser=Chrome
Testing: csp_id=33, page_id=5600, browser=Chrome
Testing: csp_id=33, page_id=5700, browser=Chrome
Testing: csp_id=33, page_id=5800, browser=Chrome
Testing: csp_id=33, page_id=5900, browser=Chrome
Testing: csp_id=33, page_id=6000, browser=Chrome
Testing: csp_id=33, page_id=6100, browser=Chrome
Testing: csp_id=33, page_id=6200, browser=Chrome
Testing: csp_id=33, page_id=6300, browser=Chrome
Testing: csp_id=33, page_id=6400, browser=Chrome
Testing: csp_id=33, page_id=6500, browser=Chrome
Testing: csp_id=33, page_id=6600, browser=Chrome
Testing: csp_id=33, page_id=6700, browser=Chrome
Testing: csp_id=33, page_id=6800, browser=Chrome
Testing: csp_id=33, page_id=6900, browser=Chrome
Testing: csp_id=33, page_id=7000, browser=Chrome
Testing: csp_id=33, page_id=7100, browser=Chrome
Testing: csp_id=33, page_id=7200, browser=Chrome
Testing: csp_id=33, page_id=7300, browser=Chrome
Testing: csp_id=33, page_id=7400, browser=Chrome
Testing: csp_id=33, page_id=7500, browser=Chrome
Testing: csp_id=33, page_id=7600, browser=Chrome
Testing: csp_id=33, page_id=7700, browser=Chrome
Testing: csp_id=33, page_id=7800, browser=Chrome
Testing: csp_id=33, page_id=7900, browser=Chrome
Testing: csp_id=33, page_id=8000, browser=Chrome
Testing: csp_id=33, page_id=8100, browser=Chrome
Testing: csp_id=33, page_id=8200, browser=Chrome
Testing: csp_id=33, page_id=8300, browser=Chrome
Testing: csp_id=33, page_id=8400, browser=Chrome
Testing: csp_id=33, page_id=8500, browser=Chrome
Testing: csp_id=33, page_id=8600, browser=Chrome
Testing: csp_id=33, page_id=8700, browser=Chrome
Testing: csp_id=33, page_id=8800, browser=Chrome
Testing: csp_id=33, page_id=8900, browser=Chrome
Testing: csp_id=33, page_id=9000, browser=Chrome
Testing: csp_id=33, page_id=9100, browser=Chrome
Testing: csp_id=33, page_id=9200, browser=Chrome
Testing: csp_id=33, page_id=9300, browser=Chrome
Testing: csp_id=33, page_id=9400, browser=Chrome
Testing: csp_id=33, page_id=9500, browser=Chrome
Testing: csp_id=33, page_id=9600, browser=Chrome
Testing: csp_id=33, page_id=9700, browser=Chrome
Testing: csp_id=33, page_id=9800, browser=Chrome
Testing: csp_id=33, page_id=9900, browser=Chrome
Testing: csp_id=33, page_id=10000, browser=Chrome
Testing: csp_id=33, page_id=10100, browser=Chrome
Testing: csp_id=33, page_id=10200, browser=Chrome
Testing: csp_id=33, page_id=10300, browser=Chrome
Testing: csp_id=33, page_id=10400, browser=Chrome
Testing: csp_id=33, page_id=10500, browser=Chrome
Testing: csp_id=33, page_id=10600, browser=Chrome
Testing: csp_id=33, page_id=10700, browser=Chrome
Testing: csp_id=33, page_id=10800, browser=Chrome
Testing: csp_id=33, page_id=10900, browser=Chrome
Testing: csp_id=33, page_id=11000, browser=Chrome
Testing: csp_id=33, page_id=11100, browser=Chrome
Testing: csp_id=33, page_id=11200, browser=Chrome
Testing: csp_id=33, page_id=11300, browser=Chrome
Testing: csp_id=33, page_id=11400, browser=Chrome
Testing: csp_id=33, page_id=11500, browser=Chrome
Testing: csp_id=33, page_id=11600, browser=Chrome
Testing: csp_id=33, page_id=11700, browser=Chrome
Testing: csp_id=33, page_id=11800, browser=Chrome
Testing: csp_id=33, page_id=11900, browser=Chrome
Testing: csp_id=33, page_id=12000, browser=Chrome
Testing: csp_id=33, page_id=12100, browser=Chrome
Testing: csp_id=33, page_id=12200, browser=Chrome
Testing: csp_id=33, page_id=12300, browser=Chrome
Testing: csp_id=33, page_id=12400, browser=Chrome
Testing: csp_id=33, page_id=12500, browser=Chrome
Testing: csp_id=33, page_id=12600, browser=Chrome
Testing: csp_id=33, page_id=12700, browser=Chrome
Testing: csp_id=33, page_id=12800, browser=Chrome
Testing: csp_id=33, page_id=12900, browser=Chrome
Testing: csp_id=33, page_id=13000, browser=Chrome
Testing: csp_id=33, page_id=13100, browser=Chrome
Testing: csp_id=33, page_id=13200, browser=Chrome
Testing: csp_id=33, page_id=13300, browser=Chrome
Testing: csp_id=33, page_id=13400, browser=Chrome
Testing: csp_id=33, page_id=13500, browser=Chrome
Testing: csp_id=33, page_id=13600, browser=Chrome
Testing: csp_id=33, page_id=13700, browser=Chrome
Testing: csp_id=33, page_id=13800, browser=Chrome
Testing: csp_id=33, page_id=13900, browser=Chrome
Testing: csp_id=33, page_id=14000, browser=Chrome
Testing: csp_id=33, page_id=14100, browser=Chrome
Testing: csp_id=33, page_id=14200, browser=Chrome
Testing: csp_id=33, page_id=14300, browser=Chrome
Testing: csp_id=33, page_id=14400, browser=Chrome
Testing: csp_id=33, page_id=14500, browser=Chrome
Testing: csp_id=33, page_id=14600, browser=Chrome
Testing: csp_id=33, page_id=14700, browser=Chrome
Testing: csp_id=33, page_id=14800, browser=Chrome
Testing: csp_id=33, page_id=14900, browser=Chrome
Testing: csp_id=33, page_id=15000, browser=Chrome
Testing: csp_id=33, page_id=15100, browser=Chrome
Testing: csp_id=33, page_id=15200, browser=Chrome
Testing: csp_id=33, page_id=15300, browser=Chrome
Testing: csp_id=33, page_id=15400, browser=Chrome
Testing: csp_id=33, page_id=15500, browser=Chrome
Testing: csp_id=33, page_id=15600, browser=Chrome
Testing: csp_id=33, page_id=15700, browser=Chrome
Testing: csp_id=33, page_id=15800, browser=Chrome
Testing: csp_id=33, page_id=15900, browser=Chrome
Testing: csp_id=33, page_id=16000, browser=Chrome
Testing: csp_id=33, page_id=16100, browser=Chrome
Testing: csp_id=33, page_id=16200, browser=Chrome
Testing: csp_id=33, page_id=16300, browser=Chrome
Testing: csp_id=33, page_id=16400, browser=Chrome
Testing: csp_id=33, page_id=16500, browser=Chrome
Testing: csp_id=33, page_id=16600, browser=Chrome
Testing: csp_id=33, page_id=16700, browser=Chrome
Testing: csp_id=33, page_id=16800, browser=Chrome
Testing: csp_id=33, page_id=16900, browser=Chrome
Testing: csp_id=33, page_id=17000, browser=Chrome
Testing: csp_id=33, page_id=17100, browser=Chrome
Testing: csp_id=33, page_id=17200, browser=Chrome
Testing: csp_id=33, page_id=17300, browser=Chrome
Testing: csp_id=33, page_id=17400, browser=Chrome
Testing: csp_id=33, page_id=17500, browser=Chrome
Testing: csp_id=33, page_id=17600, browser=Chrome
Testing: csp_id=33, page_id=17700, browser=Chrome
Testing: csp_id=33, page_id=17800, browser=Chrome
Testing: csp_id=33, page_id=17900, browser=Chrome
Testing: csp_id=33, page_id=18000, browser=Chrome
Testing: csp_id=33, page_id=18100, browser=Chrome
Testing: csp_id=33, page_id=18200, browser=Chrome
Testing: csp_id=33, page_id=18300, browser=Chrome
Testing: csp_id=33, page_id=18400, browser=Chrome
Testing: csp_id=33, page_id=18500, browser=Chrome
Testing: csp_id=33, page_id=18600, browser=Chrome
Testing: csp_id=33, page_id=18700, browser=Chrome
Testing: csp_id=33, page_id=18800, browser=Chrome
Testing: csp_id=33, page_id=18900, browser=Chrome
Testing: csp_id=33, page_id=19000, browser=Chrome
Testing: csp_id=33, page_id=19100, browser=Chrome
Testing: csp_id=33, page_id=19200, browser=Chrome
Testing: csp_id=33, page_id=19300, browser=Chrome
Testing: csp_id=33, page_id=19400, browser=Chrome
Testing: csp_id=33, page_id=19500, browser=Chrome
Testing: csp_id=33, page_id=19600, browser=Chrome
Testing: csp_id=33, page_id=19700, browser=Chrome
Testing: csp_id=33, page_id=19800, browser=Chrome
Testing: csp_id=33, page_id=19900, browser=Chrome
Testing: csp_id=33, page_id=20000, browser=Chrome
Testing: csp_id=33, page_id=20100, browser=Chrome
Testing: csp_id=33, page_id=20200, browser=Chrome
Testing: csp_id=33, page_id=20300, browser=Chrome
Testing: csp_id=33, page_id=20400, browser=Chrome
Testing: csp_id=33, page_id=20500, browser=Chrome
Testing: csp_id=33, page_id=20600, browser=Chrome
Testing: csp_id=33, page_id=20700, browser=Chrome
Testing: csp_id=33, page_id=20800, browser=Chrome
Testing: csp_id=33, page_id=20900, browser=Chrome
Testing: csp_id=33, page_id=21000, browser=Chrome
Testing: csp_id=33, page_id=21100, browser=Chrome
Testing: csp_id=33, page_id=21200, browser=Chrome
Testing: csp_id=33, page_id=21300, browser=Chrome
Testing: csp_id=33, page_id=21400, browser=Chrome
Testing: csp_id=33, page_id=21500, browser=Chrome
Testing: csp_id=33, page_id=21600, browser=Chrome
Testing: csp_id=33, page_id=21700, browser=Chrome
Testing: csp_id=33, page_id=21800, browser=Chrome
Testing: csp_id=33, page_id=21900, browser=Chrome
Testing: csp_id=33, page_id=22000, browser=Chrome
Testing: csp_id=33, page_id=22100, browser=Chrome
Testing: csp_id=33, page_id=22200, browser=Chrome
Testing: csp_id=33, page_id=22300, browser=Chrome
Testing: csp_id=33, page_id=22400, browser=Chrome
Testing: csp_id=33, page_id=22500, browser=Chrome
Testing: csp_id=33, page_id=22600, browser=Chrome
Testing: csp_id=33, page_id=22700, browser=Chrome
Testing: csp_id=33, page_id=22800, browser=Chrome
Testing: csp_id=33, page_id=22900, browser=Chrome
Testing: csp_id=33, page_id=23000, browser=Chrome
Testing: csp_id=33, page_id=23100, browser=Chrome
Testing: csp_id=33, page_id=23200, browser=Chrome
Testing: csp_id=33, page_id=23300, browser=Chrome
Testing: csp_id=33, page_id=23400, browser=Chrome
Testing: csp_id=33, page_id=23500, browser=Chrome
Testing: csp_id=33, page_id=23600, browser=Chrome
Testing: csp_id=33, page_id=23700, browser=Chrome
Testing: csp_id=33, page_id=23800, browser=Chrome
Testing: csp_id=33, page_id=23900, browser=Chrome
Testing: csp_id=33, page_id=24000, browser=Chrome
Testing: csp_id=33, page_id=24100, browser=Chrome
Testing: csp_id=33, page_id=24200, browser=Chrome
Testing: csp_id=33, page_id=24300, browser=Chrome
Testing: csp_id=33, page_id=24400, browser=Chrome
Testing: csp_id=33, page_id=24500, browser=Chrome
Testing: csp_id=33, page_id=24600, browser=Chrome
Testing: csp_id=33, page_id=24700, browser=Chrome
Testing: csp_id=33, page_id=24800, browser=Chrome
Testing: csp_id=33, page_id=24900, browser=Chrome
Testing: csp_id=33, page_id=25000, browser=Chrome
Testing: csp_id=33, page_id=25100, browser=Chrome
Testing: csp_id=33, page_id=25200, browser=Chrome
Testing: csp_id=33, page_id=25300, browser=Chrome
Testing: csp_id=33, page_id=25400, browser=Chrome
Testing: csp_id=33, page_id=25500, browser=Chrome
Testing: csp_id=33, page_id=25600, browser=Chrome
Testing: csp_id=33, page_id=25700, browser=Chrome
Testing: csp_id=33, page_id=25800, browser=Chrome
Testing: csp_id=33, page_id=25900, browser=Chrome
Testing: csp_id=33, page_id=26000, browser=Chrome
Testing: csp_id=33, page_id=26100, browser=Chrome
Testing: csp_id=33, page_id=26200, browser=Chrome
Testing: csp_id=33, page_id=26300, browser=Chrome
Testing: csp_id=33, page_id=26400, browser=Chrome
Testing: csp_id=33, page_id=26500, browser=Chrome
Testing: csp_id=33, page_id=26600, browser=Chrome
Testing: csp_id=33, page_id=26700, browser=Chrome
Testing: csp_id=33, page_id=26800, browser=Chrome
Testing: csp_id=33, page_id=26900, browser=Chrome
Testing: csp_id=33, page_id=27000, browser=Chrome
Testing: csp_id=33, page_id=27100, browser=Chrome
Testing: csp_id=33, page_id=27200, browser=Chrome
Testing: csp_id=33, page_id=27300, browser=Chrome
Testing: csp_id=33, page_id=27400, browser=Chrome
Testing: csp_id=33, page_id=27500, browser=Chrome
Testing: csp_id=33, page_id=27600, browser=Chrome
Testing: csp_id=33, page_id=27700, browser=Chrome
Testing: csp_id=33, page_id=27800, browser=Chrome
Testing: csp_id=33, page_id=27900, browser=Chrome
Testing: csp_id=33, page_id=28000, browser=Chrome
Testing: csp_id=33, page_id=28100, browser=Chrome
Testing: csp_id=33, page_id=28200, browser=Chrome
Testing: csp_id=33, page_id=28300, browser=Chrome
Testing: csp_id=33, page_id=28400, browser=Chrome
Testing: csp_id=33, page_id=28500, browser=Chrome
Testing: csp_id=33, page_id=28600, browser=Chrome
Testing: csp_id=33, page_id=28700, browser=Chrome
Testing: csp_id=33, page_id=28800, browser=Chrome
Testing: csp_id=33, page_id=28900, browser=Chrome
Testing: csp_id=33, page_id=29000, browser=Chrome
Testing: csp_id=33, page_id=29100, browser=Chrome
Testing: csp_id=33, page_id=29200, browser=Chrome
Testing: csp_id=33, page_id=29300, browser=Chrome
Testing: csp_id=33, page_id=29400, browser=Chrome
Testing: csp_id=33, page_id=29500, browser=Chrome
Testing: csp_id=33, page_id=29600, browser=Chrome
Testing: csp_id=33, page_id=29700, browser=Chrome
Testing: csp_id=33, page_id=29800, browser=Chrome
🏊 create_context_pools[first] (5x16): 2.245s
Testing: csp_id=41, page_id=0, browser=Chrome
Testing: csp_id=41, page_id=100, browser=Chrome
Testing: csp_id=41, page_id=200, browser=Chrome
Testing: csp_id=41, page_id=300, browser=Chrome
Testing: csp_id=41, page_id=400, browser=Chrome
Testing: csp_id=41, page_id=500, browser=Chrome
Testing: csp_id=41, page_id=600, browser=Chrome
Testing: csp_id=41, page_id=700, browser=Chrome
Testing: csp_id=41, page_id=800, browser=Chrome
Testing: csp_id=41, page_id=900, browser=Chrome
Testing: csp_id=41, page_id=1000, browser=Chrome
Testing: csp_id=41, page_id=1100, browser=Chrome
Testing: csp_id=41, page_id=1200, browser=Chrome
Testing: csp_id=41, page_id=1300, browser=Chrome
Testing: csp_id=41, page_id=1400, browser=Chrome
Testing: csp_id=41, page_id=1500, browser=Chrome
Testing: csp_id=41, page_id=1600, browser=Chrome
Testing: csp_id=41, page_id=1700, browser=Chrome
Testing: csp_id=41, page_id=1800, browser=Chrome
Testing: csp_id=41, page_id=1900, browser=Chrome
Testing: csp_id=41, page_id=2000, browser=Chrome
Testing: csp_id=41, page_id=2100, browser=Chrome
Testing: csp_id=41, page_id=2200, browser=Chrome
Testing: csp_id=41, page_id=2300, browser=Chrome
Testing: csp_id=41, page_id=2400, browser=Chrome
Testing: csp_id=41, page_id=2500, browser=Chrome
Testing: csp_id=41, page_id=2600, browser=Chrome
Testing: csp_id=41, page_id=2700, browser=Chrome
Testing: csp_id=41, page_id=2800, browser=Chrome
Testing: csp_id=41, page_id=2900, browser=Chrome
Testing: csp_id=41, page_id=3000, browser=Chrome
Testing: csp_id=41, page_id=3100, browser=Chrome
Testing: csp_id=41, page_id=3200, browser=Chrome
Testing: csp_id=41, page_id=3300, browser=Chrome
Testing: csp_id=41, page_id=3400, browser=Chrome
Testing: csp_id=41, page_id=3500, browser=Chrome
Testing: csp_id=41, page_id=3600, browser=Chrome
Testing: csp_id=41, page_id=3700, browser=Chrome
Testing: csp_id=41, page_id=3800, browser=Chrome
Testing: csp_id=41, page_id=3900, browser=Chrome
Testing: csp_id=41, page_id=4000, browser=Chrome
Testing: csp_id=41, page_id=4100, browser=Chrome
Testing: csp_id=41, page_id=4200, browser=Chrome
Testing: csp_id=41, page_id=4300, browser=Chrome
Testing: csp_id=41, page_id=4400, browser=Chrome
Testing: csp_id=41, page_id=4500, browser=Chrome
Testing: csp_id=41, page_id=4600, browser=Chrome
Testing: csp_id=41, page_id=4700, browser=Chrome
Testing: csp_id=41, page_id=4800, browser=Chrome
Testing: csp_id=41, page_id=4900, browser=Chrome
Testing: csp_id=41, page_id=5000, browser=Chrome
Testing: csp_id=41, page_id=5100, browser=Chrome
Testing: csp_id=41, page_id=5200, browser=Chrome
Testing: csp_id=41, page_id=5300, browser=Chrome
Testing: csp_id=41, page_id=5400, browser=Chrome
Testing: csp_id=41, page_id=5500, browser=Chrome
Testing: csp_id=41, page_id=5600, browser=Chrome
Testing: csp_id=41, page_id=5700, browser=Chrome
Testing: csp_id=41, page_id=5800, browser=Chrome
Testing: csp_id=41, page_id=5900, browser=Chrome
Testing: csp_id=41, page_id=6000, browser=Chrome
Testing: csp_id=41, page_id=6100, browser=Chrome
Testing: csp_id=41, page_id=6200, browser=Chrome
Testing: csp_id=41, page_id=6300, browser=Chrome
Testing: csp_id=41, page_id=6400, browser=Chrome
Testing: csp_id=41, page_id=6500, browser=Chrome
Testing: csp_id=41, page_id=6600, browser=Chrome
Testing: csp_id=41, page_id=6700, browser=Chrome
Testing: csp_id=41, page_id=6800, browser=Chrome
Testing: csp_id=41, page_id=6900, browser=Chrome
Testing: csp_id=41, page_id=7000, browser=Chrome
Testing: csp_id=41, page_id=7100, browser=Chrome
Testing: csp_id=41, page_id=7200, browser=Chrome
Testing: csp_id=41, page_id=7300, browser=Chrome
Testing: csp_id=41, page_id=7400, browser=Chrome
Testing: csp_id=41, page_id=7500, browser=Chrome
Testing: csp_id=41, page_id=7600, browser=Chrome
Testing: csp_id=41, page_id=7700, browser=Chrome
Testing: csp_id=41, page_id=7800, browser=Chrome
Testing: csp_id=41, page_id=7900, browser=Chrome
Testing: csp_id=41, page_id=8000, browser=Chrome
Testing: csp_id=41, page_id=8100, browser=Chrome
Testing: csp_id=41, page_id=8200, browser=Chrome
Testing: csp_id=41, page_id=8300, browser=Chrome
Testing: csp_id=41, page_id=8400, browser=Chrome
Testing: csp_id=41, page_id=8500, browser=Chrome
Testing: csp_id=41, page_id=8600, browser=Chrome
Testing: csp_id=41, page_id=8700, browser=Chrome
Testing: csp_id=41, page_id=8800, browser=Chrome
Testing: csp_id=41, page_id=8900, browser=Chrome
Testing: csp_id=41, page_id=9000, browser=Chrome
Testing: csp_id=41, page_id=9100, browser=Chrome
Testing: csp_id=41, page_id=9200, browser=Chrome
Testing: csp_id=41, page_id=9300, browser=Chrome
Testing: csp_id=41, page_id=9400, browser=Chrome
Testing: csp_id=41, page_id=9500, browser=Chrome
Testing: csp_id=41, page_id=9600, browser=Chrome
Testing: csp_id=41, page_id=9700, browser=Chrome
Testing: csp_id=41, page_id=9800, browser=Chrome
Testing: csp_id=41, page_id=9900, browser=Chrome
Testing: csp_id=41, page_id=10000, browser=Chrome
Testing: csp_id=41, page_id=10100, browser=Chrome
Testing: csp_id=41, page_id=10200, browser=Chrome
Testing: csp_id=41, page_id=10300, browser=Chrome
Testing: csp_id=41, page_id=10400, browser=Chrome
Testing: csp_id=41, page_id=10500, browser=Chrome
Testing: csp_id=41, page_id=10600, browser=Chrome
Testing: csp_id=41, page_id=10700, browser=Chrome
Testing: csp_id=41, page_id=10800, browser=Chrome
Testing: csp_id=41, page_id=10900, browser=Chrome
Testing: csp_id=41, page_id=11000, browser=Chrome
Testing: csp_id=41, page_id=11100, browser=Chrome
Testing: csp_id=41, page_id=11200, browser=Chrome
Testing: csp_id=41, page_id=11300, browser=Chrome
Testing: csp_id=41, page_id=11400, browser=Chrome
Testing: csp_id=41, page_id=11500, browser=Chrome
Testing: csp_id=41, page_id=11600, browser=Chrome
Testing: csp_id=41, page_id=11700, browser=Chrome
Testing: csp_id=41, page_id=11800, browser=Chrome
Testing: csp_id=41, page_id=11900, browser=Chrome
Testing: csp_id=41, page_id=12000, browser=Chrome
Testing: csp_id=41, page_id=12100, browser=Chrome
Testing: csp_id=41, page_id=12200, browser=Chrome
Testing: csp_id=41, page_id=12300, browser=Chrome
Testing: csp_id=41, page_id=12400, browser=Chrome
Testing: csp_id=41, page_id=12500, browser=Chrome
Testing: csp_id=41, page_id=12600, browser=Chrome
Testing: csp_id=41, page_id=12700, browser=Chrome
Testing: csp_id=41, page_id=12800, browser=Chrome
Testing: csp_id=41, page_id=12900, browser=Chrome
Testing: csp_id=41, page_id=13000, browser=Chrome
Testing: csp_id=41, page_id=13100, browser=Chrome
Testing: csp_id=41, page_id=13200, browser=Chrome
Testing: csp_id=41, page_id=13300, browser=Chrome
Testing: csp_id=41, page_id=13400, browser=Chrome
Testing: csp_id=41, page_id=13500, browser=Chrome
Testing: csp_id=41, page_id=13600, browser=Chrome
Testing: csp_id=41, page_id=13700, browser=Chrome
Testing: csp_id=41, page_id=13800, browser=Chrome
Testing: csp_id=41, page_id=13900, browser=Chrome
Testing: csp_id=41, page_id=14000, browser=Chrome
Testing: csp_id=41, page_id=14100, browser=Chrome
Testing: csp_id=41, page_id=14200, browser=Chrome
Testing: csp_id=41, page_id=14300, browser=Chrome
Testing: csp_id=41, page_id=14400, browser=Chrome
Testing: csp_id=41, page_id=14500, browser=Chrome
Testing: csp_id=41, page_id=14600, browser=Chrome
Testing: csp_id=41, page_id=14700, browser=Chrome
Testing: csp_id=41, page_id=14800, browser=Chrome
Testing: csp_id=41, page_id=14900, browser=Chrome
Testing: csp_id=41, page_id=15000, browser=Chrome
Testing: csp_id=41, page_id=15100, browser=Chrome
Testing: csp_id=41, page_id=15200, browser=Chrome
Testing: csp_id=41, page_id=15300, browser=Chrome
Testing: csp_id=41, page_id=15400, browser=Chrome
Testing: csp_id=41, page_id=15500, browser=Chrome
Testing: csp_id=41, page_id=15600, browser=Chrome
Testing: csp_id=41, page_id=15700, browser=Chrome
Testing: csp_id=41, page_id=15800, browser=Chrome
Testing: csp_id=41, page_id=15900, browser=Chrome
Testing: csp_id=41, page_id=16000, browser=Chrome
Testing: csp_id=41, page_id=16100, browser=Chrome
Testing: csp_id=41, page_id=16200, browser=Chrome
Testing: csp_id=41, page_id=16300, browser=Chrome
Testing: csp_id=41, page_id=16400, browser=Chrome
Testing: csp_id=41, page_id=16500, browser=Chrome
Testing: csp_id=41, page_id=16600, browser=Chrome
Testing: csp_id=41, page_id=16700, browser=Chrome
Testing: csp_id=41, page_id=16800, browser=Chrome
Testing: csp_id=41, page_id=16900, browser=Chrome
Testing: csp_id=41, page_id=17000, browser=Chrome
Testing: csp_id=41, page_id=17100, browser=Chrome
Testing: csp_id=41, page_id=17200, browser=Chrome
Testing: csp_id=41, page_id=17300, browser=Chrome
Testing: csp_id=41, page_id=17400, browser=Chrome
Testing: csp_id=41, page_id=17500, browser=Chrome
Testing: csp_id=41, page_id=17600, browser=Chrome
Testing: csp_id=41, page_id=17700, browser=Chrome
Testing: csp_id=41, page_id=17800, browser=Chrome
Testing: csp_id=41, page_id=17900, browser=Chrome
Testing: csp_id=41, page_id=18000, browser=Chrome
Testing: csp_id=41, page_id=18100, browser=Chrome
Testing: csp_id=41, page_id=18200, browser=Chrome
Testing: csp_id=41, page_id=18300, browser=Chrome
Testing: csp_id=41, page_id=18400, browser=Chrome
Testing: csp_id=41, page_id=18500, browser=Chrome
Testing: csp_id=41, page_id=18600, browser=Chrome
Testing: csp_id=41, page_id=18700, browser=Chrome
Testing: csp_id=41, page_id=18800, browser=Chrome
Testing: csp_id=41, page_id=18900, browser=Chrome
Testing: csp_id=41, page_id=19000, browser=Chrome
Testing: csp_id=41, page_id=19100, browser=Chrome
Testing: csp_id=41, page_id=19200, browser=Chrome
Testing: csp_id=41, page_id=19300, browser=Chrome
Testing: csp_id=41, page_id=19400, browser=Chrome
Testing: csp_id=41, page_id=19500, browser=Chrome
Testing: csp_id=41, page_id=19600, browser=Chrome
Testing: csp_id=41, page_id=19700, browser=Chrome
Testing: csp_id=41, page_id=19800, browser=Chrome
Testing: csp_id=41, page_id=19900, browser=Chrome
Testing: csp_id=41, page_id=20000, browser=Chrome
Testing: csp_id=41, page_id=20100, browser=Chrome
Testing: csp_id=41, page_id=20200, browser=Chrome
Testing: csp_id=41, page_id=20300, browser=Chrome
Testing: csp_id=41, page_id=20400, browser=Chrome
Testing: csp_id=41, page_id=20500, browser=Chrome
Testing: csp_id=41, page_id=20600, browser=Chrome
Testing: csp_id=41, page_id=20700, browser=Chrome
Testing: csp_id=41, page_id=20800, browser=Chrome
Testing: csp_id=41, page_id=20900, browser=Chrome
Testing: csp_id=41, page_id=21000, browser=Chrome
Testing: csp_id=41, page_id=21100, browser=Chrome
Testing: csp_id=41, page_id=21200, browser=Chrome
Testing: csp_id=41, page_id=21300, browser=Chrome
Testing: csp_id=41, page_id=21400, browser=Chrome
Testing: csp_id=41, page_id=21500, browser=Chrome
Testing: csp_id=41, page_id=21600, browser=Chrome
Testing: csp_id=41, page_id=21700, browser=Chrome
Testing: csp_id=41, page_id=21800, browser=Chrome
Testing: csp_id=41, page_id=21900, browser=Chrome
Testing: csp_id=41, page_id=22000, browser=Chrome
Testing: csp_id=41, page_id=22100, browser=Chrome
Testing: csp_id=41, page_id=22200, browser=Chrome
Testing: csp_id=41, page_id=22300, browser=Chrome
Testing: csp_id=41, page_id=22400, browser=Chrome
Testing: csp_id=41, page_id=22500, browser=Chrome
Testing: csp_id=41, page_id=22600, browser=Chrome
Testing: csp_id=41, page_id=22700, browser=Chrome
Testing: csp_id=41, page_id=22800, browser=Chrome
Testing: csp_id=41, page_id=22900, browser=Chrome
Testing: csp_id=41, page_id=23000, browser=Chrome
Testing: csp_id=41, page_id=23100, browser=Chrome
Testing: csp_id=41, page_id=23200, browser=Chrome
Testing: csp_id=41, page_id=23300, browser=Chrome
Testing: csp_id=41, page_id=23400, browser=Chrome
Testing: csp_id=41, page_id=23500, browser=Chrome
Testing: csp_id=41, page_id=23600, browser=Chrome
Testing: csp_id=41, page_id=23700, browser=Chrome
Testing: csp_id=41, page_id=23800, browser=Chrome
Testing: csp_id=41, page_id=23900, browser=Chrome
Testing: csp_id=41, page_id=24000, browser=Chrome
Testing: csp_id=41, page_id=24100, browser=Chrome
Testing: csp_id=41, page_id=24200, browser=Chrome
Testing: csp_id=41, page_id=24300, browser=Chrome
Testing: csp_id=41, page_id=24400, browser=Chrome
Testing: csp_id=41, page_id=24500, browser=Chrome
Testing: csp_id=41, page_id=24600, browser=Chrome
Testing: csp_id=41, page_id=24700, browser=Chrome
Testing: csp_id=41, page_id=24800, browser=Chrome
Testing: csp_id=41, page_id=24900, browser=Chrome
Testing: csp_id=41, page_id=25000, browser=Chrome
Testing: csp_id=41, page_id=25100, browser=Chrome
Testing: csp_id=41, page_id=25200, browser=Chrome
Testing: csp_id=41, page_id=25300, browser=Chrome
Testing: csp_id=41, page_id=25400, browser=Chrome
Testing: csp_id=41, page_id=25500, browser=Chrome
Testing: csp_id=41, page_id=25600, browser=Chrome
Testing: csp_id=41, page_id=25700, browser=Chrome
Testing: csp_id=41, page_id=25800, browser=Chrome
Testing: csp_id=41, page_id=25900, browser=Chrome
Testing: csp_id=41, page_id=26000, browser=Chrome
Testing: csp_id=41, page_id=26100, browser=Chrome
Testing: csp_id=41, page_id=26200, browser=Chrome
Testing: csp_id=41, page_id=26300, browser=Chrome
Testing: csp_id=41, page_id=26400, browser=Chrome
Testing: csp_id=41, page_id=26500, browser=Chrome
Testing: csp_id=41, page_id=26600, browser=Chrome
Testing: csp_id=41, page_id=26700, browser=Chrome
Testing: csp_id=41, page_id=26800, browser=Chrome
Testing: csp_id=41, page_id=26900, browser=Chrome
Testing: csp_id=41, page_id=27000, browser=Chrome
Testing: csp_id=41, page_id=27100, browser=Chrome
Testing: csp_id=41, page_id=27200, browser=Chrome
Testing: csp_id=41, page_id=27300, browser=Chrome
Testing: csp_id=41, page_id=27400, browser=Chrome
Testing: csp_id=41, page_id=27500, browser=Chrome
Testing: csp_id=41, page_id=27600, browser=Chrome
Testing: csp_id=41, page_id=27700, browser=Chrome
Testing: csp_id=41, page_id=27800, browser=Chrome
Testing: csp_id=41, page_id=27900, browser=Chrome
Testing: csp_id=41, page_id=28000, browser=Chrome
Testing: csp_id=41, page_id=28100, browser=Chrome
Testing: csp_id=41, page_id=28200, browser=Chrome
Testing: csp_id=41, page_id=28300, browser=Chrome
Testing: csp_id=41, page_id=28400, browser=Chrome
Testing: csp_id=41, page_id=28500, browser=Chrome
Testing: csp_id=41, page_id=28600, browser=Chrome
Testing: csp_id=41, page_id=28700, browser=Chrome
Testing: csp_id=41, page_id=28800, browser=Chrome
Testing: csp_id=41, page_id=28900, browser=Chrome
Testing: csp_id=41, page_id=29000, browser=Chrome
Testing: csp_id=41, page_id=29100, browser=Chrome
Testing: csp_id=41, page_id=29200, browser=Chrome
Testing: csp_id=41, page_id=29300, browser=Chrome
Testing: csp_id=41, page_id=29400, browser=Chrome
Testing: csp_id=41, page_id=29500, browser=Chrome
Testing: csp_id=41, page_id=29600, browser=Chrome
Testing: csp_id=41, page_id=29700, browser=Chrome
Testing: csp_id=41, page_id=29800, browser=Chrome
🏊 create_context_pools[first] (5x16): 0.557s
Testing: csp_id=52, page_id=0, browser=Chrome
[ERROR] page_id=46 csp_id=52, timeout: http://127.0.0.1:7000/test/out_46?csp=frame-src;connect-src http://127.0.0.1:7000;&browser=Chrome, 4.005s
[ERROR] page_id=47 csp_id=52, timeout: http://127.0.0.1:7000/test/out_47?csp=frame-src;connect-src http://127.0.0.1:7000;&browser=Chrome, 4.004s
Testing: csp_id=52, page_id=100, browser=Chrome
[ERROR] page_id=148 csp_id=52, timeout: http://127.0.0.1:7000/test/out_148?csp=frame-src;connect-src http://127.0.0.1:7000;&browser=Chrome, 4.003s
[ERROR] page_id=149 csp_id=52, timeout: http://127.0.0.1:7000/test/out_149?csp=frame-src;connect-src http://127.0.0.1:7000;&browser=Chrome, 4.003s
[ERROR] page_id=176 csp_id=52, timeout: http://127.0.0.1:7000/test/out_176?csp=frame-src;connect-src http://127.0.0.1:7000;&browser=Chrome, 4.005s
[ERROR] page_id=177 csp_id=52, timeout: http://127.0.0.1:7000/test/out_177?csp=frame-src;connect-src http://127.0.0.1:7000;&browser=Chrome, 4.005s
Testing: csp_id=52, page_id=200, browser=Chrome
Testing: csp_id=52, page_id=300, browser=Chrome
[ERROR] page_id=323 csp_id=52, timeout: http://127.0.0.1:7000/test/out_323?csp=frame-src;connect-src http://127.0.0.1:7000;&browser=Chrome, 4.001s
[ERROR] page_id=324 csp_id=52, timeout: http://127.0.0.1:7000/test/out_324?csp=frame-src;connect-src http://127.0.0.1:7000;&browser=Chrome, 4.001s
[ERROR] page_id=351 csp_id=52, timeout: http://127.0.0.1:7000/test/out_351?csp=frame-src;connect-src http://127.0.0.1:7000;&browser=Chrome, 4.003s
[ERROR] page_id=352 csp_id=52, timeout: http://127.0.0.1:7000/test/out_352?csp=frame-src;connect-src http://127.0.0.1:7000;&browser=Chrome, 4.005s
Testing: csp_id=52, page_id=400, browser=Chrome
Testing: csp_id=52, page_id=500, browser=Chrome
[ERROR] page_id=583 csp_id=52, timeout: http://127.0.0.1:7000/test/out_583?csp=frame-src;connect-src http://127.0.0.1:7000;&browser=Chrome, 4.023s
[ERROR] page_id=584 csp_id=52, timeout: http://127.0.0.1:7000/test/out_584?csp=frame-src;connect-src http://127.0.0.1:7000;&browser=Chrome, 4.022s
Testing: csp_id=52, page_id=600, browser=Chrome
[ERROR] page_id=611 csp_id=52, timeout: http://127.0.0.1:7000/test/out_611?csp=frame-src;connect-src http://127.0.0.1:7000;&browser=Chrome, 4.001s
[ERROR] page_id=612 csp_id=52, timeout: http://127.0.0.1:7000/test/out_612?csp=frame-src;connect-src http://127.0.0.1:7000;&browser=Chrome, 4.002s
[ERROR] page_id=639 csp_id=52, timeout: http://127.0.0.1:7000/test/out_639?csp=frame-src;connect-src http://127.0.0.1:7000;&browser=Chrome, 4.001s
[ERROR] page_id=640 csp_id=52, timeout: http://127.0.0.1:7000/test/out_640?csp=frame-src;connect-src http://127.0.0.1:7000;&browser=Chrome, 4.003s
[ERROR] page_id=667 csp_id=52, timeout: http://127.0.0.1:7000/test/out_667?csp=frame-src;connect-src http://127.0.0.1:7000;&browser=Chrome, 4.001s
[ERROR] page_id=668 csp_id=52, timeout: http://127.0.0.1:7000/test/out_668?csp=frame-src;connect-src http://127.0.0.1:7000;&browser=Chrome, 4.001s
Testing: csp_id=52, page_id=700, browser=Chrome
[ERROR] page_id=695 csp_id=52, timeout: http://127.0.0.1:7000/test/out_695?csp=frame-src;connect-src http://127.0.0.1:7000;&browser=Chrome, 4.001s
[ERROR] page_id=696 csp_id=52, timeout: http://127.0.0.1:7000/test/out_696?csp=frame-src;connect-src http://127.0.0.1:7000;&browser=Chrome, 4.001s
[ERROR] page_id=723 csp_id=52, timeout: http://127.0.0.1:7000/test/out_723?csp=frame-src;connect-src http://127.0.0.1:7000;&browser=Chrome, 4.001s
[ERROR] page_id=724 csp_id=52, timeout: http://127.0.0.1:7000/test/out_724?csp=frame-src;connect-src http://127.0.0.1:7000;&browser=Chrome, 4.001s
[ERROR] page_id=751 csp_id=52, timeout: http://127.0.0.1:7000/test/out_751?csp=frame-src;connect-src http://127.0.0.1:7000;&browser=Chrome, 4.010s
[ERROR] page_id=752 csp_id=52, timeout: http://127.0.0.1:7000/test/out_752?csp=frame-src;connect-src http://127.0.0.1:7000;&browser=Chrome, 4.003s
[ERROR] page_id=779 csp_id=52, timeout: http://127.0.0.1:7000/test/out_779?csp=frame-src;connect-src http://127.0.0.1:7000;&browser=Chrome, 4.002s
[ERROR] page_id=780 csp_id=52, timeout: http://127.0.0.1:7000/test/out_780?csp=frame-src;connect-src http://127.0.0.1:7000;&browser=Chrome, 4.001s
Testing: csp_id=52, page_id=800, browser=Chrome
[ERROR] page_id=807 csp_id=52, timeout: http://127.0.0.1:7000/test/out_807?csp=frame-src;connect-src http://127.0.0.1:7000;&browser=Chrome, 4.002s
[ERROR] page_id=808 csp_id=52, timeout: http://127.0.0.1:7000/test/out_808?csp=frame-src;connect-src http://127.0.0.1:7000;&browser=Chrome, 4.002s
[ERROR] page_id=835 csp_id=52, timeout: http://127.0.0.1:7000/test/out_835?csp=frame-src;connect-src http://127.0.0.1:7000;&browser=Chrome, 4.001s
[ERROR] page_id=836 csp_id=52, timeout: http://127.0.0.1:7000/test/out_836?csp=frame-src;connect-src http://127.0.0.1:7000;&browser=Chrome, 4.002s
[ERROR] page_id=863 csp_id=52, timeout: http://127.0.0.1:7000/test/out_863?csp=frame-src;connect-src http://127.0.0.1:7000;&browser=Chrome, 4.002s
[ERROR] page_id=864 csp_id=52, timeout: http://127.0.0.1:7000/test/out_864?csp=frame-src;connect-src http://127.0.0.1:7000;&browser=Chrome, 4.004s
[ERROR] page_id=891 csp_id=52, timeout: http://127.0.0.1:7000/test/out_891?csp=frame-src;connect-src http://127.0.0.1:7000;&browser=Chrome, 4.001s
[ERROR] page_id=892 csp_id=52, timeout: http://127.0.0.1:7000/test/out_892?csp=frame-src;connect-src http://127.0.0.1:7000;&browser=Chrome, 4.002s
Testing: csp_id=52, page_id=900, browser=Chrome
[ERROR] page_id=972 csp_id=52, timeout: http://127.0.0.1:7000/test/out_972?csp=frame-src;connect-src http://127.0.0.1:7000;&browser=Chrome, 4.003s
[ERROR] page_id=973 csp_id=52, timeout: http://127.0.0.1:7000/test/out_973?csp=frame-src;connect-src http://127.0.0.1:7000;&browser=Chrome, 4.002s
Testing: csp_id=52, page_id=1000, browser=Chrome
[ERROR] page_id=1000 csp_id=52, timeout: http://127.0.0.1:7000/test/out_1000?csp=frame-src;connect-src http://127.0.0.1:7000;&browser=Chrome, 4.003s
[ERROR] page_id=1001 csp_id=52, timeout: http://127.0.0.1:7000/test/out_1001?csp=frame-src;connect-src http://127.0.0.1:7000;&browser=Chrome, 4.002s
[ERROR] page_id=1028 csp_id=52, timeout: http://127.0.0.1:7000/test/out_1028?csp=frame-src;connect-src http://127.0.0.1:7000;&browser=Chrome, 4.002s
[ERROR] page_id=1029 csp_id=52, timeout: http://127.0.0.1:7000/test/out_1029?csp=frame-src;connect-src http://127.0.0.1:7000;&browser=Chrome, 4.001s
[ERROR] page_id=1043 csp_id=52, timeout: http://127.0.0.1:7000/test/out_1043?csp=frame-src;connect-src http://127.0.0.1:7000;&browser=Chrome, 4.002s
[ERROR] page_id=1044 csp_id=52, timeout: http://127.0.0.1:7000/test/out_1044?csp=frame-src;connect-src http://127.0.0.1:7000;&browser=Chrome, 4.001s
Testing: csp_id=52, page_id=1100, browser=Chrome
[ERROR] page_id=1099 csp_id=52, timeout: http://127.0.0.1:7000/test/out_1099?csp=frame-src;connect-src http://127.0.0.1:7000;&browser=Chrome, 4.004s
[ERROR] page_id=1100 csp_id=52, timeout: http://127.0.0.1:7000/test/out_1100?csp=frame-src;connect-src http://127.0.0.1:7000;&browser=Chrome, 4.001s
Testing: csp_id=52, page_id=1200, browser=Chrome
[ERROR] page_id=1201 csp_id=52, timeout: http://127.0.0.1:7000/test/out_1201?csp=frame-src;connect-src http://127.0.0.1:7000;&browser=Chrome, 4.003s
[ERROR] page_id=1202 csp_id=52, timeout: http://127.0.0.1:7000/test/out_1202?csp=frame-src;connect-src http://127.0.0.1:7000;&browser=Chrome, 4.003s
[ERROR] page_id=1229 csp_id=52, timeout: http://127.0.0.1:7000/test/out_1229?csp=frame-src;connect-src http://127.0.0.1:7000;&browser=Chrome, 4.002s
[ERROR] page_id=1230 csp_id=52, timeout: http://127.0.0.1:7000/test/out_1230?csp=frame-src;connect-src http://127.0.0.1:7000;&browser=Chrome, 4.002s
Testing: csp_id=52, page_id=1300, browser=Chrome
[ERROR] page_id=1376 csp_id=52, timeout: http://127.0.0.1:7000/test/out_1376?csp=frame-src;connect-src http://127.0.0.1:7000;&browser=Chrome, 4.005s
[ERROR] page_id=1377 csp_id=52, timeout: http://127.0.0.1:7000/test/out_1377?csp=frame-src;connect-src http://127.0.0.1:7000;&browser=Chrome, 4.004s
Testing: csp_id=52, page_id=1400, browser=Chrome
[ERROR] page_id=1404 csp_id=52, timeout: http://127.0.0.1:7000/test/out_1404?csp=frame-src;connect-src http://127.0.0.1:7000;&browser=Chrome, 4.010s
[ERROR] page_id=1405 csp_id=52, timeout: http://127.0.0.1:7000/test/out_1405?csp=frame-src;connect-src http://127.0.0.1:7000;&browser=Chrome, 4.009s
Testing: csp_id=52, page_id=1500, browser=Chrome
Testing: csp_id=52, page_id=1600, browser=Chrome
[ERROR] page_id=1636 csp_id=52, timeout: http://127.0.0.1:7000/test/out_1636?csp=frame-src;connect-src http://127.0.0.1:7000;&browser=Chrome, 4.002s
[ERROR] page_id=1637 csp_id=52, timeout: http://127.0.0.1:7000/test/out_1637?csp=frame-src;connect-src http://127.0.0.1:7000;&browser=Chrome, 4.001s
[ERROR] page_id=1664 csp_id=52, timeout: http://127.0.0.1:7000/test/out_1664?csp=frame-src;connect-src http://127.0.0.1:7000;&browser=Chrome, 4.006s
[ERROR] page_id=1665 csp_id=52, timeout: http://127.0.0.1:7000/test/out_1665?csp=frame-src;connect-src http://127.0.0.1:7000;&browser=Chrome, 4.004s
[ERROR] page_id=1692 csp_id=52, timeout: http://127.0.0.1:7000/test/out_1692?csp=frame-src;connect-src http://127.0.0.1:7000;&browser=Chrome, 4.003s
[ERROR] page_id=1693 csp_id=52, timeout: http://127.0.0.1:7000/test/out_1693?csp=frame-src;connect-src http://127.0.0.1:7000;&browser=Chrome, 4.003s
Testing: csp_id=52, page_id=1700, browser=Chrome
[ERROR] page_id=1720 csp_id=52, timeout: http://127.0.0.1:7000/test/out_1720?csp=frame-src;connect-src http://127.0.0.1:7000;&browser=Chrome, 4.001s
[ERROR] page_id=1721 csp_id=52, timeout: http://127.0.0.1:7000/test/out_1721?csp=frame-src;connect-src http://127.0.0.1:7000;&browser=Chrome, 4.000s
[ERROR] page_id=1748 csp_id=52, timeout: http://127.0.0.1:7000/test/out_1748?csp=frame-src;connect-src http://127.0.0.1:7000;&browser=Chrome, 4.001s
[ERROR] page_id=1749 csp_id=52, timeout: http://127.0.0.1:7000/test/out_1749?csp=frame-src;connect-src http://127.0.0.1:7000;&browser=Chrome, 4.002s
[ERROR] page_id=1776 csp_id=52, timeout: http://127.0.0.1:7000/test/out_1776?csp=frame-src;connect-src http://127.0.0.1:7000;&browser=Chrome, 4.002s
[ERROR] page_id=1777 csp_id=52, timeout: http://127.0.0.1:7000/test/out_1777?csp=frame-src;connect-src http://127.0.0.1:7000;&browser=Chrome, 4.002s
Testing: csp_id=52, page_id=1800, browser=Chrome
[ERROR] page_id=1804 csp_id=52, timeout: http://127.0.0.1:7000/test/out_1804?csp=frame-src;connect-src http://127.0.0.1:7000;&browser=Chrome, 4.004s
[ERROR] page_id=1805 csp_id=52, timeout: http://127.0.0.1:7000/test/out_1805?csp=frame-src;connect-src http://127.0.0.1:7000;&browser=Chrome, 4.003s
[ERROR] page_id=1832 csp_id=52, timeout: http://127.0.0.1:7000/test/out_1832?csp=frame-src;connect-src http://127.0.0.1:7000;&browser=Chrome, 4.001s
[ERROR] page_id=1833 csp_id=52, timeout: http://127.0.0.1:7000/test/out_1833?csp=frame-src;connect-src http://127.0.0.1:7000;&browser=Chrome, 4.002s
[ERROR] page_id=1860 csp_id=52, timeout: http://127.0.0.1:7000/test/out_1860?csp=frame-src;connect-src http://127.0.0.1:7000;&browser=Chrome, 4.002s
[ERROR] page_id=1861 csp_id=52, timeout: http://127.0.0.1:7000/test/out_1861?csp=frame-src;connect-src http://127.0.0.1:7000;&browser=Chrome, 4.002s
Testing: csp_id=52, page_id=1900, browser=Chrome
[ERROR] page_id=1888 csp_id=52, timeout: http://127.0.0.1:7000/test/out_1888?csp=frame-src;connect-src http://127.0.0.1:7000;&browser=Chrome, 4.005s
[ERROR] page_id=1889 csp_id=52, timeout: http://127.0.0.1:7000/test/out_1889?csp=frame-src;connect-src http://127.0.0.1:7000;&browser=Chrome, 4.004s
[ERROR] page_id=1916 csp_id=52, timeout: http://127.0.0.1:7000/test/out_1916?csp=frame-src;connect-src http://127.0.0.1:7000;&browser=Chrome, 4.002s
[ERROR] page_id=1917 csp_id=52, timeout: http://127.0.0.1:7000/test/out_1917?csp=frame-src;connect-src http://127.0.0.1:7000;&browser=Chrome, 4.002s
[ERROR] page_id=1944 csp_id=52, timeout: http://127.0.0.1:7000/test/out_1944?csp=frame-src;connect-src http://127.0.0.1:7000;&browser=Chrome, 4.002s
[ERROR] page_id=1945 csp_id=52, timeout: http://127.0.0.1:7000/test/out_1945?csp=frame-src;connect-src http://127.0.0.1:7000;&browser=Chrome, 4.002s
Testing: csp_id=52, page_id=2000, browser=Chrome
[ERROR] page_id=2025 csp_id=52, timeout: http://127.0.0.1:7000/test/out_2025?csp=frame-src;connect-src http://127.0.0.1:7000;&browser=Chrome, 4.003s
[ERROR] page_id=2026 csp_id=52, timeout: http://127.0.0.1:7000/test/out_2026?csp=frame-src;connect-src http://127.0.0.1:7000;&browser=Chrome, 4.002s
[ERROR] page_id=2053 csp_id=52, timeout: http://127.0.0.1:7000/test/out_2053?csp=frame-src;connect-src http://127.0.0.1:7000;&browser=Chrome, 4.005s
[ERROR] page_id=2054 csp_id=52, timeout: http://127.0.0.1:7000/test/out_2054?csp=frame-src;connect-src http://127.0.0.1:7000;&browser=Chrome, 4.002s
[ERROR] page_id=2081 csp_id=52, timeout: http://127.0.0.1:7000/test/out_2081?csp=frame-src;connect-src http://127.0.0.1:7000;&browser=Chrome, 4.004s
[ERROR] page_id=2082 csp_id=52, timeout: http://127.0.0.1:7000/test/out_2082?csp=frame-src;connect-src http://127.0.0.1:7000;&browser=Chrome, 4.004s
Testing: csp_id=52, page_id=2100, browser=Chrome
[ERROR] page_id=2096 csp_id=52, timeout: http://127.0.0.1:7000/test/out_2096?csp=frame-src;connect-src http://127.0.0.1:7000;&browser=Chrome, 4.003s
[ERROR] page_id=2097 csp_id=52, timeout: http://127.0.0.1:7000/test/out_2097?csp=frame-src;connect-src http://127.0.0.1:7000;&browser=Chrome, 4.003s
[ERROR] page_id=2177 csp_id=52, timeout: http://127.0.0.1:7000/test/out_2177?csp=frame-src;connect-src http://127.0.0.1:7000;&browser=Chrome, 4.002s
[ERROR] page_id=2178 csp_id=52, timeout: http://127.0.0.1:7000/test/out_2178?csp=frame-src;connect-src http://127.0.0.1:7000;&browser=Chrome, 4.001s
Testing: csp_id=52, page_id=2200, browser=Chrome
[ERROR] page_id=2205 csp_id=52, timeout: http://127.0.0.1:7000/test/out_2205?csp=frame-src;connect-src http://127.0.0.1:7000;&browser=Chrome, 4.001s
[ERROR] page_id=2206 csp_id=52, timeout: http://127.0.0.1:7000/test/out_2206?csp=frame-src;connect-src http://127.0.0.1:7000;&browser=Chrome, 4.002s
[ERROR] page_id=2260 csp_id=52, timeout: http://127.0.0.1:7000/test/out_2260?csp=frame-src;connect-src http://127.0.0.1:7000;&browser=Chrome, 4.002s
[ERROR] page_id=2261 csp_id=52, timeout: http://127.0.0.1:7000/test/out_2261?csp=frame-src;connect-src http://127.0.0.1:7000;&browser=Chrome, 4.001s
Testing: csp_id=52, page_id=2300, browser=Chrome
[ERROR] page_id=2288 csp_id=52, timeout: http://127.0.0.1:7000/test/out_2288?csp=frame-src;connect-src http://127.0.0.1:7000;&browser=Chrome, 4.003s
[ERROR] page_id=2289 csp_id=52, timeout: http://127.0.0.1:7000/test/out_2289?csp=frame-src;connect-src http://127.0.0.1:7000;&browser=Chrome, 4.002s
[ERROR] page_id=2316 csp_id=52, timeout: http://127.0.0.1:7000/test/out_2316?csp=frame-src;connect-src http://127.0.0.1:7000;&browser=Chrome, 4.002s
[ERROR] page_id=2317 csp_id=52, timeout: http://127.0.0.1:7000/test/out_2317?csp=frame-src;connect-src http://127.0.0.1:7000;&browser=Chrome, 4.002s
[ERROR] page_id=2336 csp_id=52, Page.goto: Connection closed while reading from the driver
[ERROR] page_id=2337 csp_id=52, Page.goto: Connection closed while reading from the driver
[ERROR] page_id=2338 csp_id=52, Page.goto: Connection closed while reading from the driver
[ERROR] page_id=2339 csp_id=52, Page.goto: Connection closed while reading from the driver
[ERROR] page_id=2340 csp_id=52, Page.goto: Connection closed while reading from the driver
[ERROR] page_id=2341 csp_id=52, Page.goto: Connection closed while reading from the driver
[ERROR] page_id=2342 csp_id=52, Page.goto: Connection closed while reading from the driver
[ERROR] page_id=2343 csp_id=52, Page.goto: Connection closed while reading from the driver
[ERROR] page_id=2344 csp_id=52, Page.goto: Connection closed while reading from the driver
[ERROR] page_id=2345 csp_id=52, Page.goto: Connection closed while reading from the driver
[ERROR] page_id=2346 csp_id=52, Page.goto: Connection closed while reading from the driver
[ERROR] page_id=2347 csp_id=52, Page.goto: Connection closed while reading from the driver
[ERROR] page_id=2348 csp_id=52, Page.goto: Connection closed while reading from the driver
[ERROR] page_id=2349 csp_id=52, Page.goto: Connection closed while reading from the driver
[ERROR] page_id=2350 csp_id=52, Page.goto: Connection closed while reading from the driver
[ERROR] page_id=2351 csp_id=52, Page.goto: Connection closed while reading from the driver
pipe closed by peer or os.write(pipe, data) raised exception.
pipe closed by peer or os.write(pipe, data) raised exception.
pipe closed by peer or os.write(pipe, data) raised exception.
pipe closed by peer or os.write(pipe, data) raised exception.
pipe closed by peer or os.write(pipe, data) raised exception.
pipe closed by peer or os.write(pipe, data) raised exception.
pipe closed by peer or os.write(pipe, data) raised exception.
pipe closed by peer or os.write(pipe, data) raised exception.
pipe closed by peer or os.write(pipe, data) raised exception.
pipe closed by peer or os.write(pipe, data) raised exception.
pipe closed by peer or os.write(pipe, data) raised exception.
[ERROR] page_id=2352 csp_id=52, Page.goto: Connection closed while reading from the driver
[ERROR] page_id=2353 csp_id=52, Page.goto: Connection closed while reading from the driver
[ERROR] page_id=2354 csp_id=52, Page.goto: Connection closed while reading from the driver
[ERROR] page_id=2355 csp_id=52, Page.goto: Connection closed while reading from the driver
[ERROR] page_id=2356 csp_id=52, Page.goto: Connection closed while reading from the driver
[ERROR] page_id=2357 csp_id=52, Page.goto: Connection closed while reading from the driver
[ERROR] page_id=2358 csp_id=52, Page.goto: Connection closed while reading from the driver
[ERROR] page_id=2359 csp_id=52, Page.goto: Connection closed while reading from the driver
[ERROR] page_id=2360 csp_id=52, Page.goto: Connection closed while reading from the driver
[ERROR] page_id=2361 csp_id=52, Page.goto: Connection closed while reading from the driver
[ERROR] page_id=2362 csp_id=52, Page.goto: Connection closed while reading from the driver
[ERROR] page_id=2363 csp_id=52, Page.goto: Connection closed while reading from the driver
[ERROR] page_id=2364 csp_id=52, Page.goto: Connection closed while reading from the driver
[ERROR] page_id=2365 csp_id=52, Page.goto: Connection closed while reading from the driver
[ERROR] page_id=2366 csp_id=52, Page.goto: Connection closed while reading from the driver
[ERROR] page_id=2367 csp_id=52, Page.goto: Connection closed while reading from the driver
pipe closed by peer or os.write(pipe, data) raised exception.
pipe closed by peer or os.write(pipe, data) raised exception.
pipe closed by peer or os.write(pipe, data) raised exception.
