576 5 S
176 0 S
336 0 S
177 0 S
337 0 S
178 0 S
338 0 S
576 0 S
497 5 S
418 0 S
498 0 S
496 0 S
497 0 S
416 5 S
417 5 S
416 0 S
417 0 S
657 5 S
738 5 S
817 5 S
898 5 S
656 0 S
578 0 S
577 0 S
737 0 S
736 0 S
657 0 S
658 0 S
818 0 S
817 0 S
738 0 S
897 0 S
816 0 S
898 0 S
896 0 S
976 0 S
977 0 S
1058 5 S
1138 5 S
1058 0 S
1056 0 S
1136 5 S
1057 0 S
1230 0 S
1231 0 S
1217 0 S
1216 0 S
1218 0 S
978 0 S
1229 0 S
1138 0 S
1137 0 S
1136 0 S
576 18 S
1376 0 S
1378 0 S
1390 0 S
1377 0 S
1389 0 S
1391 0 S
337 13 S
176 13 S
177 13 S
178 13 S
336 13 S
1456 0 S
1458 0 S
338 13 S
497 18 S
1457 0 S
576 13 S
1457 5 S
418 13 S
1471 0 S
498 13 S
496 13 S
497 13 S
1536 0 S
576 5 S
1536 5 S
417 13 S
1470 0 S
416 13 S
497 5 S
1469 0 S
417 18 S
416 18 S
1470 5 S
1469 5 S
817 18 S
657 18 S
738 18 S
898 18 S
417 5 S
416 5 S
658 13 S
657 13 S
577 13 S
736 13 S
737 13 S
656 13 S
578 13 S
738 13 S
817 13 S
818 13 S
816 13 S
898 13 S
897 13 S
896 13 S
976 13 S
977 13 S
1617 0 S
1631 0 S
1630 0 S
1618 0 S
1616 0 S
1629 0 S
1710 0 S
1709 0 S
1698 0 S
1696 0 S
1697 0 S
1537 0 S
1550 0 S
1551 0 S
1538 0 S
1549 0 S
1616 5 S
1618 5 S
1629 5 S
1058 18 S
1710 5 S
657 5 S
1550 5 S
817 5 S
738 5 S
1138 18 S
1136 18 S
1538 5 S
898 5 S
1056 13 S
1230 13 S
978 13 S
1216 13 S
1058 13 S
1218 13 S
1217 13 S
1231 13 S
1229 13 S
1057 13 S
1711 0 S
1777 0 S
1776 0 S
1790 0 S
1136 13 S
1857 0 S
1856 0 S
1138 13 S
1789 0 S
1791 0 S
1871 0 S
1778 0 S
1858 0 S
1137 13 S
1937 0 S
1869 0 S
1936 0 S
1938 0 S
1856 5 S
1457 18 S
1937 5 S
1058 5 S
1791 5 S
1870 0 S
1138 5 S
1136 5 S
1376 13 S
1870 5 S
1536 18 S
1456 13 S
1378 13 S
1389 13 S
1391 13 S
1458 13 S
1377 13 S
1390 13 S
1457 13 S
1470 18 S
1471 13 S
1469 18 S
1536 13 S
16982 21 S
16824 21 S
16822 21 S
16984 21 S
16983 21 S
16823 21 S
16904 21 S
16903 21 S
1469 13 S
16902 21 S
17222 21 S
1470 13 S
17143 21 S
17142 21 S
17144 21 S
16983 23 S
16984 23 S
16982 23 S
16904 23 S
2016 0 S
2017 0 S
16822 23 S
2018 0 S
16823 23 S
16824 23 S
1950 0 S
2109 0 S
1951 0 S
16903 23 S
16902 23 S
1949 0 S
17222 23 S
2031 0 S
2097 0 S
2110 0 S
2098 0 S
2030 0 S
2029 0 S
2176 0 S
2111 0 S
2096 0 S
177 26 S
176 26 S
178 26 S
336 26 S
337 26 S
17142 23 S
338 26 S
17144 23 S
576 26 S
17143 23 S
418 26 S
498 26 S
497 26 S
496 26 S
1951 5 S
2110 5 S
1457 5 S
1618 18 S
1616 18 S
1629 18 S
1536 5 S
1710 18 S
416 26 S
1550 18 S
1538 18 S
1618 13 S
1616 13 S
1617 13 S
1631 13 S
1629 13 S
1630 13 S
417 26 S
1469 5 S
1470 5 S
1696 13 S
1697 13 S
1709 13 S
1710 13 S
1698 13 S
1551 13 S
17463 21 S
17303 21 S
17383 21 S
17384 21 S
17302 21 S
17304 21 S
17464 21 S
17462 21 S
17622 21 S
17623 21 S
17382 21 S
17542 21 S
17543 21 S
1549 13 S
17544 21 S
17223 21 S
1550 13 S
17224 21 S
1538 13 S
1537 13 S
2190 0 S
2191 0 S
2189 0 S
2177 0 S
2178 0 S
2256 0 S
2257 0 S
2258 0 S
2336 0 S
2338 0 S
2337 0 S
2350 0 S
2349 0 S
2269 0 S
2270 0 S
2271 0 S
17383 23 S
17303 23 S
17302 23 S
17463 23 S
17623 23 S
17384 23 S
17304 23 S
17382 23 S
17622 23 S
17462 23 S
17464 23 S
2189 5 S
17224 23 S
2256 5 S
2337 5 S
17223 23 S
17543 23 S
17542 23 S
17544 23 S
1791 18 S
1856 18 S
1937 18 S
578 26 S
577 26 S
656 26 S
657 26 S
737 26 S
658 26 S
817 26 S
736 26 S
738 26 S
818 26 S
816 26 S
897 26 S
1616 5 S
1618 5 S
898 26 S
1629 5 S
896 26 S
1710 5 S
1711 13 S
1789 13 S
1776 13 S
1790 13 S
1791 13 S
1778 13 S
1777 13 S
1856 13 S
1871 13 S
1857 13 S
1858 13 S
1936 13 S
1938 13 S
1937 13 S
977 26 S
976 26 S
1869 13 S
1550 5 S
1538 5 S
17624 21 S
1870 18 S
2429 0 S
2431 0 S
2417 0 S
2351 0 S
2416 0 S
2430 0 S
2496 0 S
2418 0 S
2497 0 S
2511 0 S
2576 0 S
2578 0 S
1870 13 S
2510 0 S
2509 0 S
2577 0 S
2416 5 S
2429 5 S
2351 5 S
17624 23 S
2497 5 S
2511 5 S
2498 0 S
17862 23 S
17932 23 S
17851 23 S
17863 23 S
17853 23 S
17864 23 S
17852 23 S
17933 23 S
1791 5 S
1856 5 S
1937 5 S
1056 26 S
1216 26 S
1057 26 S
1217 26 S
1218 26 S
1058 26 S
1229 26 S
978 26 S
17931 23 S
1231 26 S
1230 26 S
1951 18 S
2110 18 S
2577 5 S
1138 26 S
1136 26 S
1137 26 S
2016 13 S
2017 13 S
2018 13 S
2096 13 S
1951 13 S
2031 13 S
1950 13 S
2109 13 S
1870 5 S
2110 13 S
1949 13 S
2176 13 S
2029 13 S
2111 13 S
2097 13 S
2030 13 S
2098 13 S
2591 0 S
2656 0 S
2669 0 S
2589 0 S
2738 0 S
2671 0 S
2657 0 S
2590 0 S
2816 0 S
2736 0 S
2737 0 S
2658 0 S
2749 0 S
2751 0 S
2670 0 S
2750 0 S
1376 26 S
1389 26 S
1377 26 S
576 31 S
1378 26 S
1390 26 S
1391 26 S
1456 26 S
18024 23 S
18013 23 S
18012 23 S
18011 23 S
18022 23 S
18023 23 S
2189 18 S
2590 5 S
2256 18 S
2658 5 S
2737 5 S
497 31 S
2670 5 S
2337 18 S
1457 26 S
1458 26 S
17943 23 S
1471 26 S
17944 23 S
17942 23 S
2110 5 S
1951 5 S
1536 26 S
18171 23 S
2190 13 S
2191 13 S
2189 13 S
2177 13 S
2256 13 S
2178 13 S
2257 13 S
2258 13 S
2336 13 S
2337 13 S
416 31 S
2338 13 S
417 31 S
2269 13 S
2349 13 S
2350 13 S
1470 26 S
2271 13 S
1469 26 S
2270 13 S
2831 0 S
2818 0 S
2897 0 S
2829 0 S
2898 0 S
2830 0 S
2817 0 S
2896 0 S
2829 5 S
2817 5 S
2898 5 S
2429 18 S
2189 5 S
2351 18 S
2416 18 S
2511 18 S
2497 18 S
2256 5 S
2337 5 S
18263 23 S
18264 23 S
18253 23 S
18252 23 S
18332 23 S
18342 23 S
18251 23 S
18331 23 S
18262 23 S
18343 23 S
657 31 S
738 31 S
817 31 S
898 31 S
18333 23 S
2429 13 S
2351 13 S
2417 13 S
2416 13 S
2430 13 S
2431 13 S
2418 13 S
2497 13 S
2496 13 S
1616 26 S
1618 26 S
2511 13 S
1629 26 S
1617 26 S
1631 26 S
1630 26 S
2578 13 S
2576 13 S
1698 26 S
18182 23 S
18173 23 S
18183 23 S
18172 23 S
18184 23 S
1696 26 S
1697 26 S
1709 26 S
1710 26 S
2577 18 S
1551 26 S
1550 26 S
1549 26 S
1538 26 S
1537 26 S
2498 13 S
2509 13 S
2577 13 S
2510 13 S
3149 0 S
3136 0 S
3138 0 S
3137 0 S
3151 0 S
3150 0 S
3217 0 S
3216 0 S
3218 0 S
2429 5 S
2416 5 S
2497 5 S
2351 5 S
2511 5 S
3217 5 S
1058 31 S
18411 23 S
18344 23 S
18412 23 S
1711 26 S
18413 23 S
18491 23 S
1790 26 S
18424 23 S
1777 26 S
1789 26 S
1778 26 S
1138 31 S
1856 26 S
1136 31 S
1791 26 S
18493 23 S
1776 26 S
18423 23 S
18492 23 S
18422 23 S
1857 26 S
1937 26 S
18504 23 S
1869 26 S
1938 26 S
1858 26 S
1936 26 S
1871 26 S
2577 5 S
2658 18 S
2590 18 S
2737 18 S
2670 18 S
18502 23 S
18503 23 S
18571 23 S
18573 23 S
18572 23 S
2658 13 S
2589 13 S
2590 13 S
2749 13 S
2670 13 S
2736 13 S
2751 13 S
2671 13 S
2738 13 S
2750 13 S
2591 13 S
2737 13 S
2657 13 S
1870 26 S
2656 13 S
2669 13 S
2816 13 S
3296 0 S
3298 0 S
3389 0 S
3310 0 S
3311 0 S
3378 0 S
3309 0 S
3391 0 S
3377 0 S
3456 0 S
3390 0 S
3297 0 S
3230 0 S
3229 0 S
3231 0 S
3376 0 S
16904 34 S
16902 34 S
16982 34 S
16984 34 S
16903 34 S
16983 34 S
16822 34 S
3297 5 S
16824 34 S
3378 5 S
16823 34 S
3309 5 S
3390 5 S
3229 5 S
17222 34 S
17144 34 S
17143 34 S
17142 34 S
1457 31 S
1536 31 S
2590 5 S
2829 18 S
2817 18 S
2737 5 S
2898 18 S
2976 18 S
2658 5 S
2909 18 S
2670 5 S
2910 18 S
2911 18 S
18651 23 S
18663 23 S
18653 23 S
18652 23 S
18664 23 S
18662 23 S
18584 23 S
18582 23 S
18583 23 S
1469 31 S
1470 31 S
2017 26 S
2018 26 S
2016 26 S
1950 26 S
2110 26 S
2111 26 S
2109 26 S
2176 26 S
2096 26 S
2031 26 S
2030 26 S
2829 13 S
2097 26 S
2098 26 S
2830 13 S
1951 26 S
2817 13 S
2831 13 S
2896 13 S
2029 26 S
1949 26 S
2818 13 S
2898 13 S
2897 13 S
2911 13 S
2909 13 S
2978 13 S
2910 13 S
2989 13 S
2977 13 S
2976 13 S
2990 13 S
3458 0 S
3457 0 S
3549 0 S
3536 0 S
3589 0 S
3537 0 S
3550 0 S
3551 0 S
3591 0 S
3617 0 S
3538 0 S
3470 0 S
3590 0 S
3469 0 S
3616 0 S
3471 0 S
3458 5 S
3537 5 S
3551 5 S
17382 34 S
17462 34 S
17303 34 S
17302 34 S
17383 34 S
17623 34 S
17384 34 S
17223 34 S
17463 34 S
17224 34 S
17542 34 S
17304 34 S
17622 34 S
17464 34 S
17544 34 S
17543 34 S
2829 5 S
2817 5 S
2898 5 S
3069 18 S
3057 18 S
3070 18 S
3056 18 S
3058 18 S
3071 18 S
2991 18 S
3217 18 S
1616 31 S
1618 31 S
1629 31 S
1710 31 S
1550 31 S
2189 26 S
2190 26 S
2191 26 S
1538 31 S
2178 26 S
2177 26 S
2257 26 S
2256 26 S
2258 26 S
2337 26 S
2336 26 S
2338 26 S
2269 26 S
2350 26 S
2349 26 S
3136 13 S
3151 13 S
3057 13 S
3056 13 S
3137 13 S
3149 13 S
3058 13 S
3069 13 S
3150 13 S
3071 13 S
3218 13 S
3618 0 S
3138 13 S
3070 13 S
3629 0 S
3216 13 S
3631 0 S
3217 13 S
20742 21 S
2270 26 S
3709 0 S
3630 0 S
3711 0 S
3750 0 S
2991 13 S
3696 0 S
3710 0 S
20744 21 S
20743 21 S
3751 0 S
3697 0 S
3749 0 S
20903 21 S
20902 21 S
2271 26 S
3698 0 S
21062 21 S
3631 5 S
3618 5 S
17624 34 S
3297 18 S
3217 5 S
3309 18 S
3390 18 S
3378 18 S
3229 18 S
16983 36 S
16903 36 S
16984 36 S
16982 36 S
16902 36 S
16904 36 S
16822 36 S
16824 36 S
16823 36 S
17222 36 S
17144 36 S
17142 36 S
17143 36 S
1856 31 S
1937 31 S
1791 31 S
3311 13 S
3296 13 S
3456 13 S
3378 13 S
1870 31 S
3310 13 S
3229 13 S
3309 13 S
3391 13 S
3230 13 S
3390 13 S
3297 13 S
3298 13 S
3389 13 S
3377 13 S
3776 0 S
3778 0 S
3777 0 S
2430 26 S
3789 0 S
2351 26 S
3231 13 S
2431 26 S
2418 26 S
3376 13 S
21303 21 S
2429 26 S
21304 21 S
2496 26 S
3791 0 S
2417 26 S
2416 26 S
2497 26 S
3829 0 S
2511 26 S
2576 26 S
3790 0 S
3830 0 S
3831 0 S
3858 0 S
2578 26 S
21302 21 S
21064 21 S
21063 21 S
3856 0 S
3857 0 S
3869 0 S
3871 0 S
3870 0 S
3778 5 S
3790 5 S
3829 5 S
4618 0 S
3856 5 S
3871 5 S
2577 26 S
2498 26 S
2509 26 S
2510 26 S
3458 18 S
3297 5 S
3537 18 S
3551 18 S
3309 5 S
3390 5 S
3378 5 S
3229 5 S
17382 36 S
17622 36 S
17463 36 S
17542 36 S
17383 36 S
17384 36 S
17302 36 S
17462 36 S
17623 36 S
17464 36 S
17543 36 S
17304 36 S
17223 36 S
17303 36 S
17544 36 S
17224 36 S
1951 31 S
2110 31 S
3537 13 S
3458 13 S
3551 13 S
3536 13 S
3550 13 S
3457 13 S
3469 13 S
3549 13 S
3590 13 S
3589 13 S
3538 13 S
3617 13 S
3591 13 S
3470 13 S
21542 21 S
3471 13 S
21543 21 S
3616 13 S
5887 5 S
4619 0 S
2591 26 S
2589 26 S
5018 0 S
2590 26 S
2658 26 S
2671 26 S
4859 0 S
2669 26 S
2657 26 S
2670 26 S
2751 26 S
2736 26 S
2749 26 S
2656 26 S
2737 26 S
4778 0 S
2738 26 S
2750 26 S
5968 5 S
5019 0 S
4620 0 S
4779 0 S
2816 26 S
4858 0 S
4780 0 S
4860 0 S
4939 0 S
4940 0 S
4938 0 S
3631 18 S
3618 18 S
3537 5 S
3458 5 S
3551 5 S
17932 36 S
17624 36 S
17863 36 S
17864 36 S
17931 36 S
17933 36 S
17862 36 S
17852 36 S
17851 36 S
17853 36 S
3631 13 S
3630 13 S
3629 13 S
3618 13 S
2189 31 S
3710 13 S
3711 13 S
2256 31 S
3750 13 S
3709 13 S
3751 13 S
3749 13 S
3697 13 S
3696 13 S
3698 13 S
2337 31 S
6287 5 S
6049 5 S
2829 26 S
2830 26 S
2818 26 S
2831 26 S
2989 26 S
2817 26 S
2911 26 S
2909 26 S
2897 26 S
2910 26 S
2977 26 S
2896 26 S
2978 26 S
5260 0 S
2976 26 S
2898 26 S
2990 26 S
3778 18 S
3631 5 S
3790 18 S
5258 0 S
5098 0 S
3618 5 S
5419 0 S
5099 0 S
5420 0 S
5259 0 S
5418 0 S
5020 0 S
5100 0 S
3829 18 S
5180 0 S
3856 18 S
5178 0 S
5179 0 S
3871 18 S
18013 36 S
18012 36 S
17943 36 S
18011 36 S
18024 36 S
17944 36 S
17942 36 S
18023 36 S
18022 36 S
18171 36 S
3778 13 S
3776 13 S
3777 13 S
3789 13 S
3791 13 S
3829 13 S
2429 31 S
2511 31 S
2416 31 S
2351 31 S
3790 13 S
2497 31 S
3831 13 S
3830 13 S
3858 13 S
3857 13 S
3856 13 S
3870 13 S
6687 5 S
3869 13 S
3871 13 S
6607 5 S
6529 5 S
4618 13 S
3057 26 S
3137 26 S
3138 26 S
3151 26 S
3069 26 S
3056 26 S
3070 26 S
3136 26 S
3149 26 S
3218 26 S
3150 26 S
2991 26 S
3216 26 S
3217 26 S
3071 26 S
5578 0 S
5499 0 S
5500 0 S
3778 5 S
3058 26 S
5580 0 S
5579 0 S
5659 0 S
5647 0 S
5660 0 S
5658 0 S
2577 31 S
5648 0 S
5649 0 S
3790 5 S
5498 0 S
3829 5 S
3856 5 S
5738 0 S
5887 18 S
3871 5 S
5968 18 S
18264 36 S
18343 36 S
18253 36 S
18332 36 S
18263 36 S
18262 36 S
18252 36 S
18331 36 S
18342 36 S
18333 36 S
18251 36 S
18182 36 S
18173 36 S
18184 36 S
18172 36 S
18183 36 S
6928 5 S
6916 5 S
4620 13 S
6997 5 S
4619 13 S
5018 13 S
4780 13 S
4858 13 S
4779 13 S
4860 13 S
5019 13 S
4939 13 S
4778 13 S
5808 0 S
5807 0 S
5820 0 S
4859 13 S
5809 0 S
5740 0 S
3296 26 S
4940 13 S
4938 13 S
2590 31 S
5819 0 S
3309 26 S
5818 0 S
3310 26 S
5887 0 S
5898 0 S
3231 26 S
3311 26 S
5739 0 S
5889 0 S
3297 26 S
3377 26 S
2658 31 S
3230 26 S
5887 5 S
3229 26 S
3298 26 S
3389 26 S
3456 26 S
2670 31 S
3378 26 S
5888 0 S
2737 31 S
5900 0 S
3390 26 S
3391 26 S
3376 26 S
5899 0 S
6049 18 S
5967 0 S
6287 18 S
5968 0 S
5968 5 S
18412 36 S
18424 36 S
18344 36 S
18504 36 S
18411 36 S
18413 36 S
18491 36 S
18493 36 S
18423 36 S
18492 36 S
18422 36 S
18572 36 S
18502 36 S
18573 36 S
18571 36 S
18503 36 S
3536 26 S
3537 26 S
3549 26 S
3550 26 S
3458 26 S
3538 26 S
3590 26 S
3457 26 S
3551 26 S
2829 31 S
3617 26 S
3471 26 S
6607 18 S
3469 26 S
3591 26 S
3589 26 S
6676 0 S
6529 18 S
3470 26 S
6838 0 S
6287 5 S
6049 5 S
22931 5 S
3616 26 S
2817 31 S
6677 0 S
6687 18 S
6916 0 S
6917 0 S
6918 0 S
2898 31 S
5978 0 S
5969 0 S
5980 0 S
5979 0 S
2909 31 S
2910 31 S
5260 13 S
2911 31 S
2976 31 S
5179 13 S
5420 13 S
5178 13 S
5099 13 S
5098 13 S
5259 13 S
5020 13 S
5419 13 S
5100 13 S
5180 13 S
5418 13 S
5258 13 S
22850 5 S
6837 0 S
6836 0 S
6678 0 S
18651 36 S
18652 36 S
18584 36 S
18663 36 S
18653 36 S
18662 36 S
18664 36 S
18582 36 S
18583 36 S
20742 34 S
20744 34 S
20743 34 S
20902 34 S
20903 34 S
21062 34 S
6607 5 S
3629 26 S
3618 26 S
3631 26 S
3630 26 S
6529 5 S
6687 5 S
3696 26 S
3749 26 S
3709 26 S
3751 26 S
3711 26 S
3698 26 S
3697 26 S
5499 13 S
3750 26 S
5498 13 S
3710 26 S
3070 31 S
5578 13 S
5579 13 S
5580 13 S
5658 13 S
5660 13 S
3071 31 S
3069 31 S
5659 13 S
3058 31 S
3056 31 S
6916 18 S
5738 13 S
5648 13 S
6928 18 S
5649 13 S
3057 31 S
5500 13 S
5647 13 S
2991 31 S
3217 31 S
6997 18 S
23012 5 S
7077 0 S
7238 0 S
7318 0 S
7317 0 S
7157 0 S
7316 0 S
7078 0 S
7156 0 S
7076 0 S
6997 0 S
6996 0 S
6998 0 S
23250 5 S
7236 0 S
7237 0 S
7158 0 S
21302 34 S
21303 34 S
21304 34 S
21064 34 S
21063 34 S
20743 23 S
20732 23 S
20813 23 S
20902 23 S
20822 23 S
20893 23 S
3777 26 S
3778 26 S
3776 26 S
3789 26 S
3790 26 S
5807 13 S
3791 26 S
3830 26 S
5809 13 S
5739 13 S
6916 5 S
5740 13 S
5820 13 S
5808 13 S
3858 26 S
5888 13 S
3857 26 S
3831 26 S
3829 26 S
5819 13 S
6928 5 S
3856 26 S
5889 13 S
5900 13 S
5887 13 S
5899 13 S
5898 13 S
5818 13 S
3870 26 S
3869 26 S
6997 5 S
3871 26 S
5967 13 S
5968 13 S
3309 31 S
3297 31 S
3378 31 S
3390 31 S
3229 31 S
4618 26 S
16823 18 S
16902 18 S
16822 18 S
16824 18 S
17142 18 S
17143 18 S
7476 0 S
23492 5 S
23570 5 S
7478 0 S
7557 0 S
7558 0 S
7556 0 S
23650 5 S
7477 0 S
7637 0 S
7716 0 S
7636 0 S
7638 0 S
7717 0 S
7718 0 S
7796 0 S
7797 0 S
16903 18 S
16904 18 S
16983 18 S
16982 18 S
16984 18 S
21543 34 S
21542 34 S
20971 23 S
20983 23 S
21063 23 S
21064 23 S
21062 23 S
21052 23 S
21051 23 S
21133 23 S
6677 13 S
6838 13 S
6676 13 S
3458 31 S
3551 31 S
3537 31 S
6916 13 S
6917 13 S
5969 13 S
6918 13 S
5978 13 S
5979 13 S
5980 13 S
4620 26 S
4859 26 S
5019 26 S
4858 26 S
4779 26 S
22931 5 S
4619 26 S
4780 26 S
4778 26 S
5018 26 S
4860 26 S
4940 26 S
4938 26 S
4939 26 S
23879 5 S
23891 5 S
6836 13 S
6837 13 S
6678 13 S
7956 0 S
7958 0 S
7957 0 S
7877 0 S
7876 0 S
7878 0 S
22850 5 S
8118 0 S
8117 0 S
8116 0 S
8198 0 S
8196 0 S
8197 0 S
7798 0 S
8037 0 S
8038 0 S
8036 0 S
17223 18 S
17224 18 S
17382 18 S
17222 18 S
17303 18 S
17302 18 S
17304 18 S
17464 18 S
17463 18 S
17543 18 S
17544 18 S
17542 18 S
17144 18 S
17462 18 S
17384 18 S
17383 18 S
21303 23 S
21224 23 S
21212 23 S
21223 23 S
21222 23 S
21211 23 S
21142 23 S
21213 23 S
3631 31 S
3618 31 S
5260 26 S
7316 13 S
7318 13 S
7238 13 S
7156 13 S
7317 13 S
7078 13 S
7157 13 S
7077 13 S
7076 13 S
5020 26 S
5420 26 S
5099 26 S
23960 5 S
5258 26 S
5100 26 S
6997 13 S
5179 26 S
6996 13 S
5419 26 S
6998 13 S
5418 26 S
5259 26 S
5098 26 S
5178 26 S
23972 5 S
5180 26 S
23012 5 S
8676 0 S
7158 13 S
8598 0 S
7237 13 S
7236 13 S
23250 5 S
17624 18 S
17704 18 S
17622 18 S
17623 18 S
17784 18 S
17702 18 S
17783 18 S
17703 18 S
17862 18 S
17863 18 S
17782 18 S
17864 18 S
17851 18 S
17853 18 S
17852 18 S
17931 18 S
8517 0 S
8516 0 S
8518 0 S
8597 0 S
8596 0 S
21462 23 S
21453 23 S
21533 23 S
21542 23 S
21543 23 S
3778 31 S
3790 31 S
3856 31 S
3829 31 S
3871 31 S
5498 26 S
5579 26 S
5578 26 S
5659 26 S
5580 26 S
5500 26 S
5499 26 S
5658 26 S
5647 26 S
5649 26 S
5648 26 S
5660 26 S
5738 26 S
25308 5 S
25070 5 S
7477 13 S
7557 13 S
7558 13 S
7638 13 S
7716 13 S
7476 13 S
7478 13 S
24908 5 S
7637 13 S
7556 13 S
7717 13 S
7636 13 S
7718 13 S
24989 5 S
7796 13 S
7797 13 S
23492 5 S
23570 5 S
23650 5 S
8677 0 S
8837 0 S
18011 18 S
8836 0 S
8678 0 S
18012 18 S
8838 0 S
8916 0 S
8917 0 S
8996 0 S
18024 18 S
18013 18 S
8918 0 S
18022 18 S
8997 0 S
17933 18 S
17932 18 S
17943 18 S
17942 18 S
17944 18 S
18023 18 S
21622 23 S
21544 23 S
21771 23 S
8998 0 S
9077 0 S
5887 31 S
26502 21 S
26504 21 S
26503 21 S
26344 21 S
5968 31 S
26423 21 S
5808 26 S
5809 26 S
5820 26 S
5807 26 S
5739 26 S
5740 26 S
5818 26 S
5888 26 S
5887 26 S
5819 26 S
5889 26 S
5900 26 S
5898 26 S
5899 26 S
5968 26 S
5967 26 S
7956 13 S
7957 13 S
7958 13 S
7876 13 S
7877 13 S
7878 13 S
8117 13 S
8116 13 S
8118 13 S
8196 13 S
8198 13 S
8197 13 S
8037 13 S
8036 13 S
8038 13 S
7798 13 S
25630 5 S
23879 5 S
23891 5 S
18171 18 S
18172 18 S
18332 18 S
18251 18 S
18182 18 S
18333 18 S
18173 18 S
18184 18 S
18183 18 S
22011 23 S
21783 23 S
21932 23 S
21933 23 S
21931 23 S
21852 23 S
21942 23 S
21944 23 S
21864 23 S
176 39 S
177 39 S
178 39 S
337 39 S
336 39 S
338 39 S
576 39 S
9476 0 S
18264 18 S
9478 0 S
9477 0 S
9397 0 S
9398 0 S
9078 0 S
9396 0 S
18263 18 S
18262 18 S
418 39 S
18331 18 S
18253 18 S
18252 18 S
497 39 S
496 39 S
498 39 S
6287 31 S
6049 31 S
26664 21 S
26662 21 S
416 39 S
417 39 S
6676 26 S
6677 26 S
6838 26 S
6918 26 S
6917 26 S
6916 26 S
5969 26 S
5979 26 S
5980 26 S
5978 26 S
6678 26 S
6836 26 S
8676 13 S
6837 26 S
8277 13 S
8437 13 S
8436 13 S
8356 13 S
8276 13 S
8358 13 S
8357 13 S
8278 13 S
25870 5 S
8598 13 S
25949 5 S
23960 5 S
23972 5 S
22023 23 S
22172 23 S
22171 23 S
8516 13 S
22173 23 S
22091 23 S
8438 13 S
8517 13 S
22092 23 S
22093 23 S
8597 13 S
8596 13 S
8518 13 S
9556 0 S
9558 0 S
9557 0 S
9637 0 S
9638 0 S
9716 0 S
9796 0 S
9797 0 S
9717 0 S
9876 0 S
9718 0 S
9798 0 S
9877 0 S
9636 0 S
9878 0 S
18343 18 S
18342 18 S
18411 18 S
9956 0 S
18344 18 S
18412 18 S
18413 18 S
18492 18 S
18424 18 S
18493 18 S
18491 18 S
18504 18 S
18502 18 S
18503 18 S
18422 18 S
18423 18 S
18571 18 S
6529 31 S
6607 31 S
6687 31 S
657 39 S
736 39 S
656 39 S
578 39 S
658 39 S
737 39 S
577 39 S
817 39 S
738 39 S
818 39 S
896 39 S
898 39 S
816 39 S
977 39 S
976 39 S
897 39 S
7156 26 S
7318 26 S
7316 26 S
7157 26 S
7077 26 S
7238 26 S
7317 26 S
7078 26 S
7076 26 S
26429 5 S
6996 26 S
6998 26 S
6997 26 S
8677 13 S
7237 26 S
8836 13 S
8838 13 S
8837 13 S
8757 13 S
8916 13 S
8756 13 S
8917 13 S
7236 26 S
8678 13 S
8996 13 S
26349 5 S
8997 13 S
22184 23 S
8918 13 S
22411 23 S
22332 23 S
22344 23 S
26348 5 S
7158 26 S
25070 5 S
9958 0 S
24908 5 S
9957 0 S
10116 0 S
10117 0 S
25308 5 S
10118 0 S
10196 0 S
10356 0 S
10197 0 S
10357 0 S
24989 5 S
10198 0 S
18663 18 S
18652 18 S
18651 18 S
18664 18 S
18662 18 S
18572 18 S
18653 18 S
18573 18 S
18584 18 S
18582 18 S
18583 18 S
10038 0 S
10037 0 S
10036 0 S
8998 13 S
6916 31 S
6928 31 S
9077 13 S
6997 31 S
1216 39 S
1057 39 S
1218 39 S
1056 39 S
1217 39 S
1058 39 S
1229 39 S
978 39 S
1230 39 S
1231 39 S
1136 39 S
1137 39 S
1138 39 S
22424 23 S
22423 23 S
22422 23 S
27368 5 S
7476 26 S
7477 26 S
7478 26 S
7636 26 S
7558 26 S
7556 26 S
7637 26 S
7638 26 S
7716 26 S
7717 26 S
7718 26 S
7557 26 S
27449 5 S
7796 26 S
7797 26 S
10358 0 S
9478 13 S
9398 13 S
9396 13 S
9157 13 S
9476 13 S
9317 13 S
9156 13 S
9158 13 S
9078 13 S
9397 13 S
9477 13 S
10436 0 S
10516 0 S
9238 13 S
10597 0 S
9318 13 S
10677 0 S
10598 0 S
10676 0 S
10518 0 S
10517 0 S
10437 0 S
10438 0 S
9316 13 S
10596 0 S
9236 13 S
9237 13 S
27369 5 S
1376 39 S
1378 39 S
1389 39 S
1391 39 S
1390 39 S
1377 39 S
25630 5 S
1457 39 S
10678 0 S
1456 39 S
1458 39 S
10756 0 S
10757 0 S
10758 0 S
1471 39 S
1536 39 S
16902 31 S
16824 31 S
16822 31 S
16823 31 S
17142 31 S
17143 31 S
1470 39 S
1469 39 S
16983 31 S
16903 31 S
16904 31 S
16984 31 S
16982 31 S
28423 21 S
28504 21 S
7956 26 S
7958 26 S
7877 26 S
7878 26 S
7957 26 S
8116 26 S
8197 26 S
7876 26 S
8117 26 S
8118 26 S
8196 26 S
8198 26 S
8037 26 S
8036 26 S
8038 26 S
27769 5 S
9558 13 S
9557 13 S
7798 26 S
27929 5 S
9718 13 S
9798 13 S
9556 13 S
9796 13 S
9877 13 S
25870 5 S
9797 13 S
9637 13 S
9716 13 S
9876 13 S
9638 13 S
9636 13 S
9878 13 S
9717 13 S
25949 5 S
9956 13 S
10838 0 S
10836 0 S
28503 21 S
10917 0 S
10918 0 S
10916 0 S
28502 21 S
10998 0 S
10996 0 S
10837 0 S
10997 0 S
27610 5 S
27688 5 S
1617 39 S
1616 39 S
1618 39 S
1629 39 S
1630 39 S
1631 39 S
1698 39 S
1709 39 S
1710 39 S
1697 39 S
1696 39 S
17382 31 S
17302 31 S
17223 31 S
17463 31 S
17222 31 S
1550 39 S
1537 39 S
17464 31 S
17224 31 S
17304 31 S
17303 31 S
17542 31 S
17544 31 S
17543 31 S
1549 39 S
17144 31 S
1551 39 S
1538 39 S
17384 31 S
17383 31 S
17462 31 S
8278 26 S
8276 26 S
8436 26 S
8676 26 S
8277 26 S
8358 26 S
8357 26 S
8356 26 S
8437 26 S
8598 26 S
9958 13 S
10117 13 S
10196 13 S
10116 13 S
10357 13 S
9957 13 S
10356 13 S
11317 0 S
11318 0 S
10276 13 S
11476 0 S
10118 13 S
11558 0 S
11477 0 S
11398 0 S
10278 13 S
10198 13 S
10277 13 S
11396 0 S
10197 13 S
11478 0 S
11557 0 S
11556 0 S
11316 0 S
11397 0 S
26429 5 S
10038 13 S
28249 5 S
28089 5 S
10037 13 S
10036 13 S
28488 5 S
28330 5 S
8517 26 S
8518 26 S
8438 26 S
8516 26 S
8596 26 S
8597 26 S
1711 39 S
1790 39 S
1791 39 S
1856 39 S
1858 39 S
1789 39 S
26349 5 S
1778 39 S
1776 39 S
1857 39 S
1777 39 S
26348 5 S
1938 39 S
1871 39 S
1937 39 S
1936 39 S
1869 39 S
1870 39 S
17702 31 S
17622 31 S
17704 31 S
17624 31 S
17623 31 S
17783 31 S
17703 31 S
17782 31 S
17851 31 S
17864 31 S
17784 31 S
17862 31 S
17863 31 S
17931 31 S
17852 31 S
17853 31 S
28490 5 S
28489 5 S
10598 13 S
10358 13 S
10676 13 S
10596 13 S
10516 13 S
10678 13 S
10677 13 S
10436 13 S
10437 13 S
10757 13 S
10438 13 S
10597 13 S
10517 13 S
10518 13 S
10756 13 S
10758 13 S
28650 5 S
28889 5 S
28729 5 S
8836 26 S
8837 26 S
8677 26 S
8756 26 S
8838 26 S
8916 26 S
8758 26 S
8917 26 S
8996 26 S
8918 26 S
8678 26 S
8997 26 S
8757 26 S
26502 34 S
26504 34 S
26503 34 S
27368 5 S
26344 34 S
27449 5 S
26423 34 S
8998 26 S
9076 26 S
9077 26 S
2017 39 S
2018 39 S
2016 39 S
1951 39 S
1950 39 S
2097 39 S
2031 39 S
2109 39 S
2110 39 S
2111 39 S
2176 39 S
2096 39 S
1949 39 S
2030 39 S
2098 39 S
27369 5 S
2029 39 S
18013 31 S
18011 31 S
17933 31 S
18012 31 S
17932 31 S
17943 31 S
18023 31 S
18024 31 S
17942 31 S
18022 31 S
17944 31 S
10918 13 S
10836 13 S
10838 13 S
10837 13 S
10998 13 S
10916 13 S
11236 13 S
10996 13 S
10917 13 S
10997 13 S
11158 13 S
11156 13 S
11078 13 S
29117 5 S
11076 13 S
11077 13 S
29050 5 S
29130 5 S
11157 13 S
26664 34 S
26662 34 S
9478 26 S
9477 26 S
9396 26 S
9156 26 S
9476 26 S
9397 26 S
9398 26 S
9158 26 S
9078 26 S
9157 26 S
9237 26 S
9318 26 S
9316 26 S
9317 26 S
9238 26 S
9236 26 S
2191 39 S
2189 39 S
2190 39 S
2256 39 S
2178 39 S
2257 39 S
2336 39 S
2337 39 S
2177 39 S
2338 39 S
27769 5 S
27929 5 S
2258 39 S
2350 39 S
2269 39 S
2349 39 S
2271 39 S
2270 39 S
18251 31 S
18332 31 S
18333 31 S
18171 31 S
18182 31 S
18172 31 S
18173 31 S
18184 31 S
18183 31 S
27610 5 S
27688 5 S
18263 31 S
18262 31 S
18331 31 S
18264 31 S
18253 31 S
18252 31 S
11476 13 S
11318 13 S
11317 13 S
11558 13 S
11398 13 S
11237 13 S
11557 13 S
11556 13 S
11478 13 S
11477 13 S
11238 13 S
11637 13 S
11316 13 S
11396 13 S
11636 13 S
11397 13 S
29277 5 S
29288 5 S
9558 26 S
9556 26 S
9796 26 S
9716 26 S
9638 26 S
9718 26 S
9636 26 S
9637 26 S
9798 26 S
9876 26 S
9797 26 S
9877 26 S
9717 26 S
9557 26 S
9878 26 S
29370 5 S
29356 5 S
29355 5 S
9956 26 S
2351 39 S
2429 39 S
2417 39 S
2430 39 S
2496 39 S
2511 39 S
2497 39 S
2416 39 S
2431 39 S
2576 39 S
2578 39 S
2418 39 S
29290 5 S
28249 5 S
28488 5 S
28089 5 S
28330 5 S
29289 5 S
2509 39 S
2577 39 S
18342 31 S
2498 39 S
18344 31 S
18411 31 S
18491 31 S
18493 31 S
18413 31 S
18424 31 S
18343 31 S
18492 31 S
18412 31 S
18423 31 S
18503 31 S
18502 31 S
2510 39 S
18571 31 S
18504 31 S
18422 31 S
11718 13 S
11717 13 S
11796 13 S
11877 13 S
11956 13 S
11958 13 S
11957 13 S
11878 13 S
11716 13 S
11797 13 S
11798 13 S
12036 13 S
12037 13 S
12038 13 S
11876 13 S
11638 13 S
10116 26 S
9958 26 S
10357 26 S
10198 26 S
10117 26 S
10356 26 S
10118 26 S
9957 26 S
10277 26 S
10276 26 S
10196 26 S
10278 26 S
10197 26 S
10037 26 S
10036 26 S
10038 26 S
28650 5 S
28490 5 S
28729 5 S
28489 5 S
28889 5 S
29436 5 S
29449 5 S
29530 5 S
29608 5 S
2591 39 S
2590 39 S
2589 39 S
2656 39 S
2657 39 S
18652 31 S
2737 39 S
2738 39 S
2749 39 S
18651 31 S
18653 31 S
2658 39 S
2751 39 S
2750 39 S
18662 31 S
2736 39 S
18663 31 S
18573 31 S
18584 31 S
2670 39 S
2669 39 S
18664 31 S
18572 31 S
2816 39 S
18582 31 S
18583 31 S
2671 39 S
12118 13 S
12116 13 S
12117 13 S
12438 13 S
12358 13 S
12356 13 S
12436 13 S
12437 13 S
12197 13 S
12198 13 S
12357 13 S
12278 13 S
12276 13 S
12196 13 S
12277 13 S
12516 13 S
10436 26 S
10518 26 S
10678 26 S
10597 26 S
10756 26 S
10596 26 S
10598 26 S
10437 26 S
10676 26 S
10677 26 S
10516 26 S
10517 26 S
10358 26 S
10757 26 S
10758 26 S
10438 26 S
29050 5 S
29117 5 S
29130 5 S
29676 5 S
29690 5 S
29835 5 S
2830 39 S
2829 39 S
2831 39 S
2817 39 S
2818 39 S
2896 39 S
2909 39 S
2897 39 S
2911 39 S
2910 39 S
2977 39 S
2976 39 S
2978 39 S
2898 39 S
2989 39 S
2990 39 S
28504 34 S
28423 34 S
12677 13 S
12678 13 S
12598 13 S
12676 13 S
12517 13 S
12836 13 S
12837 13 S
12758 13 S
12518 13 S
12838 13 S
12917 13 S
12597 13 S
12757 13 S
12596 13 S
12756 13 S
12916 13 S
28502 34 S
28503 34 S
10918 26 S
10917 26 S
10996 26 S
10838 26 S
10836 26 S
10837 26 S
10916 26 S
10998 26 S
10997 26 S
11077 26 S
11076 26 S
11236 26 S
11078 26 S
11158 26 S
11157 26 S
11156 26 S
20732 18 S
20743 18 S
20822 18 S
20813 18 S
20893 18 S
29288 5 S
29277 5 S
3137 39 S
3057 39 S
3056 39 S
3069 39 S
3070 39 S
3151 39 S
3058 39 S
3149 39 S
3150 39 S
29370 5 S
3071 39 S
3217 39 S
3216 39 S
3138 39 S
3136 39 S
3218 39 S
29355 5 S
2991 39 S
29356 5 S
29290 5 S
13077 13 S
12918 13 S
13078 13 S
13238 13 S
13076 13 S
13156 13 S
13237 13 S
13236 13 S
13317 13 S
13316 13 S
13157 13 S
13158 13 S
13318 13 S
12997 13 S
12996 13 S
12998 13 S
29289 5 S
11318 26 S
11317 26 S
11476 26 S
11398 26 S
11396 26 S
11556 26 S
11478 26 S
11237 26 S
11557 26 S
11477 26 S
11558 26 S
11238 26 S
11636 26 S
11316 26 S
11637 26 S
11397 26 S
20902 18 S
20971 18 S
21051 18 S
21063 18 S
21064 18 S
21052 18 S
21062 18 S
20983 18 S
3296 39 S
3297 39 S
3309 39 S
3311 39 S
3310 39 S
3298 39 S
3378 39 S
3389 39 S
3390 39 S
3456 39 S
3391 39 S
3229 39 S
3377 39 S
3230 39 S
3231 39 S
3376 39 S
13636 13 S
13556 13 S
13476 13 S
13638 13 S
13637 13 S
13557 13 S
13478 13 S
13718 13 S
13717 13 S
13477 13 S
13398 13 S
29436 5 S
13796 13 S
13396 13 S
29530 5 S
29449 5 S
29608 5 S
13397 13 S
13558 13 S
13716 13 S
11956 26 S
11958 26 S
11718 26 S
11716 26 S
11717 26 S
11878 26 S
11798 26 S
11796 26 S
11797 26 S
12038 26 S
11957 26 S
12036 26 S
11877 26 S
11876 26 S
12037 26 S
11638 26 S
21222 18 S
21303 18 S
21224 18 S
21223 18 S
21142 18 S
21213 18 S
21133 18 S
21211 18 S
21212 18 S
3457 39 S
3589 39 S
3537 39 S
3538 39 S
3536 39 S
3458 39 S
3550 39 S
3549 39 S
3551 39 S
3471 39 S
3469 39 S
3470 39 S
3591 39 S
3590 39 S
3616 39 S
3617 39 S
29676 5 S
29690 5 S
29835 5 S
13876 13 S
13878 13 S
13877 13 S
13957 13 S
13958 13 S
13798 13 S
13797 13 S
14037 13 S
14036 13 S
13956 13 S
14038 13 S
14196 13 S
14197 13 S
14117 13 S
14118 13 S
14116 13 S
12198 26 S
12436 26 S
12117 26 S
12438 26 S
21453 18 S
12437 26 S
12118 26 S
21462 18 S
12116 26 S
21533 18 S
12197 26 S
12357 26 S
12356 26 S
21373 18 S
12278 26 S
12358 26 S
12196 26 S
12277 26 S
12276 26 S
12516 26 S
15717 0 S
15718 0 S
15797 0 S
15798 0 S
15716 0 S
15796 0 S
15876 0 S
15878 0 S
15877 0 S
3631 39 S
3630 39 S
3618 39 S
3629 39 S
3709 39 S
3710 39 S
3749 39 S
3751 39 S
3750 39 S
3711 39 S
3696 39 S
3697 39 S
3698 39 S
14277 13 S
21542 18 S
21704 18 S
14596 13 S
21543 18 S
21544 18 S
14276 13 S
14517 13 S
14278 13 S
12838 26 S
14198 13 S
14598 13 S
12676 26 S
14597 13 S
14436 13 S
21622 18 S
21692 18 S
12836 26 S
14516 13 S
12758 26 S
14358 13 S
21771 18 S
14357 13 S
12518 26 S
12837 26 S
12678 26 S
12517 26 S
12916 26 S
12677 26 S
12757 26 S
14356 13 S
12756 26 S
14438 13 S
12598 26 S
12597 26 S
12596 26 S
12917 26 S
15956 0 S
14437 13 S
15957 0 S
14518 13 S
16356 0 S
15958 0 S
16037 0 S
16038 0 S
16036 0 S
3776 39 S
3777 39 S
3790 39 S
3778 39 S
3791 39 S
3789 39 S
3829 39 S
3830 39 S
3831 39 S
3858 39 S
3856 39 S
3857 39 S
3869 39 S
3870 39 S
3871 39 S
4618 39 S
25612 23 S
21783 18 S
21932 18 S
21852 18 S
21931 18 S
21933 18 S
21942 18 S
21864 18 S
14676 13 S
14756 13 S
14678 13 S
12918 26 S
14677 13 S
14757 13 S
14758 13 S
13076 26 S
13077 26 S
13078 26 S
14836 13 S
14837 13 S
14838 13 S
13157 26 S
14916 13 S
16518 0 S
13156 26 S
16516 0 S
16517 0 S
16357 0 S
16598 0 S
16436 0 S
16438 0 S
14918 13 S
16437 0 S
16358 0 S
14917 13 S
16596 0 S
13158 26 S
13236 26 S
13238 26 S
13237 26 S
13318 26 S
13316 26 S
13317 26 S
16597 0 S
12997 26 S
12998 26 S
12996 26 S
14996 13 S
14997 13 S
14998 13 S
15076 13 S
4620 39 S
4858 39 S
4619 39 S
4779 39 S
4778 39 S
4860 39 S
4780 39 S
5019 39 S
5018 39 S
4859 39 S
4939 39 S
4938 39 S
4940 39 S
25771 23 S
22011 18 S
22023 18 S
22171 18 S
22172 18 S
22173 18 S
21944 18 S
22092 18 S
22093 18 S
22091 18 S
13556 26 S
13476 26 S
13638 26 S
13717 26 S
13637 26 S
13718 26 S
13557 26 S
13478 26 S
13477 26 S
13636 26 S
13398 26 S
13558 26 S
13397 26 S
13796 26 S
13396 26 S
13716 26 S
15316 13 S
15476 13 S
15477 13 S
15077 13 S
15398 13 S
15396 13 S
15078 13 S
15397 13 S
15318 13 S
15317 13 S
15156 13 S
15158 13 S
15157 13 S
15237 13 S
15236 13 S
15238 13 S
5260 39 S
5020 39 S
5420 39 S
5179 39 S
5098 39 S
5099 39 S
5178 39 S
5100 39 S
5259 39 S
5180 39 S
5258 39 S
5418 39 S
5419 39 S
25864 23 S
25853 23 S
25932 23 S
22252 18 S
22184 18 S
22332 18 S
22411 18 S
22344 18 S
13876 26 S
13878 26 S
13877 26 S
13956 26 S
13957 26 S
13958 26 S
13798 26 S
13797 26 S
14036 26 S
14196 26 S
14037 26 S
14038 26 S
15718 13 S
14117 26 S
15717 13 S
15478 13 S
14197 26 S
14116 26 S
14118 26 S
15797 13 S
15716 13 S
15798 13 S
15796 13 S
15558 13 S
15877 13 S
15556 13 S
15638 13 S
15557 13 S
15636 13 S
15637 13 S
15876 13 S
5659 39 S
15878 13 S
5658 39 S
5578 39 S
5499 39 S
5648 39 S
5500 39 S
5660 39 S
5580 39 S
5498 39 S
5579 39 S
5647 39 S
5649 39 S
576 44 S
5738 39 S
497 44 S
20732 31 S
20743 31 S
20813 31 S
20822 31 S
20893 31 S
416 44 S
417 44 S
22424 18 S
22422 18 S
22423 18 S
22572 18 S
22583 18 S
22493 18 S
22503 18 S
14596 26 S
14598 26 S
14597 26 S
14516 26 S
14198 26 S
14277 26 S
14278 26 S
14517 26 S
14357 26 S
14358 26 S
14276 26 S
14518 26 S
14356 26 S
14436 26 S
14438 26 S
14437 26 S
15956 13 S
16116 13 S
16117 13 S
16356 13 S
15958 13 S
16118 13 S
15957 13 S
16037 13 S
16036 13 S
16277 13 S
16038 13 S
16197 13 S
16196 13 S
16276 13 S
16278 13 S
16198 13 S
5807 39 S
5809 39 S
5808 39 S
5820 39 S
5739 39 S
5740 39 S
5818 39 S
5819 39 S
5889 39 S
5898 39 S
5887 39 S
5888 39 S
5900 39 S
5899 39 S
5968 39 S
5967 39 S
16982 47 S
16824 47 S
16823 47 S
16822 47 S
16903 47 S
16984 47 S
16983 47 S
26333 23 S
26342 23 S
26344 23 S
16902 47 S
16904 47 S
26411 23 S
26413 23 S
26412 23 S
20902 31 S
20971 31 S
21053 31 S
657 44 S
17222 47 S
738 44 S
21051 31 S
817 44 S
21052 31 S
21063 31 S
21064 31 S
21062 31 S
20983 31 S
898 44 S
17142 47 S
17143 47 S
17144 47 S
22652 18 S
14756 26 S
14676 26 S
16516 13 S
14837 26 S
16598 13 S
16517 13 S
16518 13 S
16437 13 S
16357 13 S
14677 26 S
16436 13 S
16438 13 S
14757 26 S
16596 13 S
15076 26 S
14996 26 S
14916 26 S
14678 26 S
14997 26 S
16678 13 S
16358 13 S
14998 26 S
14917 26 S
14758 26 S
14918 26 S
16756 13 S
16677 13 S
16757 13 S
16597 13 S
16676 13 S
14836 26 S
14838 26 S
6677 39 S
6838 39 S
6676 39 S
6916 39 S
6917 39 S
6918 39 S
5969 39 S
5979 39 S
5980 39 S
5978 39 S
6836 39 S
6837 39 S
6678 39 S
21303 31 S
21224 31 S
21222 31 S
1058 44 S
21142 31 S
21223 31 S
17382 47 S
21211 31 S
21133 31 S
21212 31 S
17462 47 S
17224 47 S
18757 0 S
18836 0 S
18879 0 S
22811 18 S
21213 31 S
22850 18 S
18837 0 S
18838 0 S
18756 0 S
18758 0 S
22823 18 S
1138 44 S
1136 44 S
17302 47 S
17383 47 S
17303 47 S
17384 47 S
17223 47 S
17304 47 S
17464 47 S
17463 47 S
17489 47 S
17478 47 S
17491 47 S
17490 47 S
17488 47 S
16824 13 S
16823 13 S
16836 13 S
16837 13 S
16982 13 S
15078 26 S
16758 13 S
16838 13 S
16822 13 S
16903 13 S
16984 13 S
16983 13 S
15077 26 S
15476 26 S
16916 13 S
16904 13 S
15158 26 S
15316 26 S
15477 26 S
15317 26 S
16918 13 S
16917 13 S
16902 13 S
15398 26 S
15318 26 S
15397 26 S
15156 26 S
15238 26 S
15396 26 S
15236 26 S
15157 26 S
15237 26 S
7316 39 S
7077 39 S
7238 39 S
7318 39 S
7078 39 S
7156 39 S
7317 39 S
7157 39 S
7076 39 S
6997 39 S
6996 39 S
6998 39 S
21462 31 S
21533 31 S
21453 31 S
21373 31 S
7237 39 S
7236 39 S
7158 39 S
18881 0 S
18916 0 S
18917 0 S
18996 0 S
18918 0 S
18997 0 S
22982 18 S
18998 0 S
19039 0 S
19040 0 S
18961 0 S
18880 0 S
19077 0 S
19076 0 S
19041 0 S
1457 44 S
22931 18 S
22973 18 S
22904 18 S
22903 18 S
22971 18 S
22892 18 S
22902 18 S
1536 44 S
17493 47 S
17492 47 S
17495 47 S
17498 47 S
17497 47 S
17494 47 S
17496 47 S
17499 47 S
17503 47 S
17504 47 S
17507 47 S
17505 47 S
17506 47 S
16996 13 S
16997 13 S
15717 26 S
17500 47 S
17501 47 S
17502 47 S
15718 26 S
16998 13 S
15798 26 S
15797 26 S
15796 26 S
15556 26 S
15716 26 S
15558 26 S
15478 26 S
1470 44 S
15557 26 S
15636 26 S
17222 13 S
15638 26 S
15637 26 S
15876 26 S
15878 26 S
15877 26 S
1469 44 S
17143 13 S
17142 13 S
17144 13 S
17158 13 S
17156 13 S
17157 13 S
21544 31 S
21622 31 S
21543 31 S
21542 31 S
7476 39 S
7478 39 S
7477 39 S
21692 31 S
7556 39 S
7638 39 S
7718 39 S
7637 39 S
7636 39 S
21704 31 S
7716 39 S
7717 39 S
7557 39 S
7558 39 S
21771 31 S
7796 39 S
19078 0 S
7797 39 S
23012 18 S
19279 0 S
19281 0 S
19280 0 S
23051 18 S
23132 18 S
19201 0 S
19199 0 S
19158 0 S
19200 0 S
19156 0 S
19238 0 S
19236 0 S
19237 0 S
19157 0 S
17237 13 S
17317 13 S
17236 13 S
17382 13 S
17303 13 S
17223 13 S
17238 13 S
1629 44 S
17316 13 S
17397 13 S
17384 13 S
1616 44 S
17302 13 S
17304 13 S
17383 13 S
15956 26 S
17396 13 S
1710 44 S
17510 47 S
17318 13 S
17515 47 S
15957 26 S
16356 26 S
1618 44 S
16118 26 S
16036 26 S
15958 26 S
17224 13 S
16116 26 S
16117 26 S
16037 26 S
16038 26 S
16197 26 S
17513 47 S
16278 26 S
17522 47 S
16276 26 S
16198 26 S
16196 26 S
16277 26 S
1550 44 S
17520 47 S
17514 47 S
17511 47 S
17508 47 S
17519 47 S
17523 47 S
17512 47 S
17509 47 S
17521 47 S
17516 47 S
17518 47 S
17517 47 S
1538 44 S
21783 31 S
21932 31 S
21931 31 S
21852 31 S
21933 31 S
21942 31 S
21864 31 S
7956 39 S
21943 31 S
7958 39 S
7957 39 S
7878 39 S
8117 39 S
7877 39 S
8118 39 S
7876 39 S
8116 39 S
23211 18 S
8197 39 S
23250 18 S
23222 18 S
23213 18 S
19396 0 S
19316 0 S
19361 0 S
19397 0 S
8198 39 S
19360 0 S
8196 39 S
19317 0 S
19318 0 S
19398 0 S
23292 18 S
19441 0 S
19476 0 S
19478 0 S
19477 0 S
19439 0 S
19519 0 S
19440 0 S
8036 39 S
7798 39 S
19359 0 S
8037 39 S
8038 39 S
17463 13 S
17462 13 S
17398 13 S
17476 13 S
17477 13 S
17464 13 S
17622 13 S
17623 13 S
17624 13 S
17478 13 S
17544 13 S
17543 13 S
17542 13 S
17558 13 S
17557 13 S
17556 13 S
1856 44 S
1791 44 S
1937 44 S
16436 26 S
16437 26 S
16518 26 S
16357 26 S
16517 26 S
16516 26 S
16596 26 S
16598 26 S
16676 26 S
16678 26 S
16438 26 S
16756 26 S
16677 26 S
16757 26 S
16358 26 S
17526 47 S
17524 47 S
17525 47 S
16597 26 S
17531 47 S
17527 47 S
17533 47 S
17532 47 S
22011 31 S
22023 31 S
22173 31 S
22171 31 S
22172 31 S
17530 47 S
17528 47 S
17529 47 S
17539 47 S
17535 47 S
21944 31 S
17538 47 S
23303 18 S
22091 31 S
17537 47 S
22093 31 S
22092 31 S
17534 47 S
17536 47 S
8676 39 S
8278 39 S
8276 39 S
8277 39 S
8356 39 S
8436 39 S
8598 39 S
8358 39 S
8437 39 S
8357 39 S
19556 0 S
19557 0 S
1870 44 S
19558 0 S
19520 0 S
19638 0 S
19636 0 S
19637 0 S
19521 0 S
19680 0 S
19716 0 S
19599 0 S
19681 0 S
19679 0 S
19717 0 S
19601 0 S
19600 0 S
8517 39 S
8438 39 S
8516 39 S
8518 39 S
8596 39 S
8597 39 S
17718 13 S
17782 13 S
17716 13 S
17636 13 S
17702 13 S
17703 13 S
17704 13 S
17717 13 S
17783 13 S
17784 13 S
17797 13 S
17796 13 S
17638 13 S
17637 13 S
17798 13 S
17851 13 S
16836 26 S
16837 26 S
16824 26 S
16822 26 S
16983 26 S
16838 26 S
16823 26 S
16902 26 S
16982 26 S
16984 26 S
16758 26 S
16918 26 S
16916 26 S
16904 26 S
16903 26 S
16917 26 S
22184 31 S
22252 31 S
23492 18 S
22332 31 S
22411 31 S
22344 31 S
17542 47 S
23532 18 S
17540 47 S
1951 44 S
2110 44 S
19759 0 S
19761 0 S
19760 0 S
19841 0 S
19878 0 S
19877 0 S
19839 0 S
19876 0 S
19889 0 S
19887 0 S
17543 47 S
17541 47 S
17544 47 S
17546 47 S
19718 0 S
17550 47 S
17555 47 S
19840 0 S
17547 47 S
17548 47 S
17552 47 S
17549 47 S
17545 47 S
17553 47 S
19888 0 S
17551 47 S
17554 47 S
19798 0 S
19797 0 S
19796 0 S
23570 18 S
23544 18 S
8677 39 S
8836 39 S
8838 39 S
8756 39 S
8916 39 S
8837 39 S
8757 39 S
8917 39 S
8918 39 S
8996 39 S
8678 39 S
8997 39 S
17853 13 S
17852 13 S
17863 13 S
17862 13 S
17864 13 S
17876 13 S
17877 13 S
17878 13 S
17943 13 S
17933 13 S
17944 13 S
17932 13 S
17942 13 S
17956 13 S
17957 13 S
8998 39 S
17931 13 S
9077 39 S
16996 26 S
16997 26 S
16998 26 S
17222 26 S
17156 26 S
17144 26 S
22422 31 S
22423 31 S
22424 31 S
17143 26 S
22572 31 S
17158 26 S
17157 26 S
17142 26 S
22493 31 S
22583 31 S
2189 44 S
2256 44 S
2337 44 S
22503 31 S
19920 0 S
19921 0 S
19919 0 S
20038 0 S
19999 0 S
20000 0 S
20047 0 S
20001 0 S
20036 0 S
17558 47 S
17561 47 S
20037 0 S
19969 0 S
17557 47 S
17556 47 S
17563 47 S
17562 47 S
17560 47 S
17570 47 S
17559 47 S
17568 47 S
17566 47 S
17565 47 S
17564 47 S
17569 47 S
17571 47 S
17567 47 S
23650 18 S
23612 18 S
18037 13 S
9478 39 S
9477 39 S
9397 39 S
9318 39 S
9078 39 S
9158 39 S
9476 39 S
9398 39 S
9156 39 S
9396 39 S
18024 13 S
18012 13 S
18013 13 S
9157 39 S
9316 39 S
18022 13 S
18036 13 S
18038 13 S
18011 13 S
9317 39 S
18023 13 S
9237 39 S
9236 39 S
17958 13 S
9238 39 S
17236 26 S
17238 26 S
17237 26 S
17303 26 S
17317 26 S
17224 26 S
17302 26 S
17223 26 S
17318 26 S
17382 26 S
17316 26 S
17397 26 S
17383 26 S
17396 26 S
17384 26 S
17304 26 S
22652 31 S
2429 44 S
2497 44 S
2416 44 S
2351 44 S
2511 44 S
20080 0 S
20048 0 S
20049 0 S
20081 0 S
17573 47 S
17572 47 S
17577 47 S
17574 47 S
17578 47 S
17580 47 S
17579 47 S
17575 47 S
17576 47 S
17583 47 S
17581 47 S
17584 47 S
17585 47 S
17587 47 S
17586 47 S
17582 47 S
2577 44 S
20160 0 S
20196 0 S
20197 0 S
20159 0 S
20161 0 S
9556 39 S
9557 39 S
9558 39 S
9797 39 S
18262 13 S
9717 39 S
9636 39 S
9796 39 S
9877 39 S
9876 39 S
9718 39 S
9638 39 S
9637 39 S
9878 39 S
9716 39 S
9798 39 S
18252 13 S
18253 13 S
9956 39 S
18251 13 S
18171 13 S
18172 13 S
18183 13 S
18196 13 S
18173 13 S
18182 13 S
18198 13 S
18184 13 S
18197 13 S
17462 26 S
17463 26 S
17398 26 S
17464 26 S
17476 26 S
17477 26 S
17622 26 S
17623 26 S
17543 26 S
17624 26 S
22811 31 S
22823 31 S
22850 31 S
17544 26 S
17478 26 S
17542 26 S
17557 26 S
17556 26 S
17558 26 S
23879 18 S
23891 18 S
23864 18 S
23863 18 S
17590 47 S
20276 0 S
23852 18 S
17593 47 S
20278 0 S
20288 0 S
20277 0 S
20319 0 S
20289 0 S
17600 47 S
17591 47 S
20287 0 S
20321 0 S
20320 0 S
17589 47 S
17595 47 S
17594 47 S
17592 47 S
17601 47 S
17588 47 S
2658 44 S
2590 44 S
2670 44 S
2737 44 S
17596 47 S
17597 47 S
17602 47 S
17598 47 S
17599 47 S
17603 47 S
20208 0 S
20209 0 S
20239 0 S
20207 0 S
20198 0 S
20240 0 S
20241 0 S
18263 13 S
18276 13 S
18343 13 S
18344 13 S
18331 13 S
18332 13 S
18264 13 S
18412 13 S
18411 13 S
18342 13 S
18356 13 S
9958 39 S
10116 39 S
10357 39 S
10117 39 S
18277 13 S
18357 13 S
18358 13 S
10356 39 S
18278 13 S
18333 13 S
10198 39 S
9957 39 S
10118 39 S
10277 39 S
10196 39 S
10197 39 S
10278 39 S
10276 39 S
10038 39 S
10037 39 S
10036 39 S
22982 31 S
17636 26 S
17702 26 S
17703 26 S
17718 26 S
17716 26 S
17704 26 S
17717 26 S
17782 26 S
17784 26 S
17796 26 S
17783 26 S
17637 26 S
17638 26 S
17798 26 S
17797 26 S
17851 26 S
22902 31 S
22892 31 S
22931 31 S
22903 31 S
22904 31 S
22971 31 S
22973 31 S
20357 0 S
20358 0 S
20369 0 S
20356 0 S
20368 0 S
20399 0 S
20400 0 S
20401 0 S
20449 0 S
20436 0 S
20437 0 S
20447 0 S
2829 44 S
20479 0 S
2817 44 S
20438 0 S
20367 0 S
17604 47 S
17605 47 S
17617 47 S
17614 47 S
17606 47 S
17619 47 S
17607 47 S
17609 47 S
17616 47 S
17608 47 S
17613 47 S
17612 47 S
20448 0 S
17618 47 S
2898 44 S
2910 44 S
2911 44 S
17615 47 S
17610 47 S
17611 47 S
2909 44 S
23932 18 S
2976 44 S
23960 18 S
23931 18 S
23942 18 S
23933 18 S
18492 13 S
18438 13 S
18437 13 S
18422 13 S
18413 13 S
18424 13 S
18493 13 S
18518 13 S
18517 13 S
18491 13 S
18504 13 S
18516 13 S
18436 13 S
18502 13 S
18423 13 S
18503 13 S
10598 39 S
10678 39 S
10677 39 S
10597 39 S
10676 39 S
10517 39 S
10758 39 S
10518 39 S
10437 39 S
10438 39 S
10756 39 S
10436 39 S
10596 39 S
10516 39 S
10757 39 S
10358 39 S
23051 31 S
23012 31 S
23132 31 S
17863 26 S
17853 26 S
17862 26 S
17852 26 S
17876 26 S
17864 26 S
17933 26 S
17932 26 S
17877 26 S
17942 26 S
17944 26 S
17943 26 S
17878 26 S
17956 26 S
17957 26 S
17931 26 S
20516 0 S
20480 0 S
20517 0 S
20481 0 S
20518 0 S
17627 47 S
20561 0 S
20527 0 S
20559 0 S
20560 0 S
25070 18 S
20528 0 S
17622 47 S
17621 47 S
17628 47 S
24908 18 S
3069 44 S
17624 47 S
3071 44 S
3058 44 S
17623 47 S
17620 47 S
3056 44 S
17633 47 S
20607 0 S
3070 44 S
17626 47 S
17625 47 S
17631 47 S
17632 47 S
3217 44 S
17629 47 S
20529 0 S
17634 47 S
3057 44 S
20608 0 S
17630 47 S
17635 47 S
24989 18 S
2991 44 S
18651 13 S
18662 13 S
18664 13 S
18653 13 S
18572 13 S
18571 13 S
18676 13 S
18573 13 S
18652 13 S
18663 13 S
18584 13 S
18598 13 S
18596 13 S
18597 13 S
18582 13 S
18583 13 S
10916 39 S
10837 39 S
10836 39 S
10996 39 S
10838 39 S
10997 39 S
10917 39 S
10918 39 S
10998 39 S
23222 31 S
23213 31 S
23250 31 S
23211 31 S
11236 39 S
11157 39 S
11076 39 S
11158 39 S
11077 39 S
11078 39 S
11156 39 S
23292 31 S
18036 26 S
18011 26 S
18012 26 S
18022 26 S
18024 26 S
18037 26 S
18038 26 S
18013 26 S
18023 26 S
17958 26 S
20639 0 S
20641 0 S
20640 0 S
20676 0 S
20677 0 S
25308 18 S
20721 0 S
20719 0 S
20720 0 S
3297 44 S
20678 0 S
20758 0 S
25630 18 S
20609 0 S
3378 44 S
3390 44 S
3309 44 S
20756 0 S
20687 0 S
3229 44 S
20689 0 S
20688 0 S
20757 0 S
17636 47 S
17646 47 S
17637 47 S
17645 47 S
17647 47 S
17644 47 S
17640 47 S
17639 47 S
17643 47 S
17638 47 S
17642 47 S
17641 47 S
18742 13 S
18757 13 S
18678 13 S
18744 13 S
18813 13 S
18677 13 S
18743 13 S
18756 13 S
18731 13 S
18812 13 S
18732 13 S
18811 13 S
18733 13 S
18822 13 S
18823 13 S
18758 13 S
23303 31 S
11318 39 S
11317 39 S
11477 39 S
11558 39 S
11398 39 S
11557 39 S
11237 39 S
11476 39 S
11556 39 S
11478 39 S
11396 39 S
11238 39 S
11316 39 S
11397 39 S
11637 39 S
11636 39 S
18262 26 S
18252 26 S
18253 26 S
18251 26 S
18184 26 S
18172 26 S
18173 26 S
18171 26 S
18182 26 S
18196 26 S
18198 26 S
18197 26 S
18183 26 S
25870 18 S
3458 44 S
3551 44 S
20768 0 S
20800 0 S
20801 0 S
25949 18 S
20767 0 S
20838 0 S
20848 0 S
3537 44 S
20837 0 S
20849 0 S
20799 0 S
20847 0 S
20836 0 S
20879 0 S
20880 0 S
20916 0 S
20769 0 S
20881 0 S
18837 13 S
18879 13 S
18836 13 S
18824 13 S
18891 13 S
18881 13 S
18902 13 S
18916 13 S
18838 13 S
18918 13 S
18903 13 S
18893 13 S
18917 13 S
18892 13 S
23492 31 S
18880 13 S
18904 13 S
23532 31 S
11796 39 S
11797 39 S
11956 39 S
11957 39 S
11716 39 S
11717 39 S
11878 39 S
11877 39 S
11718 39 S
11798 39 S
11958 39 S
12038 39 S
12036 39 S
12037 39 S
11876 39 S
11638 39 S
23570 31 S
23544 31 S
18276 26 S
18343 26 S
18264 26 S
18356 26 S
18331 26 S
18278 26 S
18333 26 S
18263 26 S
18342 26 S
18344 26 S
18357 26 S
18412 26 S
18332 26 S
18277 26 S
18411 26 S
18358 26 S
3618 44 S
3631 44 S
20917 0 S
20918 0 S
20927 0 S
20929 0 S
20961 0 S
26349 18 S
20959 0 S
20928 0 S
20997 0 S
21008 0 S
21009 0 S
20960 0 S
20996 0 S
21007 0 S
20998 0 S
19051 13 S
18997 13 S
18998 13 S
19039 13 S
19040 13 S
18972 13 S
18971 13 S
18996 13 S
19041 13 S
18961 13 S
18982 13 S
18983 13 S
18984 13 S
18973 13 S
26429 18 S
12116 39 S
12117 39 S
12118 39 S
12436 39 S
12196 39 S
12198 39 S
12197 39 S
12277 39 S
12278 39 S
12276 39 S
12438 39 S
12437 39 S
12357 39 S
12356 39 S
12358 39 S
26348 18 S
12516 39 S
23650 31 S
23612 31 S
18492 26 S
18422 26 S
18437 26 S
18413 26 S
18436 26 S
18438 26 S
18491 26 S
18424 26 S
18423 26 S
18493 26 S
18518 26 S
18516 26 S
18517 26 S
18504 26 S
18503 26 S
18502 26 S
3778 44 S
3790 44 S
3856 44 S
3829 44 S
3871 44 S
21157 0 S
21158 0 S
21167 0 S
21156 0 S
21168 0 S
21169 0 S
19052 13 S
19053 13 S
19064 13 S
19063 13 S
19062 13 S
19078 13 S
19076 13 S
19077 13 S
12677 39 S
12757 39 S
12676 39 S
12678 39 S
12518 39 S
12517 39 S
12597 39 S
12758 39 S
12837 39 S
12836 39 S
12756 39 S
12596 39 S
12598 39 S
12838 39 S
12916 39 S
12917 39 S
27369 18 S
27368 18 S
18652 26 S
27449 18 S
18676 26 S
18663 26 S
18664 26 S
18651 26 S
18653 26 S
18572 26 S
18662 26 S
18598 26 S
18583 26 S
18573 26 S
18584 26 S
18571 26 S
18582 26 S
18597 26 S
18596 26 S
5887 44 S
21247 0 S
21249 0 S
21327 0 S
21279 0 S
21280 0 S
21316 0 S
21248 0 S
21317 0 S
21318 0 S
21281 0 S
5968 44 S
19199 13 S
19156 13 S
19157 13 S
19158 13 S
19212 13 S
19201 13 S
19211 13 S
19213 13 S
19224 13 S
19237 13 S
19223 13 S
19222 13 S
19200 13 S
19236 13 S
12918 39 S
19238 13 S
13076 39 S
13078 39 S
13077 39 S
13238 39 S
13157 39 S
13158 39 S
13237 39 S
23879 31 S
13317 39 S
13156 39 S
13236 39 S
23852 31 S
27769 18 S
27929 18 S
13316 39 S
13318 39 S
23863 31 S
23864 31 S
23891 31 S
12997 39 S
12998 39 S
12996 39 S
18677 26 S
18678 26 S
18757 26 S
18742 26 S
18743 26 S
18744 26 S
18811 26 S
18812 26 S
18813 26 S
18756 26 S
18732 26 S
18731 26 S
18733 26 S
18822 26 S
18823 26 S
18758 26 S
6287 44 S
21359 0 S
21360 0 S
21397 0 S
21361 0 S
21329 0 S
21407 0 S
21396 0 S
21398 0 S
21328 0 S
21408 0 S
6049 44 S
21477 0 S
21476 0 S
21409 0 S
21441 0 S
21439 0 S
21440 0 S
27688 18 S
27610 18 S
19281 13 S
19279 13 S
19292 13 S
19280 13 S
19291 13 S
19302 13 S
19293 13 S
19317 13 S
19318 13 S
19360 13 S
19371 13 S
19316 13 S
19304 13 S
19361 13 S
19303 13 S
19359 13 S
23932 31 S
13476 39 S
18824 26 S
13556 39 S
18838 26 S
13718 39 S
18837 26 S
18881 26 S
13717 39 S
13636 39 S
18891 26 S
18879 26 S
13638 39 S
13637 39 S
18836 26 S
23960 31 S
18917 26 S
18892 26 S
13557 39 S
23933 31 S
13796 39 S
13478 39 S
18916 26 S
13558 39 S
23942 31 S
18893 26 S
13398 39 S
18918 26 S
13477 39 S
13716 39 S
23931 31 S
18880 26 S
18903 26 S
18902 26 S
13396 39 S
18904 26 S
13397 39 S
21488 0 S
21487 0 S
21478 0 S
21489 0 S
21556 0 S
21519 0 S
21558 0 S
21520 0 S
21557 0 S
21599 0 S
21601 0 S
21521 0 S
21568 0 S
21600 0 S
21567 0 S
21569 0 S
6607 44 S
6529 44 S
28089 18 S
28249 18 S
28330 18 S
28408 18 S
28409 18 S
6687 44 S
19397 13 S
19373 13 S
19372 13 S
19396 13 S
19384 13 S
19441 13 S
19383 13 S
19451 13 S
19382 13 S
19453 13 S
19398 13 S
19452 13 S
19439 13 S
19462 13 S
19463 13 S
19440 13 S
25070 31 S
24908 31 S
24989 31 S
18971 26 S
13956 39 S
13876 39 S
13958 39 S
13878 39 S
13877 39 S
18983 26 S
18996 26 S
14037 39 S
18973 26 S
18961 26 S
13798 39 S
18972 26 S
18997 26 S
13797 39 S
19051 26 S
13957 39 S
18982 26 S
19039 26 S
19040 26 S
18998 26 S
18984 26 S
14036 39 S
14038 39 S
21647 0 S
21648 0 S
21636 0 S
19041 26 S
21637 0 S
21649 0 S
21679 0 S
21728 0 S
21638 0 S
21727 0 S
21718 0 S
21729 0 S
21680 0 S
21716 0 S
21759 0 S
14197 39 S
14116 39 S
14117 39 S
14118 39 S
14196 39 S
21681 0 S
21717 0 S
28490 18 S
28489 18 S
28650 18 S
28488 18 S
28729 18 S
28410 18 S
6928 44 S
6916 44 S
6997 44 S
19476 13 S
19477 13 S
19478 13 S
19533 13 S
19532 13 S
19531 13 S
19520 13 S
19464 13 S
19557 13 S
19558 13 S
19556 13 S
19519 13 S
19543 13 S
19542 13 S
19544 13 S
19521 13 S
25308 31 S
25630 31 S
19053 26 S
19052 26 S
19062 26 S
19064 26 S
19063 26 S
19078 26 S
19076 26 S
19077 26 S
21760 0 S
21796 0 S
21797 0 S
21798 0 S
21761 0 S
21807 0 S
21808 0 S
14596 39 S
14598 39 S
21839 0 S
14597 39 S
21840 0 S
21876 0 S
21841 0 S
14276 39 S
14516 39 S
14357 39 S
21877 0 S
14277 39 S
14356 39 S
14517 39 S
14198 39 S
14278 39 S
14436 39 S
14518 39 S
14358 39 S
14437 39 S
14438 39 S
28889 18 S
29050 18 S
29117 18 S
29130 18 S
16823 44 S
16822 44 S
16902 44 S
16824 44 S
17143 44 S
17142 44 S
16903 44 S
16904 44 S
16983 44 S
16982 44 S
16984 44 S
19637 13 S
19638 13 S
19636 13 S
19611 13 S
19679 13 S
19613 13 S
19600 13 S
19691 13 S
19680 13 S
19599 13 S
19681 13 S
19601 13 S
19612 13 S
19624 13 S
19622 13 S
19623 13 S
25870 31 S
25949 31 S
22036 0 S
22038 0 S
22037 0 S
14678 39 S
14756 39 S
14757 39 S
14677 39 S
19201 26 S
14676 39 S
14836 39 S
19224 26 S
14998 39 S
14758 39 S
19237 26 S
19211 26 S
14917 39 S
19238 26 S
19212 26 S
14996 39 S
14918 39 S
14838 39 S
14837 39 S
19223 26 S
19158 26 S
19199 26 S
19222 26 S
19213 26 S
14997 39 S
19157 26 S
19156 26 S
19236 26 S
15076 39 S
14916 39 S
19200 26 S
29277 18 S
29288 18 S
29356 18 S
29355 18 S
17463 44 S
17223 44 S
17304 44 S
17302 44 S
17382 44 S
17224 44 S
17222 44 S
17303 44 S
17144 44 S
17542 44 S
17464 44 S
17544 44 S
17543 44 S
29290 18 S
19692 13 S
19693 13 S
19702 13 S
19718 13 S
19761 13 S
19760 13 S
19717 13 S
19704 13 S
19716 13 S
19703 13 S
19759 13 S
19772 13 S
19771 13 S
17462 44 S
17384 44 S
17383 44 S
19783 13 S
19773 13 S
19782 13 S
26349 31 S
29289 18 S
22159 0 S
22196 0 S
22161 0 S
22116 0 S
22127 0 S
22160 0 S
22129 0 S
22117 0 S
22128 0 S
22118 0 S
19291 26 S
19281 26 S
19279 26 S
19292 26 S
19280 26 S
19293 26 S
19316 26 S
19317 26 S
19318 26 S
19302 26 S
19361 26 S
19360 26 S
19303 26 S
19304 26 S
19371 26 S
19359 26 S
15316 39 S
15477 39 S
15077 39 S
15476 39 S
15078 39 S
15396 39 S
15398 39 S
15397 39 S
15317 39 S
15157 39 S
15158 39 S
15318 39 S
15156 39 S
15237 39 S
15238 39 S
15236 39 S
26429 31 S
26348 31 S
19839 13 S
19841 13 S
19840 13 S
19853 13 S
19851 13 S
19863 13 S
19864 13 S
19876 13 S
19862 13 S
19878 13 S
19877 13 S
19852 13 S
29449 18 S
29436 18 S
19797 13 S
29530 18 S
19798 13 S
19796 13 S
22197 0 S
22198 0 S
22278 0 S
22277 0 S
19784 13 S
22276 0 S
22287 0 S
22288 0 S
22319 0 S
22289 0 S
22207 0 S
22320 0 S
22208 0 S
22209 0 S
29370 18 S
22239 0 S
22240 0 S
22241 0 S
19373 26 S
19372 26 S
19397 26 S
19398 26 S
19452 26 S
19396 26 S
19441 26 S
19384 26 S
19453 26 S
19451 26 S
19383 26 S
19382 26 S
19439 26 S
19463 26 S
19462 26 S
19440 26 S
15717 39 S
15718 39 S
15797 39 S
15798 39 S
15796 39 S
15716 39 S
15478 39 S
15558 39 S
15556 39 S
15557 39 S
15637 39 S
15638 39 S
15636 39 S
15876 39 S
15877 39 S
15878 39 S
27369 31 S
27368 31 S
27449 31 S
29608 18 S
29676 18 S
29690 18 S
19887 13 S
19889 13 S
19920 13 S
19921 13 S
29835 18 S
19919 13 S
19933 13 S
19888 13 S
19932 13 S
19931 13 S
22358 0 S
22321 0 S
22368 0 S
22436 0 S
22367 0 S
22400 0 S
22369 0 S
22401 0 S
22399 0 S
22356 0 S
22438 0 S
22437 0 S
22447 0 S
22449 0 S
22448 0 S
22357 0 S
19477 26 S
19478 26 S
19531 26 S
19532 26 S
19476 26 S
19520 26 S
19519 26 S
19556 26 S
19533 26 S
19464 26 S
19557 26 S
19558 26 S
19544 26 S
19542 26 S
19521 26 S
19543 26 S
15958 39 S
15956 39 S
16118 39 S
16356 39 S
16116 39 S
16117 39 S
15957 39 S
16037 39 S
16196 39 S
16197 39 S
16276 39 S
16038 39 S
16277 39 S
16036 39 S
16198 39 S
16278 39 S
27769 31 S
27929 31 S
27610 31 S
27688 31 S
20011 13 S
20012 13 S
20047 13 S
20038 13 S
20037 13 S
20013 13 S
20036 13 S
19969 13 S
19999 13 S
20048 13 S
20022 13 S
20000 13 S
20024 13 S
20023 13 S
20001 13 S
22481 0 S
22480 0 S
22479 0 S
22560 0 S
22596 0 S
22597 0 S
22598 0 S
22559 0 S
22561 0 S
22607 0 S
22517 0 S
22527 0 S
22528 0 S
22516 0 S
22518 0 S
22529 0 S
19637 26 S
19638 26 S
19636 26 S
19680 26 S
19612 26 S
19691 26 S
19679 26 S
19624 26 S
19611 26 S
19613 26 S
19600 26 S
19601 26 S
19599 26 S
19623 26 S
19681 26 S
19622 26 S
16516 39 S
16517 39 S
16518 39 S
16598 39 S
16436 39 S
16437 39 S
16357 39 S
16596 39 S
16358 39 S
16438 39 S
16677 39 S
16676 39 S
16757 39 S
16756 39 S
16678 39 S
16597 39 S
28089 31 S
28249 31 S
28408 31 S
28409 31 S
28330 31 S
20081 13 S
20080 13 S
20049 13 S
22612 0 S
22611 0 S
22610 0 S
22609 0 S
22640 0 S
22639 0 S
22608 0 S
22641 0 S
19692 26 S
19702 26 S
19761 26 S
19759 26 S
19760 26 S
19716 26 S
19693 26 S
19771 26 S
19718 26 S
19717 26 S
19772 26 S
19703 26 S
19704 26 S
16823 39 S
16822 39 S
16836 39 S
16837 39 S
16838 39 S
16982 39 S
19773 26 S
16758 39 S
16824 39 S
16984 39 S
16983 39 S
19782 26 S
19783 26 S
16916 39 S
16903 39 S
16904 39 S
16917 39 S
16918 39 S
16902 39 S
28488 31 S
28489 31 S
28490 31 S
28650 31 S
28729 31 S
28410 31 S
22767 0 S
22772 0 S
22768 0 S
22800 0 S
22799 0 S
22720 0 S
22721 0 S
22801 0 S
22757 0 S
22771 0 S
22758 0 S
22719 0 S
22770 0 S
22769 0 S
22756 0 S
20197 13 S
20196 13 S
20207 13 S
20160 13 S
20209 13 S
20171 13 S
20183 13 S
20198 13 S
20182 13 S
20239 13 S
20161 13 S
20184 13 S
20208 13 S
20172 13 S
20159 13 S
20173 13 S
19840 26 S
19839 26 S
19841 26 S
19863 26 S
19864 26 S
19862 26 S
19877 26 S
19876 26 S
19878 26 S
19852 26 S
19853 26 S
19851 26 S
16996 39 S
16997 39 S
16998 39 S
19797 26 S
19798 26 S
19796 26 S
19784 26 S
17222 39 S
17156 39 S
17158 39 S
17142 39 S
17144 39 S
17157 39 S
17143 39 S
28889 31 S
29050 31 S
29130 31 S
29117 31 S
22851 0 S
22848 0 S
22849 0 S
22847 0 S
22850 0 S
20264 13 S
20276 13 S
20277 13 S
20263 13 S
20278 13 S
20262 13 S
20319 13 S
20289 13 S
20320 13 S
20288 13 S
22836 0 S
20287 13 S
22852 0 S
22880 0 S
22879 0 S
22837 0 S
22881 0 S
22917 0 S
22918 0 S
22916 0 S
22927 0 S
20252 13 S
20251 13 S
20240 13 S
20253 13 S
20241 13 S
19889 26 S
19887 26 S
19931 26 S
19919 26 S
19921 26 S
19920 26 S
19933 26 S
19932 26 S
19888 26 S
17236 39 S
17238 39 S
17223 39 S
17224 39 S
17317 39 S
17318 39 S
17382 39 S
17316 39 S
17302 39 S
17237 39 S
17383 39 S
17384 39 S
17396 39 S
17303 39 S
17304 39 S
17397 39 S
22838 0 S
20321 13 S
20342 13 S
20331 13 S
20343 13 S
20344 13 S
20358 13 S
20399 13 S
20357 13 S
20356 13 S
20333 13 S
20368 13 S
20400 13 S
20401 13 S
20332 13 S
20369 13 S
20367 13 S
20012 26 S
20038 26 S
19999 26 S
20036 26 S
20013 26 S
20011 26 S
20037 26 S
20048 26 S
20000 26 S
20047 26 S
20001 26 S
20023 26 S
20022 26 S
20024 26 S
19969 26 S
29277 31 S
29288 31 S
23801 0 S
23879 0 S
23800 0 S
23641 0 S
17476 39 S
23639 0 S
23799 0 S
23640 0 S
17398 39 S
17464 39 S
17462 39 S
29356 31 S
17477 39 S
17622 39 S
17624 39 S
17463 39 S
29355 31 S
17478 39 S
17623 39 S
17544 39 S
17542 39 S
17543 39 S
17556 39 S
17558 39 S
17557 39 S
22929 0 S
22959 0 S
22930 0 S
22932 0 S
22931 0 S
22928 0 S
29290 31 S
29289 31 S
20412 13 S
20411 13 S
20413 13 S
20424 13 S
20438 13 S
20436 13 S
20423 13 S
20422 13 S
20437 13 S
20449 13 S
20491 13 S
20480 13 S
20481 13 S
20479 13 S
20447 13 S
20448 13 S
20079 26 S
20080 26 S
20049 26 S
20081 26 S
24199 0 S
24041 0 S
24200 0 S
24120 0 S
24119 0 S
24040 0 S
17717 39 S
17636 39 S
17796 39 S
23881 0 S
17704 39 S
24121 0 S
24039 0 S
17716 39 S
17718 39 S
17703 39 S
17702 39 S
17797 39 S
23880 0 S
17783 39 S
17637 39 S
24201 0 S
17784 39 S
17638 39 S
17798 39 S
17782 39 S
24279 0 S
24280 0 S
17851 39 S
23959 0 S
23961 0 S
23960 0 S
29436 31 S
29449 31 S
29530 31 S
29370 31 S
20492 13 S
20504 13 S
20503 13 S
20571 13 S
20516 13 S
20493 13 S
20517 13 S
20518 13 S
20560 13 S
20559 13 S
20527 13 S
20561 13 S
20528 13 S
20572 13 S
20502 13 S
20529 13 S
20171 26 S
20173 26 S
20159 26 S
20197 26 S
20198 26 S
20207 26 S
20183 26 S
20209 26 S
20196 26 S
20184 26 S
20239 26 S
20161 26 S
20160 26 S
20172 26 S
20182 26 S
20208 26 S
24440 0 S
17853 39 S
17863 39 S
24439 0 S
24281 0 S
24668 0 S
17876 39 S
24441 0 S
17864 39 S
17932 39 S
17862 39 S
17852 39 S
24519 0 S
24599 0 S
17878 39 S
24601 0 S
24520 0 S
17933 39 S
24669 0 S
24670 0 S
24600 0 S
24521 0 S
17931 39 S
17877 39 S
17943 39 S
17944 39 S
17956 39 S
17942 39 S
17957 39 S
29608 31 S
29676 31 S
29690 31 S
29835 31 S
20573 13 S
20582 13 S
20639 13 S
20640 13 S
20651 13 S
20641 13 S
20652 13 S
20653 13 S
20583 13 S
20608 13 S
20607 13 S
20609 13 S
20262 26 S
20263 26 S
20276 26 S
20264 26 S
20319 26 S
20288 26 S
20289 26 S
20277 26 S
20287 26 S
20320 26 S
20278 26 S
20251 26 S
20252 26 S
20241 26 S
20253 26 S
20240 26 S
24841 0 S
24829 0 S
24828 0 S
24679 0 S
24830 0 S
24761 0 S
24681 0 S
24680 0 S
24760 0 S
24840 0 S
18011 39 S
18012 39 S
24839 0 S
18038 39 S
18024 39 S
24759 0 S
18022 39 S
24908 0 S
18037 39 S
18013 39 S
18036 39 S
18023 39 S
17958 39 S
20676 13 S
20719 13 S
20664 13 S
20662 13 S
20720 13 S
20678 13 S
20677 13 S
20687 13 S
20688 13 S
20689 13 S
20742 13 S
20733 13 S
20732 13 S
20721 13 S
20663 13 S
20321 26 S
20356 26 S
20342 26 S
20343 26 S
20332 26 S
20344 26 S
20331 26 S
20333 26 S
20357 26 S
20731 13 S
20358 26 S
20369 26 S
20368 26 S
20399 26 S
20401 26 S
20400 26 S
20367 26 S
25080 0 S
25079 0 S
24919 0 S
24909 0 S
25069 0 S
25070 0 S
18252 39 S
18253 39 S
18262 39 S
18251 39 S
18182 39 S
18197 39 S
18173 39 S
18196 39 S
18172 39 S
18171 39 S
18198 39 S
18183 39 S
18184 39 S
24910 0 S
24920 0 S
25068 0 S
24989 0 S
24999 0 S
24990 0 S
24921 0 S
24988 0 S
25000 0 S
25001 0 S
20768 13 S
20769 13 S
20744 13 S
20767 13 S
20743 13 S
20756 13 S
20758 13 S
20757 13 S
20823 13 S
20822 13 S
20812 13 S
20801 13 S
20411 26 S
20813 13 S
20412 26 S
20423 26 S
20799 13 S
20436 26 S
20422 26 S
20424 26 S
20447 26 S
20413 26 S
20438 26 S
20811 13 S
20481 26 S
20437 26 S
20449 26 S
20480 26 S
20479 26 S
20800 13 S
20491 26 S
20448 26 S
18264 39 S
18263 39 S
18332 39 S
18278 39 S
18358 39 S
18344 39 S
18342 39 S
18343 39 S
18357 39 S
18331 39 S
18412 39 S
18276 39 S
18277 39 S
18411 39 S
18333 39 S
18356 39 S
25081 0 S
25228 0 S
25159 0 S
25148 0 S
25229 0 S
25161 0 S
25230 0 S
25309 0 S
25149 0 S
25160 0 S
25241 0 S
25239 0 S
25308 0 S
25150 0 S
25240 0 S
25310 0 S
20837 13 S
20838 13 S
20847 13 S
20492 26 S
20836 13 S
20516 26 S
20504 26 S
20849 13 S
20848 13 S
20561 26 S
20493 26 S
20503 26 S
20527 26 S
20528 26 S
20572 26 S
20559 26 S
20517 26 S
20560 26 S
20571 26 S
20880 13 S
20903 13 S
20902 13 S
20518 26 S
20904 13 S
20881 13 S
20879 13 S
20824 13 S
20892 13 S
20502 26 S
20893 13 S
20891 13 S
20529 26 S
18436 39 S
18464 39 S
18437 39 S
18413 39 S
18438 39 S
18424 39 S
18422 39 S
18469 39 S
18467 39 S
18465 39 S
18466 39 S
18471 39 S
18423 39 S
18472 39 S
18468 39 S
18470 39 S
26108 0 S
26110 0 S
26109 0 S
25321 0 S
26268 0 S
26270 0 S
26269 0 S
26350 0 S
20916 13 S
20917 13 S
20918 13 S
20928 13 S
26428 0 S
20929 13 S
20959 13 S
20927 13 S
20573 26 S
20582 26 S
20961 13 S
20960 13 S
20640 26 S
20639 26 S
20641 26 S
20971 13 S
20652 26 S
20651 26 S
20653 26 S
20583 26 S
20972 13 S
20984 13 S
20973 13 S
20983 13 S
20608 26 S
20982 13 S
20996 13 S
20607 26 S
20609 26 S
25319 0 S
25320 0 S
18482 39 S
18478 39 S
18481 39 S
18480 39 S
18487 39 S
18483 39 S
18484 39 S
18485 39 S
18486 39 S
18479 39 S
18476 39 S
26349 0 S
18475 39 S
18474 39 S
18488 39 S
18477 39 S
18473 39 S
26348 0 S
21064 13 S
20733 26 S
20732 26 S
20720 26 S
21039 13 S
20742 26 S
21041 13 S
20664 26 S
20719 26 S
21040 13 S
20678 26 S
20721 26 S
21063 13 S
20676 26 S
20687 26 S
21007 13 S
20662 26 S
20688 26 S
21051 13 S
20677 26 S
21052 13 S
20689 26 S
21077 13 S
21076 13 S
21009 13 S
20663 26 S
20997 13 S
21008 13 S
20998 13 S
21062 13 S
20731 26 S
26749 0 S
26748 0 S
26590 0 S
26670 0 S
26508 0 S
26750 0 S
26588 0 S
26669 0 S
26509 0 S
18492 39 S
18494 39 S
26668 0 S
26510 0 S
26589 0 S
18491 39 S
18493 39 S
18490 39 S
18499 39 S
18495 39 S
18496 39 S
18500 39 S
18504 39 S
18489 39 S
18498 39 S
18497 39 S
26829 0 S
26828 0 S
18502 39 S
18503 39 S
18501 39 S
26430 0 S
26429 0 S
20744 26 S
20743 26 S
20767 26 S
20757 26 S
20756 26 S
20768 26 S
20769 26 S
21157 13 S
20758 26 S
21156 13 S
21158 13 S
20799 26 S
21078 13 S
20811 26 S
20822 26 S
20812 26 S
20800 26 S
20813 26 S
20823 26 S
21088 13 S
20801 26 S
21121 13 S
21087 13 S
21132 13 S
21131 13 S
21133 13 S
21143 13 S
21142 13 S
21119 13 S
21144 13 S
21120 13 S
26909 0 S
26988 0 S
26910 0 S
26990 0 S
27070 0 S
27129 0 S
27069 0 S
26830 0 S
26989 0 S
27128 0 S
27130 0 S
27068 0 S
27148 0 S
27149 0 S
26908 0 S
18505 39 S
18510 39 S
18516 39 S
18506 39 S
18509 39 S
18508 39 S
18517 39 S
18512 39 S
18519 39 S
18511 39 S
18515 39 S
18514 39 S
18513 39 S
18520 39 S
18518 39 S
18507 39 S
27150 0 S
20836 26 S
20837 26 S
20838 26 S
20847 26 S
20848 26 S
20849 26 S
20879 26 S
20880 26 S
20881 26 S
20902 26 S
20904 26 S
20903 26 S
20824 26 S
20892 26 S
20893 26 S
20891 26 S
21169 13 S
21167 13 S
21168 13 S
21247 13 S
21200 13 S
21199 13 S
21211 13 S
21223 13 S
21201 13 S
21222 13 S
21224 13 S
21238 13 S
21212 13 S
21236 13 S
21237 13 S
21213 13 S
18523 39 S
18522 39 S
18521 39 S
18527 39 S
18525 39 S
18536 39 S
18526 39 S
18524 39 S
18533 39 S
18534 39 S
18529 39 S
18528 39 S
18531 39 S
18532 39 S
18530 39 S
18535 39 S
27290 0 S
27289 0 S
27288 0 S
27308 0 S
27230 0 S
27310 0 S
27370 0 S
27309 0 S
27369 0 S
27368 0 S
27388 0 S
27228 0 S
27229 0 S
20918 26 S
20916 26 S
20917 26 S
20961 26 S
20929 26 S
20928 26 S
20927 26 S
20959 26 S
20972 26 S
20973 26 S
20971 26 S
20982 26 S
20960 26 S
20996 26 S
20983 26 S
20984 26 S
21249 13 S
21304 13 S
21279 13 S
21302 13 S
21303 13 S
21281 13 S
21280 13 S
21248 13 S
21316 13 S
21293 13 S
21292 13 S
21291 13 S
21327 13 S
21328 13 S
21318 13 S
21317 13 S
18538 39 S
18539 39 S
18542 39 S
18545 39 S
18537 39 S
18540 39 S
18543 39 S
18550 39 S
18552 39 S
18541 39 S
18551 39 S
18548 39 S
18546 39 S
18547 39 S
18544 39 S
18549 39 S
27528 0 S
27548 0 S
27608 0 S
27530 0 S
27529 0 S
27609 0 S
27549 0 S
27550 0 S
27450 0 S
27448 0 S
27390 0 S
27469 0 S
27468 0 S
27389 0 S
27449 0 S
27470 0 S
21041 26 S
21009 26 S
21008 26 S
21039 26 S
21064 26 S
21063 26 S
21040 26 S
21052 26 S
21007 26 S
21053 26 S
21051 26 S
21062 26 S
20997 26 S
21077 26 S
21076 26 S
20998 26 S
21360 13 S
21359 13 S
21329 13 S
21361 13 S
21371 13 S
21396 13 S
21397 13 S
21398 13 S
21407 13 S
21408 13 S
21409 13 S
21373 13 S
21384 13 S
21372 13 S
21383 13 S
21382 13 S
18553 39 S
18556 39 S
18554 39 S
18555 39 S
18559 39 S
18563 39 S
18558 39 S
18564 39 S
18567 39 S
18557 39 S
18565 39 S
18568 39 S
18561 39 S
18562 39 S
18566 39 S
18560 39 S
27628 0 S
27689 0 S
27690 0 S
27710 0 S
27610 0 S
27630 0 S
27629 0 S
27790 0 S
27688 0 S
27709 0 S
27770 0 S
27769 0 S
27708 0 S
27768 0 S
27788 0 S
21157 26 S
21156 26 S
21158 26 S
21087 26 S
27789 0 S
21078 26 S
21089 26 S
21088 26 S
21132 26 S
21131 26 S
21142 26 S
21143 26 S
21133 26 S
21120 26 S
21121 26 S
21144 26 S
21119 26 S
21451 13 S
21452 13 S
21453 13 S
21441 13 S
21463 13 S
21462 13 S
21488 13 S
21477 13 S
21476 13 S
21487 13 S
21464 13 S
21478 13 S
21519 13 S
21439 13 S
21489 13 S
21440 13 S
18574 39 S
18570 39 S
18572 39 S
18571 39 S
18579 39 S
18577 39 S
18569 39 S
18573 39 S
18576 39 S
18575 39 S
18578 39 S
18584 39 S
18581 39 S
18580 39 S
18582 39 S
18583 39 S
27948 0 S
28008 0 S
27930 0 S
28010 0 S
28028 0 S
28009 0 S
27849 0 S
27929 0 S
27949 0 S
21167 26 S
21169 26 S
27868 0 S
27950 0 S
21168 26 S
27850 0 S
27870 0 S
27928 0 S
27848 0 S
27869 0 S
21199 26 S
21247 26 S
21201 26 S
21211 26 S
21238 26 S
21223 26 S
21200 26 S
21222 26 S
21213 26 S
21224 26 S
21212 26 S
21237 26 S
21236 26 S
21533 13 S
21531 13 S
21557 13 S
21532 13 S
21520 13 S
21521 13 S
21543 13 S
21556 13 S
21542 13 S
21558 13 S
21567 13 S
21569 13 S
21544 13 S
21599 13 S
21600 13 S
21568 13 S
18585 39 S
18586 39 S
18592 39 S
18587 39 S
18591 39 S
18588 39 S
18589 39 S
18594 39 S
18597 39 S
18598 39 S
18595 39 S
18593 39 S
18600 39 S
18590 39 S
18599 39 S
18596 39 S
28030 0 S
28029 0 S
28108 0 S
28110 0 S
28090 0 S
28088 0 S
28109 0 S
28190 0 S
28188 0 S
28189 0 S
28248 0 S
28249 0 S
28089 0 S
28170 0 S
28168 0 S
28169 0 S
21248 26 S
21279 26 S
21303 26 S
21304 26 S
21302 26 S
21249 26 S
21281 26 S
21318 26 S
21292 26 S
21317 26 S
21328 26 S
21327 26 S
21316 26 S
21280 26 S
21291 26 S
21293 26 S
21601 13 S
21622 13 S
21624 13 S
21623 13 S
21637 13 S
21647 13 S
21648 13 S
21649 13 S
21636 13 S
21613 13 S
21612 13 S
21638 13 S
21611 13 S
21679 13 S
21680 13 S
21681 13 S
18603 39 S
18607 39 S
18605 39 S
18606 39 S
18601 39 S
18602 39 S
18604 39 S
18609 39 S
18608 39 S
18612 39 S
18616 39 S
18611 39 S
18614 39 S
18615 39 S
18610 39 S
18613 39 S
28250 0 S
28328 0 S
21360 26 S
28329 0 S
21329 26 S
21359 26 S
21361 26 S
28330 0 S
21396 26 S
21397 26 S
21407 26 S
21398 26 S
21408 26 S
21371 26 S
21409 26 S
21384 26 S
21373 26 S
21382 26 S
21372 26 S
21383 26 S
21691 13 S
21703 13 S
21693 13 S
21702 13 S
21692 13 S
21704 13 S
21760 13 S
21728 13 S
21718 13 S
21727 13 S
21729 13 S
21759 13 S
21716 13 S
21761 13 S
21771 13 S
21717 13 S
18619 39 S
18623 39 S
18620 39 S
18621 39 S
18618 39 S
18617 39 S
18622 39 S
21452 26 S
21451 26 S
21453 26 S
21462 26 S
21463 26 S
21464 26 S
21487 26 S
21478 26 S
21477 26 S
21488 26 S
21439 26 S
21476 26 S
21440 26 S
21441 26 S
21489 26 S
21519 26 S
21796 13 S
21772 13 S
21773 13 S
21797 13 S
21798 13 S
21808 13 S
21807 13 S
21782 13 S
21809 13 S
21783 13 S
21784 13 S
21851 13 S
21841 13 S
21852 13 S
21839 13 S
21840 13 S
28490 0 S
28489 0 S
28569 0 S
28488 0 S
28649 0 S
28590 0 S
28648 0 S
28570 0 S
28568 0 S
28588 0 S
28650 0 S
28668 0 S
28589 0 S
21532 26 S
21533 26 S
21531 26 S
21543 26 S
21521 26 S
21557 26 S
21556 26 S
21520 26 S
21544 26 S
21567 26 S
21600 26 S
21558 26 S
21542 26 S
21599 26 S
21569 26 S
21568 26 S
21921 13 S
21931 13 S
21853 13 S
21933 13 S
21920 13 S
21932 13 S
21863 13 S
21864 13 S
21888 13 S
21889 13 S
21887 13 S
21878 13 S
21876 13 S
21877 13 S
21862 13 S
21919 13 S
28748 0 S
28749 0 S
28669 0 S
28729 0 S
28670 0 S
28728 0 S
28730 0 S
28750 0 S
28830 0 S
28829 0 S
28828 0 S
28889 0 S
28888 0 S
28808 0 S
28810 0 S
28809 0 S
21601 26 S
21623 26 S
21622 26 S
21624 26 S
21647 26 S
21649 26 S
21648 26 S
21613 26 S
21636 26 S
21637 26 S
21638 26 S
21680 26 S
21612 26 S
21679 26 S
21611 26 S
21681 26 S
22013 13 S
22012 13 S
22011 13 S
22022 13 S
21942 13 S
21944 13 S
21968 13 S
21967 13 S
21958 13 S
22000 13 S
21999 13 S
21969 13 S
21956 13 S
21957 13 S
22001 13 S
28990 0 S
28890 0 S
29049 0 S
28988 0 S
29050 0 S
29070 0 S
28989 0 S
29068 0 S
29048 0 S
28908 0 S
28909 0 S
28910 0 S
29069 0 S
21691 26 S
21692 26 S
21693 26 S
21703 26 S
21702 26 S
21704 26 S
21718 26 S
21759 26 S
21728 26 S
21727 26 S
21760 26 S
21716 26 S
21761 26 S
21771 26 S
21729 26 S
21717 26 S
22023 13 S
22024 13 S
22036 13 S
22038 13 S
22037 13 S
22102 13 S
22103 13 S
22080 13 S
22047 13 S
22049 13 S
22081 13 S
22091 13 S
22079 13 S
22048 13 S
22092 13 S
22093 13 S
29128 0 S
29117 0 S
29129 0 S
29115 0 S
29130 0 S
29228 0 S
29209 0 S
29197 0 S
29196 0 S
29116 0 S
29195 0 S
29210 0 S
29208 0 S
21772 26 S
21773 26 S
21796 26 S
21798 26 S
21808 26 S
21807 26 S
21784 26 S
21809 26 S
21797 26 S
21783 26 S
21782 26 S
21851 26 S
21852 26 S
21841 26 S
21840 26 S
21839 26 S
22127 13 S
22161 13 S
22159 13 S
22160 13 S
22104 13 S
22128 13 S
22129 13 S
22183 13 S
22118 13 S
22116 13 S
22184 13 S
22173 13 S
22117 13 S
22171 13 S
22172 13 S
22182 13 S
29229 0 S
29230 0 S
29277 0 S
29308 0 S
29276 0 S
29288 0 S
29310 0 S
29309 0 S
29275 0 S
29290 0 S
29289 0 S
29357 0 S
29356 0 S
29355 0 S
21863 26 S
21920 26 S
21931 26 S
21864 26 S
21887 26 S
21921 26 S
21889 26 S
21876 26 S
21919 26 S
21878 26 S
21888 26 S
21862 26 S
21853 26 S
21877 26 S
21933 26 S
21932 26 S
22197 13 S
22198 13 S
22196 13 S
22208 13 S
22207 13 S
22253 13 S
22251 13 S
22276 13 S
22263 13 S
22262 13 S
22252 13 S
22209 13 S
22264 13 S
22239 13 S
22240 13 S
22241 13 S
22011 26 S
22012 26 S
22013 26 S
22022 26 S
21942 26 S
21943 26 S
21956 26 S
21944 26 S
22000 26 S
21969 26 S
21967 26 S
21957 26 S
21958 26 S
21968 26 S
21999 26 S
22001 26 S
22287 13 S
22319 13 S
22277 13 S
22278 13 S
22288 13 S
22289 13 S
22332 13 S
22320 13 S
22333 13 S
22344 13 S
22343 13 S
22321 13 S
22331 13 S
22342 13 S
22356 13 S
22357 13 S
22023 26 S
22024 26 S
22036 26 S
22037 26 S
22038 26 S
22103 26 S
22102 26 S
22047 26 S
22048 26 S
22080 26 S
22081 26 S
22400 13 S
22079 26 S
22368 13 S
22358 13 S
22049 26 S
22369 13 S
22399 13 S
22411 13 S
22367 13 S
22413 13 S
22412 13 S
22422 13 S
22401 13 S
22091 26 S
22424 13 S
22423 13 S
22436 13 S
22437 13 S
22438 13 S
22092 26 S
22093 26 S
22161 26 S
22160 26 S
22159 26 S
22104 26 S
22127 26 S
22116 26 S
22183 26 S
22173 26 S
22129 26 S
22128 26 S
22184 26 S
22172 26 S
22117 26 S
22171 26 S
22118 26 S
22182 26 S
22493 13 S
22481 13 S
22448 13 S
22479 13 S
22449 13 S
22492 13 S
22480 13 S
22447 13 S
22491 13 S
22518 13 S
22502 13 S
22527 13 S
22517 13 S
22503 13 S
22516 13 S
22504 13 S
22196 26 S
22197 26 S
22198 26 S
22253 26 S
22208 26 S
22252 26 S
22207 26 S
22276 26 S
22264 26 S
22263 26 S
22251 26 S
22262 26 S
22209 26 S
22559 13 S
22239 26 S
22241 26 S
22240 26 S
22561 13 S
22572 13 S
22571 13 S
22596 13 S
22573 13 S
22597 13 S
22582 13 S
22584 13 S
22583 13 S
22560 13 S
22598 13 S
22608 13 S
22607 13 S
22528 13 S
22529 13 S
22319 26 S
22278 26 S
22287 26 S
22288 26 S
22277 26 S
22320 26 S
22289 26 S
22332 26 S
22333 26 S
22343 26 S
22342 26 S
22331 26 S
22344 26 S
22321 26 S
22356 26 S
22641 13 S
22611 13 S
22640 13 S
22612 13 S
22651 13 S
22357 26 S
22652 13 S
22610 13 S
22609 13 S
22653 13 S
22639 13 S
22368 26 S
22358 26 S
22399 26 S
22367 26 S
22411 26 S
22413 26 S
22369 26 S
22436 26 S
22401 26 S
22412 26 S
22400 26 S
22422 26 S
22743 13 S
22424 26 S
22423 26 S
22744 13 S
22742 13 S
22438 26 S
22437 26 S
22756 13 S
22733 13 S
22732 13 S
22731 13 S
22719 13 S
22720 13 S
22721 13 S
22481 26 S
22492 26 S
22491 26 S
22493 26 S
22479 26 S
22480 26 S
22449 26 S
22447 26 S
22448 26 S
22770 13 S
22758 13 S
22800 13 S
22757 13 S
22767 13 S
22503 26 S
22813 13 S
22769 13 S
22768 13 S
22771 13 S
22799 13 S
22502 26 S
22772 13 S
22801 13 S
22518 26 S
22517 26 S
22823 13 S
22527 26 S
22516 26 S
22504 26 S
22812 13 S
22811 13 S
22822 13 S
22559 26 S
22571 26 S
22572 26 S
22596 26 S
22582 26 S
22573 26 S
22560 26 S
22561 26 S
22598 26 S
22584 26 S
22597 26 S
22583 26 S
22608 26 S
22607 26 S
22528 26 S
22529 26 S
22848 13 S
22847 13 S
22837 13 S
22836 13 S
22849 13 S
22852 13 S
22880 13 S
22879 13 S
22881 13 S
22851 13 S
22824 13 S
22850 13 S
22893 13 S
22891 13 S
22892 13 S
22838 13 S
22612 26 S
22610 26 S
22611 26 S
22651 26 S
22652 26 S
22641 26 S
22653 26 S
22639 26 S
22640 26 S
22609 26 S
23641 13 S
23639 13 S
23640 13 S
22931 13 S
22916 13 S
22927 13 S
22929 13 S
22930 13 S
22932 13 S
22918 13 S
22928 13 S
22917 13 S
22903 13 S
22904 13 S
22902 13 S
22959 13 S
22743 26 S
22742 26 S
22744 26 S
22733 26 S
22732 26 S
22731 26 S
22756 26 S
22720 26 S
22719 26 S
22721 26 S
23801 13 S
23800 13 S
24119 13 S
23799 13 S
24041 13 S
23879 13 S
24040 13 S
24039 13 S
23881 13 S
23880 13 S
23961 13 S
23959 13 S
23960 13 S
22767 26 S
22771 26 S
22768 26 S
22769 26 S
22758 26 S
22799 26 S
22800 26 S
22772 26 S
22757 26 S
22770 26 S
22813 26 S
22801 26 S
22811 26 S
22812 26 S
22822 26 S
22823 26 S
24199 13 S
24200 13 S
24120 13 S
24201 13 S
24279 13 S
24281 13 S
24280 13 S
24440 13 S
24121 13 S
24441 13 S
24439 13 S
24519 13 S
24520 13 S
22849 26 S
22850 26 S
22848 26 S
22852 26 S
22837 26 S
22880 26 S
22836 26 S
22879 26 S
22881 26 S
22847 26 S
22824 26 S
22851 26 S
22893 26 S
22892 26 S
22891 26 S
22838 26 S
24521 13 S
24669 13 S
24599 13 S
24668 13 S
24670 13 S
24601 13 S
24600 13 S
24680 13 S
24679 13 S
24681 13 S
24759 13 S
24761 13 S
24760 13 S
23641 26 S
23639 26 S
23640 26 S
22917 26 S
22916 26 S
22930 26 S
22931 26 S
22932 26 S
22929 26 S
22928 26 S
22903 26 S
22927 26 S
22904 26 S
22959 26 S
22918 26 S
22902 26 S
24829 13 S
24839 13 S
24990 13 S
24989 13 S
24999 13 S
24828 13 S
24909 13 S
24841 13 S
24908 13 S
24840 13 S
24921 13 S
24830 13 S
24919 13 S
24910 13 S
24920 13 S
24988 13 S
23801 26 S
23799 26 S
23800 26 S
24119 26 S
24040 26 S
24041 26 S
24039 26 S
23881 26 S
23879 26 S
23880 26 S
23961 26 S
23959 26 S
23960 26 S
25079 13 S
25081 13 S
25080 13 S
25229 13 S
25069 13 S
25148 13 S
25161 13 S
25228 13 S
25149 13 S
25160 13 S
25159 13 S
25070 13 S
25068 13 S
25150 13 S
25000 13 S
25001 13 S
24199 26 S
24200 26 S
24201 26 S
24120 26 S
24279 26 S
24280 26 S
24281 26 S
24440 26 S
24121 26 S
24439 26 S
24441 26 S
24519 26 S
24520 26 S
25230 13 S
25241 13 S
25309 13 S
25308 13 S
25239 13 S
25321 13 S
25240 13 S
25401 13 S
24668 26 S
24670 26 S
24669 26 S
25319 13 S
24599 26 S
24600 26 S
24601 26 S
24521 26 S
25310 13 S
25320 13 S
24679 26 S
24681 26 S
24680 26 S
24759 26 S
24761 26 S
24760 26 S
25469 13 S
25470 13 S
25468 13 S
25479 13 S
25481 13 S
25480 13 S
25629 13 S
25630 13 S
25639 13 S
25628 13 S
24829 26 S
24839 26 S
24989 26 S
24990 26 S
24999 26 S
24828 26 S
24909 26 S
24840 26 S
24908 26 S
24921 26 S
24920 26 S
24830 26 S
24841 26 S
24910 26 S
24919 26 S
24988 26 S
25640 13 S
25709 13 S
25708 13 S
25801 13 S
25721 13 S
25719 13 S
25641 13 S
25799 13 S
25720 13 S
25710 13 S
25788 13 S
25868 13 S
25790 13 S
25789 13 S
25869 13 S
25800 13 S
25079 26 S
25080 26 S
25081 26 S
25070 26 S
25069 26 S
25160 26 S
25148 26 S
25161 26 S
25159 26 S
25228 26 S
25149 26 S
25068 26 S
25229 26 S
25150 26 S
25001 26 S
25881 13 S
25870 13 S
25949 13 S
25948 13 S
25879 13 S
25000 26 S
26041 13 S
25880 13 S
26039 13 S
26040 13 S
25950 13 S
25961 13 S
25960 13 S
25959 13 S
25308 26 S
25309 26 S
25241 26 S
25230 26 S
25239 26 S
25321 26 S
25401 26 S
25240 26 S
25320 26 S
25310 26 S
25319 26 S
26108 13 S
26110 13 S
26119 13 S
26109 13 S
26120 13 S
26121 13 S
26279 13 S
26270 13 S
26269 13 S
26268 13 S
25470 26 S
25469 26 S
25480 26 S
25479 26 S
25481 26 S
25468 26 S
25630 26 S
25629 26 S
25639 26 S
25628 26 S
27130 13 S
26280 13 S
26281 13 S
27129 13 S
27128 13 S
27289 13 S
27288 13 S
26350 13 S
26359 13 S
26360 13 S
26361 13 S
26348 13 S
26349 13 S
25708 26 S
25801 26 S
25788 26 S
25641 26 S
25720 26 S
25789 26 S
25640 26 S
25710 26 S
25709 26 S
25790 26 S
25719 26 S
25721 26 S
25868 26 S
25869 26 S
25799 26 S
25800 26 S
27290 13 S
27529 13 S
27528 13 S
27608 13 S
27689 13 S
27609 13 S
27690 13 S
27610 13 S
27530 13 S
27688 13 S
27369 13 S
27370 13 S
27449 13 S
27448 13 S
27450 13 S
25870 26 S
25949 26 S
25879 26 S
25881 26 S
25948 26 S
26041 26 S
26040 26 S
26039 26 S
27368 13 S
25880 26 S
25959 26 S
25960 26 S
25950 26 S
25961 26 S
27768 13 S
27770 13 S
27769 13 S
28010 13 S
27930 13 S
28009 13 S
27929 13 S
28008 13 S
28089 13 S
28090 13 S
28088 13 S
27849 13 S
27848 13 S
27928 13 S
27850 13 S
28168 13 S
26109 26 S
26110 26 S
26121 26 S
26120 26 S
26108 26 S
26119 26 S
26268 26 S
26269 26 S
26270 26 S
26279 26 S
28250 13 S
28249 13 S
28248 13 S
28170 13 S
28490 13 S
28169 13 S
28568 13 S
28569 13 S
28329 13 S
28409 13 S
28330 13 S
28408 13 S
28328 13 S
26281 26 S
26280 26 S
27130 26 S
27128 26 S
27129 26 S
27289 26 S
27288 26 S
26350 26 S
26359 26 S
26360 26 S
26361 26 S
26348 26 S
26349 26 S
28649 13 S
28648 13 S
28650 13 S
28728 13 S
28570 13 S
28729 13 S
28730 13 S
28888 13 S
28889 13 S
28890 13 S
28809 13 S
28810 13 S
28808 13 S
27528 26 S
27529 26 S
27290 26 S
27690 26 S
27609 26 S
27610 26 S
27608 26 S
27530 26 S
27689 26 S
27688 26 S
27369 26 S
27370 26 S
27448 26 S
27449 26 S
27450 26 S
27368 26 S
29048 13 S
29115 13 S
29049 13 S
29130 13 S
29050 13 S
29129 13 S
29128 13 S
29117 13 S
29195 13 S
29210 13 S
29208 13 S
29209 13 S
29197 13 S
29196 13 S
29275 13 S
29116 13 S
27768 26 S
27769 26 S
27770 26 S
28009 26 S
28010 26 S
27930 26 S
28008 26 S
28088 26 S
27929 26 S
28090 26 S
28089 26 S
27850 26 S
27928 26 S
27849 26 S
28168 26 S
27848 26 S
29435 13 S
29449 13 S
29436 13 S
29448 13 S
29437 13 S
29276 13 S
29288 13 S
29277 13 S
29290 13 S
29368 13 S
29369 13 S
29370 13 S
29357 13 S
29355 13 S
29356 13 S
29289 13 S
28249 26 S
28250 26 S
28248 26 S
28490 26 S
28170 26 S
28569 26 S
28169 26 S
28568 26 S
28328 26 S
28329 26 S
28409 26 S
28408 26 S
28330 26 S
29450 13 S
29528 13 S
29529 13 S
29530 13 S
29595 13 S
29516 13 S
29608 13 S
29609 13 S
29677 13 S
29675 13 S
29610 13 S
29676 13 S
29515 13 S
29596 13 S
29517 13 S
29597 13 S
28648 26 S
28650 26 S
28649 26 S
28728 26 S
28570 26 S
28729 26 S
28890 26 S
28730 26 S
28888 26 S
28810 26 S
28889 26 S
28808 26 S
28809 26 S
29690 13 S
29835 13 S
29688 13 S
29755 13 S
29757 13 S
29849 13 S
29768 13 S
29689 13 S
29850 13 S
29770 13 S
29769 13 S
29756 13 S
29048 26 S
29050 26 S
29049 26 S
29128 26 S
29115 26 S
29130 26 S
29129 26 S
29117 26 S
29195 26 S
29208 26 S
29209 26 S
29275 26 S
29197 26 S
29196 26 S
29210 26 S
29116 26 S
29276 26 S
29435 26 S
29436 26 S
29437 26 S
29448 26 S
29288 26 S
29277 26 S
29290 26 S
29449 26 S
29368 26 S
29355 26 S
29370 26 S
29357 26 S
29369 26 S
29356 26 S
29289 26 S
29528 26 S
29529 26 S
29450 26 S
29608 26 S
29595 26 S
29609 26 S
29530 26 S
29610 26 S
29675 26 S
29677 26 S
29676 26 S
29515 26 S
29517 26 S
29516 26 S
29597 26 S
29596 26 S
29690 26 S
29835 26 S
29688 26 S
29770 26 S
29756 26 S
29849 26 S
29850 26 S
29689 26 S
29757 26 S
29755 26 S
29768 26 S
29769 26 S
