46 0 C
47 0 C
148 0 C
149 0 C
583 0 C
176 0 C
584 0 C
611 0 C
177 0 C
612 0 C
639 0 C
640 0 C
323 0 C
324 0 C
352 0 C
351 0 C
46 13 C
47 13 C
148 13 C
149 13 C
176 13 C
177 13 C
583 13 C
584 13 C
612 13 C
640 13 C
611 13 C
323 13 C
639 13 C
324 13 C
351 13 C
352 13 C
3071 18 C
8424 18 C
8423 18 C
9323 18 C
8450 18 C
8451 18 C
9324 18 C
9350 18 C
9351 18 C
3072 18 C
3099 18 C
3098 18 C
10381 18 C
10382 18 C
10408 18 C
10409 18 C
3071 21 C
8423 21 C
8424 21 C
11682 21 C
3072 21 C
10381 21 C
11683 21 C
11710 21 C
10382 21 C
11744 21 C
11745 21 C
11711 21 C
46 26 C
47 26 C
149 26 C
148 26 C
177 26 C
176 26 C
583 26 C
584 26 C
611 26 C
612 26 C
639 26 C
640 26 C
323 26 C
324 26 C
352 26 C
351 26 C
8423 23 C
8424 23 C
8450 23 C
9323 23 C
8451 23 C
9350 23 C
9324 23 C
9351 23 C
3071 23 C
3072 23 C
3098 23 C
3099 23 C
10381 23 C
11627 21 C
11626 21 C
11655 21 C
11654 21 C
3071 31 C
667 0 C
668 0 C
696 0 C
695 0 C
3072 31 C
8424 31 C
8423 31 C
8451 31 C
8450 31 C
9323 31 C
9324 31 C
3099 31 C
3098 31 C
10382 31 C
9350 31 C
9351 31 C
10381 31 C
10409 31 C
10408 31 C
723 0 C
724 0 C
751 0 C
752 0 C
779 0 C
780 0 C
807 0 C
863 0 C
808 0 C
835 0 C
836 0 C
864 0 C
8423 34 C
3071 34 C
8424 34 C
3072 34 C
11682 34 C
11683 34 C
11711 34 C
10381 34 C
11745 34 C
10382 34 C
11744 34 C
11710 34 C
667 13 C
695 13 C
668 13 C
696 13 C
723 13 C
724 13 C
751 13 C
752 13 C
779 13 C
780 13 C
807 13 C
808 13 C
835 13 C
836 13 C
863 13 C
864 13 C
11654 18 C
11682 18 C
11655 18 C
11710 18 C
11683 18 C
11711 18 C
11626 18 C
11627 18 C
11744 18 C
11811 18 C
11745 18 C
11812 18 C
11227 18 C
11254 18 C
11228 18 C
11255 18 C
11626 34 C
11627 34 C
11655 34 C
11654 34 C
8423 36 C
8451 36 C
8450 36 C
8424 36 C
9323 36 C
3072 36 C
3071 36 C
3098 36 C
3099 36 C
9350 36 C
9324 36 C
10381 36 C
9351 36 C
46 39 C
47 39 C
148 39 C
149 39 C
177 39 C
176 39 C
583 39 C
584 39 C
611 39 C
612 39 C
639 39 C
640 39 C
324 39 C
323 39 C
352 39 C
351 39 C
11969 21 C
11970 21 C
11998 21 C
12070 21 C
12071 21 C
11997 21 C
12099 21 C
12098 21 C
12126 21 C
12154 21 C
12155 21 C
12127 21 C
12479 21 C
12480 21 C
12508 21 C
12507 21 C
667 26 C
668 26 C
695 26 C
696 26 C
723 26 C
724 26 C
751 26 C
752 26 C
779 26 C
780 26 C
807 26 C
808 26 C
835 26 C
836 26 C
863 26 C
864 26 C
11626 23 C
11627 23 C
11654 23 C
11655 23 C
11682 23 C
10408 23 C
11683 23 C
10382 23 C
11710 23 C
11711 23 C
11744 23 C
11228 23 C
11255 23 C
11254 23 C
11227 23 C
10409 23 C
590 23 C
11626 31 C
11627 31 C
11654 31 C
11655 31 C
11682 31 C
891 0 C
892 0 C
972 0 C
11683 31 C
11710 31 C
11711 31 C
11744 31 C
11745 31 C
11811 31 C
973 0 C
1000 0 C
1001 0 C
1028 0 C
1029 0 C
1043 0 C
11812 31 C
11255 31 C
11227 31 C
11228 31 C
11254 31 C
1044 0 C
1099 0 C
1100 0 C
1201 0 C
1202 0 C
1229 0 C
1230 0 C
11969 34 C
11970 34 C
11997 34 C
12070 34 C
11998 34 C
12099 34 C
12071 34 C
12098 34 C
12126 34 C
12127 34 C
12154 34 C
12155 34 C
12479 34 C
12480 34 C
12508 34 C
12507 34 C
891 13 C
892 13 C
973 13 C
972 13 C
1000 13 C
1001 13 C
1028 13 C
1044 13 C
1029 13 C
1043 13 C
1100 13 C
1099 13 C
1201 13 C
1202 13 C
1229 13 C
1230 13 C
11839 18 C
11840 18 C
11896 18 C
11867 18 C
11929 18 C
11868 18 C
11895 18 C
11969 18 C
11930 18 C
11997 18 C
11970 18 C
11998 18 C
12070 18 C
12071 18 C
12098 18 C
12099 18 C
11626 36 C
11627 36 C
11654 36 C
11655 36 C
11682 36 C
11683 36 C
11710 36 C
11744 36 C
11711 36 C
10382 36 C
10409 36 C
11227 36 C
10408 36 C
11228 36 C
11255 36 C
11254 36 C
667 39 C
668 39 C
695 39 C
696 39 C
723 39 C
724 39 C
751 39 C
752 39 C
779 39 C
780 39 C
807 39 C
12656 21 C
808 39 C
835 39 C
836 39 C
12655 21 C
863 39 C
864 39 C
12683 21 C
12684 21 C
12711 21 C
12712 21 C
12794 21 C
12766 21 C
12767 21 C
12536 21 C
12795 21 C
12535 21 C
12562 21 C
12563 21 C
14489 21 C
14490 21 C
892 26 C
891 26 C
972 26 C
973 26 C
1000 26 C
1001 26 C
1028 26 C
1029 26 C
1043 26 C
1099 26 C
1044 26 C
1100 26 C
1201 26 C
1202 26 C
1229 26 C
1230 26 C
11839 23 C
11840 23 C
11745 23 C
11811 23 C
11867 23 C
11812 23 C
11868 23 C
11930 23 C
11895 23 C
11896 23 C
11969 23 C
11929 23 C
12070 23 C
11997 23 C
11970 23 C
11998 23 C
590 36 C
11840 31 C
11929 31 C
11930 31 C
11969 31 C
11868 31 C
11970 31 C
11867 31 C
11896 31 C
11839 31 C
11997 31 C
11895 31 C
11998 31 C
12070 31 C
12071 31 C
12099 31 C
12098 31 C
1636 0 C
1637 0 C
1664 0 C
1665 0 C
1692 0 C
1693 0 C
1720 0 C
1721 0 C
1748 0 C
1749 0 C
1776 0 C
1777 0 C
1376 0 C
1404 0 C
1377 0 C
1405 0 C
12655 34 C
12656 34 C
12683 34 C
12684 34 C
12711 34 C
12712 34 C
12766 34 C
12767 34 C
12794 34 C
12795 34 C
12535 34 C
12562 34 C
12536 34 C
12563 34 C
14489 34 C
14490 34 C
1636 13 C
1637 13 C
1664 13 C
1665 13 C
1692 13 C
1693 13 C
1720 13 C
1721 13 C
1748 13 C
1749 13 C
1776 13 C
1777 13 C
1376 13 C
1377 13 C
1404 13 C
1405 13 C
12154 18 C
12126 18 C
12127 18 C
12155 18 C
12655 18 C
12656 18 C
12683 18 C
12684 18 C
12479 18 C
12480 18 C
12507 18 C
12535 18 C
12508 18 C
12562 18 C
12536 18 C
12563 18 C
11745 36 C
11811 36 C
11812 36 C
11839 36 C
11840 36 C
11867 36 C
11895 36 C
11896 36 C
11868 36 C
11929 36 C
11930 36 C
11969 36 C
11970 36 C
11997 36 C
11998 36 C
12070 36 C
891 39 C
892 39 C
972 39 C
973 39 C
1000 39 C
1001 39 C
1028 39 C
1029 39 C
1043 39 C
1044 39 C
1099 39 C
1100 39 C
1201 39 C
1202 39 C
1229 39 C
1230 39 C
16273 21 C
16698 21 C
16699 21 C
16274 21 C
16789 21 C
16788 21 C
16816 21 C
16817 21 C
17217 21 C
17218 21 C
17245 21 C
17246 21 C
16957 21 C
16985 21 C
16958 21 C
16986 21 C
1636 26 C
1637 26 C
1664 26 C
1665 26 C
1692 26 C
1693 26 C
1720 26 C
1721 26 C
1748 26 C
1749 26 C
1776 26 C
1777 26 C
1376 26 C
1405 26 C
1377 26 C
1404 26 C
12071 23 C
12099 23 C
12098 23 C
12126 23 C
12127 23 C
12154 23 C
12155 23 C
12655 23 C
12479 23 C
12480 23 C
12507 23 C
12508 23 C
12535 23 C
12536 23 C
12562 23 C
12563 23 C
12126 31 C
12154 31 C
12127 31 C
12155 31 C
12655 31 C
12656 31 C
12683 31 C
12684 31 C
12479 31 C
12480 31 C
12508 31 C
12507 31 C
12536 31 C
12535 31 C
12562 31 C
12563 31 C
1804 0 C
1805 0 C
1832 0 C
1833 0 C
1860 0 C
1861 0 C
1888 0 C
1889 0 C
1916 0 C
1917 0 C
1944 0 C
1945 0 C
2025 0 C
2026 0 C
2053 0 C
2054 0 C
16273 34 C
16698 34 C
16274 34 C
16699 34 C
1804 13 C
1805 13 C
1832 13 C
1833 13 C
1860 13 C
1861 13 C
1888 13 C
1889 13 C
1916 13 C
1917 13 C
1944 13 C
1945 13 C
2025 13 C
2026 13 C
2053 13 C
2054 13 C
12711 18 C
12712 18 C
12766 18 C
12794 18 C
12767 18 C
12795 18 C
12883 18 C
12882 18 C
12910 18 C
12911 18 C
12983 18 C
13011 18 C
12984 18 C
13039 18 C
13012 18 C
13040 18 C
12071 36 C
12126 36 C
12127 36 C
12154 36 C
12155 36 C
12098 36 C
12099 36 C
12655 36 C
12479 36 C
12480 36 C
12507 36 C
12508 36 C
12535 36 C
12536 36 C
12562 36 C
12563 36 C
1692 39 C
1665 39 C
1636 39 C
1637 39 C
1664 39 C
1693 39 C
1720 39 C
1721 39 C
1748 39 C
1749 39 C
1776 39 C
1777 39 C
1376 39 C
1377 39 C
1404 39 C
1405 39 C
17273 21 C
17274 21 C
17301 21 C
17302 21 C
17329 21 C
17357 21 C
17330 21 C
17358 21 C
17386 21 C
17385 21 C
17413 21 C
17414 21 C
17441 21 C
17442 21 C
17469 21 C
17470 21 C
1804 26 C
1805 26 C
1832 26 C
1833 26 C
1860 26 C
1861 26 C
1888 26 C
1889 26 C
1916 26 C
1917 26 C
1944 26 C
1945 26 C
2025 26 C
2026 26 C
2053 26 C
2054 26 C
12656 23 C
12684 23 C
12683 23 C
12711 23 C
12712 23 C
12766 23 C
12794 23 C
12767 23 C
12795 23 C
12882 23 C
12910 23 C
12883 23 C
12984 23 C
12911 23 C
12983 23 C
13011 23 C
12712 31 C
12711 31 C
12767 31 C
12766 31 C
12882 31 C
12883 31 C
12794 31 C
12910 31 C
12911 31 C
12795 31 C
12983 31 C
12984 31 C
13011 31 C
13012 31 C
13039 31 C
13040 31 C
2081 0 C
2082 0 C
2096 0 C
2097 0 C
2177 0 C
2178 0 C
2205 0 C
2206 0 C
2260 0 C
2261 0 C
2288 0 C
2289 0 C
2316 0 C
2317 0 C
2344 0 C
2345 0 C
2081 13 C
2082 13 C
2097 13 C
2096 13 C
2177 13 C
2206 13 C
2178 13 C
2205 13 C
2261 13 C
2260 13 C
2288 13 C
2289 13 C
2316 13 C
2317 13 C
2344 13 C
2345 13 C
13067 18 C
13068 18 C
13568 18 C
13569 18 C
13596 18 C
13597 18 C
13624 18 C
13625 18 C
13392 18 C
13393 18 C
13420 18 C
13421 18 C
13448 18 C
13475 18 C
13449 18 C
13476 18 C
12683 36 C
12656 36 C
12684 36 C
12711 36 C
12712 36 C
12766 36 C
12767 36 C
12794 36 C
12882 36 C
12795 36 C
12883 36 C
12910 36 C
12911 36 C
12983 36 C
12984 36 C
13011 36 C
1804 39 C
1805 39 C
1832 39 C
1833 39 C
1860 39 C
1861 39 C
1888 39 C
1889 39 C
1916 39 C
1917 39 C
1944 39 C
1945 39 C
2025 39 C
2026 39 C
2053 39 C
2054 39 C
2081 26 C
2082 26 C
2177 26 C
2096 26 C
2097 26 C
2178 26 C
2205 26 C
2206 26 C
2260 26 C
2261 26 C
2288 26 C
2316 26 C
2344 26 C
2317 26 C
2345 26 C
2289 26 C
17497 21 C
17525 21 C
17498 21 C
17526 21 C
17606 21 C
17607 21 C
17635 21 C
17634 21 C
17662 21 C
17663 21 C
17677 21 C
21204 21 C
21205 21 C
17678 21 C
28519 21 C
28518 21 C
13067 23 C
13039 23 C
13012 23 C
13040 23 C
13068 23 C
13568 23 C
13569 23 C
13596 23 C
13392 23 C
13393 23 C
13420 23 C
13421 23 C
13449 23 C
13448 23 C
13475 23 C
13476 23 C
2378 0 C
2379 0 C
2446 0 C
2445 0 C
2473 0 C
2474 0 C
2501 0 C
2502 0 C
2529 0 C
13067 31 C
13068 31 C
13568 31 C
13569 31 C
13596 31 C
2530 0 C
2563 0 C
13597 31 C
2564 0 C
13624 31 C
13625 31 C
13392 31 C
13393 31 C
13420 31 C
2630 0 C
2603 0 C
13421 31 C
2604 0 C
2631 0 C
13448 31 C
13449 31 C
13475 31 C
13476 31 C
2378 13 C
2445 13 C
2379 13 C
2446 13 C
2473 13 C
2474 13 C
2501 13 C
2502 13 C
2529 13 C
2530 13 C
2563 13 C
2564 13 C
2603 13 C
2630 13 C
2604 13 C
2631 13 C
13679 18 C
13680 18 C
13707 18 C
13708 18 C
13822 18 C
13932 18 C
13823 18 C
13877 18 C
13878 18 C
13987 18 C
13933 18 C
13988 18 C
14490 18 C
14489 18 C
14516 18 C
14517 18 C
13012 36 C
13039 36 C
13040 36 C
13067 36 C
13068 36 C
13568 36 C
13569 36 C
13596 36 C
13392 36 C
13393 36 C
13420 36 C
13421 36 C
13448 36 C
13449 36 C
13475 36 C
13476 36 C
2081 39 C
2082 39 C
2096 39 C
2097 39 C
2177 39 C
2178 39 C
2205 39 C
2206 39 C
2260 39 C
2261 39 C
2288 39 C
2289 39 C
2316 39 C
2317 39 C
2344 39 C
2378 26 C
2445 26 C
2345 39 C
2379 26 C
2446 26 C
2473 26 C
2474 26 C
2501 26 C
2502 26 C
2529 26 C
2530 26 C
2563 26 C
2564 26 C
2603 26 C
2630 26 C
2604 26 C
2631 26 C
13624 23 C
13597 23 C
13625 23 C
13680 23 C
13679 23 C
13707 23 C
13708 23 C
16273 23 C
14489 23 C
14516 23 C
14517 23 C
14490 23 C
15335 23 C
15363 23 C
15336 23 C
15362 23 C
13679 31 C
13680 31 C
13707 31 C
13708 31 C
13877 31 C
13823 31 C
13822 31 C
13878 31 C
13933 31 C
13932 31 C
13987 31 C
13988 31 C
14489 31 C
14490 31 C
14516 31 C
14517 31 C
2697 0 C
2696 0 C
2723 0 C
2724 0 C
2750 0 C
2751 0 C
2777 0 C
2778 0 C
3233 0 C
3234 0 C
3260 0 C
3261 0 C
3125 0 C
3126 0 C
3152 0 C
3153 0 C
2696 13 C
2697 13 C
2724 13 C
2750 13 C
2723 13 C
2751 13 C
2777 13 C
2778 13 C
3071 13 C
3072 13 C
3099 13 C
3098 13 C
3125 13 C
3152 13 C
3126 13 C
3153 13 C
16273 18 C
16274 18 C
16301 18 C
16302 18 C
16698 18 C
16788 18 C
16699 18 C
16789 18 C
16817 18 C
16816 18 C
15335 18 C
15336 18 C
15363 18 C
15362 18 C
16957 18 C
16958 18 C
13597 36 C
13624 36 C
13625 36 C
13679 36 C
13680 36 C
13707 36 C
13708 36 C
2378 39 C
2379 39 C
2446 39 C
2445 39 C
2473 39 C
2474 39 C
2501 39 C
2502 39 C
2530 39 C
2529 39 C
2563 39 C
2564 39 C
2603 39 C
2604 39 C
2630 39 C
2631 39 C
2696 26 C
2697 26 C
2723 26 C
2724 26 C
2750 26 C
2751 26 C
2777 26 C
2778 26 C
3071 26 C
3072 26 C
3098 26 C
3099 26 C
3125 26 C
3126 26 C
3152 26 C
3153 26 C
16301 23 C
16274 23 C
16698 23 C
16302 23 C
16788 23 C
16699 23 C
16789 23 C
16816 23 C
16817 23 C
17217 23 C
17218 23 C
17245 23 C
16957 23 C
16958 23 C
16985 23 C
16986 23 C
16273 31 C
16274 31 C
16301 31 C
16302 31 C
16698 31 C
16699 31 C
16788 31 C
16789 31 C
16816 31 C
16817 31 C
15336 31 C
15335 31 C
15362 31 C
15363 31 C
16957 31 C
16958 31 C
3288 0 C
3287 0 C
3369 0 C
3368 0 C
3341 0 C
3342 0 C
3465 0 C
3466 0 C
3555 0 C
3556 0 C
3583 0 C
3584 0 C
3724 0 C
3752 0 C
3725 0 C
3753 0 C
3234 13 C
3260 13 C
3233 13 C
3261 13 C
3287 13 C
3368 13 C
3465 13 C
3288 13 C
3369 13 C
3342 13 C
3341 13 C
3466 13 C
3555 13 C
3556 13 C
3584 13 C
3583 13 C
17217 18 C
17245 18 C
17273 18 C
17218 18 C
17274 18 C
17246 18 C
17301 18 C
17302 18 C
17329 18 C
17330 18 C
17357 18 C
17358 18 C
17385 18 C
17386 18 C
16985 18 C
16986 18 C
2696 39 C
2697 39 C
2723 39 C
2724 39 C
2750 39 C
2751 39 C
2777 39 C
2778 39 C
3071 39 C
3072 39 C
3098 39 C
3099 39 C
3125 39 C
3126 39 C
3152 39 C
3153 39 C
3233 26 C
3234 26 C
3260 26 C
3261 26 C
3288 26 C
3287 26 C
3341 26 C
3369 26 C
3342 26 C
3368 26 C
3465 26 C
3466 26 C
3555 26 C
3556 26 C
3583 26 C
3584 26 C
17246 23 C
17301 23 C
17273 23 C
17274 23 C
17302 23 C
17329 23 C
17330 23 C
17357 23 C
17358 23 C
17386 23 C
17385 23 C
17413 23 C
17414 23 C
17441 23 C
17442 23 C
17469 23 C
3984 0 C
4012 0 C
3985 0 C
4013 0 C
4040 0 C
4041 0 C
4068 0 C
4069 0 C
4096 0 C
4097 0 C
4124 0 C
4125 0 C
4152 0 C
4153 0 C
4180 0 C
4181 0 C
17217 31 C
17218 31 C
17245 31 C
17246 31 C
17273 31 C
17274 31 C
17301 31 C
17302 31 C
17329 31 C
17330 31 C
17357 31 C
17358 31 C
17385 31 C
17386 31 C
16985 31 C
16986 31 C
17413 18 C
17414 18 C
17441 18 C
17442 18 C
17469 18 C
17497 18 C
17470 18 C
17498 18 C
17607 18 C
17525 18 C
17526 18 C
17635 18 C
17606 18 C
17634 18 C
17662 18 C
17663 18 C
3984 13 C
3985 13 C
4012 13 C
4068 13 C
4013 13 C
4040 13 C
4041 13 C
4069 13 C
4096 13 C
4097 13 C
4124 13 C
4125 13 C
3725 13 C
3752 13 C
3753 13 C
3724 13 C
3234 39 C
3260 39 C
3233 39 C
3261 39 C
3288 39 C
3342 39 C
3984 26 C
3368 39 C
3287 39 C
3985 26 C
3341 39 C
3369 39 C
4012 26 C
4013 26 C
4040 26 C
3465 39 C
3466 39 C
3555 39 C
3556 39 C
4041 26 C
4068 26 C
3583 39 C
4069 26 C
3584 39 C
4096 26 C
4097 26 C
4124 26 C
4125 26 C
3725 26 C
3724 26 C
3752 26 C
3753 26 C
17470 23 C
17525 23 C
17497 23 C
17498 23 C
17526 23 C
17606 23 C
17635 23 C
17607 23 C
17662 23 C
17634 23 C
17677 23 C
17663 23 C
17678 23 C
17728 23 C
17727 23 C
17817 23 C
17413 31 C
17414 31 C
17442 31 C
17441 31 C
17469 31 C
17470 31 C
4208 0 C
17497 31 C
17498 31 C
17525 31 C
4209 0 C
4236 0 C
17526 31 C
17606 31 C
17607 31 C
17634 31 C
17635 31 C
17662 31 C
4237 0 C
4264 0 C
4265 0 C
4292 0 C
4293 0 C
4373 0 C
17663 31 C
4374 0 C
4401 0 C
4402 0 C
4429 0 C
4430 0 C
4444 0 C
4445 0 C
4152 13 C
4153 13 C
4180 13 C
4208 13 C
4181 13 C
4209 13 C
4236 13 C
4237 13 C
4264 13 C
4265 13 C
4292 13 C
4293 13 C
4373 13 C
4374 13 C
4401 13 C
4402 13 C
17677 18 C
17678 18 C
17727 18 C
17728 18 C
17817 18 C
17818 18 C
17845 18 C
18246 18 C
17846 18 C
18247 18 C
18275 18 C
18274 18 C
17987 18 C
17986 18 C
18014 18 C
18015 18 C
3984 39 C
3985 39 C
4012 39 C
4069 39 C
4013 39 C
4040 39 C
4041 39 C
4068 39 C
4096 39 C
4097 39 C
4124 39 C
4125 39 C
3752 39 C
3725 39 C
3753 39 C
3724 39 C
4152 26 C
4153 26 C
4180 26 C
4181 26 C
4208 26 C
4209 26 C
4236 26 C
4237 26 C
4264 26 C
4265 26 C
4292 26 C
4293 26 C
4402 26 C
4373 26 C
4374 26 C
4401 26 C
17818 23 C
17845 23 C
17846 23 C
18246 23 C
18247 23 C
18274 23 C
18275 23 C
18302 23 C
18303 23 C
18330 23 C
18331 23 C
18358 23 C
17986 23 C
18014 23 C
17987 23 C
18015 23 C
4494 0 C
4495 0 C
4584 0 C
4585 0 C
4612 0 C
4613 0 C
5013 0 C
5014 0 C
5041 0 C
17677 31 C
17678 31 C
17727 31 C
17728 31 C
17817 31 C
17818 31 C
5042 0 C
5069 0 C
5070 0 C
4753 0 C
4754 0 C
4781 0 C
17845 31 C
17846 31 C
18246 31 C
18247 31 C
18274 31 C
18275 31 C
4782 0 C
17987 31 C
17986 31 C
18015 31 C
18014 31 C
4429 13 C
4430 13 C
4444 13 C
4445 13 C
4494 13 C
4495 13 C
4584 13 C
4612 13 C
4585 13 C
4613 13 C
5013 13 C
5014 13 C
4753 13 C
4754 13 C
4781 13 C
4782 13 C
18302 18 C
18303 18 C
18330 18 C
18331 18 C
18358 18 C
18359 18 C
18386 18 C
18387 18 C
18414 18 C
18442 18 C
18415 18 C
18471 18 C
18443 18 C
18498 18 C
18499 18 C
18470 18 C
4152 39 C
4153 39 C
4180 39 C
4181 39 C
4209 39 C
4208 39 C
4237 39 C
4264 39 C
4236 39 C
4265 39 C
4292 39 C
4293 39 C
4373 39 C
4374 39 C
4401 39 C
4402 39 C
4429 26 C
4430 26 C
4444 26 C
4445 26 C
4494 26 C
4495 26 C
4584 26 C
18359 23 C
18387 23 C
4585 26 C
4612 26 C
18386 23 C
4613 26 C
5013 26 C
5014 26 C
18415 23 C
18414 23 C
18443 23 C
18442 23 C
4781 26 C
4754 26 C
4782 26 C
18470 23 C
4753 26 C
18498 23 C
18471 23 C
18499 23 C
18526 23 C
18527 23 C
18554 23 C
18555 23 C
18635 23 C
18302 31 C
18303 31 C
18330 31 C
18331 31 C
18359 31 C
18358 31 C
18386 31 C
18387 31 C
18415 31 C
18442 31 C
5097 0 C
5098 0 C
5125 0 C
18414 31 C
18443 31 C
18470 31 C
18471 31 C
18499 31 C
5126 0 C
18498 31 C
5153 0 C
5154 0 C
5181 0 C
5182 0 C
5209 0 C
5210 0 C
5237 0 C
5238 0 C
5265 0 C
5266 0 C
5293 0 C
5294 0 C
5041 13 C
5042 13 C
5069 13 C
5070 13 C
5097 13 C
5098 13 C
5125 13 C
5126 13 C
5153 13 C
5154 13 C
5182 13 C
5181 13 C
5210 13 C
5209 13 C
5237 13 C
5238 13 C
18526 18 C
18527 18 C
18554 18 C
18663 18 C
18555 18 C
18635 18 C
18636 18 C
18664 18 C
18691 18 C
18692 18 C
18706 18 C
18707 18 C
21204 18 C
21205 18 C
21232 18 C
21233 18 C
4429 39 C
4430 39 C
4444 39 C
4445 39 C
4494 39 C
4495 39 C
4584 39 C
4585 39 C
4612 39 C
4613 39 C
5013 39 C
5014 39 C
4753 39 C
4754 39 C
4782 39 C
4781 39 C
5041 26 C
5042 26 C
5069 26 C
5070 26 C
5097 26 C
5098 26 C
5125 26 C
5126 26 C
5153 26 C
5154 26 C
5181 26 C
5182 26 C
5209 26 C
5210 26 C
5237 26 C
5238 26 C
18663 23 C
18636 23 C
18664 23 C
18692 23 C
18691 23 C
18706 23 C
18707 23 C
21204 23 C
21205 23 C
21232 23 C
21233 23 C
22062 23 C
22061 23 C
28518 23 C
22089 23 C
22090 23 C
5321 0 C
5322 0 C
5402 0 C
5403 0 C
5430 0 C
5459 0 C
5473 0 C
5431 0 C
5458 0 C
5474 0 C
5523 0 C
5524 0 C
5613 0 C
5614 0 C
5641 0 C
5642 0 C
18526 31 C
18555 31 C
18527 31 C
18554 31 C
18635 31 C
18636 31 C
18663 31 C
18664 31 C
18692 31 C
18691 31 C
18706 31 C
21204 31 C
18707 31 C
21205 31 C
21232 31 C
21233 31 C
5265 13 C
5266 13 C
5293 13 C
5321 13 C
5322 13 C
5403 13 C
5294 13 C
5402 13 C
5430 13 C
5431 13 C
5458 13 C
5459 13 C
5473 13 C
5474 13 C
5523 13 C
5524 13 C
22061 18 C
22062 18 C
28546 18 C
22089 18 C
22090 18 C
28519 18 C
28518 18 C
28547 18 C
28519 23 C
28546 23 C
28547 23 C
5041 39 C
5042 39 C
5070 39 C
5069 39 C
5097 39 C
5265 26 C
5293 26 C
5098 39 C
5266 26 C
5294 26 C
5125 39 C
5126 39 C
5153 39 C
5154 39 C
5181 39 C
5237 39 C
5322 26 C
5321 26 C
5402 26 C
5403 26 C
5430 26 C
5431 26 C
5182 39 C
5209 39 C
5210 39 C
5238 39 C
5458 26 C
5459 26 C
5473 26 C
5474 26 C
5523 26 C
5524 26 C
22061 31 C
22062 31 C
22089 31 C
22090 31 C
28518 31 C
28546 31 C
28519 31 C
28547 31 C
6042 0 C
6043 0 C
6070 0 C
6071 0 C
6098 0 C
6099 0 C
6126 0 C
6127 0 C
6154 0 C
6155 0 C
6182 0 C
6183 0 C
5782 0 C
5783 0 C
5811 0 C
5810 0 C
5613 13 C
5614 13 C
5641 13 C
5642 13 C
6042 13 C
6043 13 C
6070 13 C
6071 13 C
6098 13 C
6099 13 C
6126 13 C
6127 13 C
5783 13 C
5782 13 C
5810 13 C
5811 13 C
5265 39 C
5266 39 C
5294 39 C
5293 39 C
5321 39 C
5403 39 C
5322 39 C
5613 26 C
5431 39 C
5402 39 C
5458 39 C
5430 39 C
5614 26 C
5459 39 C
5641 26 C
5642 26 C
5473 39 C
5474 39 C
5523 39 C
6042 26 C
5524 39 C
6071 26 C
6043 26 C
6070 26 C
6099 26 C
6126 26 C
6098 26 C
6127 26 C
5782 26 C
5811 26 C
5810 26 C
5783 26 C
6210 0 C
6211 0 C
6238 0 C
6294 0 C
6239 0 C
6266 0 C
6267 0 C
6295 0 C
6322 0 C
6323 0 C
6350 0 C
6351 0 C
6431 0 C
6432 0 C
6459 0 C
6460 0 C
6154 13 C
6155 13 C
6182 13 C
6210 13 C
6183 13 C
6211 13 C
6238 13 C
6239 13 C
6266 13 C
6267 13 C
6294 13 C
6295 13 C
6322 13 C
6323 13 C
6350 13 C
6351 13 C
6154 26 C
6155 26 C
6182 26 C
6183 26 C
6210 26 C
6211 26 C
6239 26 C
6238 26 C
6266 26 C
6267 26 C
6294 26 C
5613 39 C
6295 26 C
5614 39 C
6322 26 C
6323 26 C
6350 26 C
6351 26 C
5642 39 C
5641 39 C
6043 39 C
6042 39 C
6070 39 C
6071 39 C
6098 39 C
6099 39 C
6126 39 C
6127 39 C
5782 39 C
5810 39 C
5783 39 C
5811 39 C
6487 0 C
6488 0 C
6502 0 C
6503 0 C
6552 0 C
6553 0 C
6642 0 C
6643 0 C
6670 0 C
6671 0 C
7071 0 C
7072 0 C
6811 0 C
6812 0 C
6839 0 C
6840 0 C
6431 13 C
6432 13 C
6459 13 C
6460 13 C
6487 13 C
6488 13 C
6502 13 C
6503 13 C
6552 13 C
6553 13 C
6642 13 C
6643 13 C
6670 13 C
6671 13 C
6811 13 C
6812 13 C
6154 39 C
6155 39 C
6182 39 C
6183 39 C
6210 39 C
6211 39 C
6238 39 C
6239 39 C
6266 39 C
6267 39 C
6294 39 C
6295 39 C
6322 39 C
6323 39 C
6350 39 C
6351 39 C
6431 26 C
6432 26 C
6459 26 C
6487 26 C
6460 26 C
6488 26 C
6502 26 C
6503 26 C
6552 26 C
6553 26 C
6642 26 C
6643 26 C
6670 26 C
6671 26 C
6811 26 C
6812 26 C
7099 0 C
7100 0 C
7127 0 C
7128 0 C
7155 0 C
7156 0 C
7183 0 C
7184 0 C
7211 0 C
7212 0 C
7239 0 C
7240 0 C
7267 0 C
7268 0 C
7295 0 C
7296 0 C
7071 13 C
7072 13 C
7099 13 C
7100 13 C
7127 13 C
7128 13 C
7155 13 C
7156 13 C
7183 13 C
7184 13 C
7211 13 C
7212 13 C
7239 13 C
7240 13 C
6839 13 C
6840 13 C
7071 26 C
7072 26 C
7099 26 C
7100 26 C
7127 26 C
7128 26 C
7155 26 C
7156 26 C
7183 26 C
7184 26 C
7211 26 C
7212 26 C
7239 26 C
7240 26 C
6840 26 C
6839 26 C
6431 39 C
6432 39 C
6459 39 C
6460 39 C
6487 39 C
6488 39 C
6502 39 C
6503 39 C
6552 39 C
6553 39 C
6642 39 C
6643 39 C
6670 39 C
6671 39 C
7323 0 C
7324 0 C
7351 0 C
7352 0 C
7379 0 C
7380 0 C
7460 0 C
7461 0 C
7488 0 C
7489 0 C
7516 0 C
7517 0 C
7532 0 C
7531 0 C
7586 0 C
7587 0 C
7267 13 C
7268 13 C
7295 13 C
7296 13 C
7324 13 C
7323 13 C
7351 13 C
7352 13 C
7379 13 C
7461 13 C
7380 13 C
7460 13 C
7488 13 C
7489 13 C
7516 13 C
7517 13 C
7267 26 C
7268 26 C
7295 26 C
7296 26 C
7323 26 C
7324 26 C
7351 26 C
7352 26 C
7379 26 C
7380 26 C
7460 26 C
7489 26 C
7461 26 C
7488 26 C
7516 26 C
7517 26 C
7613 0 C
7614 0 C
7640 0 C
7641 0 C
7667 0 C
7668 0 C
7700 0 C
7701 0 C
7766 0 C
7767 0 C
7793 0 C
7794 0 C
7820 0 C
7821 0 C
7847 0 C
7848 0 C
7531 13 C
7532 13 C
7586 13 C
7587 13 C
7613 13 C
7614 13 C
7640 13 C
7641 13 C
7667 13 C
7668 13 C
7700 13 C
7701 13 C
7766 13 C
7767 13 C
7794 13 C
7793 13 C
7531 26 C
7532 26 C
7587 26 C
7586 26 C
7613 26 C
7614 26 C
7640 26 C
7641 26 C
7667 26 C
7668 26 C
7700 26 C
7701 26 C
7766 26 C
7767 26 C
7793 26 C
7794 26 C
7880 0 C
7881 0 C
7919 0 C
7920 0 C
7946 0 C
7947 0 C
8018 0 C
8019 0 C
8045 0 C
8046 0 C
8072 0 C
8073 0 C
8099 0 C
8100 0 C
8477 0 C
8478 0 C
7820 13 C
7847 13 C
7821 13 C
7848 13 C
7880 13 C
7881 13 C
7919 13 C
7920 13 C
7947 13 C
7946 13 C
8018 13 C
8019 13 C
8045 13 C
8046 13 C
8072 13 C
8073 13 C
7820 26 C
7821 26 C
7847 26 C
7848 26 C
7880 26 C
7881 26 C
7919 26 C
7947 26 C
7920 26 C
7946 26 C
8018 26 C
8019 26 C
8045 26 C
8046 26 C
8072 26 C
8073 26 C
8598 0 C
8597 0 C
8504 0 C
8505 0 C
8624 0 C
8625 0 C
8651 0 C
8652 0 C
8705 0 C
8706 0 C
8732 0 C
8733 0 C
8819 0 C
8820 0 C
8846 0 C
8847 0 C
8099 13 C
8100 13 C
8424 13 C
8423 13 C
8477 13 C
8450 13 C
8451 13 C
8478 13 C
8504 13 C
8597 13 C
8598 13 C
8505 13 C
8624 13 C
8625 13 C
8651 13 C
8652 13 C
8099 26 C
8100 26 C
8423 26 C
8424 26 C
8450 26 C
8451 26 C
8478 26 C
8477 26 C
8597 26 C
8504 26 C
8505 26 C
8598 26 C
8624 26 C
8652 26 C
8625 26 C
8651 26 C
8918 0 C
8919 0 C
8945 0 C
8972 0 C
8946 0 C
8973 0 C
8999 0 C
9000 0 C
9377 0 C
9378 0 C
9497 0 C
9404 0 C
9405 0 C
9498 0 C
9524 0 C
9525 0 C
8705 13 C
8706 13 C
8732 13 C
8733 13 C
8819 13 C
8820 13 C
8846 13 C
8847 13 C
8918 13 C
8919 13 C
8945 13 C
8946 13 C
8972 13 C
8973 13 C
8999 13 C
9000 13 C
8706 26 C
8705 26 C
8819 26 C
8733 26 C
8732 26 C
8820 26 C
8846 26 C
8847 26 C
8918 26 C
8919 26 C
8945 26 C
8946 26 C
8972 26 C
8999 26 C
8973 26 C
9000 26 C
9551 0 C
9552 0 C
9606 0 C
9605 0 C
9632 0 C
9633 0 C
9907 0 C
9908 0 C
9934 0 C
9935 0 C
10006 0 C
10007 0 C
10033 0 C
10034 0 C
10060 0 C
10061 0 C
9323 13 C
9324 13 C
9350 13 C
9351 13 C
9377 13 C
9378 13 C
9404 13 C
9497 13 C
9405 13 C
9498 13 C
9524 13 C
9525 13 C
9551 13 C
9552 13 C
9605 13 C
9606 13 C
9324 26 C
9323 26 C
9351 26 C
9350 26 C
9377 26 C
9378 26 C
9404 26 C
9497 26 C
9498 26 C
9405 26 C
9524 26 C
9525 26 C
9551 26 C
9552 26 C
9605 26 C
9606 26 C
10087 0 C
10088 0 C
10436 0 C
10462 0 C
10435 0 C
10463 0 C
10543 0 C
10544 0 C
10570 0 C
10598 0 C
10571 0 C
10651 0 C
10597 0 C
10652 0 C
10678 0 C
10679 0 C
9632 13 C
9633 13 C
9908 13 C
9907 13 C
9934 13 C
9935 13 C
10006 13 C
10007 13 C
10033 13 C
10034 13 C
10061 13 C
10060 13 C
10087 13 C
10088 13 C
10381 13 C
10382 13 C
9632 26 C
9633 26 C
9908 26 C
9907 26 C
9934 26 C
9935 26 C
10006 26 C
10007 26 C
10033 26 C
10034 26 C
10060 26 C
10061 26 C
10087 26 C
10088 26 C
10381 26 C
10382 26 C
10753 0 C
10781 0 C
10754 0 C
10852 0 C
10780 0 C
10853 0 C
10880 0 C
10879 0 C
10906 0 C
10907 0 C
10934 0 C
10933 0 C
11281 0 C
11282 0 C
11308 0 C
11309 0 C
10408 13 C
10436 13 C
10409 13 C
10435 13 C
10462 13 C
10543 13 C
10463 13 C
10570 13 C
10544 13 C
10571 13 C
10598 13 C
10597 13 C
10651 13 C
10678 13 C
10679 13 C
10652 13 C
10408 26 C
10409 26 C
10436 26 C
10435 26 C
10462 26 C
10463 26 C
10543 26 C
10544 26 C
10570 26 C
10571 26 C
10597 26 C
10598 26 C
10651 26 C
10652 26 C
10678 26 C
10679 26 C
11389 0 C
11390 0 C
11416 0 C
11417 0 C
11443 0 C
11444 0 C
11497 0 C
11524 0 C
11498 0 C
11525 0 C
14015 0 C
14016 0 C
14042 0 C
14043 0 C
14115 0 C
14114 0 C
10753 13 C
10754 13 C
10781 13 C
10780 13 C
10852 13 C
10853 13 C
10879 13 C
10907 13 C
10880 13 C
10906 13 C
10933 13 C
10934 13 C
11254 13 C
11227 13 C
11228 13 C
11255 13 C
10780 26 C
10781 26 C
10753 26 C
10754 26 C
10852 26 C
10853 26 C
10879 26 C
10880 26 C
10933 26 C
10906 26 C
10907 26 C
10934 26 C
11227 26 C
11228 26 C
11254 26 C
11255 26 C
14141 0 C
14142 0 C
14169 0 C
14168 0 C
14195 0 C
14196 0 C
14543 0 C
14544 0 C
14651 0 C
14570 0 C
14571 0 C
14652 0 C
14678 0 C
14679 0 C
14705 0 C
14706 0 C
11281 13 C
11627 13 C
11626 13 C
11308 13 C
11416 13 C
11282 13 C
11309 13 C
11389 13 C
11443 13 C
11444 13 C
11390 13 C
11417 13 C
11524 13 C
11497 13 C
11498 13 C
11525 13 C
11626 26 C
11627 26 C
11281 26 C
11282 26 C
11309 26 C
11308 26 C
11389 26 C
11390 26 C
11416 26 C
11417 26 C
11443 26 C
11444 26 C
11498 26 C
11497 26 C
11524 26 C
11525 26 C
14759 0 C
14786 0 C
14760 0 C
14787 0 C
14861 0 C
14862 0 C
14888 0 C
14889 0 C
14960 0 C
14961 0 C
14987 0 C
14988 0 C
15014 0 C
15015 0 C
15041 0 C
15042 0 C
11654 13 C
11655 13 C
11683 13 C
11682 13 C
11710 13 C
11744 13 C
11711 13 C
11745 13 C
11811 13 C
11812 13 C
11839 13 C
11840 13 C
11867 13 C
11868 13 C
11895 13 C
11896 13 C
11654 26 C
11655 26 C
11683 26 C
11682 26 C
11710 26 C
11711 26 C
11744 26 C
11745 26 C
11811 26 C
11812 26 C
11839 26 C
11840 26 C
11867 26 C
11868 26 C
11896 26 C
11895 26 C
15707 0 C
15708 0 C
15498 0 C
15389 0 C
15390 0 C
15416 0 C
15497 0 C
15524 0 C
15417 0 C
15525 0 C
15551 0 C
15552 0 C
15605 0 C
15606 0 C
15632 0 C
15633 0 C
11929 13 C
11930 13 C
11998 13 C
11969 13 C
11997 13 C
11970 13 C
12071 13 C
12070 13 C
12098 13 C
12099 13 C
12126 13 C
12154 13 C
12127 13 C
12155 13 C
12479 13 C
12480 13 C
11998 26 C
11969 26 C
11929 26 C
11930 26 C
12070 26 C
11970 26 C
12071 26 C
11997 26 C
12098 26 C
12099 26 C
12126 26 C
12127 26 C
12155 26 C
12154 26 C
12480 26 C
12479 26 C
15735 0 C
15736 0 C
15764 0 C
15763 0 C
15791 0 C
15792 0 C
15864 0 C
15865 0 C
15892 0 C
15893 0 C
15920 0 C
15921 0 C
15948 0 C
15949 0 C
16329 0 C
16330 0 C
12655 13 C
12656 13 C
12683 13 C
12684 13 C
12712 13 C
12535 13 C
12536 13 C
12711 13 C
12562 13 C
12563 13 C
12507 13 C
12766 13 C
12767 13 C
12794 13 C
12795 13 C
12508 13 C
12655 26 C
12656 26 C
12683 26 C
12711 26 C
12712 26 C
12508 26 C
12535 26 C
12536 26 C
12562 26 C
12563 26 C
12684 26 C
12766 26 C
12767 26 C
12794 26 C
12795 26 C
12507 26 C
16356 0 C
16449 0 C
16357 0 C
16450 0 C
16477 0 C
16478 0 C
16505 0 C
16506 0 C
16588 0 C
16589 0 C
16560 0 C
16561 0 C
18756 0 C
18757 0 C
18845 0 C
18846 0 C
12882 13 C
12883 13 C
12984 13 C
12910 13 C
12911 13 C
12983 13 C
13011 13 C
13012 13 C
13040 13 C
13039 13 C
13067 13 C
13068 13 C
13392 13 C
13393 13 C
13420 13 C
13421 13 C
12882 26 C
12911 26 C
12883 26 C
12910 26 C
12983 26 C
12984 26 C
13011 26 C
13039 26 C
13012 26 C
13040 26 C
13067 26 C
13068 26 C
13392 26 C
13393 26 C
13420 26 C
13421 26 C
18872 0 C
18873 0 C
19270 0 C
19271 0 C
19297 0 C
19298 0 C
19324 0 C
19325 0 C
19351 0 C
19352 0 C
19378 0 C
19379 0 C
19012 0 C
19013 0 C
19039 0 C
19040 0 C
13568 13 C
13569 13 C
13596 13 C
13597 13 C
13624 13 C
13625 13 C
13679 13 C
13680 13 C
13708 13 C
13707 13 C
13822 13 C
13823 13 C
13449 13 C
13448 13 C
13476 13 C
13475 13 C
13568 26 C
13569 26 C
13596 26 C
13597 26 C
13624 26 C
13625 26 C
13679 26 C
13680 26 C
13707 26 C
13708 26 C
13822 26 C
13448 26 C
13823 26 C
13449 26 C
13475 26 C
13476 26 C
19406 0 C
19432 0 C
19405 0 C
19433 0 C
19459 0 C
19460 0 C
19486 0 C
19514 0 C
19487 0 C
19513 0 C
19540 0 C
19541 0 C
19567 0 C
19647 0 C
19568 0 C
19648 0 C
13877 13 C
13878 13 C
13933 13 C
13932 13 C
13987 13 C
13988 13 C
14015 13 C
14016 13 C
14042 13 C
14043 13 C
14115 13 C
14141 13 C
14114 13 C
14142 13 C
14168 13 C
14169 13 C
13877 26 C
13878 26 C
13933 26 C
13932 26 C
13987 26 C
13988 26 C
14015 26 C
14016 26 C
14042 26 C
14043 26 C
14114 26 C
14115 26 C
14141 26 C
14142 26 C
14168 26 C
14169 26 C
19674 0 C
19675 0 C
19701 0 C
19702 0 C
19715 0 C
19764 0 C
19716 0 C
19765 0 C
19853 0 C
19854 0 C
19880 0 C
19881 0 C
20020 0 C
20047 0 C
20021 0 C
20048 0 C
14195 13 C
14196 13 C
14490 13 C
14489 13 C
14516 13 C
14517 13 C
14543 13 C
14544 13 C
14651 13 C
14571 13 C
14570 13 C
14652 13 C
14678 13 C
14679 13 C
14705 13 C
14706 13 C
14195 26 C
14196 26 C
14490 26 C
14489 26 C
14516 26 C
14517 26 C
14543 26 C
14544 26 C
14651 26 C
14570 26 C
14652 26 C
14678 26 C
14571 26 C
14679 26 C
14706 26 C
14705 26 C
20278 0 C
20279 0 C
20305 0 C
20306 0 C
20332 0 C
20333 0 C
20360 0 C
20359 0 C
20386 0 C
20387 0 C
20413 0 C
20414 0 C
20440 0 C
20441 0 C
20467 0 C
20468 0 C
14759 13 C
14787 13 C
14760 13 C
14786 13 C
14861 13 C
14862 13 C
14889 13 C
14888 13 C
14960 13 C
14961 13 C
14987 13 C
14988 13 C
15014 13 C
15015 13 C
15041 13 C
15042 13 C
14759 26 C
14787 26 C
14760 26 C
14786 26 C
14861 26 C
14862 26 C
14888 26 C
14889 26 C
14961 26 C
14960 26 C
14987 26 C
14988 26 C
15014 26 C
15015 26 C
15041 26 C
15042 26 C
20494 0 C
20521 0 C
20522 0 C
20495 0 C
20548 0 C
20549 0 C
20575 0 C
20576 0 C
20655 0 C
20656 0 C
20682 0 C
20683 0 C
20709 0 C
20710 0 C
20723 0 C
20724 0 C
15336 13 C
15335 13 C
15363 13 C
15362 13 C
15390 13 C
15389 13 C
15497 13 C
15524 13 C
15416 13 C
15417 13 C
15498 13 C
15525 13 C
15551 13 C
15552 13 C
15605 13 C
15606 13 C
15335 26 C
15362 26 C
15363 26 C
15336 26 C
15389 26 C
15416 26 C
15497 26 C
15390 26 C
15498 26 C
15417 26 C
15524 26 C
15525 26 C
15551 26 C
15552 26 C
15606 26 C
15605 26 C
20750 0 C
20751 0 C
20779 0 C
20778 0 C
20851 0 C
20852 0 C
20879 0 C
20880 0 C
21260 0 C
21261 0 C
21287 0 C
21380 0 C
21381 0 C
21288 0 C
21408 0 C
21409 0 C
15707 13 C
15708 13 C
15735 13 C
15736 13 C
15763 13 C
15764 13 C
15791 13 C
15792 13 C
15864 13 C
15865 13 C
15892 13 C
15893 13 C
15920 13 C
15921 13 C
15632 13 C
15633 13 C
15707 26 C
15708 26 C
15735 26 C
15736 26 C
15763 26 C
15764 26 C
15791 26 C
15792 26 C
15864 26 C
15865 26 C
15892 26 C
15893 26 C
15920 26 C
15921 26 C
15632 26 C
15633 26 C
21436 0 C
21437 0 C
21492 0 C
21491 0 C
21519 0 C
21520 0 C
21607 0 C
21608 0 C
21635 0 C
21636 0 C
21708 0 C
21709 0 C
21736 0 C
21737 0 C
22117 0 C
22118 0 C
15948 13 C
15949 13 C
16273 13 C
16274 13 C
16301 13 C
16302 13 C
16329 13 C
16330 13 C
16449 13 C
16356 13 C
16357 13 C
16450 13 C
16477 13 C
16478 13 C
16505 13 C
16506 13 C
15948 26 C
15949 26 C
16274 26 C
16273 26 C
16301 26 C
16302 26 C
16329 26 C
16449 26 C
16356 26 C
16330 26 C
16450 26 C
16357 26 C
16477 26 C
16478 26 C
16505 26 C
16506 26 C
22238 0 C
22237 0 C
22144 0 C
22145 0 C
22265 0 C
22266 0 C
22293 0 C
22294 0 C
22348 0 C
22349 0 C
22376 0 C
22377 0 C
22486 0 C
22487 0 C
22576 0 C
22577 0 C
16560 13 C
16561 13 C
16589 13 C
16588 13 C
16698 13 C
16699 13 C
16788 13 C
16789 13 C
16816 13 C
16817 13 C
17217 13 C
17218 13 C
16957 13 C
16958 13 C
16985 13 C
16986 13 C
16560 26 C
16561 26 C
16589 26 C
16588 26 C
16698 26 C
16699 26 C
16788 26 C
16789 26 C
16817 26 C
16816 26 C
17217 26 C
17218 26 C
16957 26 C
16958 26 C
16985 26 C
16986 26 C
22604 0 C
22605 0 C
23005 0 C
23006 0 C
23033 0 C
23034 0 C
23061 0 C
23062 0 C
23089 0 C
23090 0 C
23117 0 C
22745 0 C
23118 0 C
22746 0 C
22773 0 C
22774 0 C
17245 13 C
17246 13 C
17273 13 C
17274 13 C
17301 13 C
17302 13 C
17329 13 C
17330 13 C
17358 13 C
17357 13 C
17385 13 C
17386 13 C
17413 13 C
17414 13 C
17441 13 C
17442 13 C
17245 26 C
17246 26 C
17273 26 C
17274 26 C
17301 26 C
17302 26 C
17330 26 C
17358 26 C
17357 26 C
17329 26 C
17385 26 C
17386 26 C
17413 26 C
17414 26 C
17441 26 C
17442 26 C
23145 0 C
23146 0 C
23174 0 C
23173 0 C
23201 0 C
23202 0 C
23229 0 C
23230 0 C
23257 0 C
23258 0 C
23285 0 C
23286 0 C
23313 0 C
23314 0 C
23394 0 C
23395 0 C
17469 13 C
17470 13 C
17498 13 C
17497 13 C
17525 13 C
17526 13 C
17606 13 C
17635 13 C
17607 13 C
17634 13 C
17662 13 C
17663 13 C
17677 13 C
17678 13 C
17727 13 C
17728 13 C
17469 26 C
17498 26 C
17470 26 C
17497 26 C
17525 26 C
17526 26 C
17606 26 C
17607 26 C
17634 26 C
17635 26 C
17662 26 C
17663 26 C
17678 26 C
17677 26 C
17727 26 C
17728 26 C
23422 0 C
23423 0 C
23451 0 C
23450 0 C
23465 0 C
23466 0 C
23515 0 C
23516 0 C
23605 0 C
23606 0 C
23633 0 C
23634 0 C
23774 0 C
23775 0 C
23802 0 C
23803 0 C
17817 13 C
17818 13 C
17846 13 C
17845 13 C
18246 13 C
18247 13 C
18274 13 C
18275 13 C
18302 13 C
18303 13 C
18331 13 C
18330 13 C
17986 13 C
17987 13 C
18014 13 C
18015 13 C
17817 26 C
17818 26 C
17845 26 C
17846 26 C
18246 26 C
18247 26 C
18274 26 C
18275 26 C
18302 26 C
18303 26 C
18331 26 C
18330 26 C
17986 26 C
17987 26 C
18014 26 C
18015 26 C
24034 0 C
24035 0 C
24063 0 C
24062 0 C
24090 0 C
24091 0 C
24118 0 C
24119 0 C
24146 0 C
24147 0 C
24174 0 C
24175 0 C
24202 0 C
24203 0 C
24230 0 C
24231 0 C
18358 13 C
18359 13 C
18386 13 C
18387 13 C
18414 13 C
18442 13 C
18415 13 C
18443 13 C
18470 13 C
18471 13 C
18498 13 C
18499 13 C
18526 13 C
18527 13 C
18554 13 C
18555 13 C
18358 26 C
18359 26 C
18387 26 C
18386 26 C
18414 26 C
18415 26 C
18442 26 C
18443 26 C
18470 26 C
18471 26 C
18498 26 C
18499 26 C
18526 26 C
18527 26 C
18554 26 C
18555 26 C
24258 0 C
24259 0 C
24287 0 C
24286 0 C
24314 0 C
24315 0 C
24342 0 C
24343 0 C
24423 0 C
24424 0 C
24451 0 C
24452 0 C
24479 0 C
24480 0 C
24494 0 C
24495 0 C
18635 13 C
18636 13 C
18663 13 C
18664 13 C
18691 13 C
18692 13 C
18706 13 C
18707 13 C
18756 13 C
18757 13 C
18845 13 C
18846 13 C
18872 13 C
18873 13 C
19012 13 C
19013 13 C
18635 26 C
18636 26 C
18664 26 C
18663 26 C
18691 26 C
18692 26 C
18706 26 C
18707 26 C
18756 26 C
18757 26 C
18845 26 C
18846 26 C
18872 26 C
18873 26 C
19012 26 C
19013 26 C
24544 0 C
24545 0 C
24634 0 C
24635 0 C
24662 0 C
24663 0 C
25063 0 C
25064 0 C
25091 0 C
25092 0 C
25119 0 C
25120 0 C
24832 0 C
24803 0 C
24804 0 C
24831 0 C
19270 13 C
19297 13 C
19271 13 C
19298 13 C
19324 13 C
19325 13 C
19351 13 C
19352 13 C
19378 13 C
19405 13 C
19379 13 C
19406 13 C
19432 13 C
19433 13 C
19039 13 C
19040 13 C
19271 26 C
19270 26 C
19297 26 C
19298 26 C
19324 26 C
19325 26 C
19351 26 C
19352 26 C
19378 26 C
19379 26 C
19405 26 C
19406 26 C
19432 26 C
19433 26 C
19039 26 C
19040 26 C
25147 0 C
25148 0 C
25176 0 C
25175 0 C
25203 0 C
25204 0 C
25231 0 C
25232 0 C
25259 0 C
25260 0 C
25287 0 C
25288 0 C
25315 0 C
25316 0 C
25343 0 C
25344 0 C
19459 13 C
19460 13 C
19486 13 C
19513 13 C
19487 13 C
19514 13 C
19540 13 C
19541 13 C
19567 13 C
19568 13 C
19647 13 C
19648 13 C
19674 13 C
19675 13 C
19701 13 C
19702 13 C
19552 26 C
19553 26 C
19555 26 C
19556 26 C
19554 26 C
19558 26 C
19557 26 C
19559 26 C
19459 26 C
19460 26 C
19486 26 C
19487 26 C
19513 26 C
19514 26 C
19540 26 C
19541 26 C
25371 0 C
25372 0 C
25453 0 C
25452 0 C
25480 0 C
25481 0 C
25508 0 C
25509 0 C
25523 0 C
25524 0 C
25591 0 C
25592 0 C
25619 0 C
25620 0 C
25680 0 C
25681 0 C
19715 13 C
19716 13 C
19764 13 C
19765 13 C
19853 13 C
19854 13 C
19880 13 C
19881 13 C
20278 13 C
20279 13 C
20305 13 C
20306 13 C
20020 13 C
20021 13 C
20047 13 C
20048 13 C
19560 26 C
19562 26 C
19561 26 C
19563 26 C
19564 26 C
19575 26 C
19565 26 C
19566 26 C
19567 26 C
19568 26 C
19569 26 C
19570 26 C
19571 26 C
25708 0 C
25709 0 C
25737 0 C
25736 0 C
25791 0 C
25792 0 C
25846 0 C
25847 0 C
25874 0 C
25875 0 C
25978 0 C
25979 0 C
26080 0 C
26081 0 C
26108 0 C
26109 0 C
20332 13 C
20333 13 C
20359 13 C
20360 13 C
20386 13 C
20387 13 C
20413 13 C
20414 13 C
20440 13 C
20441 13 C
20468 13 C
20467 13 C
20494 13 C
20521 13 C
20495 13 C
20522 13 C
26482 0 C
26483 0 C
26510 0 C
26511 0 C
26538 0 C
26539 0 C
26566 0 C
26567 0 C
26594 0 C
26595 0 C
26622 0 C
26623 0 C
26255 0 C
26283 0 C
26256 0 C
26284 0 C
20548 13 C
20549 13 C
20576 13 C
20575 13 C
20655 13 C
20656 13 C
20682 13 C
20683 13 C
20709 13 C
20710 13 C
20723 13 C
20750 13 C
20724 13 C
20751 13 C
20778 13 C
20779 13 C
26650 0 C
26706 0 C
26651 0 C
26678 0 C
26679 0 C
26707 0 C
26734 0 C
26735 0 C
26762 0 C
26763 0 C
26790 0 C
26791 0 C
26871 0 C
26872 0 C
26899 0 C
26900 0 C
20851 13 C
20852 13 C
20880 13 C
20879 13 C
21204 13 C
21205 13 C
21232 13 C
21233 13 C
21260 13 C
21261 13 C
21287 13 C
21380 13 C
21288 13 C
21381 13 C
21408 13 C
21409 13 C
26927 0 C
26928 0 C
26943 0 C
26998 0 C
26942 0 C
26999 0 C
27100 0 C
27101 0 C
27128 0 C
27129 0 C
27502 0 C
27503 0 C
27275 0 C
27276 0 C
27303 0 C
27304 0 C
21436 13 C
21437 13 C
21491 13 C
21492 13 C
21519 13 C
21520 13 C
21607 13 C
21608 13 C
21635 13 C
21636 13 C
21708 13 C
21709 13 C
21736 13 C
21737 13 C
22061 13 C
22062 13 C
27530 0 C
27531 0 C
27559 0 C
27558 0 C
27586 0 C
27587 0 C
27614 0 C
27615 0 C
27642 0 C
27643 0 C
27670 0 C
27671 0 C
27698 0 C
27699 0 C
27726 0 C
27727 0 C
22089 13 C
22090 13 C
22117 13 C
22118 13 C
22144 13 C
22237 13 C
22145 13 C
22238 13 C
22265 13 C
22266 13 C
22293 13 C
22294 13 C
22348 13 C
22349 13 C
22376 13 C
22377 13 C
27754 0 C
27755 0 C
27783 0 C
27782 0 C
27810 0 C
27811 0 C
27891 0 C
27892 0 C
27919 0 C
27920 0 C
27947 0 C
27948 0 C
27962 0 C
27963 0 C
28008 0 C
28009 0 C
22486 13 C
22487 13 C
22576 13 C
22577 13 C
22604 13 C
23005 13 C
22605 13 C
23061 13 C
23006 13 C
23033 13 C
23034 13 C
23062 13 C
22745 13 C
22746 13 C
22773 13 C
22774 13 C
28036 0 C
28037 0 C
28110 0 C
28109 0 C
28137 0 C
28138 0 C
28165 0 C
28166 0 C
28193 0 C
28194 0 C
28574 0 C
28575 0 C
28694 0 C
28602 0 C
28601 0 C
28695 0 C
23089 13 C
23090 13 C
23118 13 C
23117 13 C
23145 13 C
23146 13 C
23173 13 C
23174 13 C
23201 13 C
23229 13 C
23202 13 C
23230 13 C
23257 13 C
23258 13 C
23285 13 C
23286 13 C
28722 0 C
28723 0 C
28751 0 C
28750 0 C
28805 0 C
28806 0 C
28833 0 C
28834 0 C
28991 0 C
28992 0 C
29060 0 C
29061 0 C
29088 0 C
29089 0 C
29229 0 C
29230 0 C
23313 13 C
23314 13 C
23395 13 C
23394 13 C
23422 13 C
23423 13 C
23450 13 C
23451 13 C
23465 13 C
23466 13 C
23515 13 C
23516 13 C
23605 13 C
23606 13 C
23633 13 C
23634 13 C
29456 0 C
29457 0 C
29484 0 C
29485 0 C
29512 0 C
29541 0 C
29513 0 C
29540 0 C
29568 0 C
29569 0 C
29596 0 C
29597 0 C
29624 0 C
29625 0 C
29257 0 C
29258 0 C
24034 13 C
24035 13 C
24062 13 C
24063 13 C
24090 13 C
24091 13 C
24118 13 C
24119 13 C
24146 13 C
24147 13 C
24174 13 C
24175 13 C
23774 13 C
23775 13 C
23802 13 C
23803 13 C
29652 0 C
29653 0 C
29680 0 C
29681 0 C
29708 0 C
29709 0 C
29789 0 C
29790 0 C
29817 0 C
29818 0 C
29845 0 C
29846 0 C
29860 0 C
29861 0 C
24202 13 C
24203 13 C
24231 13 C
24230 13 C
24258 13 C
24259 13 C
24286 13 C
24287 13 C
24314 13 C
24315 13 C
24342 13 C
24343 13 C
24423 13 C
24424 13 C
24451 13 C
24452 13 C
24479 13 C
24480 13 C
24495 13 C
24494 13 C
24544 13 C
24545 13 C
24634 13 C
24635 13 C
24662 13 C
24663 13 C
25063 13 C
25064 13 C
24803 13 C
24804 13 C
24831 13 C
24832 13 C
25091 13 C
25092 13 C
25120 13 C
25119 13 C
25147 13 C
25148 13 C
25175 13 C
25176 13 C
25203 13 C
25204 13 C
25231 13 C
25232 13 C
25259 13 C
25260 13 C
25287 13 C
25288 13 C
25315 13 C
25316 13 C
25343 13 C
25344 13 C
25371 13 C
25372 13 C
25452 13 C
25480 13 C
25453 13 C
25481 13 C
25508 13 C
25509 13 C
25523 13 C
25524 13 C
25591 13 C
25592 13 C
25619 13 C
25620 13 C
25680 13 C
25681 13 C
25708 13 C
25709 13 C
25736 13 C
25737 13 C
25791 13 C
25792 13 C
25846 13 C
25847 13 C
25874 13 C
25875 13 C
25978 13 C
25979 13 C
26080 13 C
26081 13 C
26109 13 C
26108 13 C
26482 13 C
26510 13 C
26483 13 C
26538 13 C
26511 13 C
26539 13 C
26566 13 C
26567 13 C
26255 13 C
26283 13 C
26256 13 C
26284 13 C
26594 13 C
26595 13 C
26623 13 C
26622 13 C
26650 13 C
26651 13 C
26678 13 C
26679 13 C
26706 13 C
26707 13 C
26734 13 C
26735 13 C
26762 13 C
26763 13 C
26790 13 C
26791 13 C
26871 13 C
26872 13 C
26900 13 C
26899 13 C
26927 13 C
26928 13 C
26942 13 C
26943 13 C
26998 13 C
26999 13 C
27100 13 C
27101 13 C
27128 13 C
27129 13 C
27275 13 C
27276 13 C
27503 13 C
27502 13 C
27530 13 C
27531 13 C
27558 13 C
27559 13 C
27586 13 C
27587 13 C
27614 13 C
27615 13 C
27642 13 C
27643 13 C
27670 13 C
27671 13 C
27303 13 C
27304 13 C
27698 13 C
27699 13 C
27726 13 C
27754 13 C
27727 13 C
27783 13 C
27755 13 C
27782 13 C
27810 13 C
27811 13 C
27891 13 C
27892 13 C
27919 13 C
27920 13 C
27947 13 C
27948 13 C
27962 13 C
27963 13 C
28009 13 C
28008 13 C
28036 13 C
28037 13 C
28109 13 C
28110 13 C
28137 13 C
28138 13 C
28165 13 C
28166 13 C
28193 13 C
28194 13 C
28519 13 C
28518 13 C
28546 13 C
28547 13 C
28575 13 C
28574 13 C
28601 13 C
28694 13 C
28602 13 C
28695 13 C
28722 13 C
28723 13 C
28750 13 C
28751 13 C
28805 13 C
28806 13 C
28833 13 C
28834 13 C
28991 13 C
28992 13 C
29061 13 C
29060 13 C
29088 13 C
29089 13 C
29456 13 C
29457 13 C
29484 13 C
29485 13 C
29512 13 C
29513 13 C
29229 13 C
29230 13 C
29257 13 C
29258 13 C
29540 13 C
29541 13 C
29569 13 C
29568 13 C
29596 13 C
29597 13 C
29624 13 C
29625 13 C
29652 13 C
29653 13 C
29680 13 C
29681 13 C
29708 13 C
29709 13 C
29789 13 C
29790 13 C
29817 13 C
29818 13 C
29846 13 C
29845 13 C
29860 13 C
29861 13 C
