18812 0 F
18815 0 F
18814 0 F
18813 0 F
18794 0 F
18797 0 F
18795 0 F
18796 0 F
18798 0 F
18799 0 F
19180 0 F
19177 0 F
19176 0 F
19179 0 F
19178 0 F
4944 0 F
22925 5 F
23945 5 F
23948 5 F
23929 5 F
23930 5 F
23933 5 F
23932 5 F
23931 5 F
23934 5 F
23927 5 F
19181 0 F
19182 0 F
19183 0 F
19184 0 F
19185 0 F
19186 0 F
19189 0 F
19188 0 F
19187 0 F
19190 0 F
19192 0 F
19191 0 F
19193 0 F
19194 0 F
19195 0 F
19196 0 F
23951 5 F
23981 5 F
24974 5 F
27397 5 F
27400 5 F
27398 5 F
27399 5 F
27402 5 F
27401 5 F
19198 0 F
19199 0 F
19200 0 F
19201 0 F
19202 0 F
19203 0 F
19197 0 F
19206 0 F
19204 0 F
19205 0 F
19207 0 F
19208 0 F
19209 0 F
19211 0 F
19210 0 F
19212 0 F
27413 5 F
27416 5 F
19819 0 F
19818 0 F
19821 0 F
19823 0 F
19822 0 F
19213 0 F
19214 0 F
19215 0 F
19800 0 F
19802 0 F
19801 0 F
19803 0 F
19806 0 F
19804 0 F
19807 0 F
19805 0 F
27404 5 F
27407 5 F
27410 5 F
27430 5 F
27433 5 F
27434 5 F
27431 5 F
27432 5 F
27435 5 F
20188 0 F
20189 0 F
20191 0 F
20190 0 F
27419 5 F
27422 5 F
27428 5 F
20194 0 F
20193 0 F
20192 0 F
20195 0 F
20185 0 F
20184 0 F
20186 0 F
20187 0 F
27437 5 F
27446 5 F
27449 5 F
27452 5 F
27455 5 F
29352 5 F
20206 0 F
20207 0 F
20208 0 F
20209 0 F
20211 0 F
20210 0 F
20198 0 F
20196 0 F
20197 0 F
20201 0 F
20199 0 F
20202 0 F
20200 0 F
20204 0 F
20203 0 F
20205 0 F
20212 0 F
20213 0 F
20214 0 F
20215 0 F
20216 0 F
20221 0 F
20218 0 F
20220 0 F
20219 0 F
20217 0 F
20222 0 F
20223 0 F
29367 5 F
22910 0 F
22909 0 F
22908 0 F
22907 0 F
29354 5 F
29355 5 F
29353 5 F
29356 5 F
29358 5 F
29361 5 F
29364 5 F
22934 0 F
22933 0 F
22938 0 F
22935 0 F
22936 0 F
22937 0 F
22927 0 F
22925 0 F
22939 0 F
22940 0 F
22941 0 F
22942 0 F
22954 0 F
22955 0 F
22943 0 F
22911 0 F
29384 5 F
29370 5 F
29373 5 F
29376 5 F
29379 5 F
29382 5 F
22957 0 F
22956 0 F
22959 0 F
22958 0 F
23914 0 F
23915 0 F
23912 0 F
23916 0 F
23918 0 F
23917 0 F
23919 0 F
24968 0 F
24970 0 F
24969 0 F
24965 0 F
24971 0 F
22925 5 F
24973 0 F
24974 0 F
24976 0 F
24975 0 F
24977 0 F
24978 0 F
24979 0 F
24980 0 F
24981 0 F
24983 0 F
24984 0 F
24982 0 F
24986 0 F
24985 0 F
24987 0 F
24972 0 F
29385 5 F
29386 5 F
29388 5 F
29387 5 F
29389 5 F
23945 5 F
23948 5 F
29391 5 F
29394 5 F
29397 5 F
29400 5 F
23929 5 F
23932 5 F
23931 5 F
23930 5 F
23933 5 F
23934 5 F
23927 5 F
29403 5 F
29406 5 F
24991 0 F
24992 0 F
24994 0 F
24995 0 F
24993 0 F
24996 0 F
24989 0 F
24988 0 F
24990 0 F
24997 0 F
24998 0 F
24999 0 F
25002 0 F
25000 0 F
25003 0 F
25001 0 F
23951 5 F
23981 5 F
24974 5 F
27397 5 F
27399 5 F
27398 5 F
27402 5 F
27401 5 F
27400 5 F
12169 18 F
7001 13 F
7002 13 F
7003 13 F
7004 13 F
6984 13 F
12170 18 F
12171 18 F
12172 18 F
12173 18 F
12175 18 F
6985 13 F
6986 13 F
12174 18 F
6987 13 F
6988 13 F
6989 13 F
6991 13 F
6990 13 F
7005 13 F
7006 13 F
12331 18 F
12332 18 F
12326 18 F
12327 18 F
12329 18 F
12328 18 F
12330 18 F
12324 18 F
12323 18 F
25005 0 F
25004 0 F
5931 13 F
5935 13 F
25007 0 F
27413 5 F
25006 0 F
27416 5 F
26377 0 F
26378 0 F
26379 0 F
26380 0 F
26381 0 F
26382 0 F
26372 0 F
26375 0 F
27404 5 F
27407 5 F
27410 5 F
26376 0 F
26383 0 F
26384 0 F
26385 0 F
7007 13 F
7019 13 F
7018 13 F
7020 13 F
7022 13 F
7023 13 F
7021 13 F
11913 13 F
11910 13 F
11914 13 F
11775 13 F
11769 13 F
11773 13 F
11774 13 F
11772 13 F
11770 13 F
13197 18 F
13198 18 F
13196 18 F
12333 18 F
12335 18 F
12334 18 F
12393 18 F
12392 18 F
12397 18 F
12398 18 F
12395 18 F
12415 18 F
12396 18 F
12399 18 F
12394 18 F
12414 18 F
27430 5 F
27431 5 F
27432 5 F
27434 5 F
27433 5 F
27435 5 F
27419 5 F
27422 5 F
27428 5 F
11915 13 F
26392 0 F
26393 0 F
26395 0 F
26396 0 F
26394 0 F
26397 0 F
26398 0 F
26400 0 F
26399 0 F
26401 0 F
11916 13 F
11919 13 F
11918 13 F
11917 13 F
12231 13 F
12238 13 F
12236 13 F
12228 13 F
12235 13 F
12233 13 F
12234 13 F
12232 13 F
12237 13 F
12078 13 F
12079 13 F
26387 0 F
26386 0 F
26388 0 F
26389 0 F
26390 0 F
26391 0 F
13647 18 F
16719 18 F
16717 18 F
15037 18 F
16716 18 F
16718 18 F
16728 18 F
13199 18 F
15453 18 F
16729 18 F
27437 5 F
27449 5 F
27446 5 F
27452 5 F
27455 5 F
29352 5 F
12239 13 F
12319 13 F
12317 13 F
12333 13 F
12331 13 F
12314 13 F
12335 13 F
12316 13 F
12318 13 F
12334 13 F
12315 13 F
12330 13 F
12313 13 F
12332 13 F
12390 13 F
12391 13 F
26411 0 F
26412 0 F
26410 0 F
16731 18 F
26413 0 F
16749 18 F
16750 18 F
26414 0 F
16734 18 F
16751 18 F
16746 18 F
26415 0 F
26402 0 F
26403 0 F
26406 0 F
26405 0 F
26404 0 F
17103 18 F
26407 0 F
17100 18 F
17108 18 F
17102 18 F
17101 18 F
26408 0 F
26409 0 F
26417 0 F
26416 0 F
29367 5 F
29354 5 F
29353 5 F
29356 5 F
29355 5 F
29361 5 F
29358 5 F
29364 5 F
12519 13 F
12520 13 F
12522 13 F
12518 13 F
12523 13 F
12521 13 F
12392 13 F
12514 13 F
12513 13 F
12395 13 F
12397 13 F
12394 13 F
12393 13 F
12399 13 F
12398 13 F
12396 13 F
26418 0 F
26419 0 F
26422 0 F
26421 0 F
26420 0 F
26423 0 F
26424 0 F
26427 0 F
26428 0 F
26426 0 F
26425 0 F
26429 0 F
26430 0 F
27049 0 F
26431 0 F
27050 0 F
17134 18 F
17131 18 F
17128 18 F
17113 18 F
17109 18 F
17112 18 F
17111 18 F
17110 18 F
27056 0 F
27055 0 F
27057 0 F
27058 0 F
27060 0 F
27059 0 F
27061 0 F
27062 0 F
27064 0 F
27063 0 F
27065 0 F
27066 0 F
17124 18 F
17126 18 F
12525 13 F
13354 13 F
13356 13 F
12524 13 F
12734 13 F
12527 13 F
12526 13 F
13273 13 F
13263 13 F
13274 13 F
13276 13 F
13278 13 F
13279 13 F
13275 13 F
13277 13 F
13262 13 F
27052 0 F
27051 0 F
27053 0 F
27054 0 F
29384 5 F
29370 5 F
29373 5 F
29376 5 F
29379 5 F
29382 5 F
17137 18 F
17140 18 F
17143 18 F
17145 18 F
17146 18 F
17147 18 F
17148 18 F
17150 18 F
17149 18 F
13359 13 F
13358 13 F
13357 13 F
27067 0 F
27068 0 F
27070 0 F
27071 0 F
27069 0 F
27078 0 F
27079 0 F
27081 0 F
27080 0 F
27083 0 F
27084 0 F
27086 0 F
27085 0 F
27087 0 F
13590 13 F
27082 0 F
13591 13 F
13592 13 F
13593 13 F
13419 13 F
13421 13 F
13422 13 F
13420 13 F
13594 13 F
13423 13 F
13595 13 F
13596 13 F
13597 13 F
27388 0 F
29385 5 F
29386 5 F
29388 5 F
29387 5 F
29389 5 F
29391 5 F
29394 5 F
29397 5 F
29400 5 F
17152 18 F
17158 18 F
29403 5 F
29406 5 F
17161 18 F
17164 18 F
13598 13 F
13670 13 F
13599 13 F
13671 13 F
13672 13 F
13673 13 F
13674 13 F
13675 13 F
17178 18 F
17167 18 F
17180 18 F
13676 13 F
17179 18 F
13677 13 F
13678 13 F
13686 13 F
13688 13 F
13690 13 F
13679 13 F
13689 13 F
27397 0 F
27398 0 F
27399 0 F
27401 0 F
27400 0 F
27402 0 F
27390 0 F
27389 0 F
27391 0 F
27392 0 F
27393 0 F
27394 0 F
27395 0 F
27396 0 F
27403 0 F
27404 0 F
17181 18 F
17183 18 F
17182 18 F
17196 18 F
17197 18 F
17198 18 F
17199 18 F
17579 18 F
17580 18 F
17581 18 F
17582 18 F
17741 18 F
17583 18 F
17743 18 F
17754 18 F
17755 18 F
13691 13 F
13692 13 F
13693 13 F
13695 13 F
13694 13 F
13929 13 F
13887 13 F
13930 13 F
13931 13 F
13932 13 F
13933 13 F
13935 13 F
13934 13 F
14088 13 F
14089 13 F
14090 13 F
27412 0 F
27414 0 F
27413 0 F
27415 0 F
27416 0 F
27418 0 F
27419 0 F
27417 0 F
27420 0 F
27406 0 F
27407 0 F
27405 0 F
27408 0 F
27409 0 F
27410 0 F
27411 0 F
17756 18 F
17757 18 F
17758 18 F
17772 18 F
18043 18 F
18046 18 F
17775 18 F
18045 18 F
14091 13 F
14092 13 F
14094 13 F
14093 13 F
14095 13 F
14236 13 F
14140 13 F
27430 0 F
27431 0 F
27432 0 F
14237 13 F
14238 13 F
14139 13 F
14142 13 F
27433 0 F
14141 13 F
14459 13 F
14239 13 F
27434 0 F
14460 13 F
27435 0 F
14143 13 F
27422 0 F
27423 0 F
27424 0 F
27425 0 F
27421 0 F
27426 0 F
27428 0 F
27427 0 F
27429 0 F
27436 0 F
18136 18 F
18126 18 F
18127 18 F
18137 18 F
14462 13 F
14463 13 F
14461 13 F
18138 18 F
18139 18 F
14573 13 F
14572 13 F
14575 13 F
14574 13 F
15064 13 F
18142 18 F
18141 18 F
18140 18 F
15063 13 F
15065 13 F
15066 13 F
18143 18 F
15067 13 F
15068 13 F
15069 13 F
15070 13 F
15071 13 F
27437 0 F
27440 0 F
27438 0 F
27439 0 F
27442 0 F
27441 0 F
27443 0 F
27444 0 F
27446 0 F
27445 0 F
27447 0 F
27449 0 F
27450 0 F
27448 0 F
27451 0 F
27452 0 F
17133 21 F
17135 21 F
17134 21 F
12403 21 F
12409 21 F
12411 21 F
12408 21 F
12414 21 F
12415 21 F
12413 21 F
12404 21 F
12407 21 F
12405 21 F
12410 21 F
12412 21 F
12406 21 F
18147 18 F
18149 18 F
18151 18 F
15116 13 F
15117 13 F
15446 13 F
15118 13 F
15447 13 F
15448 13 F
18150 18 F
18152 18 F
15119 13 F
18148 18 F
15449 13 F
15450 13 F
15451 13 F
15452 13 F
15453 13 F
18154 18 F
15454 13 F
18153 18 F
27453 0 F
27454 0 F
27455 0 F
18157 18 F
18155 18 F
29038 0 F
15455 13 F
29304 0 F
29305 0 F
29306 0 F
29311 0 F
29307 0 F
29309 0 F
29308 0 F
29310 0 F
18160 18 F
6987 26 F
29339 0 F
7000 26 F
7001 26 F
29340 0 F
7002 26 F
29341 0 F
6988 26 F
29342 0 F
7003 26 F
7004 26 F
6989 26 F
6990 26 F
6991 26 F
7005 26 F
7006 26 F
7007 26 F
16719 13 F
16733 13 F
4912 26 F
9271 26 F
10216 26 F
18172 23 F
18163 18 F
17118 23 F
18157 23 F
18142 23 F
18166 18 F
18141 23 F
18143 23 F
18140 23 F
18155 23 F
16734 13 F
17017 13 F
18169 18 F
16735 13 F
17019 13 F
17021 13 F
17020 13 F
17022 13 F
17023 13 F
17026 13 F
17024 13 F
17027 13 F
11057 26 F
11056 26 F
18172 18 F
10217 26 F
18174 18 F
10219 26 F
10220 26 F
10218 26 F
10222 26 F
10221 26 F
10223 26 F
10255 26 F
11062 26 F
10365 26 F
10364 26 F
10301 26 F
10303 26 F
10302 26 F
18176 18 F
18175 18 F
18177 18 F
18178 18 F
29351 0 F
29353 0 F
29352 0 F
29354 0 F
29355 0 F
29356 0 F
29343 0 F
29344 0 F
29345 0 F
29346 0 F
29348 0 F
29347 0 F
18174 23 F
29349 0 F
29350 0 F
29357 0 F
29358 0 F
18175 23 F
18223 23 F
18187 23 F
18222 23 F
18190 23 F
18220 23 F
18363 23 F
18179 18 F
18181 18 F
11743 26 F
11242 26 F
11064 26 F
11065 26 F
11068 26 F
11071 26 F
11063 26 F
11066 26 F
11241 26 F
11067 26 F
11070 26 F
11069 26 F
11742 26 F
11150 26 F
11151 26 F
18184 18 F
11845 26 F
18190 18 F
27401 23 F
27402 23 F
18680 23 F
18685 23 F
18678 23 F
18683 23 F
18681 23 F
18365 23 F
18367 23 F
18679 23 F
18687 23 F
18684 23 F
18187 18 F
18686 23 F
18682 23 F
18366 23 F
18193 18 F
29366 0 F
29367 0 F
29368 0 F
18196 18 F
29369 0 F
29370 0 F
29371 0 F
29373 0 F
29372 0 F
29374 0 F
29360 0 F
29359 0 F
29361 0 F
29362 0 F
29365 0 F
29363 0 F
29364 0 F
11850 26 F
11852 26 F
11855 26 F
11854 26 F
11849 26 F
11851 26 F
11853 26 F
12331 26 F
12333 26 F
12330 26 F
12327 26 F
12328 26 F
11848 26 F
12332 26 F
11847 26 F
11846 26 F
29375 0 F
29376 0 F
29377 0 F
18199 18 F
18202 18 F
29384 0 F
29385 0 F
29386 0 F
17100 13 F
29387 0 F
18205 18 F
29388 0 F
29389 0 F
17101 13 F
29378 0 F
29381 0 F
29380 0 F
29379 0 F
29382 0 F
29383 0 F
18207 18 F
29390 0 F
17102 13 F
27433 23 F
18217 18 F
17103 13 F
27434 23 F
27416 23 F
27419 23 F
27422 23 F
17111 13 F
17112 13 F
27404 23 F
18220 18 F
27407 23 F
17115 13 F
17116 13 F
12334 26 F
12471 26 F
12335 26 F
12392 26 F
12413 26 F
12399 26 F
12397 26 F
12393 26 F
12415 26 F
12395 26 F
12396 26 F
12398 26 F
12427 26 F
12426 26 F
12394 26 F
12414 26 F
17114 13 F
17117 13 F
18222 18 F
18223 18 F
18323 18 F
18325 18 F
18326 18 F
18328 18 F
18327 18 F
18329 18 F
18330 18 F
18332 18 F
18331 18 F
29391 0 F
29395 0 F
29396 0 F
29398 0 F
29392 0 F
27435 23 F
29393 0 F
29397 0 F
29394 0 F
18333 18 F
18334 18 F
29400 0 F
29399 0 F
18335 18 F
29401 0 F
29402 0 F
29403 0 F
29405 0 F
29404 0 F
29406 0 F
27437 23 F
27449 23 F
27452 23 F
27455 23 F
29367 23 F
29370 23 F
29407 0 F
12811 26 F
12810 26 F
12574 26 F
12812 26 F
12575 26 F
12719 26 F
12718 26 F
12716 26 F
17118 13 F
12473 26 F
17119 13 F
12472 26 F
12476 26 F
12475 26 F
12474 26 F
12478 26 F
12477 26 F
12479 26 F
17120 13 F
17121 13 F
17122 13 F
17123 13 F
22943 18 F
12813 26 F
12814 26 F
12815 26 F
12967 26 F
12966 26 F
12956 26 F
12959 26 F
12952 26 F
12954 26 F
12960 26 F
12965 26 F
12951 26 F
12957 26 F
12964 26 F
12955 26 F
12958 26 F
23945 18 F
23948 18 F
23951 18 F
17127 13 F
23936 18 F
23939 18 F
23942 18 F
29373 23 F
29384 23 F
29385 23 F
29386 23 F
29376 23 F
29379 23 F
29382 23 F
17128 13 F
17124 13 F
17129 13 F
12968 26 F
12969 26 F
12970 26 F
12973 26 F
12972 26 F
12971 26 F
12974 26 F
12975 26 F
17130 13 F
17125 13 F
13193 26 F
17126 13 F
13195 26 F
13194 26 F
13196 26 F
23962 18 F
23963 18 F
13197 26 F
23964 18 F
13198 26 F
13199 26 F
13278 26 F
17132 13 F
17131 13 F
23965 18 F
23966 18 F
23967 18 F
23954 18 F
23957 18 F
23960 18 F
17135 13 F
17133 13 F
17137 13 F
29387 23 F
29389 23 F
29388 23 F
17142 13 F
29391 23 F
29394 23 F
29397 23 F
29400 23 F
13290 26 F
13292 26 F
13291 26 F
13294 26 F
13293 26 F
13295 26 F
13333 26 F
13334 26 F
13343 26 F
13335 26 F
13336 26 F
13337 26 F
13338 26 F
13407 26 F
13339 26 F
17143 13 F
13340 26 F
29403 23 F
29406 23 F
17138 13 F
17134 13 F
17141 13 F
23969 18 F
23972 18 F
23975 18 F
23981 18 F
23978 18 F
17146 13 F
17140 13 F
17139 13 F
17147 13 F
13431 26 F
17144 13 F
13433 26 F
13435 26 F
13432 26 F
13437 26 F
13424 26 F
13425 26 F
13436 26 F
13429 26 F
13438 26 F
13439 26 F
14143 26 F
14172 26 F
14173 26 F
14170 26 F
14171 26 F
17148 13 F
17145 13 F
24974 18 F
24980 18 F
24977 18 F
17149 13 F
24968 18 F
24971 18 F
14301 26 F
14302 26 F
14303 26 F
14174 26 F
14175 26 F
17194 13 F
14379 26 F
14380 26 F
14381 26 F
14382 26 F
14383 26 F
14389 26 F
14390 26 F
14391 26 F
14392 26 F
14393 26 F
14394 26 F
17150 13 F
17182 13 F
17151 13 F
17193 13 F
17195 13 F
24991 18 F
17192 13 F
24992 18 F
24994 18 F
24995 18 F
17180 13 F
24996 18 F
17181 13 F
17197 13 F
24983 18 F
24986 18 F
24989 18 F
24998 18 F
17183 13 F
14396 26 F
14395 26 F
14397 26 F
14409 26 F
17196 13 F
14398 26 F
14399 26 F
14408 26 F
14410 26 F
14411 26 F
14412 26 F
14413 26 F
17190 13 F
14415 26 F
14414 26 F
17198 13 F
14416 26 F
14417 26 F
14418 26 F
17764 13 F
17767 13 F
17753 13 F
17768 13 F
17549 13 F
17199 13 F
17754 13 F
17769 13 F
17770 13 F
25001 18 F
527 31 F
25004 18 F
1550 31 F
25007 18 F
26393 18 F
26380 18 F
17771 13 F
26382 18 F
26390 18 F
14422 26 F
17755 13 F
17756 13 F
14419 26 F
14420 26 F
6966 31 F
17772 13 F
6969 31 F
6968 31 F
6970 31 F
6971 31 F
6967 31 F
17757 13 F
14421 26 F
6973 31 F
14423 26 F
17773 13 F
14425 26 F
14424 26 F
14426 26 F
17759 13 F
14427 26 F
14428 26 F
18041 13 F
14429 26 F
14430 26 F
14431 26 F
17774 13 F
17758 13 F
18042 13 F
17775 13 F
14434 26 F
14432 26 F
14435 26 F
18043 13 F
18045 13 F
18046 13 F
6988 31 F
7006 31 F
6991 31 F
26396 18 F
26399 18 F
26402 18 F
26405 18 F
26408 18 F
14446 26 F
14444 26 F
14438 26 F
14447 26 F
14459 26 F
14439 26 F
14441 26 F
14442 26 F
14440 26 F
14460 26 F
14461 26 F
14462 26 F
14463 26 F
14443 26 F
10264 31 F
10255 31 F
10267 31 F
10266 31 F
10991 31 F
11198 31 F
10982 31 F
10269 31 F
10268 31 F
14518 26 F
14520 26 F
10829 31 F
18126 13 F
18127 13 F
11100 31 F
10270 31 F
18129 13 F
11211 31 F
11101 31 F
10271 31 F
11102 31 F
11103 31 F
11098 31 F
11099 31 F
11845 31 F
11842 31 F
18131 13 F
18132 13 F
18133 13 F
18136 13 F
18134 13 F
18135 13 F
18137 13 F
26411 18 F
26412 18 F
26413 18 F
26414 18 F
26410 18 F
26415 18 F
14526 26 F
14527 26 F
14521 26 F
14653 26 F
14523 26 F
14522 26 F
14524 26 F
14654 26 F
14735 26 F
14734 26 F
14655 26 F
14806 26 F
14808 26 F
14809 26 F
26417 18 F
14810 26 F
26420 18 F
26423 18 F
14811 26 F
11850 31 F
11999 31 F
11851 31 F
11855 31 F
11994 31 F
11854 31 F
11852 31 F
11849 31 F
11853 31 F
12079 31 F
11995 31 F
11996 31 F
11998 31 F
11848 31 F
11847 31 F
11846 31 F
18138 13 F
18141 13 F
18140 13 F
18139 13 F
18142 13 F
14813 26 F
14812 26 F
14815 26 F
18143 13 F
14814 26 F
14933 26 F
14934 26 F
14935 26 F
14936 26 F
14937 26 F
14938 26 F
14940 26 F
14943 26 F
14942 26 F
14939 26 F
14941 26 F
15016 26 F
18145 13 F
18146 13 F
26426 18 F
26429 18 F
27401 18 F
27402 18 F
27404 18 F
27407 18 F
27410 18 F
12206 31 F
12233 31 F
12174 31 F
12207 31 F
12234 31 F
12238 31 F
12235 31 F
12239 31 F
12236 31 F
12237 31 F
18147 13 F
12248 31 F
12243 31 F
12247 31 F
12244 31 F
12246 31 F
12245 31 F
18150 13 F
18151 13 F
18152 13 F
18156 13 F
18153 13 F
18154 13 F
18155 13 F
15017 26 F
15111 26 F
15023 26 F
15113 26 F
15110 26 F
15018 26 F
15020 26 F
15114 26 F
15019 26 F
15022 26 F
15021 26 F
15115 26 F
15116 26 F
15117 26 F
15118 26 F
15119 26 F
27413 18 F
27419 18 F
27416 18 F
27422 18 F
27425 18 F
12249 31 F
12269 31 F
12253 31 F
12255 31 F
12252 31 F
12268 31 F
12251 31 F
12250 31 F
12254 31 F
12271 31 F
12270 31 F
12265 31 F
12267 31 F
12263 31 F
12264 31 F
12311 31 F
18157 13 F
18158 13 F
18159 13 F
15230 26 F
15231 26 F
15256 26 F
18174 13 F
15259 26 F
18175 13 F
18172 13 F
15258 26 F
15261 26 F
18176 13 F
15262 26 F
15292 26 F
15263 26 F
15283 26 F
15284 26 F
15286 26 F
15285 26 F
15287 26 F
15288 26 F
18177 13 F
27431 18 F
15289 26 F
27430 18 F
27432 18 F
18179 13 F
27433 18 F
27434 18 F
27435 18 F
18178 13 F
18180 13 F
27428 18 F
27437 18 F
27440 18 F
18181 13 F
18182 13 F
12314 31 F
12312 31 F
12313 31 F
12316 31 F
12332 31 F
12334 31 F
12333 31 F
12341 31 F
12340 31 F
12331 31 F
12330 31 F
12317 31 F
12335 31 F
12315 31 F
12319 31 F
12318 31 F
18184 13 F
18183 13 F
18185 13 F
15293 26 F
15295 26 F
15294 26 F
15448 26 F
15452 26 F
15355 26 F
15451 26 F
15356 26 F
15453 26 F
15357 26 F
15359 26 F
15455 26 F
15454 26 F
15358 26 F
15511 26 F
15512 26 F
27446 18 F
27443 18 F
27449 18 F
27452 18 F
27455 18 F
29304 18 F
18186 13 F
18188 13 F
511 34 F
524 34 F
521 34 F
527 34 F
526 34 F
18187 13 F
12343 31 F
17198 34 F
17197 34 F
17135 34 F
17199 34 F
12342 31 F
18189 13 F
12344 31 F
12345 31 F
12346 31 F
18191 13 F
12348 31 F
18190 13 F
12347 31 F
12349 31 F
12350 31 F
12351 31 F
12377 31 F
12379 31 F
12378 31 F
12382 31 F
12380 31 F
12381 31 F
15513 26 F
15514 26 F
15515 26 F
18192 13 F
15516 26 F
18194 13 F
15517 26 F
15518 26 F
15519 26 F
18193 13 F
15582 26 F
18195 13 F
15611 26 F
18196 13 F
15615 26 F
15613 26 F
15614 26 F
29321 18 F
29320 18 F
15673 26 F
15672 26 F
29319 18 F
15674 26 F
15675 26 F
29323 18 F
29322 18 F
29307 18 F
29310 18 F
29325 18 F
29358 18 F
18197 13 F
18199 13 F
18198 13 F
18201 13 F
18200 13 F
15676 26 F
15677 26 F
12383 31 F
12390 31 F
12392 31 F
12394 31 F
12393 31 F
18202 13 F
15678 26 F
15679 26 F
18203 13 F
16716 26 F
12395 31 F
12396 31 F
16717 26 F
12397 31 F
12398 31 F
16718 26 F
12408 31 F
12406 31 F
18204 13 F
12399 31 F
12407 31 F
12409 31 F
12410 31 F
16719 26 F
12411 31 F
18206 13 F
16721 26 F
18205 13 F
18207 13 F
16723 26 F
16722 26 F
16724 26 F
18218 13 F
18217 13 F
16725 26 F
18219 13 F
16726 26 F
18221 13 F
18222 13 F
16728 26 F
18220 13 F
16727 26 F
29367 18 F
18223 13 F
29370 18 F
29373 18 F
18389 13 F
18390 13 F
18391 13 F
29361 18 F
29364 18 F
12412 31 F
12413 31 F
12414 31 F
12415 31 F
12483 31 F
12484 31 F
12485 31 F
12482 31 F
12486 31 F
12487 31 F
16730 26 F
16731 26 F
12488 31 F
12489 31 F
12490 31 F
12491 31 F
16732 26 F
12492 31 F
12493 31 F
16729 26 F
16733 26 F
16735 26 F
16758 26 F
16759 26 F
16734 26 F
16760 26 F
29385 18 F
16761 26 F
29384 18 F
16762 26 F
16763 26 F
16764 26 F
29386 18 F
16765 26 F
16766 26 F
29387 18 F
29388 18 F
29389 18 F
29376 18 F
29379 18 F
29382 18 F
29391 18 F
18790 13 F
18792 13 F
18791 13 F
18392 13 F
18393 13 F
18394 13 F
18395 13 F
18397 13 F
18396 13 F
18398 13 F
18399 13 F
18604 13 F
18603 13 F
18606 13 F
18605 13 F
18607 13 F
12494 31 F
12504 31 F
12495 31 F
12505 31 F
12636 31 F
12638 31 F
16767 26 F
16768 26 F
12639 31 F
12507 31 F
16769 26 F
12506 31 F
16771 26 F
12637 31 F
16770 26 F
12508 31 F
12710 31 F
16772 26 F
12509 31 F
16773 26 F
12714 31 F
12511 31 F
16774 26 F
12510 31 F
16775 26 F
16776 26 F
16777 26 F
16779 26 F
16778 26 F
16780 26 F
16781 26 F
16782 26 F
29394 18 F
29397 18 F
29403 18 F
16783 26 F
16787 26 F
16788 26 F
12715 31 F
12716 31 F
12717 31 F
12718 31 F
16789 26 F
12933 31 F
16790 26 F
12934 31 F
16791 26 F
16792 26 F
16793 26 F
12719 31 F
12935 31 F
16794 26 F
12937 31 F
16799 26 F
16795 26 F
16796 26 F
12936 31 F
16797 26 F
16798 26 F
17025 26 F
17026 26 F
12939 31 F
12938 31 F
12940 31 F
29400 18 F
29406 18 F
12941 31 F
12942 31 F
12943 31 F
18794 13 F
18797 13 F
18796 13 F
18795 13 F
18798 13 F
18799 13 F
19180 13 F
19171 13 F
19172 13 F
19174 13 F
19176 13 F
19177 13 F
19173 13 F
19175 13 F
19178 13 F
19179 13 F
17027 26 F
12959 31 F
13009 31 F
13021 31 F
13015 31 F
13022 31 F
13023 31 F
13016 31 F
13014 31 F
13200 31 F
13017 31 F
13018 31 F
13201 31 F
13202 31 F
13020 31 F
13019 31 F
13203 31 F
19182 13 F
19183 13 F
19181 13 F
19184 13 F
19186 13 F
19188 13 F
19185 13 F
13205 31 F
19187 13 F
19189 13 F
19192 13 F
19193 13 F
19191 13 F
19195 13 F
13204 31 F
13206 31 F
19190 13 F
13207 31 F
19194 13 F
19196 13 F
13208 31 F
17098 26 F
17100 26 F
13209 31 F
13210 31 F
13211 31 F
17101 26 F
13213 31 F
13212 31 F
13214 31 F
13215 31 F
13216 31 F
13217 31 F
13218 31 F
17102 26 F
13219 31 F
17103 26 F
17107 26 F
17108 26 F
17109 26 F
17110 26 F
17111 26 F
13220 31 F
13221 31 F
17112 26 F
17113 26 F
13223 31 F
13222 31 F
19199 13 F
17114 26 F
19198 13 F
17115 26 F
19202 13 F
19201 13 F
19203 13 F
13224 31 F
13225 31 F
19200 13 F
13227 31 F
17116 26 F
13226 31 F
13228 31 F
17117 26 F
13229 31 F
13231 31 F
13230 31 F
13283 31 F
13281 31 F
13282 31 F
13284 31 F
19197 13 F
19204 13 F
19206 13 F
19205 13 F
19210 13 F
19208 13 F
19207 13 F
19209 13 F
19211 13 F
19212 13 F
17118 26 F
17119 26 F
17121 26 F
17120 26 F
17122 26 F
17123 26 F
17127 26 F
17124 26 F
17125 26 F
17126 26 F
13285 31 F
13286 31 F
13287 31 F
13288 31 F
13289 31 F
13291 31 F
13290 31 F
13292 31 F
13293 31 F
13294 31 F
13296 31 F
13298 31 F
13297 31 F
13295 31 F
13299 31 F
13300 31 F
17128 26 F
17129 26 F
17130 26 F
19817 13 F
19818 13 F
19820 13 F
19821 13 F
19823 13 F
19819 13 F
19822 13 F
17131 26 F
19215 13 F
19213 13 F
19214 13 F
19806 13 F
19807 13 F
19805 13 F
17132 26 F
17133 26 F
17134 26 F
17147 26 F
17148 26 F
17135 26 F
17149 26 F
13301 31 F
13302 31 F
17175 26 F
13303 31 F
13304 31 F
13305 31 F
13306 31 F
17177 26 F
17176 26 F
13307 31 F
13308 31 F
17178 26 F
13309 31 F
17179 26 F
13311 31 F
13310 31 F
13315 31 F
13316 31 F
13317 31 F
13319 31 F
13318 31 F
20181 13 F
20182 13 F
20185 13 F
20183 13 F
20184 13 F
20186 13 F
17181 26 F
17180 26 F
17183 26 F
17191 26 F
17182 26 F
17193 26 F
17192 26 F
17194 26 F
17195 26 F
17196 26 F
17198 26 F
17197 26 F
13320 31 F
13322 31 F
17199 26 F
13321 31 F
17582 26 F
17580 26 F
17583 26 F
13323 31 F
13326 31 F
13365 31 F
13367 31 F
13366 31 F
13325 31 F
13324 31 F
13368 31 F
13327 31 F
13336 31 F
13337 31 F
13338 31 F
13340 31 F
17593 26 F
17594 26 F
20188 13 F
20189 13 F
20191 13 F
17595 26 F
20192 13 F
17597 26 F
20190 13 F
20193 13 F
17598 26 F
20194 13 F
17596 26 F
17599 26 F
20195 13 F
20196 13 F
20202 13 F
20201 13 F
20198 13 F
20197 13 F
20199 13 F
20200 13 F
17743 26 F
17753 26 F
17754 26 F
17755 26 F
13369 31 F
20187 13 F
13370 31 F
17757 26 F
13371 31 F
17756 26 F
13372 31 F
13373 31 F
17759 26 F
17765 26 F
17758 26 F
13374 31 F
13414 31 F
13413 31 F
13375 31 F
13415 31 F
13417 31 F
13416 31 F
13419 31 F
13422 31 F
13421 31 F
13423 31 F
20206 13 F
20207 13 F
20209 13 F
20208 13 F
20210 13 F
20211 13 F
20203 13 F
17767 26 F
17769 26 F
17768 26 F
17770 26 F
20204 13 F
20205 13 F
20212 13 F
20215 13 F
20216 13 F
20217 13 F
20213 13 F
20218 13 F
20214 13 F
13738 31 F
13740 31 F
17766 26 F
17771 26 F
13741 31 F
13742 31 F
17772 26 F
13743 31 F
13769 31 F
17773 26 F
13770 31 F
17784 26 F
17774 26 F
13771 31 F
13772 31 F
17785 26 F
13773 31 F
13774 31 F
17786 26 F
17787 26 F
17775 26 F
13775 31 F
17789 26 F
17788 26 F
13839 31 F
13915 31 F
13914 31 F
13916 31 F
20255 13 F
13918 31 F
13919 31 F
13981 31 F
13982 31 F
13983 31 F
14073 31 F
14076 31 F
17790 26 F
14079 31 F
20223 13 F
20220 13 F
20221 13 F
20219 13 F
20222 13 F
14085 31 F
17791 26 F
18050 26 F
22881 13 F
18054 26 F
17950 26 F
18051 26 F
18055 26 F
18056 26 F
22882 13 F
22883 13 F
22887 13 F
22886 13 F
22884 13 F
22885 13 F
22889 13 F
22888 13 F
22890 13 F
14201 31 F
14205 31 F
18123 26 F
18124 26 F
18127 26 F
18125 26 F
18126 26 F
22900 13 F
22901 13 F
22902 13 F
22903 13 F
18130 26 F
22904 13 F
22905 13 F
18134 26 F
22891 13 F
22893 13 F
22896 13 F
22892 13 F
22894 13 F
22895 13 F
22897 13 F
22898 13 F
22899 13 F
18133 26 F
22906 13 F
18135 26 F
18136 26 F
18137 26 F
14217 31 F
18138 26 F
18139 26 F
14220 31 F
14223 31 F
14238 31 F
14241 31 F
14244 31 F
18140 26 F
14247 31 F
18141 26 F
18142 26 F
18143 26 F
14250 31 F
14253 31 F
18144 26 F
22916 13 F
22917 13 F
22918 13 F
22915 13 F
22920 13 F
22919 13 F
22921 13 F
22922 13 F
14256 31 F
14259 31 F
18145 26 F
18146 26 F
22907 13 F
22908 13 F
22909 13 F
22911 13 F
22910 13 F
22913 13 F
22912 13 F
22914 13 F
18147 26 F
18148 26 F
18150 26 F
18149 26 F
18151 26 F
18153 26 F
18152 26 F
18155 26 F
14262 31 F
14265 31 F
18154 26 F
14268 31 F
22933 13 F
22934 13 F
22937 13 F
14271 31 F
14274 31 F
22936 13 F
22935 13 F
22938 13 F
18156 26 F
22926 13 F
22923 13 F
22924 13 F
22925 13 F
22927 13 F
22928 13 F
22929 13 F
22930 13 F
22932 13 F
22931 13 F
18176 26 F
18157 26 F
18158 26 F
18178 26 F
18177 26 F
18159 26 F
18179 26 F
18180 26 F
14277 31 F
18181 26 F
14283 31 F
18182 26 F
14280 31 F
18185 26 F
18183 26 F
14286 31 F
18184 26 F
14289 31 F
14292 31 F
18186 26 F
18187 26 F
22939 13 F
22940 13 F
22941 13 F
22942 13 F
22944 13 F
22945 13 F
22943 13 F
22946 13 F
22952 13 F
22948 13 F
22953 13 F
22947 13 F
22950 13 F
22951 13 F
22949 13 F
22954 13 F
18188 26 F
18189 26 F
18191 26 F
14295 31 F
18190 26 F
14298 31 F
14304 31 F
14301 31 F
18192 26 F
14307 31 F
18194 26 F
18193 26 F
18195 26 F
18196 26 F
18197 26 F
18198 26 F
18199 26 F
18200 26 F
18201 26 F
18202 26 F
18203 26 F
23567 13 F
22955 13 F
22957 13 F
22959 13 F
22958 13 F
22956 13 F
14310 31 F
23933 13 F
23931 13 F
23932 13 F
14313 31 F
23934 13 F
23938 13 F
23937 13 F
23936 13 F
23935 13 F
23940 13 F
23939 13 F
14316 31 F
14319 31 F
18790 26 F
18792 26 F
14322 31 F
14324 31 F
18204 26 F
18205 26 F
18207 26 F
18206 26 F
18215 26 F
18216 26 F
18217 26 F
18218 26 F
18219 26 F
18220 26 F
18223 26 F
18222 26 F
18221 26 F
18382 26 F
14327 31 F
14325 31 F
14326 31 F
14328 31 F
14329 31 F
14330 31 F
14333 31 F
14332 31 F
14331 31 F
14334 31 F
14335 31 F
14336 31 F
14338 31 F
23944 13 F
23945 13 F
14337 31 F
23948 13 F
23946 13 F
23947 13 F
23949 13 F
23951 13 F
23950 13 F
23952 13 F
14339 31 F
23953 13 F
14340 31 F
23954 13 F
23955 13 F
23956 13 F
23941 13 F
23942 13 F
23943 13 F
18793 26 F
18794 26 F
18795 26 F
18796 26 F
18799 26 F
18798 26 F
18797 26 F
19180 26 F
19181 26 F
14342 31 F
14341 31 F
14343 31 F
19173 26 F
14344 31 F
23965 13 F
19178 26 F
19174 26 F
19175 26 F
19176 26 F
19177 26 F
19179 26 F
23963 13 F
23962 13 F
14345 31 F
23966 13 F
14346 31 F
14347 31 F
23964 13 F
14348 31 F
14351 31 F
14349 31 F
14350 31 F
23967 13 F
14353 31 F
14354 31 F
14355 31 F
14352 31 F
14356 31 F
23957 13 F
23958 13 F
23959 13 F
23960 13 F
23961 13 F
23969 13 F
23968 13 F
23970 13 F
23971 13 F
23972 13 F
14358 31 F
19182 26 F
14359 31 F
14357 31 F
14360 31 F
19185 26 F
19183 26 F
19184 26 F
14361 31 F
19186 26 F
19187 26 F
14362 31 F
19189 26 F
19188 26 F
19191 26 F
19190 26 F
19192 26 F
19193 26 F
19194 26 F
19195 26 F
19196 26 F
19197 26 F
14363 31 F
14365 31 F
14367 31 F
14364 31 F
14366 31 F
14368 31 F
14369 31 F
14370 31 F
14371 31 F
14372 31 F
24595 13 F
24596 13 F
24597 13 F
24598 13 F
24599 13 F
23975 13 F
23974 13 F
23973 13 F
23976 13 F
23977 13 F
23978 13 F
23980 13 F
23979 13 F
23981 13 F
23982 13 F
23983 13 F
19199 26 F
19200 26 F
19203 26 F
19201 26 F
19198 26 F
19202 26 F
14373 31 F
14374 31 F
14376 31 F
14379 31 F
14375 31 F
14377 31 F
14378 31 F
14381 31 F
14380 31 F
14382 31 F
14383 31 F
19204 26 F
19205 26 F
14385 31 F
14384 31 F
14386 31 F
14387 31 F
19207 26 F
19209 26 F
19210 26 F
19206 26 F
19208 26 F
19211 26 F
19212 26 F
19213 26 F
14388 31 F
24600 13 F
24601 13 F
24602 13 F
24603 13 F
24606 13 F
24604 13 F
24605 13 F
24607 13 F
24948 13 F
24949 13 F
24951 13 F
24950 13 F
24952 13 F
24953 13 F
24954 13 F
24955 13 F
14389 31 F
14391 31 F
19817 26 F
14394 31 F
19816 26 F
19819 26 F
19818 26 F
19820 26 F
19821 26 F
19822 26 F
19823 26 F
14397 31 F
19214 26 F
14409 31 F
19215 26 F
19806 26 F
19807 26 F
20188 26 F
20189 26 F
20186 26 F
20187 26 F
24958 13 F
24961 13 F
24959 13 F
24962 13 F
24963 13 F
24956 13 F
24957 13 F
14412 31 F
24964 13 F
24966 13 F
24965 13 F
24967 13 F
24968 13 F
24969 13 F
14415 31 F
24970 13 F
24971 13 F
24972 13 F
14418 31 F
14421 31 F
14424 31 F
14427 31 F
20190 26 F
20191 26 F
20192 26 F
20193 26 F
20194 26 F
20195 26 F
20196 26 F
20198 26 F
20199 26 F
20197 26 F
20200 26 F
20201 26 F
20202 26 F
20203 26 F
20204 26 F
20205 26 F
14448 31 F
24973 13 F
24974 13 F
24977 13 F
24975 13 F
24976 13 F
14451 31 F
24978 13 F
14430 31 F
24980 13 F
24979 13 F
24983 13 F
24984 13 F
24981 13 F
24982 13 F
24987 13 F
24986 13 F
24985 13 F
14454 31 F
24988 13 F
20206 26 F
14457 31 F
20207 26 F
20208 26 F
20211 26 F
20210 26 F
20209 26 F
20212 26 F
20213 26 F
20214 26 F
20216 26 F
20215 26 F
20217 26 F
20218 26 F
20219 26 F
20220 26 F
20221 26 F
14460 31 F
14463 31 F
24991 13 F
14466 31 F
24992 13 F
24993 13 F
14469 31 F
24994 13 F
21456 26 F
21457 26 F
21458 26 F
21459 26 F
14471 31 F
21460 26 F
24995 13 F
14472 31 F
14473 31 F
14474 31 F
21461 26 F
21462 26 F
21464 26 F
21465 26 F
21466 26 F
21463 26 F
21467 26 F
21468 26 F
21469 26 F
24996 13 F
20222 26 F
20223 26 F
24989 13 F
24990 13 F
24997 13 F
24998 13 F
24999 13 F
25000 13 F
25001 13 F
25002 13 F
25003 13 F
25004 13 F
14475 31 F
14477 31 F
21470 26 F
21471 26 F
21472 26 F
21474 26 F
21476 26 F
21475 26 F
21478 26 F
14479 31 F
21477 26 F
21479 26 F
14476 31 F
21481 26 F
21480 26 F
14478 31 F
21482 26 F
21483 26 F
21473 26 F
21484 26 F
21485 26 F
14481 31 F
14480 31 F
14483 31 F
14482 31 F
14484 31 F
14486 31 F
14485 31 F
14487 31 F
14488 31 F
14489 31 F
14490 31 F
26035 13 F
26036 13 F
26037 13 F
26038 13 F
26040 13 F
26039 13 F
26041 13 F
26042 13 F
25005 13 F
25006 13 F
25007 13 F
26025 13 F
26029 13 F
26028 13 F
26030 13 F
26031 13 F
21486 26 F
21487 26 F
21488 26 F
21489 26 F
21490 26 F
21493 26 F
21497 26 F
21498 26 F
21499 26 F
21500 26 F
21501 26 F
21491 26 F
21492 26 F
21495 26 F
21496 26 F
21494 26 F
14491 31 F
14492 31 F
14494 31 F
14493 31 F
14497 31 F
14495 31 F
14496 31 F
14499 31 F
14498 31 F
14500 31 F
21502 26 F
21503 26 F
14501 31 F
14502 31 F
14503 31 F
14504 31 F
14505 31 F
14506 31 F
26043 13 F
26044 13 F
26045 13 F
26046 13 F
26047 13 F
26377 13 F
26378 13 F
26370 13 F
26379 13 F
26380 13 F
26374 13 F
26372 13 F
26373 13 F
26371 13 F
26375 13 F
26376 13 F
14507 31 F
14508 31 F
14509 31 F
14511 31 F
14510 31 F
14516 31 F
14515 31 F
14518 31 F
14517 31 F
14521 31 F
14520 31 F
14519 31 F
14522 31 F
14524 31 F
14523 31 F
26392 13 F
26393 13 F
26394 13 F
26395 13 F
26396 13 F
26381 13 F
26382 13 F
26384 13 F
26383 13 F
26385 13 F
26387 13 F
26386 13 F
26388 13 F
26389 13 F
26390 13 F
26391 13 F
14580 31 F
14583 31 F
14586 31 F
14589 31 F
26410 13 F
26412 13 F
26411 13 F
26399 13 F
26397 13 F
26400 13 F
26398 13 F
26402 13 F
26404 13 F
26403 13 F
26401 13 F
26408 13 F
26405 13 F
26407 13 F
26409 13 F
26406 13 F
14592 31 F
14595 31 F
14598 31 F
14601 31 F
14604 31 F
26414 13 F
26413 13 F
26415 13 F
26416 13 F
26417 13 F
14607 31 F
26418 13 F
26419 13 F
26420 13 F
26421 13 F
26424 13 F
14613 31 F
26422 13 F
14616 31 F
26423 13 F
26425 13 F
26426 13 F
26427 13 F
26428 13 F
14619 31 F
14622 31 F
14628 31 F
14631 31 F
14633 31 F
14635 31 F
14638 31 F
14641 31 F
14644 31 F
26429 13 F
26431 13 F
26430 13 F
27034 13 F
27036 13 F
27037 13 F
27038 13 F
27039 13 F
27044 13 F
27046 13 F
27047 13 F
27048 13 F
27049 13 F
27050 13 F
27035 13 F
27051 13 F
14647 31 F
14660 31 F
14662 31 F
27055 13 F
27056 13 F
27057 13 F
27058 13 F
27060 13 F
27061 13 F
27062 13 F
27065 13 F
27063 13 F
27066 13 F
27067 13 F
27068 13 F
27069 13 F
27052 13 F
27053 13 F
27054 13 F
14665 31 F
14668 31 F
14671 31 F
14674 31 F
27070 13 F
27073 13 F
27071 13 F
27074 13 F
27075 13 F
27076 13 F
27397 13 F
27398 13 F
14684 31 F
27399 13 F
27388 13 F
27390 13 F
27391 13 F
27392 13 F
27393 13 F
27395 13 F
14698 31 F
14687 31 F
27396 13 F
14701 31 F
14811 31 F
14814 31 F
27412 13 F
27413 13 F
27414 13 F
27415 13 F
14894 31 F
27401 13 F
27400 13 F
27402 13 F
27403 13 F
27405 13 F
27406 13 F
27407 13 F
27404 13 F
27409 13 F
27408 13 F
27410 13 F
27411 13 F
14904 31 F
14907 31 F
14966 31 F
15051 31 F
15047 31 F
27417 13 F
27416 13 F
27418 13 F
27419 13 F
27420 13 F
27421 13 F
27422 13 F
27430 13 F
27423 13 F
27431 13 F
27424 13 F
27426 13 F
27425 13 F
27427 13 F
27428 13 F
27429 13 F
15117 31 F
15054 31 F
15126 31 F
15129 31 F
15132 31 F
15135 31 F
27432 13 F
27433 13 F
27435 13 F
27434 13 F
27437 13 F
27436 13 F
27438 13 F
27439 13 F
27440 13 F
27441 13 F
27444 13 F
27445 13 F
27443 13 F
27446 13 F
27442 13 F
27447 13 F
15147 31 F
15178 31 F
15179 31 F
15180 31 F
15181 31 F
15183 31 F
15182 31 F
15188 31 F
15187 31 F
15190 31 F
15191 31 F
15189 31 F
15192 31 F
15193 31 F
15194 31 F
27450 13 F
27449 13 F
27448 13 F
27452 13 F
27451 13 F
27453 13 F
27454 13 F
29037 13 F
27455 13 F
29038 13 F
29039 13 F
29303 13 F
29305 13 F
29307 13 F
29306 13 F
29308 13 F
15195 31 F
15196 31 F
15197 31 F
15198 31 F
15199 31 F
15201 31 F
15200 31 F
15202 31 F
15203 31 F
15204 31 F
15205 31 F
15206 31 F
15207 31 F
15208 31 F
15209 31 F
15210 31 F
29320 13 F
29321 13 F
29323 13 F
29322 13 F
29309 13 F
29310 13 F
29311 13 F
29324 13 F
29325 13 F
29326 13 F
29354 13 F
29327 13 F
29355 13 F
29356 13 F
29357 13 F
29358 13 F
15211 31 F
15213 31 F
15212 31 F
15214 31 F
15215 31 F
15219 31 F
15217 31 F
15218 31 F
15221 31 F
15216 31 F
15220 31 F
15222 31 F
15224 31 F
15223 31 F
15225 31 F
15226 31 F
29366 13 F
29367 13 F
29368 13 F
29370 13 F
29369 13 F
29371 13 F
29372 13 F
29373 13 F
29374 13 F
15230 31 F
15228 31 F
15229 31 F
29359 13 F
29360 13 F
29361 13 F
29362 13 F
29363 13 F
29364 13 F
29365 13 F
15227 31 F
15231 31 F
15232 31 F
15233 31 F
15235 31 F
15234 31 F
15237 31 F
15240 31 F
29384 13 F
29385 13 F
29386 13 F
29387 13 F
15243 31 F
29388 13 F
15246 31 F
29389 13 F
15252 31 F
29376 13 F
29375 13 F
29378 13 F
29379 13 F
29377 13 F
29381 13 F
29380 13 F
29382 13 F
29383 13 F
15255 31 F
29390 13 F
15258 31 F
15261 31 F
15264 31 F
15267 31 F
15270 31 F
15273 31 F
15276 31 F
15279 31 F
29392 13 F
29391 13 F
29398 13 F
29394 13 F
29396 13 F
29393 13 F
29395 13 F
29397 13 F
29399 13 F
29401 13 F
29400 13 F
29402 13 F
29403 13 F
29404 13 F
29405 13 F
29406 13 F
29407 13 F
15282 31 F
15291 31 F
15285 31 F
15294 31 F
15288 31 F
15306 31 F
15309 31 F
15337 31 F
15338 31 F
15339 31 F
15340 31 F
15342 31 F
15341 31 F
15357 31 F
15343 31 F
15358 31 F
15359 31 F
15447 31 F
15364 31 F
15365 31 F
15367 31 F
15366 31 F
16696 31 F
15453 31 F
15370 31 F
16697 31 F
16700 31 F
15369 31 F
16698 31 F
15368 31 F
16701 31 F
16703 31 F
16702 31 F
16719 31 F
16728 31 F
16726 31 F
16729 31 F
16731 31 F
16734 31 F
16743 31 F
16746 31 F
16749 31 F
16750 31 F
16751 31 F
17004 31 F
17005 31 F
17007 31 F
17015 31 F
17017 31 F
17018 31 F
17019 31 F
17020 31 F
17021 31 F
17022 31 F
17023 31 F
17098 31 F
17102 31 F
17100 31 F
17103 31 F
17101 31 F
17106 31 F
17109 31 F
17108 31 F
17107 31 F
17110 31 F
17112 31 F
17111 31 F
17113 31 F
17114 31 F
17115 31 F
17116 31 F
17117 31 F
17118 31 F
17119 31 F
17121 31 F
17120 31 F
17122 31 F
17123 31 F
17124 31 F
17128 31 F
17126 31 F
17125 31 F
17131 31 F
17134 31 F
17148 31 F
17149 31 F
17147 31 F
17150 31 F
17152 31 F
17155 31 F
17158 31 F
17161 31 F
17164 31 F
17167 31 F
17176 31 F
17178 31 F
17179 31 F
17180 31 F
17182 31 F
17181 31 F
17194 31 F
17183 31 F
17195 31 F
17196 31 F
17197 31 F
17198 31 F
17694 31 F
17199 31 F
17754 31 F
17752 31 F
17756 31 F
17755 31 F
17757 31 F
17695 31 F
17753 31 F
17758 31 F
17782 31 F
17783 31 F
17784 31 F
17785 31 F
17786 31 F
17789 31 F
17790 31 F
17802 31 F
17791 31 F
17806 31 F
17807 31 F
17808 31 F
17810 31 F
17809 31 F
17811 31 F
17812 31 F
17813 31 F
17814 31 F
17815 31 F
17816 31 F
17819 31 F
17817 31 F
17818 31 F
17820 31 F
17823 31 F
17821 31 F
17822 31 F
17833 31 F
17834 31 F
17835 31 F
17837 31 F
17838 31 F
17839 31 F
17840 31 F
17841 31 F
17842 31 F
17843 31 F
17844 31 F
17845 31 F
17847 31 F
17846 31 F
17848 31 F
17849 31 F
17851 31 F
17850 31 F
17852 31 F
17854 31 F
17853 31 F
17855 31 F
17861 31 F
17862 31 F
17863 31 F
17865 31 F
17864 31 F
17867 31 F
17866 31 F
17869 31 F
17868 31 F
17870 31 F
17871 31 F
17945 31 F
17946 31 F
17947 31 F
17950 31 F
17949 31 F
18052 31 F
18053 31 F
18056 31 F
17951 31 F
18127 31 F
18138 31 F
18139 31 F
18141 31 F
18140 31 F
18142 31 F
18145 31 F
18143 31 F
18146 31 F
18147 31 F
18148 31 F
18149 31 F
18151 31 F
18150 31 F
18152 31 F
18153 31 F
18154 31 F
18155 31 F
18157 31 F
18176 31 F
18175 31 F
18177 31 F
18178 31 F
18179 31 F
18181 31 F
18184 31 F
18190 31 F
18193 31 F
18187 31 F
18196 31 F
18199 31 F
18202 31 F
18207 31 F
18205 31 F
18214 31 F
18217 31 F
18222 31 F
18220 31 F
18223 31 F
