3602 26 S
3601 26 S
3793 26 S
3794 26 S
3600 26 S
3697 26 S
3976 26 S
4066 26 S
3691 26 S
3977 26 S
3795 26 S
3696 26 S
3975 26 S
3884 26 S
3886 26 S
3885 26 S
4067 26 S
4068 26 S
4442 26 S
4248 26 S
4250 26 S
4249 26 S
4443 26 S
4441 26 S
4157 26 S
4352 26 S
4351 26 S
4158 26 S
4159 26 S
4350 26 S
4533 26 S
4532 26 S
4619 26 S
4613 26 S
4772 26 S
4618 26 S
4774 26 S
4620 26 S
4612 26 S
4614 26 S
4773 26 S
4534 26 S
4779 26 S
4780 26 S
4858 26 S
4853 26 S
4860 26 S
4854 26 S
4852 26 S
4933 26 S
4859 26 S
5012 26 S
4778 26 S
4939 26 S
4934 26 S
4932 26 S
4938 26 S
4940 26 S
16827 44 S
17002 44 S
17003 44 S
17004 44 S
16918 44 S
16834 44 S
16917 44 S
16833 44 S
16919 44 S
17257 44 S
17174 44 S
17172 44 S
17173 44 S
3793 39 S
3976 39 S
4066 39 S
3975 39 S
3696 39 S
3794 39 S
3601 39 S
3600 39 S
3602 39 S
3977 39 S
3691 39 S
3795 39 S
3697 39 S
3884 39 S
3886 39 S
3885 39 S
5020 26 S
5019 26 S
5093 26 S
5092 26 S
5013 26 S
5014 26 S
17342 44 S
17343 44 S
17259 44 S
17258 44 S
17429 44 S
17427 44 S
17512 44 S
17514 44 S
17597 44 S
17599 44 S
17344 44 S
17513 44 S
17598 44 S
17428 44 S
17682 44 S
17683 44 S
5174 26 S
5179 26 S
5099 26 S
5172 26 S
5098 26 S
5178 26 S
5018 26 S
5100 26 S
5173 26 S
5094 26 S
4250 39 S
4067 39 S
4157 39 S
4442 39 S
4248 39 S
4068 39 S
4249 39 S
4441 39 S
4443 39 S
4158 39 S
4159 39 S
4350 39 S
4352 39 S
4351 39 S
4532 39 S
4533 39 S
17857 44 S
17858 44 S
17853 44 S
17852 44 S
17684 44 S
17854 44 S
17856 44 S
17938 44 S
17943 44 S
17941 44 S
17942 44 S
17939 44 S
17937 44 S
17767 44 S
17768 44 S
17769 44 S
5254 26 S
5259 26 S
5180 26 S
5258 26 S
5253 26 S
5413 26 S
5260 26 S
5412 26 S
5414 26 S
5252 26 S
4620 39 S
4612 39 S
4613 39 S
4773 39 S
4774 39 S
4618 39 S
4619 39 S
4614 39 S
4772 39 S
4534 39 S
18022 44 S
18024 44 S
18023 44 S
18033 44 S
18026 44 S
18027 44 S
18197 44 S
18201 44 S
18199 44 S
5492 26 S
18198 44 S
5493 26 S
5658 26 S
5585 26 S
5584 26 S
5583 26 S
5494 26 S
5590 26 S
5591 26 S
5498 26 S
5500 26 S
5647 39 S
4728 52 S
4618 52 S
5079 52 S
4816 52 S
4999 52 S
5420 26 S
5419 26 S
4619 52 S
4730 52 S
4778 39 S
5418 26 S
5000 52 S
4914 52 S
4860 39 S
4780 39 S
4620 52 S
4854 39 S
4859 39 S
5499 26 S
5589 26 S
4779 39 S
4913 52 S
4915 52 S
4815 52 S
4853 39 S
4858 39 S
4852 39 S
4939 39 S
4938 39 S
4932 39 S
4934 39 S
4933 39 S
4940 39 S
18288 44 S
18287 44 S
18369 44 S
18284 44 S
18286 44 S
18371 44 S
18373 44 S
18282 44 S
18283 44 S
18367 44 S
18368 44 S
18452 44 S
18453 44 S
18372 44 S
18202 44 S
5659 26 S
5682 26 S
5680 26 S
5681 26 S
5807 39 S
5675 26 S
5765 26 S
5809 39 S
5766 26 S
5660 26 S
5808 39 S
5767 26 S
5776 26 S
5771 26 S
5676 26 S
5648 39 S
5649 39 S
18203 44 S
6048 39 S
5674 26 S
5543 52 S
5750 26 S
5542 52 S
5749 26 S
5751 26 S
5272 52 S
5456 52 S
5378 52 S
5080 52 S
5270 52 S
5185 52 S
5271 52 S
5186 52 S
5081 52 S
5458 52 S
5184 52 S
5457 52 S
5376 52 S
5888 39 S
5889 39 S
6047 39 S
5377 52 S
5887 39 S
5969 39 S
5967 39 S
5968 39 S
5841 26 S
5777 26 S
18458 44 S
5840 26 S
18542 44 S
18622 44 S
18623 44 S
18454 44 S
18628 44 S
18626 44 S
18627 44 S
18457 44 S
18541 44 S
18539 44 S
18624 44 S
18456 44 S
18538 44 S
18543 44 S
18537 44 S
5875 26 S
5801 52 S
5803 52 S
6208 39 S
6203 52 S
5802 52 S
6202 52 S
5960 26 S
6201 52 S
6127 39 S
6128 39 S
6290 52 S
6291 52 S
6292 52 S
6209 39 S
6049 39 S
6287 39 S
5958 26 S
6289 39 S
6207 39 S
5931 26 S
5959 26 S
5937 26 S
5936 26 S
6129 39 S
6447 39 S
6448 39 S
6449 39 S
6603 52 S
5892 52 S
5890 52 S
5891 52 S
5842 26 S
5874 26 S
5861 26 S
5860 26 S
5869 26 S
5544 52 S
6602 52 S
6601 52 S
6288 39 S
5873 26 S
18708 44 S
18707 44 S
18713 44 S
18712 44 S
18709 44 S
18711 44 S
7321 52 S
7319 52 S
6688 52 S
6690 52 S
6689 52 S
7316 52 S
7320 52 S
6930 52 S
6926 52 S
6929 52 S
7080 52 S
7079 52 S
6931 52 S
7078 52 S
6676 39 S
6678 39 S
6607 39 S
6609 39 S
6677 39 S
6608 39 S
6689 39 S
6687 39 S
6688 39 S
6528 39 S
6529 39 S
6527 39 S
6767 39 S
7051 26 S
6870 26 S
6689 26 S
6687 26 S
6869 26 S
6688 26 S
6778 26 S
6871 26 S
6780 26 S
6779 26 S
5964 26 S
5966 26 S
5965 26 S
6962 26 S
6960 26 S
6961 26 S
7862 52 S
7649 52 S
7865 52 S
7644 52 S
7892 52 S
7891 52 S
7890 52 S
7693 52 S
6838 39 S
6849 39 S
7694 52 S
6837 39 S
7648 52 S
6847 39 S
7695 52 S
7866 52 S
7867 52 S
6836 39 S
7647 52 S
6848 39 S
8115 52 S
6918 39 S
6768 39 S
6917 39 S
6929 39 S
6928 39 S
6769 39 S
6916 39 S
6927 39 S
7057 26 S
6997 39 S
7246 26 S
6996 39 S
7153 26 S
7154 26 S
7336 26 S
7245 26 S
7337 26 S
7518 26 S
7155 26 S
7517 26 S
7335 26 S
7056 26 S
7244 26 S
7427 26 S
7426 26 S
7428 26 S
8529 52 S
8769 52 S
8528 52 S
8770 52 S
8766 52 S
8120 52 S
8118 52 S
8201 52 S
8530 52 S
7089 39 S
6998 39 S
8200 52 S
8119 52 S
8202 52 S
7519 26 S
7007 39 S
7699 26 S
7156 39 S
7953 26 S
7157 39 S
7008 39 S
7167 39 S
7874 26 S
7955 26 S
7875 26 S
7169 39 S
7700 26 S
7701 26 S
7168 39 S
7954 26 S
7873 26 S
7608 26 S
7609 26 S
7158 39 S
7610 26 S
7794 26 S
7795 26 S
7793 26 S
7077 39 S
7078 39 S
7087 39 S
7088 39 S
7076 39 S
7009 39 S
9032 52 S
8771 52 S
8920 52 S
8918 52 S
8919 52 S
9079 52 S
9410 52 S
9077 52 S
9078 52 S
9102 52 S
7237 39 S
8114 26 S
8113 26 S
8194 26 S
9103 52 S
7236 39 S
8274 26 S
7316 39 S
7238 39 S
8195 26 S
7317 39 S
8115 26 S
7249 39 S
8275 26 S
8273 26 S
7248 39 S
7247 39 S
8193 26 S
7329 39 S
9104 52 S
8035 26 S
8033 26 S
8034 26 S
8353 26 S
8354 26 S
8433 26 S
8355 26 S
7318 39 S
7328 39 S
7327 39 S
9648 52 S
9651 52 S
10042 52 S
8513 26 S
9411 52 S
9801 52 S
8675 26 S
8514 26 S
8834 26 S
8435 26 S
8833 26 S
8755 26 S
8754 26 S
8434 26 S
8753 26 S
8674 26 S
8595 26 S
9802 52 S
10108 52 S
9412 52 S
10043 52 S
10109 52 S
10107 52 S
7487 39 S
7489 39 S
7568 39 S
7476 39 S
7567 39 S
7556 39 S
7569 39 S
7558 39 S
7557 39 S
7478 39 S
7477 39 S
7409 39 S
7636 39 S
7488 39 S
7637 39 S
10038 52 S
10041 52 S
8515 26 S
8594 26 S
8673 26 S
8593 26 S
9800 52 S
9652 52 S
7649 39 S
7728 39 S
7727 39 S
7638 39 S
7729 39 S
7716 39 S
7718 39 S
7808 39 S
7807 39 S
7809 39 S
7717 39 S
7648 39 S
7647 39 S
8913 26 S
8835 26 S
10611 52 S
10946 52 S
10676 52 S
10677 52 S
8914 26 S
8915 26 S
8994 26 S
9073 26 S
8995 26 S
9074 26 S
9155 26 S
9154 26 S
9233 26 S
8993 26 S
9234 26 S
7798 39 S
7797 39 S
10764 52 S
10763 52 S
9075 26 S
7796 39 S
9153 26 S
10765 52 S
9235 26 S
10678 52 S
10949 52 S
10437 52 S
10436 52 S
7956 39 S
7957 39 S
9393 26 S
9633 26 S
9394 26 S
9473 26 S
9555 26 S
9395 26 S
9314 26 S
9475 26 S
9554 26 S
9553 26 S
9315 26 S
9313 26 S
9474 26 S
9634 26 S
7889 39 S
7877 39 S
7878 39 S
9713 26 S
9635 26 S
7876 39 S
7887 39 S
7888 39 S
8047 39 S
8038 39 S
11332 52 S
11571 52 S
11331 52 S
11330 52 S
10950 52 S
11003 52 S
11002 52 S
10951 52 S
7958 39 S
11572 52 S
11568 52 S
11004 52 S
11573 52 S
7968 39 S
7967 39 S
7969 39 S
8037 39 S
8036 39 S
9795 26 S
9875 26 S
9873 26 S
9714 26 S
9874 26 S
9715 26 S
9793 26 S
9794 26 S
9953 26 S
9955 26 S
9954 26 S
10114 26 S
10113 26 S
10035 26 S
10034 26 S
10033 26 S
8128 39 S
8127 39 S
8129 39 S
8116 39 S
8207 39 S
8117 39 S
8118 39 S
8197 39 S
8196 39 S
8209 39 S
8277 39 S
8198 39 S
8276 39 S
8208 39 S
8049 39 S
8048 39 S
20762 44 S
20757 44 S
20847 44 S
20844 44 S
20929 44 S
10115 26 S
10353 26 S
10355 26 S
10354 26 S
10275 26 S
10515 26 S
10513 26 S
10514 26 S
10435 26 S
10193 26 S
10273 26 S
10434 26 S
10433 26 S
10195 26 S
10274 26 S
10194 26 S
8287 39 S
8289 39 S
8358 39 S
8288 39 S
8278 39 S
8447 39 S
8438 39 S
8436 39 S
8437 39 S
8356 39 S
8449 39 S
8448 39 S
8368 39 S
8367 39 S
8357 39 S
8369 39 S
20932 44 S
21097 44 S
21098 44 S
21013 44 S
21103 44 S
21016 44 S
10593 26 S
10595 26 S
10674 26 S
10753 26 S
10673 26 S
10675 26 S
10594 26 S
10754 26 S
10755 26 S
10835 26 S
10834 26 S
10913 26 S
10833 26 S
10993 26 S
10915 26 S
8518 39 S
10914 26 S
8527 39 S
8516 39 S
8517 39 S
8607 39 S
8608 39 S
8676 39 S
8609 39 S
8528 39 S
8677 39 S
8529 39 S
8598 39 S
8597 39 S
8596 39 S
8678 39 S
8687 39 S
21184 44 S
21352 44 S
21186 44 S
21354 44 S
21357 44 S
21188 44 S
21187 44 S
10994 26 S
10995 26 S
8756 39 S
8689 39 S
8767 39 S
8757 39 S
8768 39 S
11074 26 S
11315 26 S
11073 26 S
11313 26 S
11314 26 S
8769 39 S
8916 39 S
8837 39 S
8688 39 S
8917 39 S
11075 26 S
8838 39 S
8836 39 S
11154 26 S
11234 26 S
11394 26 S
11233 26 S
8849 39 S
8847 39 S
11153 26 S
11155 26 S
11393 26 S
8848 39 S
11235 26 S
21443 44 S
21526 44 S
8996 39 S
8918 39 S
8997 39 S
11554 26 S
8998 39 S
11553 26 S
9009 39 S
9008 39 S
9007 39 S
11473 26 S
11475 26 S
11795 26 S
11793 26 S
11633 26 S
9078 39 S
11634 26 S
9077 39 S
9087 39 S
11555 26 S
9088 39 S
8928 39 S
9089 39 S
11395 26 S
11474 26 S
11794 26 S
11714 26 S
11635 26 S
11713 26 S
11715 26 S
8927 39 S
8929 39 S
21692 44 S
21698 44 S
21779 44 S
21777 44 S
21783 44 S
15965 52 S
15966 52 S
16450 52 S
15964 52 S
16453 52 S
15879 52 S
15876 52 S
15880 52 S
15881 52 S
11955 26 S
9157 39 S
11953 26 S
11874 26 S
12114 26 S
11954 26 S
9168 39 S
12113 26 S
9169 39 S
9167 39 S
11873 26 S
9318 39 S
11875 26 S
9158 39 S
12034 26 S
9317 39 S
12115 26 S
12033 26 S
12035 26 S
9156 39 S
12193 26 S
9316 39 S
12195 26 S
9248 39 S
12194 26 S
9249 39 S
9327 39 S
9237 39 S
9236 39 S
9238 39 S
12273 26 S
9247 39 S
22041 44 S
22038 44 S
21954 44 S
21953 44 S
21947 44 S
21864 44 S
22043 44 S
21867 44 S
21957 44 S
21873 44 S
16604 52 S
16603 52 S
16516 52 S
16517 52 S
16602 52 S
9396 39 S
9397 39 S
9477 39 S
9476 39 S
9478 39 S
9398 39 S
9556 39 S
9409 39 S
9557 39 S
12274 26 S
12433 26 S
12435 26 S
12434 26 S
12674 26 S
9328 39 S
9408 39 S
9329 39 S
9407 39 S
12353 26 S
12355 26 S
12594 26 S
12673 26 S
9487 39 S
9489 39 S
12593 26 S
12595 26 S
9488 39 S
12514 26 S
12354 26 S
12513 26 S
12275 26 S
12515 26 S
22207 44 S
22208 44 S
22209 44 S
22211 44 S
9567 39 S
9569 39 S
9568 39 S
9648 39 S
9649 39 S
9647 39 S
9558 39 S
9728 39 S
9717 39 S
9718 39 S
9727 39 S
9636 39 S
9729 39 S
9716 39 S
9637 39 S
12753 26 S
12754 26 S
9638 39 S
12675 26 S
12755 26 S
12913 26 S
12833 26 S
12835 26 S
12834 26 S
12915 26 S
12914 26 S
13073 26 S
13075 26 S
13074 26 S
12994 26 S
12995 26 S
12993 26 S
18756 52 S
18757 52 S
18926 52 S
18758 52 S
22468 44 S
22466 44 S
22383 44 S
22463 44 S
22547 44 S
9808 39 S
9798 39 S
9796 39 S
9877 39 S
9878 39 S
9807 39 S
9809 39 S
9797 39 S
9876 39 S
9888 39 S
9956 39 S
9957 39 S
9889 39 S
9967 39 S
9887 39 S
9958 39 S
13153 26 S
13154 26 S
13235 26 S
13553 26 S
13233 26 S
13474 26 S
13234 26 S
13394 26 S
13475 26 S
13155 26 S
13473 26 S
13314 26 S
13313 26 S
13395 26 S
13315 26 S
13393 26 S
19012 52 S
19316 52 S
19481 52 S
19283 52 S
19478 52 S
19011 52 S
19482 52 S
19284 52 S
19010 52 S
22615 44 S
22636 44 S
22553 44 S
22633 44 S
19204 52 S
19203 52 S
19202 52 S
19199 52 S
9968 39 S
10048 39 S
10127 39 S
10128 39 S
10117 39 S
10047 39 S
10118 39 S
10049 39 S
9969 39 S
10116 39 S
10129 39 S
10196 39 S
10197 39 S
13635 26 S
13634 26 S
13715 26 S
13555 26 S
13953 26 S
10038 39 S
13875 26 S
13713 26 S
13874 26 S
13873 26 S
13714 26 S
13554 26 S
10037 39 S
13793 26 S
13633 26 S
13795 26 S
13794 26 S
10036 39 S
13954 26 S
19564 52 S
19562 52 S
19563 52 S
19483 52 S
19726 52 S
19731 52 S
20004 52 S
19729 52 S
20002 52 S
19730 52 S
20003 52 S
20080 52 S
22787 44 S
19999 52 S
22806 44 S
22802 44 S
22808 44 S
22803 44 S
22804 44 S
19810 52 S
19811 52 S
19812 52 S
22870 44 S
10276 39 S
13955 26 S
14033 26 S
10358 39 S
10357 39 S
10356 39 S
10208 39 S
14034 26 S
10367 39 S
14114 26 S
14113 26 S
10369 39 S
14035 26 S
14115 26 S
10368 39 S
10278 39 S
14195 26 S
10277 39 S
10288 39 S
10198 39 S
14193 26 S
14194 26 S
10289 39 S
10287 39 S
14274 26 S
10207 39 S
10209 39 S
14273 26 S
14275 26 S
14353 26 S
14355 26 S
14354 26 S
20359 52 S
20084 52 S
20360 52 S
20526 52 S
20278 52 S
20081 52 S
20283 52 S
20281 52 S
20083 52 S
20082 52 S
20364 52 S
20361 52 S
20362 52 S
20363 52 S
20282 52 S
22955 44 S
22973 44 S
22976 44 S
22892 44 S
22889 44 S
22872 44 S
22871 44 S
10447 39 S
10448 39 S
10596 39 S
10436 39 S
10516 39 S
10607 39 S
10597 39 S
10437 39 S
10518 39 S
10598 39 S
10449 39 S
10438 39 S
10517 39 S
10529 39 S
10527 39 S
10528 39 S
14675 26 S
14674 26 S
14595 26 S
14593 26 S
14754 26 S
14594 26 S
14433 26 S
14755 26 S
14673 26 S
14833 26 S
14513 26 S
14514 26 S
14515 26 S
14753 26 S
14434 26 S
14435 26 S
20531 52 S
20530 52 S
20880 52 S
20881 52 S
20607 52 S
20799 52 S
20802 52 S
20803 52 S
20804 52 S
20612 52 S
20609 52 S
20882 52 S
20529 52 S
20610 52 S
20608 52 S
20611 52 S
23057 44 S
23127 44 S
23040 44 S
10677 39 S
10676 39 S
10678 39 S
10608 39 S
10689 39 S
10769 39 S
10609 39 S
10687 39 S
10758 39 S
10768 39 S
10688 39 S
10767 39 S
10837 39 S
10836 39 S
10756 39 S
10757 39 S
14835 26 S
14915 26 S
14913 26 S
14834 26 S
14914 26 S
15234 26 S
15073 26 S
15075 26 S
15074 26 S
15154 26 S
15155 26 S
15153 26 S
15233 26 S
21159 52 S
21160 52 S
21161 52 S
21162 52 S
21164 52 S
21326 52 S
20916 52 S
21329 52 S
21163 52 S
21330 52 S
14994 26 S
14993 26 S
20884 52 S
20883 52 S
14995 26 S
23295 44 S
23297 44 S
23211 44 S
23236 44 S
10927 39 S
10838 39 S
10847 39 S
10848 39 S
10849 39 S
10929 39 S
10916 39 S
11007 39 S
10918 39 S
10997 39 S
10996 39 S
10998 39 S
10917 39 S
10928 39 S
11009 39 S
11008 39 S
21331 52 S
21602 52 S
21599 52 S
21603 52 S
21407 52 S
21410 52 S
21409 52 S
21408 52 S
21604 52 S
21680 52 S
21684 52 S
21681 52 S
21411 52 S
15315 26 S
15314 26 S
15313 26 S
15473 26 S
21682 52 S
21412 52 S
21683 52 S
15633 26 S
15474 26 S
15394 26 S
15235 26 S
15475 26 S
15634 26 S
15554 26 S
15393 26 S
15395 26 S
15635 26 S
15555 26 S
15553 26 S
11089 39 S
11088 39 S
11078 39 S
11077 39 S
11158 39 S
11237 39 S
11236 39 S
11087 39 S
11076 39 S
11247 39 S
11238 39 S
11156 39 S
11167 39 S
11169 39 S
11168 39 S
11157 39 S
21716 52 S
15714 26 S
15713 26 S
15715 26 S
15793 26 S
15795 26 S
22131 52 S
22129 52 S
22130 52 S
22207 52 S
16035 26 S
22126 52 S
15954 26 S
16033 26 S
15955 26 S
16034 26 S
15794 26 S
15873 26 S
15953 26 S
16113 26 S
15875 26 S
15874 26 S
23573 44 S
23576 44 S
23492 44 S
23489 44 S
23557 44 S
11317 39 S
11328 39 S
11327 39 S
11409 39 S
11398 39 S
11476 39 S
11318 39 S
11407 39 S
11477 39 S
11329 39 S
11408 39 S
11249 39 S
11248 39 S
11316 39 S
11397 39 S
22209 52 S
22208 52 S
22210 52 S
22212 52 S
22399 52 S
22404 52 S
22402 52 S
11396 39 S
22211 52 S
22403 52 S
22480 52 S
22481 52 S
22484 52 S
22482 52 S
22483 52 S
16353 26 S
16433 26 S
16114 26 S
16513 26 S
16355 26 S
16354 26 S
22516 52 S
16434 26 S
16435 26 S
16273 26 S
16115 26 S
16275 26 S
16195 26 S
16514 26 S
16274 26 S
16193 26 S
16194 26 S
23644 44 S
23659 44 S
23662 44 S
23644 52 S
23641 52 S
11569 39 S
11478 39 S
22774 52 S
22759 52 S
11489 39 S
11487 39 S
11488 39 S
11557 39 S
22724 52 S
11558 39 S
11556 39 S
11567 39 S
22775 52 S
22756 52 S
22799 52 S
11568 39 S
22757 52 S
22758 52 S
22760 52 S
16515 26 S
16595 26 S
16594 26 S
16593 26 S
16674 26 S
16675 26 S
16673 26 S
11648 39 S
11647 39 S
11637 39 S
11649 39 S
11636 39 S
11638 39 S
16755 26 S
16823 26 S
16824 26 S
16822 26 S
16753 26 S
16754 26 S
16834 26 S
16835 26 S
16833 26 S
23816 44 S
23828 44 S
24041 52 S
24204 52 S
24672 52 S
24279 52 S
24040 52 S
24203 52 S
24039 52 S
24680 52 S
24681 52 S
24682 52 S
24840 52 S
24833 52 S
24839 52 S
23964 52 S
23963 52 S
23962 52 S
11716 39 S
11809 39 S
11877 39 S
11796 39 S
11729 39 S
11808 39 S
11797 39 S
11718 39 S
11878 39 S
11728 39 S
11717 39 S
11887 39 S
11727 39 S
11798 39 S
11807 39 S
11876 39 S
16995 26 S
16993 26 S
16984 26 S
16982 26 S
16903 26 S
16994 26 S
16902 26 S
16983 26 S
16904 26 S
16915 26 S
16914 26 S
16913 26 S
23831 44 S
23833 44 S
23832 44 S
24843 52 S
24842 52 S
24841 52 S
23896 44 S
23899 44 S
25843 52 S
25844 52 S
25845 52 S
25847 52 S
25846 52 S
25769 52 S
25848 52 S
25766 52 S
25822 52 S
25823 52 S
23918 44 S
23912 44 S
24990 52 S
24989 52 S
24988 52 S
11957 39 S
11956 39 S
11967 39 S
11889 39 S
12037 39 S
11969 39 S
11888 39 S
11968 39 S
11958 39 S
12049 39 S
12038 39 S
12036 39 S
12116 39 S
12117 39 S
12047 39 S
12048 39 S
17224 26 S
17223 26 S
17234 26 S
17235 26 S
17303 26 S
17233 26 S
17302 26 S
23900 44 S
17222 26 S
23901 44 S
23897 44 S
17155 26 S
17144 26 S
17154 26 S
17143 26 S
17142 26 S
17153 26 S
12127 39 S
12118 39 S
12128 39 S
12196 39 S
12197 39 S
12207 39 S
12209 39 S
12198 39 S
12208 39 S
12129 39 S
12278 39 S
12276 39 S
12277 39 S
12287 39 S
12289 39 S
12288 39 S
17463 26 S
17313 26 S
17382 26 S
25070 44 S
17314 26 S
17315 26 S
17395 26 S
17383 26 S
17462 26 S
17384 26 S
17393 26 S
17304 26 S
17464 26 S
24911 44 S
17475 26 S
17473 26 S
17474 26 S
17394 26 S
24992 44 S
24991 44 S
12436 39 S
12447 39 S
12437 39 S
12449 39 S
25311 44 S
12518 39 S
12438 39 S
12356 39 S
17622 26 S
12368 39 S
12527 39 S
12517 39 S
12358 39 S
12357 39 S
12367 39 S
17544 26 S
17634 26 S
17542 26 S
17713 26 S
17624 26 S
17635 26 S
17543 26 S
17633 26 S
12369 39 S
17702 26 S
17703 26 S
17623 26 S
17553 26 S
12516 39 S
17704 26 S
17554 26 S
17555 26 S
25630 44 S
25870 44 S
12596 39 S
12676 39 S
12609 39 S
12608 39 S
17714 26 S
12756 39 S
12597 39 S
17782 26 S
12528 39 S
12677 39 S
17715 26 S
12607 39 S
12678 39 S
17783 26 S
17794 26 S
12529 39 S
17795 26 S
17851 26 S
17793 26 S
12598 39 S
17784 26 S
17853 26 S
17852 26 S
12757 39 S
12688 39 S
12687 39 S
12689 39 S
17863 26 S
17862 26 S
17864 26 S
17874 26 S
17873 26 S
25952 44 S
12836 39 S
12758 39 S
12768 39 S
12916 39 S
12837 39 S
12767 39 S
12849 39 S
12848 39 S
12847 39 S
12918 39 S
12769 39 S
26032 44 S
12929 39 S
12928 39 S
12838 39 S
12927 39 S
12917 39 S
18011 26 S
18012 26 S
18024 26 S
18013 26 S
17875 26 S
18022 26 S
17932 26 S
17944 26 S
17933 26 S
17954 26 S
17955 26 S
17931 26 S
17943 26 S
18023 26 S
17942 26 S
17953 26 S
26351 44 S
26429 44 S
26432 44 S
13089 39 S
13077 39 S
13087 39 S
13076 39 S
18034 26 S
13156 39 S
13158 39 S
13157 39 S
18033 26 S
13088 39 S
13078 39 S
18035 26 S
13167 39 S
13008 39 S
12997 39 S
13009 39 S
13007 39 S
18171 26 S
12996 39 S
18172 26 S
18182 26 S
18173 26 S
12998 39 S
26349 44 S
26348 44 S
18253 26 S
18252 26 S
18262 26 S
18263 26 S
18264 26 S
18331 26 S
18273 26 S
18332 26 S
18274 26 S
18275 26 S
18251 26 S
13236 39 S
13237 39 S
13168 39 S
13169 39 S
13249 39 S
13248 39 S
13238 39 S
13327 39 S
13329 39 S
13247 39 S
13396 39 S
13397 39 S
18183 26 S
18184 26 S
18195 26 S
18194 26 S
18193 26 S
13317 39 S
13328 39 S
13316 39 S
13318 39 S
26590 44 S
26749 44 S
26671 44 S
26668 44 S
18343 26 S
18342 26 S
18354 26 S
18355 26 S
18344 26 S
18353 26 S
18412 26 S
18333 26 S
18411 26 S
18424 26 S
18434 26 S
18433 26 S
18413 26 S
18435 26 S
13489 39 S
13488 39 S
13476 39 S
13408 39 S
13487 39 S
18423 26 S
13557 39 S
18422 26 S
13567 39 S
13477 39 S
13398 39 S
13407 39 S
13478 39 S
13409 39 S
13568 39 S
13556 39 S
13558 39 S
13569 39 S
26752 44 S
26911 44 S
26909 44 S
26988 44 S
18514 26 S
18515 26 S
13638 39 S
18513 26 S
18492 26 S
18504 26 S
18491 26 S
18493 26 S
13636 39 S
13647 39 S
18502 26 S
18572 26 S
13718 39 S
13637 39 S
13648 39 S
13717 39 S
18573 26 S
13649 39 S
18584 26 S
18503 26 S
18571 26 S
13728 39 S
13727 39 S
13807 39 S
13729 39 S
18593 26 S
18582 26 S
13716 39 S
13796 39 S
13798 39 S
13797 39 S
18583 26 S
26991 44 S
27068 44 S
27071 44 S
27151 44 S
27148 44 S
18651 26 S
18653 26 S
13956 39 S
18742 26 S
18652 26 S
18662 26 S
18743 26 S
18673 26 S
18675 26 S
13889 39 S
18663 26 S
18664 26 S
18733 26 S
18731 26 S
18732 26 S
13888 39 S
13808 39 S
18674 26 S
18594 26 S
13887 39 S
13877 39 S
13878 39 S
18595 26 S
13809 39 S
13876 39 S
13969 39 S
13958 39 S
13967 39 S
13968 39 S
13957 39 S
14037 39 S
14036 39 S
27368 44 S
18754 26 S
18744 26 S
18753 26 S
18755 26 S
18812 26 S
18813 26 S
18811 26 S
18824 26 S
18822 26 S
18823 26 S
18881 26 S
18833 26 S
18879 26 S
18834 26 S
18835 26 S
14196 39 S
14047 39 S
18880 26 S
14038 39 S
14049 39 S
14118 39 S
14207 39 S
14048 39 S
14209 39 S
14197 39 S
14208 39 S
14198 39 S
14116 39 S
14117 39 S
14128 39 S
14129 39 S
14127 39 S
29277 44 S
27389 44 S
27392 44 S
27369 44 S
18913 26 S
29117 44 S
18914 26 S
18893 26 S
18915 26 S
18892 26 S
18891 26 S
18902 26 S
18903 26 S
18904 26 S
18971 26 S
18973 26 S
18972 26 S
18961 26 S
18982 26 S
14447 39 S
14287 39 S
14278 39 S
14368 39 S
14367 39 S
14276 39 S
14436 39 S
14289 39 S
14357 39 S
14358 39 S
14369 39 S
14277 39 S
14356 39 S
14288 39 S
14437 39 S
14438 39 S
29436 44 S
29676 44 S
19062 26 S
18995 26 S
19039 26 S
19051 26 S
19063 26 S
19052 26 S
19053 26 S
18993 26 S
18994 26 S
19064 26 S
18983 26 S
19040 26 S
19073 26 S
19074 26 S
19041 26 S
29356 44 S
18984 26 S
29355 44 S
14448 39 S
14527 39 S
14529 39 S
14449 39 S
14596 39 S
14528 39 S
14609 39 S
14607 39 S
14676 39 S
14677 39 S
14598 39 S
14597 39 S
14517 39 S
14516 39 S
14608 39 S
14518 39 S
29835 44 S
19075 26 S
19201 26 S
19200 26 S
19199 26 S
19153 26 S
19154 26 S
19155 26 S
14848 39 S
14687 39 S
14678 39 S
14838 39 S
14849 39 S
14688 39 S
14758 39 S
14689 39 S
14757 39 S
14847 39 S
14769 39 S
14768 39 S
14767 39 S
14837 39 S
14836 39 S
14756 39 S
19280 26 S
19292 26 S
19281 26 S
19291 26 S
19279 26 S
19293 26 S
19302 26 S
19222 26 S
19212 26 S
19223 26 S
19211 26 S
19234 26 S
19213 26 S
19224 26 S
19233 26 S
19235 26 S
14918 39 S
14927 39 S
14996 39 S
14997 39 S
14917 39 S
15007 39 S
14929 39 S
15008 39 S
15087 39 S
14998 39 S
15077 39 S
14928 39 S
15009 39 S
15078 39 S
14916 39 S
15076 39 S
19360 26 S
19313 26 S
19314 26 S
19315 26 S
19304 26 S
19373 26 S
19361 26 S
19372 26 S
19371 26 S
19394 26 S
19303 26 S
19393 26 S
19383 26 S
19384 26 S
19382 26 S
19359 26 S
15316 39 S
15089 39 S
15088 39 S
15168 39 S
15156 39 S
15317 39 S
15167 39 S
15157 39 S
15169 39 S
15158 39 S
15247 39 S
15249 39 S
15248 39 S
15236 39 S
15238 39 S
15237 39 S
19395 26 S
19452 26 S
19451 26 S
19453 26 S
19441 26 S
19475 26 S
19474 26 S
19464 26 S
19439 26 S
19473 26 S
19519 26 S
19462 26 S
19463 26 S
19520 26 S
19440 26 S
19521 26 S
15476 39 S
15477 39 S
15409 39 S
15407 39 S
15408 39 S
15396 39 S
15398 39 S
15327 39 S
15329 39 S
15318 39 S
15328 39 S
15397 39 S
15478 39 S
15487 39 S
15488 39 S
15489 39 S
19553 26 S
19533 26 S
19531 26 S
19532 26 S
19555 26 S
19554 26 S
19542 26 S
19543 26 S
19544 26 S
19599 26 S
19601 26 S
19611 26 S
19613 26 S
19600 26 S
19612 26 S
19622 26 S
15718 39 S
15727 39 S
15717 39 S
15716 39 S
15567 39 S
15558 39 S
15556 39 S
15568 39 S
15569 39 S
15649 39 S
15557 39 S
15638 39 S
15648 39 S
15647 39 S
15636 39 S
15637 39 S
19635 26 S
19633 26 S
19634 26 S
19702 26 S
19713 26 S
19692 26 S
19693 26 S
19714 26 S
19681 26 S
19679 26 S
19691 26 S
19680 26 S
19703 26 S
19704 26 S
19624 26 S
19623 26 S
15728 39 S
15729 39 S
15798 39 S
15797 39 S
15796 39 S
15807 39 S
15809 39 S
15808 39 S
15956 39 S
15957 39 S
15889 39 S
15878 39 S
15887 39 S
15888 39 S
15876 39 S
15877 39 S
19759 26 S
19715 26 S
19839 26 S
19761 26 S
19771 26 S
19840 26 S
19760 26 S
19841 26 S
19772 26 S
19784 26 S
19782 26 S
19795 26 S
19783 26 S
19794 26 S
19793 26 S
19773 26 S
15969 39 S
15968 39 S
15967 39 S
16116 39 S
15958 39 S
16037 39 S
16036 39 S
16117 39 S
16118 39 S
16127 39 S
16129 39 S
16128 39 S
16047 39 S
16048 39 S
16049 39 S
16038 39 S
19862 26 S
19864 26 S
19863 26 S
19853 26 S
19874 26 S
19852 26 S
19875 26 S
19851 26 S
19873 26 S
19889 26 S
19887 26 S
19919 26 S
19931 26 S
19921 26 S
19920 26 S
19888 26 S
16367 39 S
16356 39 S
16357 39 S
16289 39 S
16288 39 S
16287 39 S
16358 39 S
16209 39 S
16197 39 S
16196 39 S
16208 39 S
16198 39 S
16207 39 S
16278 39 S
16276 39 S
16277 39 S
19932 26 S
19933 26 S
20012 26 S
20011 26 S
20000 26 S
19999 26 S
20001 26 S
19969 26 S
16368 39 S
16369 39 S
16528 39 S
16438 39 S
16437 39 S
16529 39 S
16527 39 S
16517 39 S
16518 39 S
16516 39 S
16436 39 S
16596 39 S
16449 39 S
16447 39 S
16448 39 S
16597 39 S
20033 26 S
20034 26 S
20035 26 S
20048 26 S
20047 26 S
20013 26 S
20079 26 S
20080 26 S
20081 26 S
20024 26 S
20023 26 S
20022 26 S
20049 26 S
16598 39 S
16608 39 S
16609 39 S
16607 39 S
16687 39 S
16688 39 S
16758 39 S
16756 39 S
16678 39 S
16677 39 S
16676 39 S
16768 39 S
16767 39 S
16769 39 S
16689 39 S
16757 39 S
20161 26 S
20171 26 S
20160 26 S
20172 26 S
20182 26 S
20173 26 S
20159 26 S
16836 39 S
16823 39 S
16822 39 S
16838 39 S
16837 39 S
16848 39 S
16847 39 S
16849 39 S
16824 39 S
16917 39 S
16918 39 S
16904 39 S
16927 39 S
16902 39 S
16916 39 S
16903 39 S
20263 26 S
20262 26 S
20183 26 S
20193 26 S
20195 26 S
20207 26 S
20208 26 S
20194 26 S
20251 26 S
20241 26 S
20209 26 S
20252 26 S
20253 26 S
20239 26 S
20240 26 S
20184 26 S
16982 39 S
16996 39 S
16997 39 S
16984 39 S
16998 39 S
17007 39 S
16983 39 S
17009 39 S
17008 39 S
16928 39 S
16929 39 S
20274 26 S
20264 26 S
20273 26 S
20287 26 S
20275 26 S
20289 26 S
20288 26 S
20321 26 S
20319 26 S
20320 26 S
20331 26 S
20343 26 S
20342 26 S
20332 26 S
20344 26 S
20333 26 S
17224 39 S
17223 39 S
17222 39 S
17142 39 S
17144 39 S
17157 39 S
17158 39 S
17143 39 S
17169 39 S
17168 39 S
17156 39 S
17167 39 S
20369 26 S
20353 26 S
20355 26 S
20354 26 S
20412 26 S
20368 26 S
20411 26 S
20399 26 S
20401 26 S
20423 26 S
20413 26 S
20400 26 S
20422 26 S
20424 26 S
20433 26 S
20367 26 S
17238 39 S
17236 39 S
17317 39 S
17237 39 S
17247 39 S
17327 39 S
17382 39 S
17318 39 S
17316 39 S
17328 39 S
17302 39 S
17329 39 S
17249 39 S
17304 39 S
17248 39 S
17303 39 S
20434 26 S
20435 26 S
20480 26 S
20449 26 S
20447 26 S
20479 26 S
20481 26 S
20492 26 S
20493 26 S
20491 26 S
20503 26 S
20513 26 S
20504 26 S
20514 26 S
20448 26 S
20502 26 S
17397 39 S
17398 39 S
17396 39 S
17408 39 S
17464 39 S
17383 39 S
17462 39 S
17463 39 S
17409 39 S
17384 39 S
17407 39 S
17488 39 S
17487 39 S
17477 39 S
17476 39 S
17478 39 S
20515 26 S
20571 26 S
20560 26 S
20559 26 S
20528 26 S
20561 26 S
20573 26 S
20572 26 S
20527 26 S
20582 26 S
20529 26 S
20583 26 S
17489 39 S
17622 39 S
17624 39 S
17542 39 S
17636 39 S
17623 39 S
17544 39 S
17556 39 S
17558 39 S
17567 39 S
17543 39 S
17638 39 S
17637 39 S
17557 39 S
17568 39 S
17569 39 S
20652 26 S
20640 26 S
20651 26 S
20641 26 S
20639 26 S
20653 26 S
20675 26 S
20673 26 S
20674 26 S
20607 26 S
20664 26 S
20662 26 S
20687 26 S
20609 26 S
20663 26 S
20608 26 S
17649 39 S
17647 39 S
17717 39 S
17648 39 S
17728 39 S
17727 39 S
17716 39 S
17703 39 S
17702 39 S
17782 39 S
17783 39 S
17729 39 S
17704 39 S
17718 39 S
17784 39 S
17796 39 S
20733 26 S
20732 26 S
20742 26 S
20744 26 S
20721 26 S
20743 26 S
20720 26 S
20719 26 S
20768 26 S
20767 26 S
20689 26 S
20753 26 S
20688 26 S
20754 26 S
20755 26 S
20731 26 S
17798 39 S
17807 39 S
17797 39 S
17808 39 S
17809 39 S
17853 39 S
17851 39 S
17862 39 S
17887 39 S
17888 39 S
17852 39 S
17863 39 S
17864 39 S
17878 39 S
17876 39 S
17877 39 S
20769 26 S
20848 26 S
20799 26 S
20833 26 S
20834 26 S
20812 26 S
20847 26 S
20822 26 S
20835 26 S
20811 26 S
20849 26 S
20823 26 S
20813 26 S
20800 26 S
20801 26 S
20824 26 S
17968 39 S
17889 39 S
17969 39 S
18013 39 S
18011 39 S
18012 39 S
17931 39 S
17932 39 S
17933 39 S
17942 39 S
17967 39 S
17944 39 S
17943 39 S
17957 39 S
17956 39 S
17958 39 S
20880 26 S
20927 26 S
20881 26 S
20904 26 S
20903 26 S
20913 26 S
20879 26 S
20902 26 S
20915 26 S
20914 26 S
20893 26 S
20892 26 S
20891 26 S
20928 26 S
20929 26 S
20959 26 S
18037 39 S
18038 39 S
18022 39 S
18049 39 S
18024 39 S
18036 39 S
18048 39 S
18023 39 S
20960 26 S
21040 26 S
21039 26 S
20973 26 S
20995 26 S
20972 26 S
20982 26 S
20971 26 S
20961 26 S
21009 26 S
21007 26 S
20993 26 S
21008 26 S
20994 26 S
20983 26 S
20984 26 S
21064 26 S
21041 26 S
21073 26 S
21053 26 S
21052 26 S
21063 26 S
21051 26 S
21088 26 S
21089 26 S
21074 26 S
18128 39 S
21075 26 S
21087 26 S
21062 26 S
18173 39 S
18172 39 S
18171 39 S
18184 39 S
18129 39 S
18197 39 S
18198 39 S
21120 26 S
18182 39 S
21121 26 S
18196 39 S
18208 39 S
21119 26 S
18207 39 S
18183 39 S
18127 39 S
18252 39 S
18263 39 S
18287 39 S
18264 39 S
18276 39 S
18253 39 S
18288 39 S
18262 39 S
18289 39 S
18331 39 S
18251 39 S
18332 39 S
18278 39 S
18277 39 S
18333 39 S
21153 26 S
21154 26 S
21167 26 S
21155 26 S
21169 26 S
21168 26 S
18209 39 S
21199 26 S
21200 26 S
21201 26 S
21132 26 S
21133 26 S
21143 26 S
21211 26 S
21142 26 S
21131 26 S
21144 26 S
18342 39 S
18343 39 S
18436 39 S
18344 39 S
18368 39 S
18356 39 S
18358 39 S
18412 39 S
18369 39 S
18411 39 S
18424 39 S
18357 39 S
18413 39 S
18422 39 S
18367 39 S
18423 39 S
21248 26 S
21247 26 S
21281 26 S
21249 26 S
21222 26 S
21223 26 S
21212 26 S
21279 26 S
21280 26 S
21224 26 S
21233 26 S
21292 26 S
21213 26 S
21234 26 S
21291 26 S
21235 26 S
18516 39 S
18449 39 S
18517 39 S
18438 39 S
18448 39 S
21303 26 S
18528 39 S
18503 39 S
21302 26 S
18502 39 S
21328 26 S
21313 26 S
21304 26 S
18447 39 S
21327 26 S
18437 39 S
18492 39 S
21314 26 S
21359 26 S
21329 26 S
21360 26 S
18527 39 S
21361 26 S
18491 39 S
18504 39 S
18518 39 S
21315 26 S
18493 39 S
21293 26 S
21371 26 S
21373 26 S
21372 26 S
21393 26 S
21394 26 S
21407 26 S
21395 26 S
21451 26 S
21408 26 S
21409 26 S
21453 26 S
21452 26 S
21462 26 S
18529 39 S
18653 39 S
18652 39 S
18651 39 S
21440 26 S
18571 39 S
21439 26 S
21441 26 S
21382 26 S
18573 39 S
18596 39 S
18584 39 S
18582 39 S
21384 26 S
21383 26 S
18609 39 S
18572 39 S
18598 39 S
18597 39 S
18607 39 S
18608 39 S
18583 39 S
21463 26 S
21487 26 S
21474 26 S
21473 26 S
21531 26 S
21519 26 S
21533 26 S
21532 26 S
21488 26 S
21475 26 S
21543 26 S
21489 26 S
21542 26 S
21464 26 S
21520 26 S
21521 26 S
18663 39 S
18662 39 S
18676 39 S
18664 39 S
18743 39 S
18687 39 S
18677 39 S
18678 39 S
18742 39 S
18689 39 S
18688 39 S
18756 39 S
18744 39 S
18733 39 S
18731 39 S
18732 39 S
21553 26 S
21555 26 S
21544 26 S
21554 26 S
21599 26 S
21600 26 S
21601 26 S
21569 26 S
21567 26 S
21624 26 S
21613 26 S
21622 26 S
21623 26 S
21568 26 S
21612 26 S
21611 26 S
18838 39 S
18836 39 S
18813 39 S
18758 39 S
18812 39 S
18811 39 S
18837 39 S
18824 39 S
18757 39 S
18822 39 S
18847 39 S
18823 39 S
18848 39 S
18767 39 S
18769 39 S
18768 39 S
21633 26 S
21648 26 S
21649 26 S
21635 26 S
21634 26 S
21647 26 S
21693 26 S
21704 26 S
21703 26 S
21691 26 S
21702 26 S
21692 26 S
21680 26 S
21679 26 S
21681 26 S
21713 26 S
18881 39 S
18879 39 S
18849 39 S
18891 39 S
18892 39 S
18880 39 S
18916 39 S
18893 39 S
18917 39 S
18918 39 S
18902 39 S
18927 39 S
18904 39 S
18903 39 S
21728 26 S
21715 26 S
21759 26 S
21729 26 S
21714 26 S
21727 26 S
21760 26 S
21771 26 S
21761 26 S
21773 26 S
21772 26 S
21793 26 S
21782 26 S
21794 26 S
21783 26 S
21784 26 S
18996 39 S
18998 39 S
18997 39 S
19008 39 S
19007 39 S
19009 39 S
18971 39 S
19039 39 S
18972 39 S
18984 39 S
18973 39 S
18961 39 S
18982 39 S
18983 39 S
21795 26 S
21807 26 S
21808 26 S
21809 26 S
21839 26 S
21852 26 S
21840 26 S
21841 26 S
21851 26 S
21863 26 S
21862 26 S
21875 26 S
21853 26 S
21864 26 S
21873 26 S
19062 39 S
19051 39 S
19052 39 S
19053 39 S
21874 26 S
19063 39 S
19078 39 S
19040 39 S
19064 39 S
19076 39 S
19077 39 S
19041 39 S
21921 26 S
21932 26 S
21920 26 S
21931 26 S
21933 26 S
21944 26 S
21887 26 S
21919 26 S
21888 26 S
21889 26 S
21953 26 S
21954 26 S
21943 26 S
21955 26 S
21942 26 S
21967 26 S
19158 39 S
19200 39 S
19201 39 S
19199 39 S
19167 39 S
19169 39 S
19156 39 S
19157 39 S
19168 39 S
22012 26 S
22011 26 S
22013 26 S
22022 26 S
22023 26 S
22024 26 S
22033 26 S
22034 26 S
22035 26 S
22048 26 S
22047 26 S
21968 26 S
22000 26 S
21969 26 S
21999 26 S
22001 26 S
19249 39 S
19247 39 S
19279 39 S
19248 39 S
19281 39 S
19291 39 S
19280 39 S
19211 39 S
19213 39 S
19236 39 S
19212 39 S
19224 39 S
19223 39 S
19238 39 S
19222 39 S
19237 39 S
22102 26 S
22114 26 S
22103 26 S
22104 26 S
22113 26 S
22128 26 S
22127 26 S
22115 26 S
22129 26 S
22049 26 S
22091 26 S
22080 26 S
22081 26 S
22079 26 S
22093 26 S
22092 26 S
19302 39 S
19293 39 S
19292 39 S
19316 39 S
19317 39 S
19318 39 S
19360 39 S
19329 39 S
19303 39 S
19361 39 S
19372 39 S
19371 39 S
19304 39 S
19327 39 S
19328 39 S
19359 39 S
22159 26 S
22161 26 S
22160 26 S
22183 26 S
22172 26 S
22173 26 S
22194 26 S
22195 26 S
22171 26 S
22184 26 S
22193 26 S
22182 26 S
22209 26 S
22208 26 S
22239 26 S
22207 26 S
19373 39 S
19398 39 S
19396 39 S
19397 39 S
19384 39 S
19451 39 S
19452 39 S
19453 39 S
19382 39 S
19441 39 S
19408 39 S
19383 39 S
19439 39 S
19407 39 S
19409 39 S
19440 39 S
22252 26 S
22251 26 S
22253 26 S
22275 26 S
22263 26 S
22262 26 S
22287 26 S
22320 26 S
22319 26 S
22264 26 S
22288 26 S
22289 26 S
22240 26 S
22273 26 S
22241 26 S
22274 26 S
19476 39 S
19478 39 S
19477 39 S
19487 39 S
19520 39 S
19533 39 S
19532 39 S
19464 39 S
19531 39 S
19488 39 S
19462 39 S
19519 39 S
19489 39 S
19463 39 S
19542 39 S
19521 39 S
22331 26 S
22342 26 S
22343 26 S
22344 26 S
22321 26 S
22333 26 S
22368 26 S
22332 26 S
22399 26 S
22367 26 S
22369 26 S
22355 26 S
22400 26 S
22401 26 S
22353 26 S
22354 26 S
19557 39 S
19556 39 S
19558 39 S
19544 39 S
19569 39 S
19567 39 S
19568 39 S
19543 39 S
19612 39 S
19599 39 S
19611 39 S
19601 39 S
19600 39 S
19613 39 S
19622 39 S
19623 39 S
22411 26 S
22412 26 S
22413 26 S
22433 26 S
22434 26 S
22423 26 S
22435 26 S
22481 26 S
22424 26 S
22422 26 S
22479 26 S
22491 26 S
22449 26 S
22448 26 S
22480 26 S
22447 26 S
19636 39 S
19637 39 S
19648 39 S
19647 39 S
19693 39 S
19692 39 S
19691 39 S
19638 39 S
19649 39 S
19702 39 S
19681 39 S
19703 39 S
19704 39 S
19680 39 S
19679 39 S
19624 39 S
22492 26 S
22493 26 S
22559 26 S
22560 26 S
22561 26 S
22571 26 S
22572 26 S
22503 26 S
22528 26 S
22527 26 S
22529 26 S
22515 26 S
22514 26 S
22504 26 S
22502 26 S
22513 26 S
19718 39 S
19716 39 S
19760 39 S
19761 39 S
19727 39 S
19728 39 S
19759 39 S
19771 39 S
19729 39 S
19717 39 S
19772 39 S
19796 39 S
19773 39 S
19782 39 S
19784 39 S
19783 39 S
22593 26 S
22594 26 S
22595 26 S
22610 26 S
22612 26 S
22641 26 S
22611 26 S
22639 26 S
22573 26 S
22608 26 S
22640 26 S
22583 26 S
22607 26 S
22609 26 S
22582 26 S
22584 26 S
19876 39 S
19853 39 S
19863 39 S
19862 39 S
19877 39 S
19864 39 S
19839 39 S
19851 39 S
19840 39 S
19852 39 S
19841 39 S
19797 39 S
19798 39 S
22652 26 S
22651 26 S
22653 26 S
22719 26 S
19878 39 S
19889 39 S
19920 39 S
19919 39 S
19887 39 S
19932 39 S
19921 39 S
19933 39 S
19931 39 S
19888 39 S
22744 26 S
22743 26 S
22742 26 S
22755 26 S
22731 26 S
22732 26 S
22733 26 S
22720 26 S
22768 26 S
22753 26 S
22767 26 S
22770 26 S
22769 26 S
22721 26 S
22771 26 S
22754 26 S
20012 39 S
20011 39 S
20036 39 S
20037 39 S
20013 39 S
20000 39 S
19969 39 S
20038 39 S
20001 39 S
20047 39 S
19999 39 S
20022 39 S
20023 39 S
20024 39 S
22811 26 S
22833 26 S
22848 26 S
22834 26 S
22800 26 S
22813 26 S
22799 26 S
22812 26 S
22824 26 S
22847 26 S
22849 26 S
22822 26 S
22772 26 S
22801 26 S
22823 26 S
20081 39 S
20080 39 S
20048 39 S
20049 39 S
22835 26 S
22880 26 S
22852 26 S
22879 26 S
20197 39 S
20196 39 S
20159 39 S
22881 26 S
20208 39 S
22851 26 S
20198 39 S
20209 39 S
22850 26 S
20160 39 S
20161 39 S
20172 39 S
20207 39 S
20171 39 S
20182 39 S
20183 39 S
20184 39 S
22915 26 S
22893 26 S
20173 39 S
22902 26 S
22891 26 S
22927 26 S
22892 26 S
22914 26 S
22903 26 S
22913 26 S
22904 26 S
20262 39 S
20264 39 S
20263 39 S
20276 39 S
20277 39 S
20287 39 S
20289 39 S
20319 39 S
20278 39 S
20288 39 S
22983 26 S
22984 26 S
22982 26 S
22993 26 S
22994 26 S
20239 39 S
20240 39 S
20253 39 S
22928 26 S
22931 26 S
22929 26 S
22971 26 S
22930 26 S
22973 26 S
22960 26 S
22972 26 S
22959 26 S
22961 26 S
22932 26 S
20321 39 S
20320 39 S
20331 39 S
20357 39 S
20332 39 S
20343 39 S
20344 39 S
20342 39 S
20356 39 S
20369 39 S
20399 39 S
20368 39 S
20358 39 S
20333 39 S
20367 39 S
20400 39 S
22995 26 S
23007 26 S
23008 26 S
23041 26 S
23012 26 S
23040 26 S
23052 26 S
23053 26 S
23010 26 S
23051 26 S
23009 26 S
23063 26 S
23011 26 S
23039 26 S
23062 26 S
23064 26 S
20401 39 S
20411 39 S
20412 39 S
20422 39 S
20423 39 S
20424 39 S
23073 26 S
20436 39 S
20438 39 S
20437 39 S
23087 26 S
23091 26 S
23089 26 S
23074 26 S
23075 26 S
23132 26 S
23133 26 S
23088 26 S
23090 26 S
20413 39 S
20447 39 S
23131 26 S
23119 26 S
23092 26 S
23142 26 S
20448 39 S
23121 26 S
23120 26 S
20480 39 S
20481 39 S
20479 39 S
20449 39 S
23143 26 S
23153 26 S
23144 26 S
23155 26 S
23167 26 S
23168 26 S
23200 26 S
23154 26 S
20504 39 S
20491 39 S
20493 39 S
20503 39 S
20492 39 S
20518 39 S
20517 39 S
20516 39 S
20559 39 S
20560 39 S
20528 39 S
20561 39 S
20571 39 S
20527 39 S
20502 39 S
20529 39 S
23172 26 S
23199 26 S
23171 26 S
23170 26 S
23169 26 S
23201 26 S
23212 26 S
23211 26 S
20582 39 S
20573 39 S
20572 39 S
20641 39 S
20640 39 S
20639 39 S
20651 39 S
20652 39 S
20608 39 S
20607 39 S
20583 39 S
20609 39 S
23248 26 S
23249 26 S
23250 26 S
23251 26 S
23280 26 S
23279 26 S
23247 26 S
23235 26 S
23252 26 S
23281 26 S
23222 26 S
23224 26 S
23223 26 S
23213 26 S
23233 26 S
23234 26 S
20653 39 S
20732 39 S
20733 39 S
20662 39 S
20677 39 S
20720 39 S
20678 39 S
20721 39 S
20719 39 S
20687 39 S
20688 39 S
20689 39 S
20731 39 S
23315 26 S
23314 26 S
23302 26 S
23304 26 S
23303 26 S
23313 26 S
23291 26 S
23292 26 S
23293 26 S
23359 26 S
20742 39 S
20744 39 S
20743 39 S
20767 39 S
20756 39 S
20769 39 S
20768 39 S
20758 39 S
20813 39 S
20757 39 S
20811 39 S
20800 39 S
20812 39 S
20822 39 S
20801 39 S
20799 39 S
23394 26 S
23382 26 S
23408 26 S
23395 26 S
23407 26 S
23384 26 S
23393 26 S
23411 26 S
23383 26 S
23410 26 S
23409 26 S
23360 26 S
23373 26 S
23371 26 S
23372 26 S
23361 26 S
20836 39 S
20837 39 S
20847 39 S
20848 39 S
20849 39 S
20838 39 S
20823 39 S
20879 39 S
20902 39 S
20903 39 S
20880 39 S
20891 39 S
20881 39 S
20893 39 S
20824 39 S
20892 39 S
23412 26 S
23441 26 S
23439 26 S
23475 26 S
23451 26 S
23440 26 S
23464 26 S
23463 26 S
23452 26 S
23462 26 S
23487 26 S
23473 26 S
23488 26 S
23453 26 S
23489 26 S
23474 26 S
20918 39 S
20917 39 S
20916 39 S
20904 39 S
20960 39 S
20927 39 S
20959 39 S
20929 39 S
20961 39 S
20928 39 S
20973 39 S
20983 39 S
20971 39 S
20984 39 S
20972 39 S
20982 39 S
23521 26 S
23491 26 S
23567 26 S
23490 26 S
23520 26 S
23519 26 S
23492 26 S
23543 26 S
23531 26 S
23554 26 S
23553 26 S
23555 26 S
23544 26 S
23542 26 S
23532 26 S
23533 26 S
21040 39 S
20998 39 S
21039 39 S
21076 39 S
21041 39 S
21052 39 S
21051 39 S
21062 39 S
21063 39 S
21064 39 S
20996 39 S
20997 39 S
21007 39 S
21009 39 S
21008 39 S
23599 26 S
23571 26 S
23623 26 S
23622 26 S
23601 26 S
23572 26 S
23624 26 S
23600 26 S
23570 26 S
23568 26 S
23633 26 S
23634 26 S
23613 26 S
23612 26 S
23569 26 S
23611 26 S
21156 39 S
21157 39 S
21077 39 S
21078 39 S
21131 39 S
21142 39 S
21143 39 S
21133 39 S
21120 39 S
21132 39 S
21119 39 S
21121 39 S
21144 39 S
23648 26 S
23635 26 S
23647 26 S
23639 26 S
23640 26 S
23641 26 S
23681 26 S
23680 26 S
23679 26 S
23652 26 S
23649 26 S
23651 26 S
23650 26 S
21169 39 S
21168 39 S
21158 39 S
21167 39 S
21200 39 S
21224 39 S
21222 39 S
21199 39 S
21201 39 S
21211 39 S
21223 39 S
21236 39 S
21238 39 S
21237 39 S
21212 39 S
21213 39 S
23759 26 S
23731 26 S
23729 26 S
23727 26 S
23730 26 S
23732 26 S
23728 26 S
21249 39 S
21303 39 S
21304 39 S
21279 39 S
21302 39 S
21280 39 S
21316 39 S
21247 39 S
21281 39 S
21327 39 S
21317 39 S
21248 39 S
21318 39 S
21292 39 S
21293 39 S
21291 39 S
23760 26 S
23761 26 S
23772 26 S
23771 26 S
23784 26 S
23773 26 S
23782 26 S
23794 26 S
23799 26 S
23795 26 S
23793 26 S
23801 26 S
23800 26 S
23808 26 S
23783 26 S
23807 26 S
21360 39 S
21328 39 S
21329 39 S
21359 39 S
21361 39 S
21397 39 S
21396 39 S
21407 39 S
21398 39 S
21371 39 S
21373 39 S
21382 39 S
21408 39 S
21372 39 S
21383 39 S
21384 39 S
23812 26 S
23810 26 S
23809 26 S
23840 26 S
23839 26 S
23841 26 S
23811 26 S
23851 26 S
23852 26 S
23862 26 S
23864 26 S
23853 26 S
23863 26 S
23875 26 S
23874 26 S
23873 26 S
21451 39 S
21452 39 S
21409 39 S
21462 39 S
21453 39 S
21463 39 S
21477 39 S
21487 39 S
21489 39 S
21488 39 S
21478 39 S
21476 39 S
21464 39 S
21440 39 S
21439 39 S
21441 39 S
23890 26 S
23880 26 S
23891 26 S
23892 26 S
23888 26 S
23881 26 S
23889 26 S
23879 26 S
23887 26 S
23919 26 S
23920 26 S
23921 26 S
23942 26 S
23931 26 S
23932 26 S
23933 26 S
21533 39 S
21556 39 S
21520 39 S
21558 39 S
21519 39 S
21557 39 S
21599 39 S
21544 39 S
21569 39 S
21543 39 S
21542 39 S
21567 39 S
21568 39 S
24668 26 S
24669 26 S
23969 26 S
23944 26 S
23971 26 S
23953 26 S
23968 26 S
23955 26 S
23959 26 S
23970 26 S
23972 26 S
23960 26 S
23967 26 S
23961 26 S
23943 26 S
23954 26 S
21601 39 S
21600 39 S
21624 39 S
21648 39 S
21622 39 S
21623 39 S
21611 39 S
21613 39 S
21636 39 S
21649 39 S
21647 39 S
21637 39 S
21612 39 S
21638 39 S
21679 39 S
21680 39 S
24829 26 S
24670 26 S
24828 26 S
24830 26 S
25070 26 S
25069 26 S
25068 26 S
24910 26 S
24908 26 S
24909 26 S
24989 26 S
24990 26 S
24988 26 S
21691 39 S
21704 39 S
21702 39 S
21703 39 S
21692 39 S
21693 39 S
21718 39 S
21716 39 S
21727 39 S
21729 39 S
21761 39 S
21760 39 S
21728 39 S
21759 39 S
21681 39 S
21717 39 S
25228 26 S
25229 26 S
25148 26 S
25230 26 S
25308 26 S
25309 26 S
25310 26 S
25149 26 S
25469 26 S
25468 26 S
25150 26 S
25470 26 S
21772 39 S
21771 39 S
21773 39 S
21808 39 S
21798 39 S
21797 39 S
21796 39 S
21807 39 S
21782 39 S
21784 39 S
21809 39 S
21783 39 S
21851 39 S
21839 39 S
21840 39 S
21841 39 S
25629 26 S
25630 26 S
25628 26 S
25708 26 S
25869 26 S
25709 26 S
25710 26 S
25790 26 S
25870 26 S
25949 26 S
25868 26 S
25948 26 S
25789 26 S
25788 26 S
21853 39 S
21852 39 S
21864 39 S
21862 39 S
21920 39 S
21932 39 S
21921 39 S
21889 39 S
21863 39 S
21931 39 S
21876 39 S
21888 39 S
21878 39 S
21887 39 S
21877 39 S
21919 39 S
26269 26 S
26268 26 S
26270 26 S
26349 26 S
26350 26 S
22012 39 S
22011 39 S
22013 39 S
25950 26 S
21933 39 S
21942 39 S
26108 26 S
21957 39 S
21958 39 S
26109 26 S
26110 26 S
21967 39 S
21968 39 S
22000 39 S
21969 39 S
21999 39 S
26348 26 S
22001 39 S
22024 39 S
22022 39 S
22023 39 S
22038 39 S
22037 39 S
22036 39 S
22048 39 S
22102 39 S
22079 39 S
22049 39 S
22081 39 S
22080 39 S
26588 26 S
26508 26 S
26590 26 S
26589 26 S
26509 26 S
26669 26 S
26668 26 S
22047 39 S
22091 39 S
26510 26 S
26670 26 S
26748 26 S
26749 26 S
26750 26 S
22093 39 S
22092 39 S
26828 26 S
26430 26 S
26428 26 S
26429 26 S
22159 39 S
22103 39 S
22161 39 S
22116 39 S
22160 39 S
22127 39 S
22104 39 S
22117 39 S
22183 39 S
22171 39 S
26909 26 S
22128 39 S
27128 26 S
22173 39 S
22129 39 S
22172 39 S
22118 39 S
26988 26 S
27129 26 S
26910 26 S
26989 26 S
27130 26 S
27070 26 S
22182 39 S
26829 26 S
27149 26 S
26908 26 S
27148 26 S
26830 26 S
26990 26 S
27069 26 S
27068 26 S
22184 39 S
22197 39 S
22196 39 S
22198 39 S
22208 39 S
22207 39 S
22252 39 S
22251 39 S
22263 39 S
22262 39 S
22264 39 S
22253 39 S
22209 39 S
22239 39 S
22241 39 S
22240 39 S
27150 26 S
27290 26 S
27228 26 S
27309 26 S
27288 26 S
27310 26 S
27289 26 S
27308 26 S
27370 26 S
27230 26 S
27368 26 S
27229 26 S
27369 26 S
22278 39 S
22287 39 S
22276 39 S
22277 39 S
22288 39 S
22319 39 S
22289 39 S
22320 39 S
22332 39 S
22331 39 S
22333 39 S
22342 39 S
22343 39 S
22344 39 S
22321 39 S
22356 39 S
29435 26 S
29115 26 S
29117 26 S
29116 26 S
29195 26 S
29276 26 S
29275 26 S
29197 26 S
29196 26 S
29277 26 S
27388 26 S
27390 26 S
27389 26 S
29355 26 S
29357 26 S
29356 26 S
22412 39 S
22411 39 S
22358 39 S
22413 39 S
22436 39 S
22422 39 S
22399 39 S
22400 39 S
22401 39 S
22424 39 S
22423 39 S
22437 39 S
22357 39 S
29436 26 S
29595 26 S
29675 26 S
29676 26 S
29677 26 S
29597 26 S
29596 26 S
29835 26 S
29517 26 S
29755 26 S
29757 26 S
29756 26 S
29836 26 S
22438 39 S
22493 39 S
22492 39 S
22479 39 S
22448 39 S
22447 39 S
22480 39 S
22481 39 S
22449 39 S
22491 39 S
22517 39 S
22516 39 S
22503 39 S
22518 39 S
22504 39 S
22502 39 S
29837 26 S
22584 39 S
22596 39 S
22571 39 S
22597 39 S
22583 39 S
22572 39 S
22582 39 S
22561 39 S
22560 39 S
22559 39 S
22573 39 S
22598 39 S
22607 39 S
22529 39 S
22528 39 S
22527 39 S
22641 39 S
22640 39 S
22651 39 S
22639 39 S
22611 39 S
22610 39 S
22653 39 S
22609 39 S
22652 39 S
22608 39 S
22612 39 S
22743 39 S
22733 39 S
22742 39 S
22744 39 S
22731 39 S
22732 39 S
22721 39 S
22719 39 S
22720 39 S
22757 39 S
22756 39 S
22769 39 S
22771 39 S
22770 39 S
22813 39 S
22812 39 S
22800 39 S
22799 39 S
22822 39 S
22801 39 S
22811 39 S
22772 39 S
22849 39 S
22824 39 S
22850 39 S
22837 39 S
22880 39 S
22879 39 S
22881 39 S
22852 39 S
22847 39 S
22848 39 S
22851 39 S
22823 39 S
22892 39 S
22891 39 S
22838 39 S
22836 39 S
23639 39 S
23641 39 S
23799 39 S
23800 39 S
23801 39 S
23640 39 S
23881 39 S
23880 39 S
23879 39 S
22893 39 S
22902 39 S
22904 39 S
22903 39 S
24041 39 S
24040 39 S
24120 39 S
24119 39 S
24199 39 S
24200 39 S
24201 39 S
24280 39 S
24279 39 S
24281 39 S
24039 39 S
24121 39 S
23959 39 S
23961 39 S
23960 39 S
24439 39 S
24440 39 S
24441 39 S
24668 39 S
24669 39 S
24670 39 S
24520 39 S
24601 39 S
24521 39 S
24599 39 S
24600 39 S
24680 39 S
24679 39 S
24519 39 S
24841 39 S
24829 39 S
24828 39 S
24830 39 S
24681 39 S
24839 39 S
24760 39 S
24761 39 S
24908 39 S
24909 39 S
24840 39 S
24910 39 S
26268 39 S
26269 39 S
24921 39 S
24989 39 S
24919 39 S
24920 39 S
26108 39 S
26110 39 S
24990 39 S
26109 39 S
24988 39 S
24999 39 S
25000 39 S
26508 39 S
26590 39 S
26509 39 S
26588 39 S
26270 39 S
26589 39 S
26510 39 S
26348 39 S
26349 39 S
26350 39 S
26428 39 S
26429 39 S
26430 39 S
26669 39 S
26670 39 S
26668 39 S
26749 39 S
26750 39 S
26990 39 S
26748 39 S
26910 39 S
26909 39 S
26988 39 S
26989 39 S
26828 39 S
27068 39 S
26908 39 S
26830 39 S
26829 39 S
27069 39 S
27070 39 S
27128 39 S
27129 39 S
27130 39 S
27148 39 S
27288 39 S
27149 39 S
27290 39 S
27150 39 S
27309 39 S
27289 39 S
27308 39 S
27228 39 S
27230 39 S
27229 39 S
27310 39 S
27389 39 S
27470 39 S
27468 39 S
27448 39 S
27449 39 S
27469 39 S
27390 39 S
27450 39 S
27529 39 S
27530 39 S
27528 39 S
27368 39 S
27610 39 S
27628 39 S
27608 39 S
27609 39 S
27630 39 S
27629 39 S
27689 39 S
27768 39 S
27709 39 S
27708 39 S
27710 39 S
27690 39 S
27688 39 S
27549 39 S
27548 39 S
27550 39 S
27790 39 S
27770 39 S
27769 39 S
27788 39 S
27948 39 S
27929 39 S
27930 39 S
27848 39 S
27949 39 S
27850 39 S
27870 39 S
27849 39 S
27928 39 S
27869 39 S
27868 39 S
27789 39 S
28028 39 S
28029 39 S
28010 39 S
28008 39 S
28030 39 S
28009 39 S
28108 39 S
28109 39 S
28089 39 S
28110 39 S
28088 39 S
28090 39 S
27950 39 S
28169 39 S
28168 39 S
28170 39 S
28189 39 S
28188 39 S
28248 39 S
28190 39 S
28249 39 S
28250 39 S
28269 39 S
28270 39 S
28349 39 S
28350 39 S
28348 39 S
28408 39 S
28329 39 S
28330 39 S
28328 39 S
28488 39 S
28489 39 S
28490 39 S
28568 39 S
28569 39 S
28588 39 S
28589 39 S
28570 39 S
28510 39 S
28509 39 S
28508 39 S
28410 39 S
28409 39 S
28649 39 S
28650 39 S
28648 39 S
28590 39 S
28748 39 S
28749 39 S
28668 39 S
28670 39 S
28730 39 S
28728 39 S
28669 39 S
28729 39 S
28750 39 S
28808 39 S
28810 39 S
28809 39 S
28830 39 S
28890 39 S
28829 39 S
28889 39 S
28888 39 S
28988 39 S
28828 39 S
28989 39 S
28990 39 S
29048 39 S
28910 39 S
28908 39 S
28909 39 S
29070 39 S
29049 39 S
29050 39 S
29068 39 S
29130 39 S
29129 39 S
29115 39 S
29128 39 S
29116 39 S
29069 39 S
29117 39 S
29195 39 S
29196 39 S
29228 39 S
29229 39 S
29230 39 S
29210 39 S
29208 39 S
29209 39 S
29275 39 S
29288 39 S
29197 39 S
29309 39 S
29277 39 S
29310 39 S
29276 39 S
29308 39 S
29289 39 S
29290 39 S
