28488 0 S
29836 0 S
28489 0 S
29848 0 S
29837 0 S
28410 0 S
28488 17 S
28489 17 S
28410 17 S
29049 25 S
29048 25 S
29049 26 S
29048 26 S
26368 25 S
26369 25 S
26368 26 S
26369 26 S
29049 28 S
29048 28 S
26369 28 S
26368 28 S
28488 29 S
29836 29 S
29837 29 S
28489 29 S
28410 29 S
29848 29 S
29049 30 S
29048 30 S
29049 31 S
29048 31 S
26368 30 S
29049 27 S
29048 27 S
26369 30 S
26368 27 S
26369 27 S
26368 31 S
29049 32 S
26369 31 S
29048 32 S
26368 32 S
26369 32 S
29048 33 S
29049 33 S
29048 34 S
29049 34 S
26368 33 S
26369 33 S
26369 34 S
26368 34 S
29049 35 S
29048 35 S
26368 35 S
26369 35 S
29049 36 S
29048 36 S
26369 36 S
26368 36 S
28488 41 S
28489 41 S
28410 41 S
27769 88 S
28488 98 S
29837 98 S
28489 98 S
28410 98 S
29836 98 S
29449 134 S
29836 143 S
28488 143 S
29837 143 S
28489 143 S
29848 143 S
28410 143 S
29449 179 S
27769 223 S
27688 308 S
28488 550 S
28489 550 S
29837 550 S
28410 550 S
29449 574 S
29837 584 S
29836 584 S
28488 584 S
28489 584 S
28410 584 S
29449 608 S
