23962 1159 F
23963 1159 F
23964 1159 F
23965 1159 F
23966 1159 F
23967 1159 F
23954 1159 F
23957 1159 F
23960 1159 F
23970 1159 F
23968 1159 F
23971 1159 F
23969 1159 F
23972 1159 F
23973 1159 F
23975 1159 F
23981 1159 F
23978 1159 F
23996 1159 F
23995 1159 F
23997 1159 F
23998 1159 F
23999 1159 F
23984 1159 F
23987 1159 F
23990 1159 F
23993 1159 F
14368 1164 F
14372 1164 F
14374 1164 F
14383 1164 F
14381 1164 F
14377 1164 F
14373 1164 F
14378 1164 F
14379 1164 F
14375 1164 F
14376 1164 F
14371 1164 F
14382 1164 F
14380 1164 F
14370 1164 F
14369 1164 F
14385 1164 F
14384 1164 F
14387 1164 F
14386 1164 F
14389 1164 F
14388 1164 F
14391 1164 F
14397 1164 F
14394 1164 F
14400 1164 F
14408 1164 F
14409 1164 F
14403 1164 F
14415 1164 F
14412 1164 F
14410 1164 F
14411 1164 F
14406 1164 F
14413 1164 F
14418 1164 F
14427 1164 F
14424 1164 F
14421 1164 F
14430 1164 F
2624 1168 F
2626 1168 F
2639 1168 F
2629 1168 F
2628 1168 F
2638 1168 F
2630 1168 F
2631 1168 F
2633 1168 F
2636 1168 F
2640 1168 F
2641 1168 F
2643 1168 F
2645 1168 F
2646 1168 F
2647 1168 F
2648 1168 F
2651 1168 F
2649 1168 F
2655 1168 F
2650 1168 F
2653 1168 F
2654 1168 F
2652 1168 F
257 1170 F
258 1170 F
266 1170 F
263 1170 F
259 1170 F
265 1170 F
270 1170 F
272 1170 F
264 1170 F
267 1170 F
268 1170 F
2656 1168 F
2657 1168 F
2659 1168 F
2658 1168 F
2661 1168 F
2663 1168 F
2669 1168 F
2664 1168 F
2665 1168 F
2670 1168 F
2667 1168 F
2671 1168 F
273 1170 F
274 1170 F
276 1170 F
278 1170 F
284 1170 F
280 1170 F
279 1170 F
282 1170 F
285 1170 F
286 1170 F
290 1170 F
292 1170 F
291 1170 F
296 1170 F
297 1170 F
299 1170 F
298 1170 F
300 1170 F
301 1170 F
303 1170 F
335 1170 F
333 1170 F
337 1170 F
338 1170 F
339 1170 F
341 1170 F
343 1170 F
345 1170 F
344 1170 F
346 1170 F
347 1170 F
348 1170 F
349 1170 F
350 1170 F
351 1170 F
352 1170 F
159 1171 F
158 1171 F
361 1170 F
362 1170 F
363 1170 F
365 1170 F
367 1170 F
368 1170 F
353 1170 F
358 1170 F
360 1170 F
355 1170 F
369 1170 F
371 1170 F
379 1170 F
380 1170 F
381 1170 F
373 1170 F
374 1170 F
375 1170 F
385 1170 F
386 1170 F
387 1170 F
388 1170 F
389 1170 F
390 1170 F
392 1170 F
395 1170 F
396 1170 F
394 1170 F
398 1170 F
